bin/win32/GoRC.exe
bin/win32/ar.exe
bin/win32/as.exe
bin/win32/dlltool.exe
bin/win32/gdb.exe
bin/win32/gprof.exe
bin/win32/ld.exe
changelog.txt
docs/GoRC.txt
docs/gpl.txt
docs/lgpl.txt
examples/Windows/COM/D3DX/Meshes/meshes.bas
examples/Windows/COM/D3DX/Meshes/tiger.jpg
examples/Windows/COM/D3DX/Meshes/tiger.x
examples/Windows/COM/DropTarget/CDropTarget.bas
examples/Windows/COM/DropTarget/CDropTarget.bi
examples/Windows/COM/DropTarget/test.bas
examples/Windows/COM/MoviePlayer/movctrl/CMovie.bas
examples/Windows/COM/MoviePlayer/movctrl/CMovie.bi
examples/Windows/COM/MoviePlayer/movctrl/Makefile
examples/Windows/COM/MoviePlayer/movctrl/movctrl.bas
examples/Windows/COM/MoviePlayer/movctrl/movctrl.bi
examples/Windows/COM/MoviePlayer/movctrl/obj/deleteme.txt
examples/Windows/COM/MoviePlayer/test.bas
examples/Windows/COM/WebBrowser/frameset.html
examples/Windows/COM/WebBrowser/lframe.html
examples/Windows/COM/WebBrowser/test.bas
examples/Windows/COM/WebBrowser/webctrl/CBrowser.bas
examples/Windows/COM/WebBrowser/webctrl/CBrowser.bi
examples/Windows/COM/WebBrowser/webctrl/CClientSite.bas
examples/Windows/COM/WebBrowser/webctrl/CClientSite.bi
examples/Windows/COM/WebBrowser/webctrl/CInPlaceFrame.bas
examples/Windows/COM/WebBrowser/webctrl/CInPlaceFrame.bi
examples/Windows/COM/WebBrowser/webctrl/CInPlaceSite.bas
examples/Windows/COM/WebBrowser/webctrl/CInPlaceSite.bi
examples/Windows/COM/WebBrowser/webctrl/Common.bi
examples/Windows/COM/WebBrowser/webctrl/Makefile
examples/Windows/COM/WebBrowser/webctrl/obj/deleteme.txt
examples/Windows/COM/WebBrowser/webctrl/webctrl.bas
examples/Windows/COM/WebBrowser/webctrl/webctrl.bi
examples/Windows/GDIPlus/circle.bas
examples/Windows/GDIPlus/frmwrk.bas
examples/Windows/GDIPlus/frmwrk.bi
examples/Windows/d3d9_primitives.bas
examples/Windows/ddk/driver/driver.bas
examples/Windows/ddk/driver/make.bat
examples/Windows/ddrawtest.bas
examples/Windows/desktop_shortcut.bas
examples/Windows/gui/bitmap.bas
examples/Windows/gui/calendar.bas
examples/Windows/gui/dialogres/dialog.bas
examples/Windows/gui/dialogres/dialog.bi
examples/Windows/gui/dialogres/dialog.rc
examples/Windows/gui/fileopen.bas
examples/Windows/gui/hello.bas
examples/Windows/gui/hello_region.bas
examples/Windows/gui/menu.bas
examples/Windows/gui/menures/menu.bas
examples/Windows/gui/menures/menures.bi
examples/Windows/gui/menures/menures.rc
examples/Windows/gui/shellfolder.bas
examples/Windows/gui/toolbar.bas
examples/Windows/gui/treeview.bas
examples/Windows/lineprt.bas
examples/Windows/printer_select.bas
examples/Windows/variants/libvariant/Makefile
examples/Windows/variants/libvariant/intern.bi
examples/Windows/variants/libvariant/obj/deleteme.txt
examples/Windows/variants/libvariant/variant-add-inv.bas
examples/Windows/variants/libvariant/variant-add-self.bas
examples/Windows/variants/libvariant/variant-add.bas
examples/Windows/variants/libvariant/variant-and-inv.bas
examples/Windows/variants/libvariant/variant-and-self.bas
examples/Windows/variants/libvariant/variant-and.bas
examples/Windows/variants/libvariant/variant-assign.bas
examples/Windows/variants/libvariant/variant-cast.bas
examples/Windows/variants/libvariant/variant-ctor.bas
examples/Windows/variants/libvariant/variant-div-inv.bas
examples/Windows/variants/libvariant/variant-div-self.bas
examples/Windows/variants/libvariant/variant-div.bas
examples/Windows/variants/libvariant/variant-dtor.bas
examples/Windows/variants/libvariant/variant-eq-inv.bas
examples/Windows/variants/libvariant/variant-eq.bas
examples/Windows/variants/libvariant/variant-eqv-inv.bas
examples/Windows/variants/libvariant/variant-eqv-self.bas
examples/Windows/variants/libvariant/variant-eqv.bas
examples/Windows/variants/libvariant/variant-ge-inv.bas
examples/Windows/variants/libvariant/variant-ge.bas
examples/Windows/variants/libvariant/variant-gt-inv.bas
examples/Windows/variants/libvariant/variant-gt.bas
examples/Windows/variants/libvariant/variant-idiv-inv.bas
examples/Windows/variants/libvariant/variant-idiv-self.bas
examples/Windows/variants/libvariant/variant-idiv.bas
examples/Windows/variants/libvariant/variant-imp-inv.bas
examples/Windows/variants/libvariant/variant-imp-self.bas
examples/Windows/variants/libvariant/variant-imp.bas
examples/Windows/variants/libvariant/variant-le-inv.bas
examples/Windows/variants/libvariant/variant-le.bas
examples/Windows/variants/libvariant/variant-lt-inv.bas
examples/Windows/variants/libvariant/variant-lt.bas
examples/Windows/variants/libvariant/variant-mod-inv.bas
examples/Windows/variants/libvariant/variant-mod-self.bas
examples/Windows/variants/libvariant/variant-mod.bas
examples/Windows/variants/libvariant/variant-mul-inv.bas
examples/Windows/variants/libvariant/variant-mul-self.bas
examples/Windows/variants/libvariant/variant-mul.bas
examples/Windows/variants/libvariant/variant-ne-inv.bas
examples/Windows/variants/libvariant/variant-ne.bas
examples/Windows/variants/libvariant/variant-neg.bas
examples/Windows/variants/libvariant/variant-not.bas
examples/Windows/variants/libvariant/variant-or-inv.bas
examples/Windows/variants/libvariant/variant-or-self.bas
examples/Windows/variants/libvariant/variant-or.bas
examples/Windows/variants/libvariant/variant-pow-inv.bas
examples/Windows/variants/libvariant/variant-pow-self.bas
examples/Windows/variants/libvariant/variant-pow.bas
examples/Windows/variants/libvariant/variant-shl-self.bas
examples/Windows/variants/libvariant/variant-shl.bas
examples/Windows/variants/libvariant/variant-shr-self.bas
examples/Windows/variants/libvariant/variant-shr.bas
examples/Windows/variants/libvariant/variant-sub-inv.bas
examples/Windows/variants/libvariant/variant-sub-self.bas
examples/Windows/variants/libvariant/variant-sub.bas
examples/Windows/variants/libvariant/variant-xor-inv.bas
examples/Windows/variants/libvariant/variant-xor-self.bas
examples/Windows/variants/libvariant/variant-xor.bas
examples/Windows/variants/variant.bi
examples/Windows/winmm/winmmhlp.bas
examples/Windows/winmm/winmmhlp.bi
examples/Windows/winsock/clientserver/client.bas
examples/Windows/winsock/clientserver/myprotocol.bi
examples/Windows/winsock/clientserver/server.bas
examples/Windows/winsock/clientserver/wshelper.bas
examples/Windows/winsock/clientserver/wshelper.bi
examples/Windows/winsock/ftpget.bas
examples/Windows/winsock/httpget.bas
examples/classes/iterator.bas
examples/classes/iterator2.bas
examples/classes/method-pointer.bas
examples/classes/property-indexed.bas
examples/classes/property.bas
examples/deprecated/onerror.bas
examples/dll/Java/Mylib.java
examples/dll/Java/Test.java
examples/dll/Java/mylib.bas
examples/dll/VB/fbside.bas
examples/dll/VB/vbside.bas
examples/dll/mydll.bas
examples/dll/mydll.bi
examples/dll/test.bas
examples/dll/testload.bas
examples/events/timer/test.bas
examples/events/timer/timer.bas
examples/events/timer/timer.bi
examples/export/export.bas
examples/export/import.bas
examples/gfx/fbgfx_depth.bas
examples/gfx/fbgfx_events.bas
examples/gfx/fbgfx_flame.bas
examples/gfx/fbgfx_getput.bas
examples/gfx/fbgfx_imageinfo.bas
examples/gfx/fbgfx_input.bas
examples/gfx/fbgfx_test.bas
examples/gfx/fblogo.bmp
examples/gfx/freeimage.bas
examples/gfx/gd_test.bas
examples/gfx/gif_read.bas
examples/gfx/grx_test.bas
examples/gfx/jpeg_read.bas
examples/gfx/mandbrot.bas
examples/gfx/png_read.bas
examples/gfx/ptc_test.bas
examples/gfx/rel-blob.bas
examples/gfx/rel-flower.bas
examples/gfx/rel-juliarings.bas
examples/gfx/rel-lens.bas
examples/gfx/rel-plasma.bas
examples/gfx/rel-sprites.bas
examples/gfx/rel-torus.bas
examples/libraries/ASpell/aspell_test.bas
examples/libraries/Allegro/dialog.bas
examples/libraries/Allegro/hello.bas
examples/libraries/Allegro/mouse.bas
examples/libraries/Allegro/stars.bas
examples/libraries/Allegro/timer.bas
examples/libraries/CGUI/hello.bas
examples/libraries/CUnit/interfaces.bas
examples/libraries/CUnit/simple.bas
examples/libraries/Curl/CHttp/CHttp.bas
examples/libraries/Curl/CHttp/CHttp.bi
examples/libraries/Curl/CHttp/CHttpForm.bas
examples/libraries/Curl/CHttp/CHttpForm.bi
examples/libraries/Curl/CHttp/CHttpStream.bas
examples/libraries/Curl/CHttp/CHttpStream.bi
examples/libraries/Curl/CHttp/test.bas
examples/libraries/Curl/http_get.bas
examples/libraries/DB/mysql_test.bas
examples/libraries/DB/postgresql_test.bas
examples/libraries/DB/sqlite2_test.bas
examples/libraries/DB/sqlite2_test.db
examples/libraries/DB/sqlite3_test.bas
examples/libraries/DB/sqlite3_test.db
examples/libraries/GL/NeHe/3Dobject.bi
examples/libraries/GL/NeHe/bmpload.bi
examples/libraries/GL/NeHe/createtex.bi
examples/libraries/GL/NeHe/data/BG.bmp
examples/libraries/GL/NeHe/data/Ball.bmp
examples/libraries/GL/NeHe/data/Base.bmp
examples/libraries/GL/NeHe/data/BlueFace.tga
examples/libraries/GL/NeHe/data/Bucket.tga
examples/libraries/GL/NeHe/data/Bump.bmp
examples/libraries/GL/NeHe/data/Bumps.bmp
examples/libraries/GL/NeHe/data/Coke.tga
examples/libraries/GL/NeHe/data/Compressed.tga
examples/libraries/GL/NeHe/data/Crate.bmp
examples/libraries/GL/NeHe/data/Crosshair.tga
examples/libraries/GL/NeHe/data/Cube.bmp
examples/libraries/GL/NeHe/data/Envroll.bmp
examples/libraries/GL/NeHe/data/Envwall.bmp
examples/libraries/GL/NeHe/data/Explode.tga
examples/libraries/GL/NeHe/data/Font.bmp
examples/libraries/GL/NeHe/data/Font.tga
examples/libraries/GL/NeHe/data/GL.raw
examples/libraries/GL/NeHe/data/Glass.bmp
examples/libraries/GL/NeHe/data/Ground.tga
examples/libraries/GL/NeHe/data/Image1.bmp
examples/libraries/GL/NeHe/data/Image2.bmp
examples/libraries/GL/NeHe/data/Logo.bmp
examples/libraries/GL/NeHe/data/Mask1.bmp
examples/libraries/GL/NeHe/data/Mask2.bmp
examples/libraries/GL/NeHe/data/Model.ms3d
examples/libraries/GL/NeHe/data/Monitor.raw
examples/libraries/GL/NeHe/data/Mud.bmp
examples/libraries/GL/NeHe/data/Multi_On.bmp
examples/libraries/GL/NeHe/data/Multi_On_Alpha.bmp
examples/libraries/GL/NeHe/data/NeHe.bmp
examples/libraries/GL/NeHe/data/Object2.txt
examples/libraries/GL/NeHe/data/OpenGL.bmp
examples/libraries/GL/NeHe/data/OpenGL_Alpha.bmp
examples/libraries/GL/NeHe/data/Reflect.bmp
examples/libraries/GL/NeHe/data/Shot.wav
examples/libraries/GL/NeHe/data/Sky.tga
examples/libraries/GL/NeHe/data/Sphere.txt
examples/libraries/GL/NeHe/data/Star.bmp
examples/libraries/GL/NeHe/data/Target.tga
examples/libraries/GL/NeHe/data/Terrain.raw
examples/libraries/GL/NeHe/data/Tim.bmp
examples/libraries/GL/NeHe/data/Torus.txt
examples/libraries/GL/NeHe/data/Tube.txt
examples/libraries/GL/NeHe/data/Uncompressed.tga
examples/libraries/GL/NeHe/data/Vase.tga
examples/libraries/GL/NeHe/data/Wall.bmp
examples/libraries/GL/NeHe/data/Wood.bmp
examples/libraries/GL/NeHe/data/World.txt
examples/libraries/GL/NeHe/data/colpatt.bmp
examples/libraries/GL/NeHe/data/particle.bmp
examples/libraries/GL/NeHe/lesson05.bas
examples/libraries/GL/NeHe/lesson06.bas
examples/libraries/GL/NeHe/lesson07.bas
examples/libraries/GL/NeHe/lesson08.bas
examples/libraries/GL/NeHe/lesson09.bas
examples/libraries/GL/NeHe/lesson10.bas
examples/libraries/GL/NeHe/lesson11.bas
examples/libraries/GL/NeHe/lesson12.bas
examples/libraries/GL/NeHe/lesson16.bas
examples/libraries/GL/NeHe/lesson17.bas
examples/libraries/GL/NeHe/lesson18.bas
examples/libraries/GL/NeHe/lesson19.bas
examples/libraries/GL/NeHe/lesson20.bas
examples/libraries/GL/NeHe/lesson21.bas
examples/libraries/GL/NeHe/lesson22.bas
examples/libraries/GL/NeHe/lesson23.bas
examples/libraries/GL/NeHe/lesson24.bas
examples/libraries/GL/NeHe/lesson25.bas
examples/libraries/GL/NeHe/lesson26.bas
examples/libraries/GL/NeHe/lesson27.bas
examples/libraries/GL/NeHe/lesson28.bas
examples/libraries/GL/NeHe/lesson29.bas
examples/libraries/GL/NeHe/lesson31.bas
examples/libraries/GL/NeHe/lesson32.bas
examples/libraries/GL/NeHe/lesson33.bas
examples/libraries/GL/NeHe/lesson34.bas
examples/libraries/GL/NeHe/lesson36.bas
examples/libraries/GL/NeHe/milkshapemodel.bi
examples/libraries/GL/NeHe/tgaloader.bi
examples/libraries/GL/fbgfx_opengl.bas
examples/libraries/GL/fbgfx_texture.bas
examples/libraries/GL/fbgl/fbgl.bas
examples/libraries/GL/fbgl/fbgl.bi
examples/libraries/GL/fbgl/line.bas
examples/libraries/GL/gl_test.bas
examples/libraries/GL/glext_test.bas
examples/libraries/GL/glfw_splitview.bas
examples/libraries/GL/glu_quadrics.bas
examples/libraries/GL/terrain.bmp
examples/libraries/GMP/power.bas
examples/libraries/GSL/matrix_test.bas
examples/libraries/Gtk/Tutorials/arrow.bas
examples/libraries/Gtk/Tutorials/aspectframe.bas
examples/libraries/Gtk/Tutorials/base.bas
examples/libraries/Gtk/Tutorials/buttonbox.bas
examples/libraries/Gtk/Tutorials/buttons.bas
examples/libraries/Gtk/Tutorials/calendar.bas
examples/libraries/Gtk/Tutorials/clist.bas
examples/libraries/Gtk/Tutorials/colorsel.bas
examples/libraries/Gtk/Tutorials/entry.bas
examples/libraries/Gtk/Tutorials/eventbox.bas
examples/libraries/Gtk/Tutorials/filesel.bas
examples/libraries/Gtk/Tutorials/fixed.bas
examples/libraries/Gtk/Tutorials/frame.bas
examples/libraries/Gtk/Tutorials/helloworld.bas
examples/libraries/Gtk/Tutorials/helloworld2.bas
examples/libraries/Gtk/Tutorials/info.xpm
examples/libraries/Gtk/Tutorials/label.bas
examples/libraries/Gtk/Tutorials/list.bas
examples/libraries/Gtk/Tutorials/menu.bas
examples/libraries/Gtk/Tutorials/notebook.bas
examples/libraries/Gtk/Tutorials/packbox.bas
examples/libraries/Gtk/Tutorials/paned.bas
examples/libraries/Gtk/Tutorials/pixmap.bas
examples/libraries/Gtk/Tutorials/progressbar.bas
examples/libraries/Gtk/Tutorials/radiobuttons.bas
examples/libraries/Gtk/Tutorials/rangewidgets.bas
examples/libraries/Gtk/Tutorials/rulers.bas
examples/libraries/Gtk/Tutorials/scribble-simple.bas
examples/libraries/Gtk/Tutorials/scrolledwin.bas
examples/libraries/Gtk/Tutorials/spinbutton.bas
examples/libraries/Gtk/Tutorials/statusbar.bas
examples/libraries/Gtk/Tutorials/table.bas
examples/libraries/Gtk/Tutorials/text.bas
examples/libraries/Gtk/Tutorials/tree.bas
examples/libraries/Gtk/combo_test.bas
examples/libraries/Gtk/filechooser_test.bas
examples/libraries/Gtk/gdk_image.bas
examples/libraries/Gtk/glade-xml.bas
examples/libraries/Gtk/glade_gui.bas
examples/libraries/Gtk/glade_gui.xml
examples/libraries/Gtk/opengl_button.bas
examples/libraries/Gtk/test.xml
examples/libraries/Gtk/text_buffer.bas
examples/libraries/IUP/buttons.bas
examples/libraries/IUP/color.bas
examples/libraries/IUP/frame.bas
examples/libraries/IUP/message.bas
examples/libraries/Lua/minmax.bas
examples/libraries/Lua/minmax.lua
examples/libraries/SDL/cdrom.bas
examples/libraries/SDL/data/Vera.ttf
examples/libraries/SDL/data/basic.gif
examples/libraries/SDL/data/free.jpg
examples/libraries/SDL/data/horse.tga
examples/libraries/SDL/data/music.ogg
examples/libraries/SDL/data/phaser.wav
examples/libraries/SDL/events.bas
examples/libraries/SDL/gfx_line.bas
examples/libraries/SDL/image_test1.bas
examples/libraries/SDL/image_test2.bas
examples/libraries/SDL/keymouse.bas
examples/libraries/SDL/mouse.bas
examples/libraries/SDL/music_test1.bas
examples/libraries/SDL/music_test2.bas
examples/libraries/SDL/net_httpget.bas
examples/libraries/SDL/opengl.bas
examples/libraries/SDL/pixel.bas
examples/libraries/SDL/timer.bas
examples/libraries/SDL/ttf.bas
examples/libraries/SDL/video_info.bas
examples/libraries/big_int/perftest.bas
examples/libraries/big_int/power.bas
examples/libraries/caca/cacaball.bas
examples/libraries/caca/cacaplas.bas
examples/libraries/cairo/clock.bas
examples/libraries/compress/lzo/lzoex.bas
examples/libraries/compress/quicklz/qlz.bas
examples/libraries/compress/zlib_test.bas
examples/libraries/cryptlib/hash.bas
examples/libraries/curses/colors.bas
examples/libraries/disphelper/httpget.bas
examples/libraries/disphelper/ie_navigate.bas
examples/libraries/disphelper/vbs.bas
examples/libraries/freetype/ft2_print.bas
examples/libraries/freetype/ft2_test.bas
examples/libraries/libxml/read1.bas
examples/libraries/libxml/test.xml
examples/libraries/networking/http-get.bas
examples/libraries/pdflib/logo.gif
examples/libraries/pdflib/pdflib_test.bas
examples/libraries/regex/CRegex/CRegex.bas
examples/libraries/regex/CRegex/CRegex.bi
examples/libraries/regex/CRegex/test.bas
examples/libraries/regex/CRegex/test.txt
examples/libraries/regex/pcre_demo.bas
examples/libraries/regex/preg_class.bas
examples/libraries/regex/printmatches.bas
examples/libraries/regex/regex_replace.bas
examples/libraries/regex/subexpr.bas
examples/libraries/sound/bass_test.bas
examples/libraries/sound/bassmod_test.bas
examples/libraries/sound/data/dne_trtn.mod
examples/libraries/sound/data/prodigy.wav
examples/libraries/sound/fmodtest.bas
examples/libraries/sound/openaltest.bas
examples/libraries/sound/playmp3.bas
examples/libraries/spidermonkey/callback.bas
examples/libraries/spidermonkey/common.bas
examples/libraries/spidermonkey/common.bi
examples/libraries/spidermonkey/eval.bas
examples/libraries/spidermonkey/factorial.js
examples/libraries/spidermonkey/function_cb.bas
examples/libraries/wx-c/mdi.bas
examples/libraries/wx-c/sizers.bas
examples/libraries/wx-c/wx-c_demo.bas
examples/makefile
examples/manual/array/clear.bas
examples/manual/array/ellipsis.bas
examples/manual/array/erase.bas
examples/manual/array/lbound.bas
examples/manual/array/preserve.bas
examples/manual/array/redim.bas
examples/manual/array/redim2d.bas
examples/manual/array/ubound.bas
examples/manual/array/ubound2.bas
examples/manual/array/ubound3.bas
examples/manual/bits/bit.bas
examples/manual/bits/bitreset.bas
examples/manual/bits/bitset.bas
examples/manual/bits/hibyte.bas
examples/manual/bits/hiword.bas
examples/manual/bits/lobyte.bas
examples/manual/bits/loword.bas
examples/manual/casting/cast.bas
examples/manual/casting/cbyte.bas
examples/manual/casting/cdbl.bas
examples/manual/casting/cint.bas
examples/manual/casting/clng.bas
examples/manual/casting/clngint.bas
examples/manual/casting/cptr.bas
examples/manual/casting/cshort.bas
examples/manual/casting/csign.bas
examples/manual/casting/csng.bas
examples/manual/casting/cubyte.bas
examples/manual/casting/cuint.bas
examples/manual/casting/culng.bas
examples/manual/casting/culngint.bas
examples/manual/casting/cunsg.bas
examples/manual/casting/cushort.bas
examples/manual/check/FBWikiKeywordTemplate_1.bas
examples/manual/check/FBWikiTopicSample_1.bas
examples/manual/check/FBWikiTutorialTemplate_1.bas
examples/manual/check/KeyPgClass_1.bas
examples/manual/check/KeyPgCommand_1.bas
examples/manual/check/KeyPgCommand_2.bas
examples/manual/check/KeyPgDim_1.bas
examples/manual/check/KeyPgDim_2.bas
examples/manual/check/KeyPgDim_3.bas
examples/manual/check/KeyPgDim_4.bas
examples/manual/check/KeyPgDim_5.bas
examples/manual/check/KeyPgDim_6.bas
examples/manual/check/KeyPgDim_7.bas
examples/manual/check/KeyPgMultikey_1.bas
examples/manual/check/KeyPgOnerror_2.bas
examples/manual/check/KeyPgOptionbase_1.bas
examples/manual/check/KeyPgResume_1.bas
examples/manual/check/KeyPgResumenext_1.bas
examples/manual/check/KeyPgScreenevent_1.bas
examples/manual/console/cls.bas
examples/manual/console/color.bas
examples/manual/console/csrlin.bas
examples/manual/console/input-n.bas
examples/manual/console/input.bas
examples/manual/console/input2.bas
examples/manual/console/lineinput.bas
examples/manual/console/locate.bas
examples/manual/console/pos.bas
examples/manual/console/print-using.bas
examples/manual/console/print.bas
examples/manual/console/print2.bas
examples/manual/console/screen-func.bas
examples/manual/console/spc.bas
examples/manual/console/spc2.bas
examples/manual/console/tab.bas
examples/manual/console/view-gfx.bas
examples/manual/console/view.bas
examples/manual/console/width-func.bas
examples/manual/console/width.bas
examples/manual/console/winput.bas
examples/manual/console/write.bas
examples/manual/control/continue.bas
examples/manual/control/continue2.bas
examples/manual/control/do-loop.bas
examples/manual/control/do-loop2.bas
examples/manual/control/end.bas
examples/manual/control/endblock.bas
examples/manual/control/exit.bas
examples/manual/control/exit2.bas
examples/manual/control/for-next.bas
examples/manual/control/gosub.bas
examples/manual/control/goto.bas
examples/manual/control/gotonum.bas
examples/manual/control/if-then.bas
examples/manual/control/iif.bas
examples/manual/control/iif2.bas
examples/manual/control/next.bas
examples/manual/control/next2.bas
examples/manual/control/next3.bas
examples/manual/control/on-goto.bas
examples/manual/control/ongosub.bas
examples/manual/control/return.bas
examples/manual/control/return2.bas
examples/manual/control/select.bas
examples/manual/control/step.bas
examples/manual/control/until.bas
examples/manual/control/while-wend.bas
examples/manual/data/data.bas
examples/manual/data/read.bas
examples/manual/data/restore.bas
examples/manual/datatype/byte.bas
examples/manual/datatype/byte2.bas
examples/manual/datatype/const-ovl.bas
examples/manual/datatype/const-ptr.bas
examples/manual/datatype/const-var.bas
examples/manual/datatype/double.bas
examples/manual/datatype/integer.bas
examples/manual/datatype/long.bas
examples/manual/datatype/longint.bas
examples/manual/datatype/pointer.bas
examples/manual/datatype/ptr.bas
examples/manual/datatype/short.bas
examples/manual/datatype/single.bas
examples/manual/datatype/string.bas
examples/manual/datatype/ubyte.bas
examples/manual/datatype/ubyte2.bas
examples/manual/datatype/uinteger.bas
examples/manual/datatype/ulong.bas
examples/manual/datatype/ulongint.bas
examples/manual/datatype/unsigned.bas
examples/manual/datatype/ushort.bas
examples/manual/datatype/wstring.bas
examples/manual/datatype/wstring2.bas
examples/manual/datatype/zstring.bas
examples/manual/datatype/zstring2.bas
examples/manual/dates/date.bas
examples/manual/dates/dateadd.bas
examples/manual/dates/datediff.bas
examples/manual/dates/datepart.bas
examples/manual/dates/dateserial.bas
examples/manual/dates/datevalue.bas
examples/manual/dates/day.bas
examples/manual/dates/hour.bas
examples/manual/dates/isdate.bas
examples/manual/dates/minute.bas
examples/manual/dates/month.bas
examples/manual/dates/monthname.bas
examples/manual/dates/now.bas
examples/manual/dates/second.bas
examples/manual/dates/time.bas
examples/manual/dates/timer.bas
examples/manual/dates/timeserial.bas
examples/manual/dates/timevalue.bas
examples/manual/dates/weekday.bas
examples/manual/dates/weekdayname.bas
examples/manual/dates/year.bas
examples/manual/debug/assert.bas
examples/manual/debug/assertwarn.bas
examples/manual/debug/stop.bas
examples/manual/defines/date.bas
examples/manual/defines/fbargc.bas
examples/manual/defines/fbargv.bas
examples/manual/defines/fbbigendian.bas
examples/manual/defines/fbbuilddate.bas
examples/manual/defines/fbcygwin.bas
examples/manual/defines/fbdarwin.bas
examples/manual/defines/fbdebug.bas
examples/manual/defines/fbdos.bas
examples/manual/defines/fberr.bas
examples/manual/defines/fbfpmode.bas
examples/manual/defines/fbfpu.bas
examples/manual/defines/fbfreebsd.bas
examples/manual/defines/fblang.bas
examples/manual/defines/fblinux.bas
examples/manual/defines/fbmain.bas
examples/manual/defines/fbminversion.bas
examples/manual/defines/fbmt.bas
examples/manual/defines/fbnetbsd.bas
examples/manual/defines/fbopenbsd.bas
examples/manual/defines/fboptionbyval.bas
examples/manual/defines/fboptiondynamic.bas
examples/manual/defines/fboptionescape.bas
examples/manual/defines/fboptionexplicit.bas
examples/manual/defines/fboptiongosub.bas
examples/manual/defines/fboptionprivate.bas
examples/manual/defines/fboutdll.bas
examples/manual/defines/fboutexe.bas
examples/manual/defines/fboutlib.bas
examples/manual/defines/fboutobj.bas
examples/manual/defines/fbsignature.bas
examples/manual/defines/fbsse.bas
examples/manual/defines/fbvectorize.bas
examples/manual/defines/fbvermajor.bas
examples/manual/defines/fbverminor.bas
examples/manual/defines/fbverpatch.bas
examples/manual/defines/fbversion.bas
examples/manual/defines/fbwin32.bas
examples/manual/defines/fbxbox.bas
examples/manual/defines/file.bas
examples/manual/defines/filenq.bas
examples/manual/defines/function.bas
examples/manual/defines/functionnq.bas
examples/manual/defines/line.bas
examples/manual/defines/path.bas
examples/manual/defines/time.bas
examples/manual/error/erfn.bas
examples/manual/error/erl.bas
examples/manual/error/ermn.bas
examples/manual/error/err1.bas
examples/manual/error/err2.bas
examples/manual/error/error.bas
examples/manual/error/local.bas
examples/manual/error/onerror.bas
examples/manual/error/resume-next.bas
examples/manual/error/resume.bas
examples/manual/extras/freeimage.bas
examples/manual/extras/gfx-null.bas
examples/manual/faq/dos/call-int.bas
examples/manual/faq/dos/lowmemas.bas
examples/manual/faq/gfxlib2/RGB-component.bas
examples/manual/faq/gfxlib2/bload-workaround.bas
examples/manual/faq/gfxlib2/check-for-close.bas
examples/manual/faq/gfxlib2/image-header.bas
examples/manual/fileio/access.bas
examples/manual/fileio/basicvsc.bas
examples/manual/fileio/binary-read.bas
examples/manual/fileio/binary-text.bas
examples/manual/fileio/binary-write.bas
examples/manual/fileio/close.bas
examples/manual/fileio/encoding.bas
examples/manual/fileio/eof.bas
examples/manual/fileio/for-append.bas
examples/manual/fileio/for-input.bas
examples/manual/fileio/for-output.bas
examples/manual/fileio/freefile-bad.bas
examples/manual/fileio/freefile-good.bas
examples/manual/fileio/freefile.bas
examples/manual/fileio/get-file.bas
examples/manual/fileio/get.bas
examples/manual/fileio/input.bas
examples/manual/fileio/lineinput.bas
examples/manual/fileio/loc.bas
examples/manual/fileio/lock.bas
examples/manual/fileio/lof.bas
examples/manual/fileio/open.bas
examples/manual/fileio/opencom.bas
examples/manual/fileio/opencom1.bas
examples/manual/fileio/opencom2.bas
examples/manual/fileio/opencons.bas
examples/manual/fileio/openerr.bas
examples/manual/fileio/openfunc.bas
examples/manual/fileio/openlpt.bas
examples/manual/fileio/openlpt1.bas
examples/manual/fileio/openlpt2.bas
examples/manual/fileio/openpipe.bas
examples/manual/fileio/openscrn.bas
examples/manual/fileio/print-using.bas
examples/manual/fileio/print.bas
examples/manual/fileio/put-array.bas
examples/manual/fileio/put-buffer.bas
examples/manual/fileio/put.bas
examples/manual/fileio/reset.bas
examples/manual/fileio/resetio.bas
examples/manual/fileio/seek-func.bas
examples/manual/fileio/seek-statment.bas
examples/manual/fileio/write.bas
examples/manual/gfx/bload.bas
examples/manual/gfx/bload2.bas
examples/manual/gfx/bload3.bas
examples/manual/gfx/bsave.bas
examples/manual/gfx/circle.bas
examples/manual/gfx/cls-memset.bas
examples/manual/gfx/color.bas
examples/manual/gfx/custom.bas
examples/manual/gfx/draw.bas
examples/manual/gfx/draw2.bas
examples/manual/gfx/drawstring-custom.bas
examples/manual/gfx/drawstring.bas
examples/manual/gfx/flip.bas
examples/manual/gfx/imageconvertrow.bas
examples/manual/gfx/imagecreate.bas
examples/manual/gfx/imageinfo.bas
examples/manual/gfx/line.bas
examples/manual/gfx/line_style.bas
examples/manual/gfx/paint.bas
examples/manual/gfx/paint2.bas
examples/manual/gfx/palette.bas
examples/manual/gfx/palette2.bas
examples/manual/gfx/palette3.bas
examples/manual/gfx/pcopy.bas
examples/manual/gfx/pcopy_cons.bas
examples/manual/gfx/pmap.bas
examples/manual/gfx/point.bas
examples/manual/gfx/preset.bas
examples/manual/gfx/pset.bas
examples/manual/gfx/put-add.bas
examples/manual/gfx/put-all.bas
examples/manual/gfx/put-alpha-8bit.bas
examples/manual/gfx/put-alpha.bas
examples/manual/gfx/put-and.bas
examples/manual/gfx/put-or.bas
examples/manual/gfx/put-pset.bas
examples/manual/gfx/put-trans.bas
examples/manual/gfx/put-xor.bas
examples/manual/gfx/put.bas
examples/manual/gfx/rgb.bas
examples/manual/gfx/rgb_get.bas
examples/manual/gfx/rgba.bas
examples/manual/gfx/rgba_get.bas
examples/manual/gfx/screen-func1.bas
examples/manual/gfx/screen-func2.bas
examples/manual/gfx/screen-func3.bas
examples/manual/gfx/screen.bas
examples/manual/gfx/screen2.bas
examples/manual/gfx/screencontrol.bas
examples/manual/gfx/screencopy.bas
examples/manual/gfx/screenevent.bas
examples/manual/gfx/screenglproc.bas
examples/manual/gfx/screeninfo.bas
examples/manual/gfx/screenlist.bas
examples/manual/gfx/screenlock.bas
examples/manual/gfx/screenptr.bas
examples/manual/gfx/screenptr2.bas
examples/manual/gfx/screenres.bas
examples/manual/gfx/screenset.bas
examples/manual/gfx/screensync.bas
examples/manual/gfx/step.bas
examples/manual/gfx/view.bas
examples/manual/gfx/window.bas
examples/manual/gfx/windowtitle.bas
examples/manual/hardware/inp.bas
examples/manual/hardware/lpos.bas
examples/manual/hardware/lprint.bas
examples/manual/hardware/out.bas
examples/manual/hardware/wait.bas
examples/manual/input/getjoystick.bas
examples/manual/input/getkey.bas
examples/manual/input/getmouse.bas
examples/manual/input/getmouse2.bas
examples/manual/input/inkey.bas
examples/manual/input/inkeyext.bas
examples/manual/input/multikey.bas
examples/manual/input/setmouse.bas
examples/manual/input/stick.bas
examples/manual/input/strig.bas
examples/manual/math/abs.bas
examples/manual/math/acos.bas
examples/manual/math/asin.bas
examples/manual/math/atan2.bas
examples/manual/math/atn.bas
examples/manual/math/cos.bas
examples/manual/math/exp.bas
examples/manual/math/fix.bas
examples/manual/math/frac.bas
examples/manual/math/int.bas
examples/manual/math/log.bas
examples/manual/math/random.bas
examples/manual/math/randomize.bas
examples/manual/math/rnd.bas
examples/manual/math/sgn.bas
examples/manual/math/sin.bas
examples/manual/math/sqr.bas
examples/manual/math/tan.bas
examples/manual/memory/allocate.bas
examples/manual/memory/allocate2.bas
examples/manual/memory/callocate.bas
examples/manual/memory/deallocate.bas
examples/manual/memory/deallocate2.bas
examples/manual/memory/deallocate3.bas
examples/manual/memory/peek.bas
examples/manual/memory/poke.bas
examples/manual/memory/reallocate.bas
examples/manual/memory/sadd.bas
examples/manual/memory/swap.bas
examples/manual/meta/dynamic.bas
examples/manual/meta/header.bi
examples/manual/meta/include.bas
examples/manual/meta/lang.bas
examples/manual/meta/static.bas
examples/manual/misc/any-param.bas
examples/manual/misc/any.bas
examples/manual/misc/as.bas
examples/manual/misc/asm.bas
examples/manual/misc/let.bas
examples/manual/misc/offsetof.bas
examples/manual/misc/rem.bas
examples/manual/misc/sizeof-udt.bas
examples/manual/misc/sizeof.bas
examples/manual/misc/to.bas
examples/manual/misc/typeof1.bas
examples/manual/misc/typeof2.bas
examples/manual/module/common1.bas
examples/manual/module/common2.bas
examples/manual/module/dylibfree.bas
examples/manual/module/dylibload.bas
examples/manual/module/dylibsymbol.bas
examples/manual/module/export.bas
examples/manual/module/extern-block.bas
examples/manual/module/extern1.bas
examples/manual/module/extern2.bas
examples/manual/module/import.bas
examples/manual/module/mydll.bas
examples/manual/module/mydll.c
examples/manual/module/mydll2.bas
examples/manual/module/namespace.bas
examples/manual/module/sub-private.bas
examples/manual/module/sub-public.bas
examples/manual/module/using.bas
examples/manual/operator/add-assign.bas
examples/manual/operator/add.bas
examples/manual/operator/address-func.bas
examples/manual/operator/address-var.bas
examples/manual/operator/and-assign.bas
examples/manual/operator/and-bitwise.bas
examples/manual/operator/and-logical.bas
examples/manual/operator/andalso.bas
examples/manual/operator/arrayindex.bas
examples/manual/operator/assign-let.bas
examples/manual/operator/assign.bas
examples/manual/operator/concat-assign.bas
examples/manual/operator/concat.bas
examples/manual/operator/concat_nocvt.bas
examples/manual/operator/delete.bas
examples/manual/operator/divide-assign.bas
examples/manual/operator/divide.bas
examples/manual/operator/equal.bas
examples/manual/operator/equal2.bas
examples/manual/operator/eqv-assign.bas
examples/manual/operator/eqv-bitwise.bas
examples/manual/operator/exponent-assign.bas
examples/manual/operator/exponent.bas
examples/manual/operator/greater-than-or-equal.bas
examples/manual/operator/greater-than.bas
examples/manual/operator/imp-assign.bas
examples/manual/operator/imp-bitwise.bas
examples/manual/operator/integer-divide-assign.bas
examples/manual/operator/integer-divide.bas
examples/manual/operator/less-than-or-equal.bas
examples/manual/operator/less-than1.bas
examples/manual/operator/less-than3.bas
examples/manual/operator/let-list.bas
examples/manual/operator/let.bas
examples/manual/operator/mod-assign.bas
examples/manual/operator/mod.bas
examples/manual/operator/multiply-assign.bas
examples/manual/operator/multiply.bas
examples/manual/operator/negate.bas
examples/manual/operator/new.bas
examples/manual/operator/not-bitwise.bas
examples/manual/operator/not-equal.bas
examples/manual/operator/not-equal2.bas
examples/manual/operator/not-logical.bas
examples/manual/operator/or-assign.bas
examples/manual/operator/or-bitwise.bas
examples/manual/operator/or-logical.bas
examples/manual/operator/orelse.bas
examples/manual/operator/placement_new.bas
examples/manual/operator/pointer-index.bas
examples/manual/operator/procptr.bas
examples/manual/operator/shift-left.bas
examples/manual/operator/shift-right.bas
examples/manual/operator/shl-assign.bas
examples/manual/operator/shr-assign.bas
examples/manual/operator/stringindex.bas
examples/manual/operator/strptr.bas
examples/manual/operator/subtract-assign.bas
examples/manual/operator/subtract.bas
examples/manual/operator/valueof.bas
examples/manual/operator/varptr.bas
examples/manual/operator/xor-assign.bas
examples/manual/operator/xor-bitwise.bas
examples/manual/operator/xor-logical.bas
examples/manual/prepro/concat.bas
examples/manual/prepro/define.bas
examples/manual/prepro/defined.bas
examples/manual/prepro/else.bas
examples/manual/prepro/elseif.bas
examples/manual/prepro/endif.bas
examples/manual/prepro/error.bas
examples/manual/prepro/escape.bas
examples/manual/prepro/header.bi
examples/manual/prepro/if.bas
examples/manual/prepro/ifdef.bas
examples/manual/prepro/ifndef.bas
examples/manual/prepro/inclib.bas
examples/manual/prepro/include.bas
examples/manual/prepro/lang.bas
examples/manual/prepro/libpath.bas
examples/manual/prepro/line.bas
examples/manual/prepro/macro.bas
examples/manual/prepro/macro2.bas
examples/manual/prepro/noescape.bas
examples/manual/prepro/pragma.bas
examples/manual/prepro/print.bas
examples/manual/prepro/stringize.bas
examples/manual/prepro/undef.bas
examples/manual/procs/alias.bas
examples/manual/procs/alias2.bas
examples/manual/procs/byref.bas
examples/manual/procs/byval.bas
examples/manual/procs/call-fwd.bas
examples/manual/procs/callfunc.bas
examples/manual/procs/callsub.bas
examples/manual/procs/cdecl.bas
examples/manual/procs/declare.bas
examples/manual/procs/declare2.bas
examples/manual/procs/ellipsis.bas
examples/manual/procs/func-1.bas
examples/manual/procs/func-2.bas
examples/manual/procs/func-3.bas
examples/manual/procs/func-4.bas
examples/manual/procs/func-5.bas
examples/manual/procs/lib.bas
examples/manual/procs/mod-ctor.bas
examples/manual/procs/mod-dtor.bas
examples/manual/procs/mydll.bas
examples/manual/procs/naked.bas
examples/manual/procs/overload.bas
examples/manual/procs/pascal.bas
examples/manual/procs/stdcall.bas
examples/manual/procs/sub-1.bas
examples/manual/procs/sub-2.bas
examples/manual/procs/va_arg.bas
examples/manual/procs/va_first.bas
examples/manual/procs/va_next.bas
examples/manual/proguide/arrays/array1.bas
examples/manual/proguide/arrays/array2.bas
examples/manual/proguide/arrays/array3.bas
examples/manual/proguide/arrays/array4.bas
examples/manual/proguide/arrays/fixedlen_1.bas
examples/manual/proguide/arrays/fixedlen_2.bas
examples/manual/proguide/arrays/indexing.bas
examples/manual/proguide/arrays/varlen_1.bas
examples/manual/proguide/arrays/varlen_2.bas
examples/manual/proguide/arrays/varlen_3.bas
examples/manual/proguide/comments/comment1.bas
examples/manual/proguide/comments/comment2.bas
examples/manual/proguide/comments/comment3.bas
examples/manual/proguide/comments/comment4.bas
examples/manual/proguide/comments/comment5.bas
examples/manual/proguide/comments/comment6.bas
examples/manual/proguide/comments/comment7.bas
examples/manual/proguide/comments/comment8.bas
examples/manual/proguide/constants/constants.bas
examples/manual/proguide/dates.bas
examples/manual/proguide/errors/err.bas
examples/manual/proguide/errors/on-error.bas
examples/manual/proguide/errors/on-local.bas
examples/manual/proguide/errors/result.bas
examples/manual/proguide/helloworld.bas
examples/manual/proguide/init/array.bas
examples/manual/proguide/init/udtarray.bas
examples/manual/proguide/labels/labels_1.bas
examples/manual/proguide/labels/labels_2.bas
examples/manual/proguide/libs/libs1.bas
examples/manual/proguide/libs/libs2.bas
examples/manual/proguide/libs/libs3.bas
examples/manual/proguide/libs/libs4.bas
examples/manual/proguide/libs/libs5.bas
examples/manual/proguide/literals/bin.bas
examples/manual/proguide/literals/dblsuff.bas
examples/manual/proguide/literals/dec.bas
examples/manual/proguide/literals/escape.bas
examples/manual/proguide/literals/floats.bas
examples/manual/proguide/literals/hex.bas
examples/manual/proguide/literals/hex2.bas
examples/manual/proguide/literals/intsuff.bas
examples/manual/proguide/literals/noescape.bas
examples/manual/proguide/literals/oct.bas
examples/manual/proguide/literals/singsuff.bas
examples/manual/proguide/literals/string.bas
examples/manual/proguide/members/foo1.bi
examples/manual/proguide/members/foo2.bi
examples/manual/proguide/members/overload.bas
examples/manual/proguide/members/static.bas
examples/manual/proguide/members/this.bas
examples/manual/proguide/members/usage1.bas
examples/manual/proguide/members/usage2.bas
examples/manual/proguide/object-class.bas
examples/manual/proguide/opovld/global-ops.bas
examples/manual/proguide/opovld/iif.bas
examples/manual/proguide/opovld/member-ops.bas
examples/manual/proguide/pointers/addsub.bas
examples/manual/proguide/pointers/builtin.bas
examples/manual/proguide/pointers/distance.bas
examples/manual/proguide/pointers/incdec.bas
examples/manual/proguide/pointers/udt.bas
examples/manual/proguide/primer/primer1.bas
examples/manual/proguide/primer/primer10.bas
examples/manual/proguide/primer/primer2.bas
examples/manual/proguide/primer/primer3.bas
examples/manual/proguide/primer/primer4.bas
examples/manual/proguide/primer/primer5.bas
examples/manual/proguide/primer/primer6.bas
examples/manual/proguide/primer/primer7.bas
examples/manual/proguide/primer/primer8.bas
examples/manual/proguide/primer/primer9.bas
examples/manual/proguide/procptrs/alias.bas
examples/manual/proguide/procptrs/calling.bas
examples/manual/proguide/procptrs/dimptr.bas
examples/manual/proguide/procptrs/passing.bas
examples/manual/proguide/procptrs/pfunc.bi
examples/manual/proguide/procptrs/procptrs.bas
examples/manual/proguide/procs/functions.bas
examples/manual/proguide/procs/passargs.bas
examples/manual/proguide/procs/passbyref.bas
examples/manual/proguide/procs/passbyval.bas
examples/manual/proguide/procs/return-methods.bas
examples/manual/proguide/procs/returnval.bas
examples/manual/proguide/procs/subs.bas
examples/manual/proguide/shared-lib/mylib.bas
examples/manual/proguide/shared-lib/mylib.bi
examples/manual/proguide/shared-lib/mytest.bas
examples/manual/proguide/sourcefiles.bas
examples/manual/proguide/static-lib/mylib.bas
examples/manual/proguide/static-lib/mylib.bi
examples/manual/proguide/static-lib/mytest.bas
examples/manual/proguide/typalias/builtin.bas
examples/manual/proguide/typalias/fwd_1.bas
examples/manual/proguide/typalias/fwd_2.bas
examples/manual/proguide/typalias/incomp.bas
examples/manual/proguide/typalias/overload.bas
examples/manual/proguide/typalias/procptr_1.bas
examples/manual/proguide/typalias/procptr_2.bas
examples/manual/proguide/udt/ctordtor.bas
examples/manual/proguide/udt/ptr-access.bas
examples/manual/proguide/udt/simple.bas
examples/manual/proguide/variables/variables.bas
examples/manual/proguide/varscope/local.bas
examples/manual/proguide/varscope/module1.bas
examples/manual/proguide/varscope/module2.bas
examples/manual/proguide/varscope/module3.bas
examples/manual/proguide/varscope/module4.bas
examples/manual/proguide/varscope/shared.bas
examples/manual/samples.bas
examples/manual/samples.ini
examples/manual/samples.txt
examples/manual/strings/asc.bas
examples/manual/strings/bin.bas
examples/manual/strings/chr.bas
examples/manual/strings/cvd.bas
examples/manual/strings/cvi.bas
examples/manual/strings/cvl.bas
examples/manual/strings/cvlongint.bas
examples/manual/strings/cvs.bas
examples/manual/strings/cvshort.bas
examples/manual/strings/hex.bas
examples/manual/strings/instr.bas
examples/manual/strings/instr2.bas
examples/manual/strings/instrrev.bas
examples/manual/strings/instrrev2.bas
examples/manual/strings/lcase.bas
examples/manual/strings/left.bas
examples/manual/strings/len.bas
examples/manual/strings/lset-udt.bas
examples/manual/strings/lset.bas
examples/manual/strings/ltrim.bas
examples/manual/strings/mid-func.bas
examples/manual/strings/mid-stmt.bas
examples/manual/strings/mkd.bas
examples/manual/strings/mki.bas
examples/manual/strings/mkl.bas
examples/manual/strings/mklongint.bas
examples/manual/strings/mks.bas
examples/manual/strings/mkshort.bas
examples/manual/strings/oct.bas
examples/manual/strings/right.bas
examples/manual/strings/rset.bas
examples/manual/strings/rtrim.bas
examples/manual/strings/space.bas
examples/manual/strings/str.bas
examples/manual/strings/string.bas
examples/manual/strings/trim.bas
examples/manual/strings/ucase.bas
examples/manual/strings/val.bas
examples/manual/strings/valint.bas
examples/manual/strings/vallng.bas
examples/manual/strings/valuint.bas
examples/manual/strings/valulng.bas
examples/manual/strings/wbin.bas
examples/manual/strings/wchr.bas
examples/manual/strings/whex.bas
examples/manual/strings/woct.bas
examples/manual/strings/wspace.bas
examples/manual/strings/wstr.bas
examples/manual/strings/wstring.bas
examples/manual/switches/defbyte.bas
examples/manual/switches/defdbl.bas
examples/manual/switches/defint.bas
examples/manual/switches/deflng.bas
examples/manual/switches/deflongint.bas
examples/manual/switches/defshort.bas
examples/manual/switches/defsng.bas
examples/manual/switches/defstr.bas
examples/manual/switches/defubyte.bas
examples/manual/switches/defuint.bas
examples/manual/switches/defulongint.bas
examples/manual/switches/defushort.bas
examples/manual/switches/option-byval.bas
examples/manual/switches/option-dynamic.bas
examples/manual/switches/option-escape.bas
examples/manual/switches/option-explicit.bas
examples/manual/switches/option-gosub.bas
examples/manual/switches/option-nogosub.bas
examples/manual/switches/option-nokeyword.bas
examples/manual/switches/option-private.bas
examples/manual/switches/option-static.bas
examples/manual/system/beep.bas
examples/manual/system/chain.bas
examples/manual/system/chdir.bas
examples/manual/system/command.bas
examples/manual/system/curdir.bas
examples/manual/system/dir.bas
examples/manual/system/dirretat.bas
examples/manual/system/environ.bas
examples/manual/system/exec.bas
examples/manual/system/exepath.bas
examples/manual/system/fileattr.bas
examples/manual/system/filecopy.bas
examples/manual/system/filedatetime.bas
examples/manual/system/fileexists.bas
examples/manual/system/filelen.bas
examples/manual/system/fre.bas
examples/manual/system/kill.bas
examples/manual/system/mkdir.bas
examples/manual/system/name.bas
examples/manual/system/rmdir.bas
examples/manual/system/run.bas
examples/manual/system/setdate.bas
examples/manual/system/setenviron.bas
examples/manual/system/setenviron2.bas
examples/manual/system/settime.bas
examples/manual/system/shell.bas
examples/manual/system/sleep.bas
examples/manual/system/system.bas
examples/manual/threads/condcreate.bas
examples/manual/threads/mutexcreate.bas
examples/manual/threads/mutexdestroy.bas
examples/manual/threads/mutexlock.bas
examples/manual/threads/mutexunlock.bas
examples/manual/threads/threadcreate.bas
examples/manual/threads/threadwait.bas
examples/manual/udt/access.bas
examples/manual/udt/const-proc.bas
examples/manual/udt/constructor-ptr.bas
examples/manual/udt/constructor.bas
examples/manual/udt/destructor.bas
examples/manual/udt/enum.bas
examples/manual/udt/field.bas
examples/manual/udt/for.bas
examples/manual/udt/function.bas
examples/manual/udt/next.bas
examples/manual/udt/operator.bas
examples/manual/udt/private.bas
examples/manual/udt/property.bas
examples/manual/udt/property2.bas
examples/manual/udt/protected.bas
examples/manual/udt/ptr-access.bas
examples/manual/udt/public.bas
examples/manual/udt/static.bas
examples/manual/udt/step.bas
examples/manual/udt/stepFileIteration.bas
examples/manual/udt/sub.bas
examples/manual/udt/temp-type.bas
examples/manual/udt/temp-type2.bas
examples/manual/udt/temp-type3.bas
examples/manual/udt/this.bas
examples/manual/udt/type-fwd.bas
examples/manual/udt/type1.bas
examples/manual/udt/type2.bas
examples/manual/udt/union.bas
examples/manual/udt/with-1.bas
examples/manual/udt/with-2.bas
examples/manual/udt/with-3.bas
examples/manual/variable/const.bas
examples/manual/variable/dim.bas
examples/manual/variable/scope.bas
examples/manual/variable/shared.bas
examples/manual/variable/static.bas
examples/manual/variable/var.bas
examples/misc/allocate.bas
examples/misc/arrayfield.bas
examples/misc/asc_chr.bas
examples/misc/bitfields.bas
examples/misc/bytestring.bas
examples/misc/byvaludt.bas
examples/misc/cgi_test.bas
examples/misc/chain1.bas
examples/misc/chain2.bas
examples/misc/command.bas
examples/misc/conmouse.bas
examples/misc/constructor.bas
examples/misc/escapechars.bas
examples/misc/file/filearray.bas
examples/misc/file/filebin.bas
examples/misc/file/fileinput.bas
examples/misc/file/filepipe.bas
examples/misc/file/filerand.bas
examples/misc/file/filerec.bas
examples/misc/file/filetext.bas
examples/misc/func_deref.bas
examples/misc/funcptr.bas
examples/misc/hello.bas
examples/misc/iif.bas
examples/misc/imp_conv.bas
examples/misc/inkey.bas
examples/misc/inlineasm.bas
examples/misc/macro.bas
examples/misc/mutex.bas
examples/misc/naked_func.bas
examples/misc/optargs.bas
examples/misc/overload.bas
examples/misc/pcopy.bas
examples/misc/peek.bas
examples/misc/preprocessor.bas
examples/misc/ptr_index.bas
examples/misc/ptr_test.bas
examples/misc/scope.bas
examples/misc/select.bas
examples/misc/sieve.bas
examples/misc/str_index.bas
examples/misc/threads.bas
examples/misc/typedef.bas
examples/misc/var-args.bas
examples/misc/var_initializers.bas
examples/misc/with.bas
examples/namespace/console.bas
examples/namespace/cpp/alias/cpplib.cpp
examples/namespace/cpp/alias/test.bas
examples/namespace/cpp/complexlib.cpp
examples/namespace/cpp/complextest.bas
examples/namespace/cpp/cpplib.cpp
examples/namespace/cpp/test.bas
examples/namespace/scoped.bas
examples/pre-include/preinc.bi
examples/pre-include/test.bas
examples/real10/libreal10/Makefile
examples/real10/libreal10/core.bas
examples/real10/libreal10/intern.bi
examples/real10/libreal10/op-acos.bas
examples/real10/libreal10/op-acosh.bas
examples/real10/libreal10/op-add.bas
examples/real10/libreal10/op-asin.bas
examples/real10/libreal10/op-asinh.bas
examples/real10/libreal10/op-atan.bas
examples/real10/libreal10/op-atanh.bas
examples/real10/libreal10/op-cast.bas
examples/real10/libreal10/op-cos.bas
examples/real10/libreal10/op-cosh.bas
examples/real10/libreal10/op-ctor.bas
examples/real10/libreal10/op-div.bas
examples/real10/libreal10/op-eq.bas
examples/real10/libreal10/op-exp.bas
examples/real10/libreal10/op-exp10.bas
examples/real10/libreal10/op-ge.bas
examples/real10/libreal10/op-gt.bas
examples/real10/libreal10/op-le.bas
examples/real10/libreal10/op-let.bas
examples/real10/libreal10/op-log.bas
examples/real10/libreal10/op-log10.bas
examples/real10/libreal10/op-lt.bas
examples/real10/libreal10/op-mul.bas
examples/real10/libreal10/op-ne.bas
examples/real10/libreal10/op-pow.bas
examples/real10/libreal10/op-sin.bas
examples/real10/libreal10/op-sinh.bas
examples/real10/libreal10/op-sqrt.bas
examples/real10/libreal10/op-sub.bas
examples/real10/libreal10/op-tan.bas
examples/real10/libreal10/op-tanh.bas
examples/real10/real10.bi
examples/real10/test.bas
examples/unicode/hello_UNC.bas
examples/unicode/hello_UTF16BE.bas
examples/unicode/hello_UTF16LE.bas
examples/unicode/hello_UTF32BE.bas
examples/unicode/hello_UTF32LE.bas
examples/unicode/hello_UTF8.bas
examples/unicode/hello_chinese.bas
examples/unicode/hello_greek.bas
examples/unicode/hello_japanese.bas
examples/unicode/hello_korean.bas
examples/unicode/hello_russian.bas
fbc.exe
inc/CUnit/Automated.bi
inc/CUnit/Basic.bi
inc/CUnit/CUError.bi
inc/CUnit/CUnit.bi
inc/CUnit/Console.bi
inc/CUnit/MyMem.bi
inc/CUnit/TestDB.bi
inc/CUnit/TestRun.bi
inc/FreeImage.bi
inc/GL/gl.bi
inc/GL/glext.bi
inc/GL/glfw.bi
inc/GL/glu.bi
inc/GL/glut.bi
inc/IL/il.bi
inc/IL/ilu.bi
inc/IUP/iup.bi
inc/IUP/iupcb.bi
inc/IUP/iupcbs.bi
inc/IUP/iupcontrols.bi
inc/IUP/iupcpi.bi
inc/IUP/iupdef.bi
inc/IUP/iupdial.bi
inc/IUP/iupgauge.bi
inc/IUP/iupgc.bi
inc/IUP/iupgetparam.bi
inc/IUP/iupkey.bi
inc/IUP/iupmask.bi
inc/IUP/iupmatrix.bi
inc/IUP/iupsbox.bi
inc/IUP/iuptabs.bi
inc/IUP/iuptree.bi
inc/IUP/iupval.bi
inc/Lua/lauxlib.bi
inc/Lua/lua.bi
inc/Lua/lualib.bi
inc/Newton.bi
inc/SDL/SDL.bi
inc/SDL/SDL_active.bi
inc/SDL/SDL_audio.bi
inc/SDL/SDL_byteorder.bi
inc/SDL/SDL_cdrom.bi
inc/SDL/SDL_cpuinfo.bi
inc/SDL/SDL_endian.bi
inc/SDL/SDL_error.bi
inc/SDL/SDL_events.bi
inc/SDL/SDL_getenv.bi
inc/SDL/SDL_gfx_framerate.bi
inc/SDL/SDL_gfx_imageFilter.bi
inc/SDL/SDL_gfx_primitives.bi
inc/SDL/SDL_gfx_rotozoom.bi
inc/SDL/SDL_image.bi
inc/SDL/SDL_joystick.bi
inc/SDL/SDL_keyboard.bi
inc/SDL/SDL_keysym.bi
inc/SDL/SDL_loadso.bi
inc/SDL/SDL_main.bi
inc/SDL/SDL_mixer.bi
inc/SDL/SDL_mouse.bi
inc/SDL/SDL_mutex.bi
inc/SDL/SDL_net.bi
inc/SDL/SDL_quit.bi
inc/SDL/SDL_rwops.bi
inc/SDL/SDL_syswm.bi
inc/SDL/SDL_thread.bi
inc/SDL/SDL_timer.bi
inc/SDL/SDL_ttf.bi
inc/SDL/SDL_types.bi
inc/SDL/SDL_version.bi
inc/SDL/SDL_video.bi
inc/SDL/begin_code.bi
inc/SDL/close_code.bi
inc/al/al.bi
inc/al/alc.bi
inc/al/alext.bi
inc/al/alut.bi
inc/allegro.bi
inc/allegro/3d.bi
inc/allegro/3dmaths.bi
inc/allegro/alcompat.bi
inc/allegro/base.bi
inc/allegro/color.bi
inc/allegro/compiled.bi
inc/allegro/config.bi
inc/allegro/datafile.bi
inc/allegro/debug.bi
inc/allegro/digi.bi
inc/allegro/draw.bi
inc/allegro/file.bi
inc/allegro/fixed.bi
inc/allegro/fli.bi
inc/allegro/fmaths.bi
inc/allegro/gfx.bi
inc/allegro/gui.bi
inc/allegro/inline/3dmaths.bi
inc/allegro/inline/asm.bi
inc/allegro/inline/color.bi
inc/allegro/inline/draw.bi
inc/allegro/inline/file.bi
inc/allegro/inline/fmaths.bi
inc/allegro/inline/gfx.bi
inc/allegro/inline/gui.bi
inc/allegro/inline/matrix.bi
inc/allegro/inline/rle.bi
inc/allegro/inline/system.bi
inc/allegro/internal/alconfig.bi
inc/allegro/joystick.bi
inc/allegro/keyboard.bi
inc/allegro/matrix.bi
inc/allegro/midi.bi
inc/allegro/mouse.bi
inc/allegro/palette.bi
inc/allegro/platform/al386gcc.bi
inc/allegro/platform/aldjgpp.bi
inc/allegro/platform/aldos.bi
inc/allegro/platform/almngw32.bi
inc/allegro/platform/alplatf.bi
inc/allegro/platform/alucfg.bi
inc/allegro/platform/alunix.bi
inc/allegro/platform/alwin.bi
inc/allegro/quat.bi
inc/allegro/rle.bi
inc/allegro/sound.bi
inc/allegro/stream.bi
inc/allegro/system.bi
inc/allegro/text.bi
inc/allegro/timer.bi
inc/allegro/unicode.bi
inc/aspell.bi
inc/bass.bi
inc/bassmod.bi
inc/bfd.bi
inc/bfd/bfd-216.bi
inc/bfd/bfd-217.bi
inc/bfd/bfd-218.bi
inc/big_int/basic_funcs.bi
inc/big_int/big_int.bi
inc/big_int/big_int_full.bi
inc/big_int/bitset_funcs.bi
inc/big_int/get_bit_length.bi
inc/big_int/low_level_funcs.bi
inc/big_int/memory_manager.bi
inc/big_int/modular_arithmetic.bi
inc/big_int/number_theory.bi
inc/big_int/service_funcs.bi
inc/big_int/str_funcs.bi
inc/big_int/str_types.bi
inc/caca.bi
inc/cairo/cairo-pdf.bi
inc/cairo/cairo-ps.bi
inc/cairo/cairo-svg.bi
inc/cairo/cairo-win32.bi
inc/cairo/cairo.bi
inc/cgi-util.bi
inc/cgui.bi
inc/crt.bi
inc/crt/arpa/inet.bi
inc/crt/ctype.bi
inc/crt/dir.bi
inc/crt/errno.bi
inc/crt/fcntl.bi
inc/crt/io.bi
inc/crt/limits.bi
inc/crt/malloc.bi
inc/crt/math.bi
inc/crt/netdb.bi
inc/crt/netinet/in.bi
inc/crt/netinet/linux/in.bi
inc/crt/process.bi
inc/crt/setjmp.bi
inc/crt/stdarg.bi
inc/crt/stddef.bi
inc/crt/stdint.bi
inc/crt/stdio.bi
inc/crt/stdlib.bi
inc/crt/string.bi
inc/crt/sys/select.bi
inc/crt/sys/socket.bi
inc/crt/sys/stat.bi
inc/crt/sys/time.bi
inc/crt/sys/types.bi
inc/crt/sys/uio.bi
inc/crt/sys/win32/stat.bi
inc/crt/sys/win32/time.bi
inc/crt/sys/win32/types.bi
inc/crt/time.bi
inc/crt/unistd.bi
inc/crt/wchar.bi
inc/crt/win32/ctype.bi
inc/crt/win32/fcntl.bi
inc/crt/win32/process.bi
inc/crt/win32/stdio.bi
inc/crt/win32/stdlib.bi
inc/crt/win32/time.bi
inc/crt/win32/unistd.bi
inc/crt/win32/wchar.bi
inc/cryptlib.bi
inc/curl.bi
inc/curses.bi
inc/curses/ncurses.bi
inc/curses/pdcurses.bi
inc/datetime.bi
inc/dir.bi
inc/dislin.bi
inc/disphelper/convert.bi
inc/disphelper/disphelper.bi
inc/expat.bi
inc/fastcgi/fastcgi.bi
inc/fastcgi/fcgi_stdio.bi
inc/fastcgi/fcgiapp.bi
inc/fbgfx.bi
inc/file.bi
inc/fmod.bi
inc/freetype2/config/ftconfig.bi
inc/freetype2/config/ftoption.bi
inc/freetype2/config/ftstdlib.bi
inc/freetype2/freetype.bi
inc/freetype2/fterrors.bi
inc/freetype2/ftimage.bi
inc/freetype2/ftmoderr.bi
inc/freetype2/ftsystem.bi
inc/freetype2/fttypes.bi
inc/gd/gd.bi
inc/gd/gd_io.bi
inc/gd/gdfx.bi
inc/gdsl/_gdsl_bintree.bi
inc/gdsl/_gdsl_bstree.bi
inc/gdsl/_gdsl_list.bi
inc/gdsl/_gdsl_node.bi
inc/gdsl/gdsl.bi
inc/gdsl/gdsl_2darray.bi
inc/gdsl/gdsl_bstree.bi
inc/gdsl/gdsl_hash.bi
inc/gdsl/gdsl_list.bi
inc/gdsl/gdsl_macros.bi
inc/gdsl/gdsl_perm.bi
inc/gdsl/gdsl_queue.bi
inc/gdsl/gdsl_rbtree.bi
inc/gdsl/gdsl_sort.bi
inc/gdsl/gdsl_stack.bi
inc/gdsl/gdsl_types.bi
inc/gif_lib.bi
inc/gmp.bi
inc/grx/grx20.bi
inc/grx/grxkeys.bi
inc/gsl/gsl_blas.bi
inc/gsl/gsl_blas_types.bi
inc/gsl/gsl_block.bi
inc/gsl/gsl_block_char.bi
inc/gsl/gsl_block_complex.bi
inc/gsl/gsl_block_complex_double.bi
inc/gsl/gsl_block_complex_float.bi
inc/gsl/gsl_block_complex_long_double.bi
inc/gsl/gsl_block_double.bi
inc/gsl/gsl_block_float.bi
inc/gsl/gsl_block_int.bi
inc/gsl/gsl_block_long.bi
inc/gsl/gsl_block_long_double.bi
inc/gsl/gsl_block_short.bi
inc/gsl/gsl_block_uchar.bi
inc/gsl/gsl_block_uint.bi
inc/gsl/gsl_block_ulong.bi
inc/gsl/gsl_block_ushort.bi
inc/gsl/gsl_cblas.bi
inc/gsl/gsl_cdf.bi
inc/gsl/gsl_chebyshev.bi
inc/gsl/gsl_check_range.bi
inc/gsl/gsl_combination.bi
inc/gsl/gsl_complex.bi
inc/gsl/gsl_complex_math.bi
inc/gsl/gsl_const.bi
inc/gsl/gsl_const_cgs.bi
inc/gsl/gsl_const_cgsm.bi
inc/gsl/gsl_const_mks.bi
inc/gsl/gsl_const_mksa.bi
inc/gsl/gsl_const_num.bi
inc/gsl/gsl_deriv.bi
inc/gsl/gsl_dft_complex.bi
inc/gsl/gsl_dft_complex_float.bi
inc/gsl/gsl_dht.bi
inc/gsl/gsl_diff.bi
inc/gsl/gsl_eigen.bi
inc/gsl/gsl_errno.bi
inc/gsl/gsl_fft.bi
inc/gsl/gsl_fft_complex.bi
inc/gsl/gsl_fft_complex_float.bi
inc/gsl/gsl_fft_halfcomplex.bi
inc/gsl/gsl_fft_halfcomplex_float.bi
inc/gsl/gsl_fft_real.bi
inc/gsl/gsl_fft_real_float.bi
inc/gsl/gsl_fit.bi
inc/gsl/gsl_heapsort.bi
inc/gsl/gsl_histogram.bi
inc/gsl/gsl_histogram2d.bi
inc/gsl/gsl_ieee_utils.bi
inc/gsl/gsl_integration.bi
inc/gsl/gsl_interp.bi
inc/gsl/gsl_linalg.bi
inc/gsl/gsl_machine.bi
inc/gsl/gsl_math.bi
inc/gsl/gsl_matrix.bi
inc/gsl/gsl_matrix_char.bi
inc/gsl/gsl_matrix_complex_double.bi
inc/gsl/gsl_matrix_complex_float.bi
inc/gsl/gsl_matrix_complex_long_double.bi
inc/gsl/gsl_matrix_double.bi
inc/gsl/gsl_matrix_float.bi
inc/gsl/gsl_matrix_int.bi
inc/gsl/gsl_matrix_long.bi
inc/gsl/gsl_matrix_long_double.bi
inc/gsl/gsl_matrix_short.bi
inc/gsl/gsl_matrix_uchar.bi
inc/gsl/gsl_matrix_uint.bi
inc/gsl/gsl_matrix_ulong.bi
inc/gsl/gsl_matrix_ushort.bi
inc/gsl/gsl_message.bi
inc/gsl/gsl_min.bi
inc/gsl/gsl_mode.bi
inc/gsl/gsl_monte.bi
inc/gsl/gsl_monte_miser.bi
inc/gsl/gsl_monte_plain.bi
inc/gsl/gsl_monte_vegas.bi
inc/gsl/gsl_multifit.bi
inc/gsl/gsl_multifit_nlin.bi
inc/gsl/gsl_multimin.bi
inc/gsl/gsl_multiroots.bi
inc/gsl/gsl_nan.bi
inc/gsl/gsl_ntuple.bi
inc/gsl/gsl_odeiv.bi
inc/gsl/gsl_permutation.bi
inc/gsl/gsl_permute.bi
inc/gsl/gsl_permute_char.bi
inc/gsl/gsl_permute_complex_double.bi
inc/gsl/gsl_permute_complex_float.bi
inc/gsl/gsl_permute_complex_long_double.bi
inc/gsl/gsl_permute_double.bi
inc/gsl/gsl_permute_float.bi
inc/gsl/gsl_permute_int.bi
inc/gsl/gsl_permute_long.bi
inc/gsl/gsl_permute_long_double.bi
inc/gsl/gsl_permute_short.bi
inc/gsl/gsl_permute_uchar.bi
inc/gsl/gsl_permute_uint.bi
inc/gsl/gsl_permute_ulong.bi
inc/gsl/gsl_permute_ushort.bi
inc/gsl/gsl_permute_vector.bi
inc/gsl/gsl_permute_vector_char.bi
inc/gsl/gsl_permute_vector_complex_double.bi
inc/gsl/gsl_permute_vector_complex_float.bi
inc/gsl/gsl_permute_vector_complex_long_double.bi
inc/gsl/gsl_permute_vector_double.bi
inc/gsl/gsl_permute_vector_float.bi
inc/gsl/gsl_permute_vector_int.bi
inc/gsl/gsl_permute_vector_long.bi
inc/gsl/gsl_permute_vector_long_double.bi
inc/gsl/gsl_permute_vector_short.bi
inc/gsl/gsl_permute_vector_uchar.bi
inc/gsl/gsl_permute_vector_uint.bi
inc/gsl/gsl_permute_vector_ulong.bi
inc/gsl/gsl_permute_vector_ushort.bi
inc/gsl/gsl_poly.bi
inc/gsl/gsl_pow_int.bi
inc/gsl/gsl_precision.bi
inc/gsl/gsl_qrng.bi
inc/gsl/gsl_randist.bi
inc/gsl/gsl_rng.bi
inc/gsl/gsl_roots.bi
inc/gsl/gsl_sf.bi
inc/gsl/gsl_sf_airy.bi
inc/gsl/gsl_sf_bessel.bi
inc/gsl/gsl_sf_clausen.bi
inc/gsl/gsl_sf_coulomb.bi
inc/gsl/gsl_sf_coupling.bi
inc/gsl/gsl_sf_dawson.bi
inc/gsl/gsl_sf_debye.bi
inc/gsl/gsl_sf_dilog.bi
inc/gsl/gsl_sf_elementary.bi
inc/gsl/gsl_sf_ellint.bi
inc/gsl/gsl_sf_elljac.bi
inc/gsl/gsl_sf_erf.bi
inc/gsl/gsl_sf_exp.bi
inc/gsl/gsl_sf_expint.bi
inc/gsl/gsl_sf_fermi_dirac.bi
inc/gsl/gsl_sf_gamma.bi
inc/gsl/gsl_sf_gegenbauer.bi
inc/gsl/gsl_sf_hyperg.bi
inc/gsl/gsl_sf_laguerre.bi
inc/gsl/gsl_sf_lambert.bi
inc/gsl/gsl_sf_legendre.bi
inc/gsl/gsl_sf_log.bi
inc/gsl/gsl_sf_pow_int.bi
inc/gsl/gsl_sf_psi.bi
inc/gsl/gsl_sf_result.bi
inc/gsl/gsl_sf_synchrotron.bi
inc/gsl/gsl_sf_transport.bi
inc/gsl/gsl_sf_trig.bi
inc/gsl/gsl_sf_zeta.bi
inc/gsl/gsl_siman.bi
inc/gsl/gsl_sort.bi
inc/gsl/gsl_sort_char.bi
inc/gsl/gsl_sort_double.bi
inc/gsl/gsl_sort_float.bi
inc/gsl/gsl_sort_int.bi
inc/gsl/gsl_sort_long.bi
inc/gsl/gsl_sort_long_double.bi
inc/gsl/gsl_sort_short.bi
inc/gsl/gsl_sort_uchar.bi
inc/gsl/gsl_sort_uint.bi
inc/gsl/gsl_sort_ulong.bi
inc/gsl/gsl_sort_ushort.bi
inc/gsl/gsl_sort_vector.bi
inc/gsl/gsl_sort_vector_char.bi
inc/gsl/gsl_sort_vector_double.bi
inc/gsl/gsl_sort_vector_float.bi
inc/gsl/gsl_sort_vector_int.bi
inc/gsl/gsl_sort_vector_long.bi
inc/gsl/gsl_sort_vector_long_double.bi
inc/gsl/gsl_sort_vector_short.bi
inc/gsl/gsl_sort_vector_uchar.bi
inc/gsl/gsl_sort_vector_uint.bi
inc/gsl/gsl_sort_vector_ulong.bi
inc/gsl/gsl_sort_vector_ushort.bi
inc/gsl/gsl_specfunc.bi
inc/gsl/gsl_spline.bi
inc/gsl/gsl_statistics.bi
inc/gsl/gsl_statistics_char.bi
inc/gsl/gsl_statistics_double.bi
inc/gsl/gsl_statistics_float.bi
inc/gsl/gsl_statistics_int.bi
inc/gsl/gsl_statistics_long.bi
inc/gsl/gsl_statistics_long_double.bi
inc/gsl/gsl_statistics_short.bi
inc/gsl/gsl_statistics_uchar.bi
inc/gsl/gsl_statistics_uint.bi
inc/gsl/gsl_statistics_ulong.bi
inc/gsl/gsl_statistics_ushort.bi
inc/gsl/gsl_sum.bi
inc/gsl/gsl_sys.bi
inc/gsl/gsl_test.bi
inc/gsl/gsl_types.bi
inc/gsl/gsl_vector.bi
inc/gsl/gsl_vector_char.bi
inc/gsl/gsl_vector_complex.bi
inc/gsl/gsl_vector_complex_double.bi
inc/gsl/gsl_vector_complex_float.bi
inc/gsl/gsl_vector_complex_long_double.bi
inc/gsl/gsl_vector_double.bi
inc/gsl/gsl_vector_float.bi
inc/gsl/gsl_vector_int.bi
inc/gsl/gsl_vector_long.bi
inc/gsl/gsl_vector_long_double.bi
inc/gsl/gsl_vector_short.bi
inc/gsl/gsl_vector_uchar.bi
inc/gsl/gsl_vector_uint.bi
inc/gsl/gsl_vector_ulong.bi
inc/gsl/gsl_vector_ushort.bi
inc/gsl/gsl_version.bi
inc/gsl/gsl_wavelet.bi
inc/gsl/gsl_wavelet2d.bi
inc/gtk/atk.bi
inc/gtk/atk/atkaction.bi
inc/gtk/atk/atkcomponent.bi
inc/gtk/atk/atkdocument.bi
inc/gtk/atk/atkeditabletext.bi
inc/gtk/atk/atkgobjectaccessible.bi
inc/gtk/atk/atkhyperlink.bi
inc/gtk/atk/atkhypertext.bi
inc/gtk/atk/atkimage.bi
inc/gtk/atk/atknoopobject.bi
inc/gtk/atk/atknoopobjectfactory.bi
inc/gtk/atk/atkobject.bi
inc/gtk/atk/atkobjectfactory.bi
inc/gtk/atk/atkregistry.bi
inc/gtk/atk/atkrelation.bi
inc/gtk/atk/atkrelationset.bi
inc/gtk/atk/atkrelationtype.bi
inc/gtk/atk/atkselection.bi
inc/gtk/atk/atkstate.bi
inc/gtk/atk/atkstateset.bi
inc/gtk/atk/atkstreamablecontent.bi
inc/gtk/atk/atktable.bi
inc/gtk/atk/atktext.bi
inc/gtk/atk/atkutil.bi
inc/gtk/atk/atkvalue.bi
inc/gtk/gdk-pixbuf.bi
inc/gtk/gdk-pixbuf/gdk-pixbuf-animation.bi
inc/gtk/gdk-pixbuf/gdk-pixbuf-core.bi
inc/gtk/gdk-pixbuf/gdk-pixbuf-enum-types.bi
inc/gtk/gdk-pixbuf/gdk-pixbuf-features.bi
inc/gtk/gdk-pixbuf/gdk-pixbuf-io.bi
inc/gtk/gdk-pixbuf/gdk-pixbuf-loader.bi
inc/gtk/gdk-pixbuf/gdk-pixbuf-transform.bi
inc/gtk/gdk.bi
inc/gtk/gdk/gdkcolor.bi
inc/gtk/gdk/gdkcursor.bi
inc/gtk/gdk/gdkdisplay.bi
inc/gtk/gdk/gdkdisplaymanager.bi
inc/gtk/gdk/gdkdnd.bi
inc/gtk/gdk/gdkdrawable.bi
inc/gtk/gdk/gdkenumtypes.bi
inc/gtk/gdk/gdkevents.bi
inc/gtk/gdk/gdkfont.bi
inc/gtk/gdk/gdkgc.bi
inc/gtk/gdk/gdkimage.bi
inc/gtk/gdk/gdkinput.bi
inc/gtk/gdk/gdkkeys.bi
inc/gtk/gdk/gdkpango.bi
inc/gtk/gdk/gdkpixbuf.bi
inc/gtk/gdk/gdkpixmap.bi
inc/gtk/gdk/gdkproperty.bi
inc/gtk/gdk/gdkregion.bi
inc/gtk/gdk/gdkrgb.bi
inc/gtk/gdk/gdkscreen.bi
inc/gtk/gdk/gdkselection.bi
inc/gtk/gdk/gdkspawn.bi
inc/gtk/gdk/gdktypes.bi
inc/gtk/gdk/gdkvisual.bi
inc/gtk/gdk/gdkwindow.bi
inc/gtk/gdkgl.bi
inc/gtk/gdkgl/gdkglconfig.bi
inc/gtk/gdkgl/gdkglcontext.bi
inc/gtk/gdkgl/gdkgldefs.bi
inc/gtk/gdkgl/gdkgldrawable.bi
inc/gtk/gdkgl/gdkglenumtypes.bi
inc/gtk/gdkgl/gdkglfont.bi
inc/gtk/gdkgl/gdkglinit.bi
inc/gtk/gdkgl/gdkglpixmap.bi
inc/gtk/gdkgl/gdkglquery.bi
inc/gtk/gdkgl/gdkglshapes.bi
inc/gtk/gdkgl/gdkgltokens.bi
inc/gtk/gdkgl/gdkgltypes.bi
inc/gtk/gdkgl/gdkglversion.bi
inc/gtk/gdkgl/gdkglwindow.bi
inc/gtk/glade.bi
inc/gtk/glib-object.bi
inc/gtk/glib.bi
inc/gtk/glib/config.bi
inc/gtk/glib/galloca.bi
inc/gtk/glib/garray.bi
inc/gtk/glib/gasyncqueue.bi
inc/gtk/glib/gatomic.bi
inc/gtk/glib/gbacktrace.bi
inc/gtk/glib/gcache.bi
inc/gtk/glib/gcompletion.bi
inc/gtk/glib/gconvert.bi
inc/gtk/glib/gdataset.bi
inc/gtk/glib/gdate.bi
inc/gtk/glib/gdir.bi
inc/gtk/glib/gerror.bi
inc/gtk/glib/gfileutils.bi
inc/gtk/glib/ghash.bi
inc/gtk/glib/ghook.bi
inc/gtk/glib/giochannel.bi
inc/gtk/glib/gkeyfile.bi
inc/gtk/glib/glist.bi
inc/gtk/glib/gmacros.bi
inc/gtk/glib/gmain.bi
inc/gtk/glib/gmarkup.bi
inc/gtk/glib/gmem.bi
inc/gtk/glib/gmessages.bi
inc/gtk/glib/gnode.bi
inc/gtk/glib/goption.bi
inc/gtk/glib/gpattern.bi
inc/gtk/glib/gprimes.bi
inc/gtk/glib/gqsort.bi
inc/gtk/glib/gquark.bi
inc/gtk/glib/gqueue.bi
inc/gtk/glib/grand.bi
inc/gtk/glib/grel.bi
inc/gtk/glib/gscanner.bi
inc/gtk/glib/gshell.bi
inc/gtk/glib/gslist.bi
inc/gtk/glib/gspawn.bi
inc/gtk/glib/gstrfuncs.bi
inc/gtk/glib/gstring.bi
inc/gtk/glib/gthread.bi
inc/gtk/glib/gthreadpool.bi
inc/gtk/glib/gtimer.bi
inc/gtk/glib/gtree.bi
inc/gtk/glib/gtypes.bi
inc/gtk/glib/gunicode.bi
inc/gtk/glib/gutils.bi
inc/gtk/glib/gwin32.bi
inc/gtk/gmodule.bi
inc/gtk/gobject/gboxed.bi
inc/gtk/gobject/gclosure.bi
inc/gtk/gobject/genums.bi
inc/gtk/gobject/gmarshal.bi
inc/gtk/gobject/gobject.bi
inc/gtk/gobject/gparam.bi
inc/gtk/gobject/gparamspecs.bi
inc/gtk/gobject/gsignal.bi
inc/gtk/gobject/gsourceclosure.bi
inc/gtk/gobject/gtype.bi
inc/gtk/gobject/gtypemodule.bi
inc/gtk/gobject/gtypeplugin.bi
inc/gtk/gobject/gvalue.bi
inc/gtk/gobject/gvaluearray.bi
inc/gtk/gobject/gvaluetypes.bi
inc/gtk/gtk.bi
inc/gtk/gtk/gtkaboutdialog.bi
inc/gtk/gtk/gtkaccelgroup.bi
inc/gtk/gtk/gtkaccellabel.bi
inc/gtk/gtk/gtkaccelmap.bi
inc/gtk/gtk/gtkaccessible.bi
inc/gtk/gtk/gtkaction.bi
inc/gtk/gtk/gtkactiongroup.bi
inc/gtk/gtk/gtkadjustment.bi
inc/gtk/gtk/gtkalignment.bi
inc/gtk/gtk/gtkarrow.bi
inc/gtk/gtk/gtkaspectframe.bi
inc/gtk/gtk/gtkbbox.bi
inc/gtk/gtk/gtkbin.bi
inc/gtk/gtk/gtkbindings.bi
inc/gtk/gtk/gtkbox.bi
inc/gtk/gtk/gtkbutton.bi
inc/gtk/gtk/gtkcalendar.bi
inc/gtk/gtk/gtkcelleditable.bi
inc/gtk/gtk/gtkcelllayout.bi
inc/gtk/gtk/gtkcellrenderer.bi
inc/gtk/gtk/gtkcellrenderercombo.bi
inc/gtk/gtk/gtkcellrendererpixbuf.bi
inc/gtk/gtk/gtkcellrendererprogress.bi
inc/gtk/gtk/gtkcellrenderertext.bi
inc/gtk/gtk/gtkcellrenderertoggle.bi
inc/gtk/gtk/gtkcellview.bi
inc/gtk/gtk/gtkcheckbutton.bi
inc/gtk/gtk/gtkcheckmenuitem.bi
inc/gtk/gtk/gtkclipboard.bi
inc/gtk/gtk/gtkclist.bi
inc/gtk/gtk/gtkcolorbutton.bi
inc/gtk/gtk/gtkcolorsel.bi
inc/gtk/gtk/gtkcolorseldialog.bi
inc/gtk/gtk/gtkcombo.bi
inc/gtk/gtk/gtkcombobox.bi
inc/gtk/gtk/gtkcomboboxentry.bi
inc/gtk/gtk/gtkcontainer.bi
inc/gtk/gtk/gtkctree.bi
inc/gtk/gtk/gtkcurve.bi
inc/gtk/gtk/gtkdebug.bi
inc/gtk/gtk/gtkdialog.bi
inc/gtk/gtk/gtkdnd.bi
inc/gtk/gtk/gtkdrawingarea.bi
inc/gtk/gtk/gtkeditable.bi
inc/gtk/gtk/gtkentry.bi
inc/gtk/gtk/gtkentrycompletion.bi
inc/gtk/gtk/gtkenums.bi
inc/gtk/gtk/gtkeventbox.bi
inc/gtk/gtk/gtkexpander.bi
inc/gtk/gtk/gtkfilechooser.bi
inc/gtk/gtk/gtkfilechooserbutton.bi
inc/gtk/gtk/gtkfilechooserdialog.bi
inc/gtk/gtk/gtkfilechooserwidget.bi
inc/gtk/gtk/gtkfilefilter.bi
inc/gtk/gtk/gtkfilesel.bi
inc/gtk/gtk/gtkfixed.bi
inc/gtk/gtk/gtkfontbutton.bi
inc/gtk/gtk/gtkfontsel.bi
inc/gtk/gtk/gtkframe.bi
inc/gtk/gtk/gtkgamma.bi
inc/gtk/gtk/gtkgc.bi
inc/gtk/gtk/gtkhandlebox.bi
inc/gtk/gtk/gtkhbbox.bi
inc/gtk/gtk/gtkhbox.bi
inc/gtk/gtk/gtkhpaned.bi
inc/gtk/gtk/gtkhruler.bi
inc/gtk/gtk/gtkhscale.bi
inc/gtk/gtk/gtkhscrollbar.bi
inc/gtk/gtk/gtkhseparator.bi
inc/gtk/gtk/gtkiconfactory.bi
inc/gtk/gtk/gtkicontheme.bi
inc/gtk/gtk/gtkiconview.bi
inc/gtk/gtk/gtkimage.bi
inc/gtk/gtk/gtkimagemenuitem.bi
inc/gtk/gtk/gtkimcontext.bi
inc/gtk/gtk/gtkimcontextsimple.bi
inc/gtk/gtk/gtkimmulticontext.bi
inc/gtk/gtk/gtkinputdialog.bi
inc/gtk/gtk/gtkinvisible.bi
inc/gtk/gtk/gtkitem.bi
inc/gtk/gtk/gtkitemfactory.bi
inc/gtk/gtk/gtklabel.bi
inc/gtk/gtk/gtklayout.bi
inc/gtk/gtk/gtklist.bi
inc/gtk/gtk/gtklistitem.bi
inc/gtk/gtk/gtkliststore.bi
inc/gtk/gtk/gtkmain.bi
inc/gtk/gtk/gtkmarshal.bi
inc/gtk/gtk/gtkmenu.bi
inc/gtk/gtk/gtkmenubar.bi
inc/gtk/gtk/gtkmenuitem.bi
inc/gtk/gtk/gtkmenushell.bi
inc/gtk/gtk/gtkmenutoolbutton.bi
inc/gtk/gtk/gtkmessagedialog.bi
inc/gtk/gtk/gtkmisc.bi
inc/gtk/gtk/gtkmodules.bi
inc/gtk/gtk/gtknotebook.bi
inc/gtk/gtk/gtkobject.bi
inc/gtk/gtk/gtkoldeditable.bi
inc/gtk/gtk/gtkoptionmenu.bi
inc/gtk/gtk/gtkpaned.bi
inc/gtk/gtk/gtkpixmap.bi
inc/gtk/gtk/gtkplug.bi
inc/gtk/gtk/gtkpreview.bi
inc/gtk/gtk/gtkprogress.bi
inc/gtk/gtk/gtkprogressbar.bi
inc/gtk/gtk/gtkradioaction.bi
inc/gtk/gtk/gtkradiobutton.bi
inc/gtk/gtk/gtkradiomenuitem.bi
inc/gtk/gtk/gtkradiotoolbutton.bi
inc/gtk/gtk/gtkrange.bi
inc/gtk/gtk/gtkrc.bi
inc/gtk/gtk/gtkruler.bi
inc/gtk/gtk/gtkscale.bi
inc/gtk/gtk/gtkscrollbar.bi
inc/gtk/gtk/gtkscrolledwindow.bi
inc/gtk/gtk/gtkselection.bi
inc/gtk/gtk/gtkseparator.bi
inc/gtk/gtk/gtkseparatormenuitem.bi
inc/gtk/gtk/gtkseparatortoolitem.bi
inc/gtk/gtk/gtksettings.bi
inc/gtk/gtk/gtksignal.bi
inc/gtk/gtk/gtksizegroup.bi
inc/gtk/gtk/gtksocket.bi
inc/gtk/gtk/gtkspinbutton.bi
inc/gtk/gtk/gtkstatusbar.bi
inc/gtk/gtk/gtkstock.bi
inc/gtk/gtk/gtkstyle.bi
inc/gtk/gtk/gtktable.bi
inc/gtk/gtk/gtktearoffmenuitem.bi
inc/gtk/gtk/gtktext.bi
inc/gtk/gtk/gtktextbuffer.bi
inc/gtk/gtk/gtktextchild.bi
inc/gtk/gtk/gtktextiter.bi
inc/gtk/gtk/gtktextmark.bi
inc/gtk/gtk/gtktexttag.bi
inc/gtk/gtk/gtktexttagtable.bi
inc/gtk/gtk/gtktextview.bi
inc/gtk/gtk/gtktipsquery.bi
inc/gtk/gtk/gtktoggleaction.bi
inc/gtk/gtk/gtktogglebutton.bi
inc/gtk/gtk/gtktoggletoolbutton.bi
inc/gtk/gtk/gtktoolbar.bi
inc/gtk/gtk/gtktoolbutton.bi
inc/gtk/gtk/gtktoolitem.bi
inc/gtk/gtk/gtktooltips.bi
inc/gtk/gtk/gtktree.bi
inc/gtk/gtk/gtktreednd.bi
inc/gtk/gtk/gtktreeitem.bi
inc/gtk/gtk/gtktreemodel.bi
inc/gtk/gtk/gtktreemodelfilter.bi
inc/gtk/gtk/gtktreemodelsort.bi
inc/gtk/gtk/gtktreeselection.bi
inc/gtk/gtk/gtktreesortable.bi
inc/gtk/gtk/gtktreestore.bi
inc/gtk/gtk/gtktreeview.bi
inc/gtk/gtk/gtktreeviewcolumn.bi
inc/gtk/gtk/gtktypebuiltins.bi
inc/gtk/gtk/gtktypeutils.bi
inc/gtk/gtk/gtkuimanager.bi
inc/gtk/gtk/gtkvbbox.bi
inc/gtk/gtk/gtkvbox.bi
inc/gtk/gtk/gtkversion.bi
inc/gtk/gtk/gtkviewport.bi
inc/gtk/gtk/gtkvpaned.bi
inc/gtk/gtk/gtkvruler.bi
inc/gtk/gtk/gtkvscale.bi
inc/gtk/gtk/gtkvscrollbar.bi
inc/gtk/gtk/gtkvseparator.bi
inc/gtk/gtk/gtkwidget.bi
inc/gtk/gtk/gtkwindow.bi
inc/gtk/gtkgl.bi
inc/gtk/gtkgl/gtkgldefs.bi
inc/gtk/gtkgl/gtkglinit.bi
inc/gtk/gtkgl/gtkglversion.bi
inc/gtk/gtkgl/gtkglwidget.bi
inc/gtk/libart.bi
inc/gtk/libart/art_affine.bi
inc/gtk/libart/art_alphagamma.bi
inc/gtk/libart/art_bpath.bi
inc/gtk/libart/art_config.bi
inc/gtk/libart/art_filterlevel.bi
inc/gtk/libart/art_gray_svp.bi
inc/gtk/libart/art_misc.bi
inc/gtk/libart/art_pathcode.bi
inc/gtk/libart/art_pixbuf.bi
inc/gtk/libart/art_point.bi
inc/gtk/libart/art_rect.bi
inc/gtk/libart/art_rect_svp.bi
inc/gtk/libart/art_rect_uta.bi
inc/gtk/libart/art_rgb.bi
inc/gtk/libart/art_rgb_affine.bi
inc/gtk/libart/art_rgb_bitmap_affine.bi
inc/gtk/libart/art_rgb_pixbuf_affine.bi
inc/gtk/libart/art_rgb_rgba_affine.bi
inc/gtk/libart/art_rgb_svp.bi
inc/gtk/libart/art_svp.bi
inc/gtk/libart/art_svp_ops.bi
inc/gtk/libart/art_svp_point.bi
inc/gtk/libart/art_svp_render_aa.bi
inc/gtk/libart/art_svp_vpath.bi
inc/gtk/libart/art_svp_vpath_stroke.bi
inc/gtk/libart/art_svp_wind.bi
inc/gtk/libart/art_uta.bi
inc/gtk/libart/art_uta_ops.bi
inc/gtk/libart/art_uta_rect.bi
inc/gtk/libart/art_uta_svp.bi
inc/gtk/libart/art_uta_vpath.bi
inc/gtk/libart/art_vpath.bi
inc/gtk/libart/art_vpath_bpath.bi
inc/gtk/libart/art_vpath_dash.bi
inc/gtk/libart/art_vpath_svp.bi
inc/gtk/libart/libart-features.bi
inc/gtk/libglade/glade-build.bi
inc/gtk/libglade/glade-init.bi
inc/gtk/libglade/glade-parser.bi
inc/gtk/libglade/glade-xml.bi
inc/gtk/pango.bi
inc/gtk/pango/pango-attributes.bi
inc/gtk/pango/pango-break.bi
inc/gtk/pango/pango-context.bi
inc/gtk/pango/pango-coverage.bi
inc/gtk/pango/pango-engine.bi
inc/gtk/pango/pango-enum-types.bi
inc/gtk/pango/pango-font.bi
inc/gtk/pango/pango-fontmap.bi
inc/gtk/pango/pango-fontset.bi
inc/gtk/pango/pango-glyph-item.bi
inc/gtk/pango/pango-glyph.bi
inc/gtk/pango/pango-item.bi
inc/gtk/pango/pango-layout.bi
inc/gtk/pango/pango-renderer.bi
inc/gtk/pango/pango-script.bi
inc/gtk/pango/pango-tabs.bi
inc/gtk/pango/pango-types.bi
inc/japi.bi
inc/jni.bi
inc/jpeglib.bi
inc/jpgalleg.bi
inc/libxml/HTMLparser.bi
inc/libxml/HTMLtree.bi
inc/libxml/SAX.bi
inc/libxml/SAX2.bi
inc/libxml/c14n.bi
inc/libxml/catalog.bi
inc/libxml/debugXML.bi
inc/libxml/dict.bi
inc/libxml/encoding.bi
inc/libxml/entities.bi
inc/libxml/globals.bi
inc/libxml/hash.bi
inc/libxml/list.bi
inc/libxml/nanoftp.bi
inc/libxml/nanohttp.bi
inc/libxml/parser.bi
inc/libxml/pattern.bi
inc/libxml/relaxng.bi
inc/libxml/threads.bi
inc/libxml/tree.bi
inc/libxml/uri.bi
inc/libxml/valid.bi
inc/libxml/xinclude.bi
inc/libxml/xlink.bi
inc/libxml/xmlIO.bi
inc/libxml/xmlautomata.bi
inc/libxml/xmlerror.bi
inc/libxml/xmlexports.bi
inc/libxml/xmlmemory.bi
inc/libxml/xmlmodule.bi
inc/libxml/xmlreader.bi
inc/libxml/xmlregexp.bi
inc/libxml/xmlsave.bi
inc/libxml/xmlschemas.bi
inc/libxml/xmlstring.bi
inc/libxml/xmlunicode.bi
inc/libxml/xmlversion.bi
inc/libxml/xmlwriter.bi
inc/libxml/xpath.bi
inc/libxml/xpathInternals.bi
inc/libxml/xpointer.bi
inc/libxslt/attributes.bi
inc/libxslt/documents.bi
inc/libxslt/extensions.bi
inc/libxslt/extra.bi
inc/libxslt/functions.bi
inc/libxslt/imports.bi
inc/libxslt/keys.bi
inc/libxslt/libxslt.bi
inc/libxslt/namespaces.bi
inc/libxslt/numbersInternals.bi
inc/libxslt/pattern.bi
inc/libxslt/preproc.bi
inc/libxslt/security.bi
inc/libxslt/templates.bi
inc/libxslt/transform.bi
inc/libxslt/trio.bi
inc/libxslt/triodef.bi
inc/libxslt/variables.bi
inc/libxslt/xslt.bi
inc/libxslt/xsltInternals.bi
inc/libxslt/xsltconfig.bi
inc/libxslt/xsltexports.bi
inc/libxslt/xsltutils.bi
inc/lzo/lzo1.bi
inc/lzo/lzo1a.bi
inc/lzo/lzo1b.bi
inc/lzo/lzo1c.bi
inc/lzo/lzo1f.bi
inc/lzo/lzo1x.bi
inc/lzo/lzo1y.bi
inc/lzo/lzo1z.bi
inc/lzo/lzoconf.bi
inc/lzo/lzodefs.bi
inc/mxml.bi
inc/mysql/my_alloc.bi
inc/mysql/mysql.bi
inc/mysql/mysql_com.bi
inc/mysql/mysql_version.bi
inc/ode/collision.bi
inc/ode/collision_space.bi
inc/ode/collision_trimesh.bi
inc/ode/common.bi
inc/ode/compatibility.bi
inc/ode/config.bi
inc/ode/contact.bi
inc/ode/error.bi
inc/ode/export-dif.bi
inc/ode/mass.bi
inc/ode/matrix.bi
inc/ode/memory.bi
inc/ode/misc.bi
inc/ode/objects.bi
inc/ode/ode.bi
inc/ode/odemath.bi
inc/ode/rotation.bi
inc/ode/timer.bi
inc/ogg/ogg.bi
inc/pcre/pcre.bi
inc/pcre/pcreposix.bi
inc/pdflib.bi
inc/png.bi
inc/postgresql/libpq-fe.bi
inc/postgresql/postgres_ext.bi
inc/quicklz.bi
inc/regex.bi
inc/spidermonkey/jsapi.bi
inc/spidermonkey/jscompat.bi
inc/spidermonkey/jscpucfg.bi
inc/spidermonkey/jslong.bi
inc/spidermonkey/jsosdep.bi
inc/spidermonkey/jsotypes.bi
inc/spidermonkey/jspubtd.bi
inc/spidermonkey/jstypes.bi
inc/sqlite2.bi
inc/sqlite3.bi
inc/string.bi
inc/tinyptc.bi
inc/utf_conv.bi
inc/vbcompat.bi
inc/vorbis/codec.bi
inc/vorbis/vorbisenc.bi
inc/vorbis/vorbisfile.bi
inc/win/DShow.bi
inc/win/GdiPlus.bi
inc/win/GdiplusBase.bi
inc/win/GdiplusColor.bi
inc/win/GdiplusColorMatrix.bi
inc/win/GdiplusEnums.bi
inc/win/GdiplusFlat.bi
inc/win/GdiplusGpStubs.bi
inc/win/GdiplusHeaders.bi
inc/win/GdiplusImaging.bi
inc/win/GdiplusInit.bi
inc/win/GdiplusMem.bi
inc/win/GdiplusMetaHeader.bi
inc/win/GdiplusPixelFormats.bi
inc/win/GdiplusTypes.bi
inc/win/accctrl.bi
inc/win/aclapi.bi
inc/win/aclui.bi
inc/win/amaudio.bi
inc/win/amvideo.bi
inc/win/audevcod.bi
inc/win/basetsd.bi
inc/win/basetyps.bi
inc/win/cderr.bi
inc/win/cguid.bi
inc/win/comcat.bi
inc/win/commctrl.bi
inc/win/commdlg.bi
inc/win/control.bi
inc/win/cpl.bi
inc/win/cplext.bi
inc/win/custcntl.bi
inc/win/d3d.bi
inc/win/d3d9.bi
inc/win/d3d9caps.bi
inc/win/d3d9types.bi
inc/win/d3dcaps.bi
inc/win/d3drm.bi
inc/win/d3drmdef.bi
inc/win/d3drmobj.bi
inc/win/d3drmwin.bi
inc/win/d3dtypes.bi
inc/win/d3dx.bi
inc/win/d3dx9.bi
inc/win/d3dx9anim.bi
inc/win/d3dx9core.bi
inc/win/d3dx9effect.bi
inc/win/d3dx9math.bi
inc/win/d3dx9mesh.bi
inc/win/d3dx9shader.bi
inc/win/d3dx9shape.bi
inc/win/d3dx9tex.bi
inc/win/d3dx9xof.bi
inc/win/d3dxcore.bi
inc/win/d3dxerr.bi
inc/win/d3dxmath.bi
inc/win/d3dxshapes.bi
inc/win/d3dxsprite.bi
inc/win/dbt.bi
inc/win/dde.bi
inc/win/ddeml.bi
inc/win/ddk/ddk_ntstatus.bi
inc/win/ddk/winddk.bi
inc/win/ddraw.bi
inc/win/dinput.bi
inc/win/dlgs.bi
inc/win/dls1.bi
inc/win/dmdls.bi
inc/win/dmerror.bi
inc/win/dmplugin.bi
inc/win/dmusbuff.bi
inc/win/dmusicc.bi
inc/win/dmusicf.bi
inc/win/dmusici.bi
inc/win/dmusics.bi
inc/win/docobj.bi
inc/win/dpaddr.bi
inc/win/dplay.bi
inc/win/dplay8.bi
inc/win/dplobby.bi
inc/win/dplobby8.bi
inc/win/dsound.bi
inc/win/dvdevcod.bi
inc/win/dxerr8.bi
inc/win/dxerr9.bi
inc/win/edevdefs.bi
inc/win/errors.bi
inc/win/evcode.bi
inc/win/exdisp.bi
inc/win/imagehlp.bi
inc/win/imm.bi
inc/win/intshcut.bi
inc/win/ipexport.bi
inc/win/iphlpapi.bi
inc/win/ipifcons.bi
inc/win/iprtrmib.bi
inc/win/iptypes.bi
inc/win/isguids.bi
inc/win/ksuuids.bi
inc/win/largeint.bi
inc/win/lzexpand.bi
inc/win/mapi.bi
inc/win/mcx.bi
inc/win/mgmtapi.bi
inc/win/mmsystem.bi
inc/win/msacm.bi
inc/win/mshtmhst.bi
inc/win/mshtml.bi
inc/win/mswsock.bi
inc/win/nb30.bi
inc/win/nddeapi.bi
inc/win/nspapi.bi
inc/win/ntdef.bi
inc/win/ntsecapi.bi
inc/win/ntsecpkg.bi
inc/win/oaidl.bi
inc/win/objbase.bi
inc/win/objfwd.bi
inc/win/objidl.bi
inc/win/objsafe.bi
inc/win/ocidl.bi
inc/win/odbcinst.bi
inc/win/ole.bi
inc/win/ole2.bi
inc/win/oleacc.bi
inc/win/oleauto.bi
inc/win/olectl.bi
inc/win/olectlid.bi
inc/win/oledlg.bi
inc/win/oleidl.bi
inc/win/powrprof.bi
inc/win/prsht.bi
inc/win/psapi.bi
inc/win/ras.bi
inc/win/rasdlg.bi
inc/win/raserror.bi
inc/win/rassapi.bi
inc/win/rc/commctrl.h
inc/win/rc/dde.h
inc/win/rc/dlgs.h
inc/win/rc/prsht.h
inc/win/rc/windows.h
inc/win/rc/winerror.h
inc/win/rc/winnt.h
inc/win/rc/winuser.h
inc/win/rc/winver.h
inc/win/reason.bi
inc/win/regstr.bi
inc/win/richedit.bi
inc/win/richole.bi
inc/win/rpc.bi
inc/win/rpcdce.bi
inc/win/rpcdce2.bi
inc/win/rpcdcep.bi
inc/win/rpcndr.bi
inc/win/rpcnsi.bi
inc/win/rpcnsip.bi
inc/win/rpcnterr.bi
inc/win/schannel.bi
inc/win/scrnsave.bi
inc/win/secext.bi
inc/win/security.bi
inc/win/setupapi.bi
inc/win/shellapi.bi
inc/win/shlguid.bi
inc/win/shlobj.bi
inc/win/shlwapi.bi
inc/win/snmp.bi
inc/win/sql.bi
inc/win/sqlext.bi
inc/win/sqltypes.bi
inc/win/sqlucode.bi
inc/win/sspi.bi
inc/win/strmif.bi
inc/win/subauth.bi
inc/win/tlhelp32.bi
inc/win/tmschema.bi
inc/win/unknwn.bi
inc/win/userenv.bi
inc/win/uuids.bi
inc/win/uxtheme.bi
inc/win/vfw.bi
inc/win/vfwmsgs.bi
inc/win/winbase.bi
inc/win/winber.bi
inc/win/wincon.bi
inc/win/wincrypt.bi
inc/win/windef.bi
inc/win/winerror.bi
inc/win/wingdi.bi
inc/win/wininet.bi
inc/win/winioctl.bi
inc/win/winldap.bi
inc/win/winnetwk.bi
inc/win/winnls.bi
inc/win/winnt.bi
inc/win/winperf.bi
inc/win/winreg.bi
inc/win/winsnmp.bi
inc/win/winsock.bi
inc/win/winsock2.bi
inc/win/winspool.bi
inc/win/winsvc.bi
inc/win/winuser.bi
inc/win/winver.bi
inc/win/ws2spi.bi
inc/win/ws2tcpip.bi
inc/win/wsahelp.bi
inc/win/wsipx.bi
inc/win/wtypes.bi
inc/windows.bi
inc/wx-c/accel.bi
inc/wx-c/activateevent.bi
inc/wx-c/app.bi
inc/wx-c/artprovider.bi
inc/wx-c/bitmap.bi
inc/wx-c/bitmapbutton.bi
inc/wx-c/boxsizer.bi
inc/wx-c/brush.bi
inc/wx-c/button.bi
inc/wx-c/calendarctrl.bi
inc/wx-c/caret.bi
inc/wx-c/checkbox.bi
inc/wx-c/childfocusevent.bi
inc/wx-c/choice.bi
inc/wx-c/choicedialog.bi
inc/wx-c/classes.bi
inc/wx-c/clientdata.bi
inc/wx-c/clipboard.bi
inc/wx-c/closeevent.bi
inc/wx-c/colour.bi
inc/wx-c/colourdialog.bi
inc/wx-c/combobox.bi
inc/wx-c/commandevent.bi
inc/wx-c/config.bi
inc/wx-c/contextmenuevent.bi
inc/wx-c/control.bi
inc/wx-c/cursor.bi
inc/wx-c/dataformat.bi
inc/wx-c/dataobject.bi
inc/wx-c/dc.bi
inc/wx-c/defs.bi
inc/wx-c/dialog.bi
inc/wx-c/dirdialog.bi
inc/wx-c/display.bi
inc/wx-c/displaychangedevent.bi
inc/wx-c/dnd.bi
inc/wx-c/docmanager.bi
inc/wx-c/doctemplate.bi
inc/wx-c/document.bi
inc/wx-c/eraseevent.bi
inc/wx-c/event.bi
inc/wx-c/evthandler.bi
inc/wx-c/filedialog.bi
inc/wx-c/findreplacedialog.bi
inc/wx-c/flexgridsizer.bi
inc/wx-c/focusevent.bi
inc/wx-c/font.bi
inc/wx-c/fontdialog.bi
inc/wx-c/fontmisc.bi
inc/wx-c/frame.bi
inc/wx-c/gauge.bi
inc/wx-c/gdicmn.bi
inc/wx-c/gdiobject.bi
inc/wx-c/global.bi
inc/wx-c/grid.bi
inc/wx-c/gridbagsizer.bi
inc/wx-c/gridctrl.bi
inc/wx-c/gridsizer.bi
inc/wx-c/helpevent.bi
inc/wx-c/html.bi
inc/wx-c/htmlhelpctrl.bi
inc/wx-c/htmllbox.bi
inc/wx-c/icon.bi
inc/wx-c/iconizeevent.bi
inc/wx-c/idleevent.bi
inc/wx-c/image.bi
inc/wx-c/imagelist.bi
inc/wx-c/imghandler.bi
inc/wx-c/initdialogevent.bi
inc/wx-c/keyevent.bi
inc/wx-c/laywin.bi
inc/wx-c/listbook.bi
inc/wx-c/listbox.bi
inc/wx-c/listctrl.bi
inc/wx-c/locale.bi
inc/wx-c/log.bi
inc/wx-c/maximizeevent.bi
inc/wx-c/mdi.bi
inc/wx-c/memorydc.bi
inc/wx-c/menu.bi
inc/wx-c/menubar.bi
inc/wx-c/menuitem.bi
inc/wx-c/messagedialog.bi
inc/wx-c/miniframe.bi
inc/wx-c/mousecapturechangedevent.bi
inc/wx-c/mouseevent.bi
inc/wx-c/moveevent.bi
inc/wx-c/navigationkeyevent.bi
inc/wx-c/ncpaintevent.bi
inc/wx-c/notebook.bi
inc/wx-c/notebooksizer.bi
inc/wx-c/object.bi
inc/wx-c/paintevent.bi
inc/wx-c/palette.bi
inc/wx-c/palettechangedevent.bi
inc/wx-c/panel.bi
inc/wx-c/pen.bi
inc/wx-c/printdata.bi
inc/wx-c/printdialog.bi
inc/wx-c/printer.bi
inc/wx-c/printpreview.bi
inc/wx-c/progdlg.bi
inc/wx-c/querynewpaletteevent.bi
inc/wx-c/radiobox.bi
inc/wx-c/radiobutton.bi
inc/wx-c/region.bi
inc/wx-c/sashwindow.bi
inc/wx-c/scrollbar.bi
inc/wx-c/scrolledwindow.bi
inc/wx-c/setcursorevent.bi
inc/wx-c/showevent.bi
inc/wx-c/sizeevent.bi
inc/wx-c/sizer.bi
inc/wx-c/sizeritem.bi
inc/wx-c/slider.bi
inc/wx-c/spinbutton.bi
inc/wx-c/spinctrl.bi
inc/wx-c/splashscreen.bi
inc/wx-c/splitterwindow.bi
inc/wx-c/staticbitmap.bi
inc/wx-c/staticbox.bi
inc/wx-c/staticboxsizer.bi
inc/wx-c/staticline.bi
inc/wx-c/statictext.bi
inc/wx-c/statusbar.bi
inc/wx-c/styledtextctrl.bi
inc/wx-c/syscolourchangedevent.bi
inc/wx-c/systemsettings.bi
inc/wx-c/tabctrl.bi
inc/wx-c/textctrl.bi
inc/wx-c/textdialog.bi
inc/wx-c/tipdialog.bi
inc/wx-c/tipwindow.bi
inc/wx-c/togglebutton.bi
inc/wx-c/toolbar.bi
inc/wx-c/tooltip.bi
inc/wx-c/treectrl.bi
inc/wx-c/updateuievent.bi
inc/wx-c/validator.bi
inc/wx-c/view.bi
inc/wx-c/vlbox.bi
inc/wx-c/vscroll.bi
inc/wx-c/window.bi
inc/wx-c/windowcreateevent.bi
inc/wx-c/windowdestroyevent.bi
inc/wx-c/wizard.bi
inc/wx-c/wizardpagesimple.bi
inc/wx-c/wx.bi
inc/wx-c/wxdatetime.bi
inc/wx-c/wxstring.bi
inc/wx-c/xmlresource.bi
inc/zlib.bi
lib/win32/crt2.o
lib/win32/crtbegin.o
lib/win32/crtend.o
lib/win32/dllcrt2.o
lib/win32/fbrt0.o
lib/win32/gcrt2.o
lib/win32/i386pe.x
lib/win32/libDevIL.dll.a
lib/win32/libFreeImage.dll.a
lib/win32/libILU.dll.a
lib/win32/libILUT.dll.a
lib/win32/libNewton.dll.a
lib/win32/libOpenAL32.dll.a
lib/win32/libSDL.dll.a
lib/win32/libSDL_gfx.dll.a
lib/win32/libSDL_image.dll.a
lib/win32/libSDL_mixer.dll.a
lib/win32/libSDL_net.dll.a
lib/win32/libSDL_ttf.dll.a
lib/win32/libaclui.a
lib/win32/libadvapi32.a
lib/win32/liballeg.dll.a
lib/win32/libalut.dll.a
lib/win32/libapcups.a
lib/win32/libart_lgpl_2.dll.a
lib/win32/libaspell-15.dll.a
lib/win32/libatk-1.0.dll.a
lib/win32/libavicap32.a
lib/win32/libavifil32.a
lib/win32/libbass.dll.a
lib/win32/libbassmod.dll.a
lib/win32/libbfd.a
lib/win32/libbthprops.a
lib/win32/libcairo.dll.a
lib/win32/libcap.a
lib/win32/libcfgmgr32.a
lib/win32/libcgui.dll.a
lib/win32/libcomctl32.a
lib/win32/libcomdlg32.a
lib/win32/libcrtdll.a
lib/win32/libcrypt.dll.a
lib/win32/libcrypt32.a
lib/win32/libctl3d32.a
lib/win32/libcunit.a
lib/win32/libcurl.dll.a
lib/win32/libd3d8.a
lib/win32/libd3d9.a
lib/win32/libd3dim.a
lib/win32/libd3drm.a
lib/win32/libd3dx8d.a
lib/win32/libd3dx9d.a
lib/win32/libd3dxof.a
lib/win32/libddraw.a
lib/win32/libdhcpcsvc.a
lib/win32/libdinput.a
lib/win32/libdinput8.a
lib/win32/libdlcapi.a
lib/win32/libdmoguids.a
lib/win32/libdnsapi.a
lib/win32/libdplayx.a
lib/win32/libdpnaddr.a
lib/win32/libdpnet.a
lib/win32/libdpnlobby.a
lib/win32/libdpvoice.a
lib/win32/libdsetup.a
lib/win32/libdsound.a
lib/win32/libdxapi.a
lib/win32/libdxerr8.a
lib/win32/libdxerr9.a
lib/win32/libdxguid.a
lib/win32/libexpat.dll.a
lib/win32/libexpatw.dll.a
lib/win32/libfaultrep.a
lib/win32/libfb.a
lib/win32/libfbgfx.a
lib/win32/libfbmt.a
lib/win32/libfcgi.dll.a
lib/win32/libfmod.dll.a
lib/win32/libfreetype.dll.a
lib/win32/libgcc.a
lib/win32/libgdi32.a
lib/win32/libgdiplus.dll.a
lib/win32/libgdk-win32-2.0.dll.a
lib/win32/libgdk_pixbuf-2.0.dll.a
lib/win32/libgdkglext-win32-1.0.dll.a
lib/win32/libglade-2.0.dll.a
lib/win32/libglaux.a
lib/win32/libglaux.dll.a
lib/win32/libglib-2.0.dll.a
lib/win32/libglu32.a
lib/win32/libglut.dll.a
lib/win32/libglut32.dll.a
lib/win32/libgmodule-2.0.dll.a
lib/win32/libgmon.a
lib/win32/libgmp.dll.a
lib/win32/libgobject-2.0.dll.a
lib/win32/libgsl.dll.a
lib/win32/libgtk-win32-2.0.dll.a
lib/win32/libgtkglext-win32-1.0.dll.a
lib/win32/libhal.a
lib/win32/libhid.a
lib/win32/libhidparse.a
lib/win32/libiberty.a
lib/win32/libicmui.a
lib/win32/libigmpagnt.a
lib/win32/libimagehlp.a
lib/win32/libimm32.a
lib/win32/libintl.a
lib/win32/libiphlpapi.a
lib/win32/libiup.dll.a
lib/win32/libiupcontrols.dll.a
lib/win32/libjpeg.dll.a
lib/win32/libjvm.dll.a
lib/win32/libkernel32.a
lib/win32/libksproxy.a
lib/win32/libksuser.a
lib/win32/liblargeint.a
lib/win32/liblz32.a
lib/win32/libmapi32.a
lib/win32/libmcd.a
lib/win32/libmfcuia32.a
lib/win32/libmgmtapi.a
lib/win32/libmingw32.a
lib/win32/libmingwex.a
lib/win32/libmoldname.a
lib/win32/libmpr.a
lib/win32/libmprapi.a
lib/win32/libmqrt.a
lib/win32/libmsacm32.a
lib/win32/libmscms.a
lib/win32/libmsdmo.a
lib/win32/libmsimg32.a
lib/win32/libmsvcp60.a
lib/win32/libmsvcrt.a
lib/win32/libmsvfw32.a
lib/win32/libmswsock.a
lib/win32/libmySQL.dll.a
lib/win32/libnddeapi.a
lib/win32/libndis.a
lib/win32/libnetapi32.a
lib/win32/libnewdev.a
lib/win32/libntdll.a
lib/win32/libntoskrnl.a
lib/win32/libodbc32.a
lib/win32/libodbccp32.a
lib/win32/libode.dll.a
lib/win32/libole32.a
lib/win32/liboleacc.a
lib/win32/liboleaut32.a
lib/win32/libolecli32.a
lib/win32/liboledlg.a
lib/win32/libolepro32.a
lib/win32/libolesvr32.a
lib/win32/libopengl32.a
lib/win32/libpango-1.0.dll.a
lib/win32/libpangowin32-1.0.dll.a
lib/win32/libpcre.dll.a
lib/win32/libpcreposix.dll.a
lib/win32/libpdf.dll.a
lib/win32/libpenwin32.a
lib/win32/libpkpd32.a
lib/win32/libpng.dll.a
lib/win32/libpowrprof.a
lib/win32/libpq.dll.a
lib/win32/libpsapi.a
lib/win32/libquartz.a
lib/win32/librapi.a
lib/win32/librasapi32.a
lib/win32/librasdlg.a
lib/win32/librpcdce4.a
lib/win32/librpcns4.a
lib/win32/librpcrt4.a
lib/win32/librtm.a
lib/win32/librtutils.a
lib/win32/libscrnsave.a
lib/win32/libscrnsavw.a
lib/win32/libscsiport.a
lib/win32/libsecur32.a
lib/win32/libsetupapi.a
lib/win32/libshell32.a
lib/win32/libshfolder.a
lib/win32/libshlwapi.a
lib/win32/libsnmpapi.a
lib/win32/libsqlite.dll.a
lib/win32/libsqlite3.dll.a
lib/win32/libstrmiids.a
lib/win32/libsupc++.a
lib/win32/libsvrapi.a
lib/win32/libtapi32.a
lib/win32/libtdi.a
lib/win32/libth32.a
lib/win32/libthunk32.a
lib/win32/liburl.a
lib/win32/libusbcamd.a
lib/win32/libusbcamd2.a
lib/win32/libuser32.a
lib/win32/libuserenv.a
lib/win32/libusp10.a
lib/win32/libuuid.a
lib/win32/libuxtheme.a
lib/win32/libvdmdbg.a
lib/win32/libversion.a
lib/win32/libvfw32.a
lib/win32/libvideoprt.a
lib/win32/libwin32k.a
lib/win32/libwin32spl.a
lib/win32/libwininet.a
lib/win32/libwinmm.a
lib/win32/libwinspool.a
lib/win32/libwinstrm.a
lib/win32/libwldap32.a
lib/win32/libwow32.a
lib/win32/libws2_32.a
lib/win32/libwsnmp32.a
lib/win32/libwsock32.a
lib/win32/libwst.a
lib/win32/libwtsapi32.a
lib/win32/libwx-c.dll.a
lib/win32/libxml2.dll.a
lib/win32/libxslt.dll.a
lib/win32/libz.dll.a
migrating.txt
readme.txt

