changelog.txt
fbc.exe
migrating.txt
readme.txt
bin/dos/ar.exe
bin/dos/as.exe
bin/dos/gdb.exe
bin/dos/i386go32.x
bin/dos/ld.exe
docs/gpl.txt
docs/lgpl.txt
examples/Allegro/dialog.bas
examples/Allegro/hello.bas
examples/Allegro/mouse.bas
examples/Allegro/stars.bas
examples/Allegro/timer.bas
examples/CGUI/hello.bas
examples/DB/sqlite_test.bas
examples/DB/test.db
examples/DOS/isr_timer.bas
examples/DOS/modex.bas
examples/DOS/mouse.bas
examples/DOS/textbuff.bas
examples/DOS/vga13h.bas
examples/Lua/minmax.bas
examples/Lua/minmax.lua
examples/allocate.bas
examples/arrayfield.bas
examples/asc_chr.bas
examples/big_int/perftest.bas
examples/big_int/power.bas
examples/bitfields.bas
examples/bytestring.bas
examples/byvaludt.bas
examples/chain1.bas
examples/chain2.bas
examples/command.bas
examples/conmouse.bas
examples/constructor.bas
examples/curses/colors.bas
examples/escapechars.bas
examples/file/filearray.bas
examples/file/filebin.bas
examples/file/fileinput.bas
examples/file/filepipe.bas
examples/file/filerand.bas
examples/file/filerec.bas
examples/file/filetext.bas
examples/func_deref.bas
examples/funcptr.bas
examples/gfx/fbgfx_depth.bas
examples/gfx/fbgfx_flame.bas
examples/gfx/fbgfx_getput.bas
examples/gfx/fbgfx_input.bas
examples/gfx/fbgfx_test.bas
examples/gfx/fblogo.bmp
examples/gfx/grx_test.bas
examples/gfx/mandbrot.bas
examples/gfx/ptc_test.bas
examples/gfx/rel-blob.bas
examples/gfx/rel-flower.bas
examples/gfx/rel-juliarings.bas
examples/gfx/rel-lens.bas
examples/gfx/rel-torus.bas
examples/hello.bas
examples/iif.bas
examples/imp_conv.bas
examples/inkey.bas
examples/inlineasm.bas
examples/lib/mylib.bas
examples/lib/mylib.bi
examples/lib/test.bas
examples/macro.bas
examples/mutex.bas
examples/namespace/cpp/alias/cpplib.cpp
examples/namespace/cpp/alias/test.bas
examples/namespace/cpp/cpplib.cpp
examples/namespace/cpp/test.bas
examples/namespace/scoped.bas
examples/onerror.bas
examples/openhook.bas
examples/optargs.bas
examples/overload.bas
examples/peek.bas
examples/pre-include/preinc.bi
examples/pre-include/test.bas
examples/preprocessor.bas
examples/ptr_index.bas
examples/ptr_test.bas
examples/regex/CRegex/CRegex.bas
examples/regex/CRegex/CRegex.bi
examples/regex/CRegex/test.bas
examples/regex/CRegex/test.txt
examples/regex/pcre_demo.bas
examples/regex/printmatches.bas
examples/regex/regex_replace.bas
examples/regex/subexpr.bas
examples/scope.bas
examples/select.bas
examples/sieve.bas
examples/str_index.bas
examples/threads.bas
examples/typedef.bas
examples/var-args.bas
examples/var_initializers.bas
examples/with.bas
inc/Lua/lua.bi
inc/Lua/lualib.bi
inc/Lua/luauxlib.bi
inc/allegro.bi
inc/allegro/3d.bi
inc/allegro/3dmaths.bi
inc/allegro/alcompat.bi
inc/allegro/base.bi
inc/allegro/color.bi
inc/allegro/compiled.bi
inc/allegro/config.bi
inc/allegro/datafile.bi
inc/allegro/debug.bi
inc/allegro/digi.bi
inc/allegro/draw.bi
inc/allegro/file.bi
inc/allegro/fixed.bi
inc/allegro/fli.bi
inc/allegro/fmaths.bi
inc/allegro/gfx.bi
inc/allegro/gui.bi
inc/allegro/inline/3dmaths.bi
inc/allegro/inline/asm.bi
inc/allegro/inline/color.bi
inc/allegro/inline/draw.bi
inc/allegro/inline/file.bi
inc/allegro/inline/fmaths.bi
inc/allegro/inline/gfx.bi
inc/allegro/inline/gui.bi
inc/allegro/inline/matrix.bi
inc/allegro/inline/rle.bi
inc/allegro/inline/system.bi
inc/allegro/internal/alconfig.bi
inc/allegro/joystick.bi
inc/allegro/keyboard.bi
inc/allegro/matrix.bi
inc/allegro/midi.bi
inc/allegro/mouse.bi
inc/allegro/palette.bi
inc/allegro/platform/al386gcc.bi
inc/allegro/platform/aldjgpp.bi
inc/allegro/platform/aldos.bi
inc/allegro/platform/almngw32.bi
inc/allegro/platform/alplatf.bi
inc/allegro/platform/alucfg.bi
inc/allegro/platform/alunix.bi
inc/allegro/platform/alwin.bi
inc/allegro/quat.bi
inc/allegro/rle.bi
inc/allegro/sound.bi
inc/allegro/stream.bi
inc/allegro/system.bi
inc/allegro/text.bi
inc/allegro/timer.bi
inc/allegro/unicode.bi
inc/big_int/basic_funcs.bi
inc/big_int/big_int.bi
inc/big_int/big_int_full.bi
inc/big_int/bitset_funcs.bi
inc/big_int/get_bit_length.bi
inc/big_int/low_level_funcs.bi
inc/big_int/memory_manager.bi
inc/big_int/modular_arithmetic.bi
inc/big_int/number_theory.bi
inc/big_int/service_funcs.bi
inc/big_int/str_funcs.bi
inc/big_int/str_types.bi
inc/cgui.bi
inc/crt.bi
inc/crt/ctype.bi
inc/crt/dir.bi
inc/crt/dos/dir.bi
inc/crt/dos/fcntl.bi
inc/crt/dos/stdio.bi
inc/crt/dos/time.bi
inc/crt/dos/wchar.bi
inc/crt/errno.bi
inc/crt/fcntl.bi
inc/crt/io.bi
inc/crt/limits.bi
inc/crt/linux/fcntl.bi
inc/crt/linux/stdio.bi
inc/crt/linux/time.bi
inc/crt/linux/wchar.bi
inc/crt/malloc.bi
inc/crt/math.bi
inc/crt/setjmp.bi
inc/crt/stdarg.bi
inc/crt/stddef.bi
inc/crt/stdio.bi
inc/crt/stdlib.bi
inc/crt/string.bi
inc/crt/sys/dos/types.bi
inc/crt/sys/linux/types.bi
inc/crt/sys/stat.bi
inc/crt/sys/time.bi
inc/crt/sys/types.bi
inc/crt/time.bi
inc/crt/wchar.bi
inc/curses.bi
inc/curses/ncurses.bi
inc/curses/pdcurses.bi
inc/datetime.bi
inc/dir.bi
inc/dislin.bi
inc/dos/ar.bi
inc/dos/bios.bi
inc/dos/conio.bi
inc/dos/dir.bi
inc/dos/dos.bi
inc/dos/dpmi.bi
inc/dos/go32.bi
inc/dos/inlines/pc.bi
inc/dos/pc.bi
inc/dos/sys/djtypes.bi
inc/dos/sys/farptr.bi
inc/dos/sys/movedata.bi
inc/dos/sys/segments.bi
inc/dos/sys/version.bi
inc/fbgfx.bi
inc/grx/grx20.bi
inc/grx/grxkeys.bi
inc/openhook.bi
inc/pcre/pcre.bi
inc/pcre/pcreposix.bi
inc/regex.bi
inc/sqlite3.bi
inc/string.bi
inc/tinyptc.bi
inc/utf_conv.bi
inc/vbcompat.bi
lib/dos/crt0.o
lib/dos/libaldat.a
lib/dos/liballeg.a
lib/dos/libbig_int.a
lib/dos/libc.a
lib/dos/libfb.a
lib/dos/libfbgfx.a
lib/dos/libfbx.a
lib/dos/libgcc.a
lib/dos/libgrx20.a
lib/dos/liblua.a
lib/dos/liblualib.a
lib/dos/libtinyptc.a
