bin/fbc.exe
include/freebas/allegro.bi
include/freebas/allegro/3d.bi
include/freebas/allegro/3dmaths.bi
include/freebas/allegro/alcompat.bi
include/freebas/allegro/algif.bi
include/freebas/allegro/alpng.bi
include/freebas/allegro/base.bi
include/freebas/allegro/color.bi
include/freebas/allegro/compiled.bi
include/freebas/allegro/config.bi
include/freebas/allegro/datafile.bi
include/freebas/allegro/debug.bi
include/freebas/allegro/digi.bi
include/freebas/allegro/draw.bi
include/freebas/allegro/file.bi
include/freebas/allegro/fixed.bi
include/freebas/allegro/fli.bi
include/freebas/allegro/fmaths.bi
include/freebas/allegro/gfx.bi
include/freebas/allegro/gui.bi
include/freebas/allegro/inline/3dmaths.bi
include/freebas/allegro/inline/asm.bi
include/freebas/allegro/inline/color.bi
include/freebas/allegro/inline/draw.bi
include/freebas/allegro/inline/file.bi
include/freebas/allegro/inline/fmaths.bi
include/freebas/allegro/inline/gfx.bi
include/freebas/allegro/inline/gui.bi
include/freebas/allegro/inline/matrix.bi
include/freebas/allegro/inline/rle.bi
include/freebas/allegro/inline/system.bi
include/freebas/allegro/internal/alconfig.bi
include/freebas/allegro/joystick.bi
include/freebas/allegro/keyboard.bi
include/freebas/allegro/matrix.bi
include/freebas/allegro/midi.bi
include/freebas/allegro/mouse.bi
include/freebas/allegro/palette.bi
include/freebas/allegro/platform/al386gcc.bi
include/freebas/allegro/platform/aldjgpp.bi
include/freebas/allegro/platform/aldos.bi
include/freebas/allegro/platform/almngw32.bi
include/freebas/allegro/platform/alplatf.bi
include/freebas/allegro/platform/alucfg.bi
include/freebas/allegro/platform/alunix.bi
include/freebas/allegro/platform/alwin.bi
include/freebas/allegro/quat.bi
include/freebas/allegro/rle.bi
include/freebas/allegro/sound.bi
include/freebas/allegro/stream.bi
include/freebas/allegro/system.bi
include/freebas/allegro/text.bi
include/freebas/allegro/timer.bi
include/freebas/allegro/unicode.bi
include/freebas/aspell.bi
include/freebas/bfd.bi
include/freebas/bfd/bfd-216.bi
include/freebas/bfd/bfd-217.bi
include/freebas/bfd/bfd-218.bi
include/freebas/big_int/basic_funcs.bi
include/freebas/big_int/big_int.bi
include/freebas/big_int/big_int_full.bi
include/freebas/big_int/bitset_funcs.bi
include/freebas/big_int/get_bit_length.bi
include/freebas/big_int/low_level_funcs.bi
include/freebas/big_int/memory_manager.bi
include/freebas/big_int/modular_arithmetic.bi
include/freebas/big_int/number_theory.bi
include/freebas/big_int/service_funcs.bi
include/freebas/big_int/str_funcs.bi
include/freebas/big_int/str_types.bi
include/freebas/bzlib.bi
include/freebas/caca.bi
include/freebas/cgui.bi
include/freebas/crt.bi
include/freebas/crt/ctype.bi
include/freebas/crt/dir.bi
include/freebas/crt/dos/dir.bi
include/freebas/crt/dos/fcntl.bi
include/freebas/crt/dos/stdio.bi
include/freebas/crt/dos/time.bi
include/freebas/crt/dos/unistd.bi
include/freebas/crt/dos/wchar.bi
include/freebas/crt/errno.bi
include/freebas/crt/fcntl.bi
include/freebas/crt/io.bi
include/freebas/crt/limits.bi
include/freebas/crt/locale.bi
include/freebas/crt/malloc.bi
include/freebas/crt/math.bi
include/freebas/crt/process.bi
include/freebas/crt/setjmp.bi
include/freebas/crt/stdarg.bi
include/freebas/crt/stddef.bi
include/freebas/crt/stdint.bi
include/freebas/crt/stdio.bi
include/freebas/crt/stdlib.bi
include/freebas/crt/string.bi
include/freebas/crt/sys/dos/time.bi
include/freebas/crt/sys/dos/types.bi
include/freebas/crt/sys/select.bi
include/freebas/crt/sys/stat.bi
include/freebas/crt/sys/time.bi
include/freebas/crt/sys/types.bi
include/freebas/crt/sys/uio.bi
include/freebas/crt/time.bi
include/freebas/crt/unistd.bi
include/freebas/crt/wchar.bi
include/freebas/cryptlib.bi
include/freebas/CUnit/Automated.bi
include/freebas/CUnit/Basic.bi
include/freebas/CUnit/Console.bi
include/freebas/CUnit/CUError.bi
include/freebas/CUnit/CUnit.bi
include/freebas/CUnit/MyMem.bi
include/freebas/CUnit/TestDB.bi
include/freebas/CUnit/TestRun.bi
include/freebas/curl.bi
include/freebas/curses.bi
include/freebas/curses/pdcurses.bi
include/freebas/datetime.bi
include/freebas/dir.bi
include/freebas/dislin.bi
include/freebas/dos/ar.bi
include/freebas/dos/bios.bi
include/freebas/dos/conio.bi
include/freebas/dos/dir.bi
include/freebas/dos/dos.bi
include/freebas/dos/dpmi.bi
include/freebas/dos/go32.bi
include/freebas/dos/inlines/pc.bi
include/freebas/dos/pc.bi
include/freebas/dos/sys/djtypes.bi
include/freebas/dos/sys/exceptn.bi
include/freebas/dos/sys/farptr.bi
include/freebas/dos/sys/movedata.bi
include/freebas/dos/sys/segments.bi
include/freebas/dos/sys/version.bi
include/freebas/fbgfx.bi
include/freebas/ffi.bi
include/freebas/file.bi
include/freebas/gdbm.bi
include/freebas/gdsl/gdsl.bi
include/freebas/gdsl/gdsl_2darray.bi
include/freebas/gdsl/gdsl_bstree.bi
include/freebas/gdsl/gdsl_hash.bi
include/freebas/gdsl/gdsl_list.bi
include/freebas/gdsl/gdsl_macros.bi
include/freebas/gdsl/gdsl_perm.bi
include/freebas/gdsl/gdsl_queue.bi
include/freebas/gdsl/gdsl_rbtree.bi
include/freebas/gdsl/gdsl_sort.bi
include/freebas/gdsl/gdsl_stack.bi
include/freebas/gdsl/gdsl_types.bi
include/freebas/gdsl/_gdsl_bintree.bi
include/freebas/gdsl/_gdsl_bstree.bi
include/freebas/gdsl/_gdsl_list.bi
include/freebas/gdsl/_gdsl_node.bi
include/freebas/gettext-po.bi
include/freebas/gif_lib.bi
include/freebas/grx/grx20.bi
include/freebas/grx/grxkeys.bi
include/freebas/jit.bi
include/freebas/jit/jit-apply.bi
include/freebas/jit/jit-arch.bi
include/freebas/jit/jit-block.bi
include/freebas/jit/jit-common.bi
include/freebas/jit/jit-context.bi
include/freebas/jit/jit-debugger.bi
include/freebas/jit/jit-defs.bi
include/freebas/jit/jit-dump.bi
include/freebas/jit/jit-dynamic.bi
include/freebas/jit/jit-elf.bi
include/freebas/jit/jit-except.bi
include/freebas/jit/jit-function.bi
include/freebas/jit/jit-init.bi
include/freebas/jit/jit-insn.bi
include/freebas/jit/jit-intrinsic.bi
include/freebas/jit/jit-meta.bi
include/freebas/jit/jit-objmodel-private.bi
include/freebas/jit/jit-objmodel.bi
include/freebas/jit/jit-opcode.bi
include/freebas/jit/jit-plus.bi
include/freebas/jit/jit-type.bi
include/freebas/jit/jit-util.bi
include/freebas/jit/jit-value.bi
include/freebas/jit/jit-walk.bi
include/freebas/jpeglib.bi
include/freebas/jpgalleg.bi
include/freebas/libintl.bi
include/freebas/lzma.bi
include/freebas/lzo/lzo1.bi
include/freebas/lzo/lzo1a.bi
include/freebas/lzo/lzo1b.bi
include/freebas/lzo/lzo1c.bi
include/freebas/lzo/lzo1f.bi
include/freebas/lzo/lzo1x.bi
include/freebas/lzo/lzo1y.bi
include/freebas/lzo/lzo1z.bi
include/freebas/lzo/lzoconf.bi
include/freebas/lzo/lzodefs.bi
include/freebas/png.bi
include/freebas/quicklz.bi
include/freebas/sqlite2.bi
include/freebas/sqlite3.bi
include/freebas/sqlite3ext.bi
include/freebas/string.bi
include/freebas/tinyptc.bi
include/freebas/utf_conv.bi
include/freebas/vbcompat.bi
include/freebas/zip.bi
include/freebas/zlib.bi
lib/freebas/fbrt0.o
lib/freebas/i386go32.x
lib/freebas/libc.a
lib/freebas/libfb.a
lib/freebas/libfbgfx.a
