bin/fbc.exe
include/freebas/CUnit/Automated.bi
include/freebas/CUnit/Basic.bi
include/freebas/CUnit/CUCurses.bi
include/freebas/CUnit/CUError.bi
include/freebas/CUnit/CUnit.bi
include/freebas/CUnit/Console.bi
include/freebas/CUnit/TestDB.bi
include/freebas/CUnit/TestRun.bi
include/freebas/CUnit/Util.bi
include/freebas/IL/il.bi
include/freebas/IL/ilu.bi
include/freebas/IL/ilut.bi
include/freebas/Lua/lauxlib.bi
include/freebas/Lua/lua.bi
include/freebas/Lua/lualib.bi
include/freebas/allegro.bi
include/freebas/allegro/algif.bi
include/freebas/allegro/alpng.bi
include/freebas/aspell.bi
include/freebas/bfd.bi
include/freebas/big_int/basic_funcs.bi
include/freebas/big_int/big_int.bi
include/freebas/big_int/big_int_full.bi
include/freebas/big_int/bitset_funcs.bi
include/freebas/big_int/get_bit_length.bi
include/freebas/big_int/low_level_funcs.bi
include/freebas/big_int/memory_manager.bi
include/freebas/big_int/modular_arithmetic.bi
include/freebas/big_int/number_theory.bi
include/freebas/big_int/service_funcs.bi
include/freebas/big_int/str_funcs.bi
include/freebas/big_int/str_types.bi
include/freebas/bzlib.bi
include/freebas/caca.bi
include/freebas/caca0.bi
include/freebas/cgi-util.bi
include/freebas/cgui.bi
include/freebas/clang-c.bi
include/freebas/crt.bi
include/freebas/crt/ctype.bi
include/freebas/crt/dir.bi
include/freebas/crt/dos/dir.bi
include/freebas/crt/dos/fcntl.bi
include/freebas/crt/dos/stdio.bi
include/freebas/crt/dos/time.bi
include/freebas/crt/dos/unistd.bi
include/freebas/crt/dos/wchar.bi
include/freebas/crt/errno.bi
include/freebas/crt/fcntl.bi
include/freebas/crt/freebsd/stdio.bi
include/freebas/crt/freebsd/time.bi
include/freebas/crt/freebsd/wchar.bi
include/freebas/crt/io.bi
include/freebas/crt/limits.bi
include/freebas/crt/locale.bi
include/freebas/crt/long.bi
include/freebas/crt/longdouble.bi
include/freebas/crt/malloc.bi
include/freebas/crt/math.bi
include/freebas/crt/mem.bi
include/freebas/crt/process.bi
include/freebas/crt/setjmp.bi
include/freebas/crt/stdarg.bi
include/freebas/crt/stddef.bi
include/freebas/crt/stdint.bi
include/freebas/crt/stdio.bi
include/freebas/crt/stdlib.bi
include/freebas/crt/string.bi
include/freebas/crt/sys/dos/time.bi
include/freebas/crt/sys/dos/types.bi
include/freebas/crt/sys/freebsd/types.bi
include/freebas/crt/sys/select.bi
include/freebas/crt/sys/stat.bi
include/freebas/crt/sys/time.bi
include/freebas/crt/sys/types.bi
include/freebas/crt/sys/uio.bi
include/freebas/crt/time.bi
include/freebas/crt/unistd.bi
include/freebas/crt/unix/stdlib.bi
include/freebas/crt/wchar.bi
include/freebas/cryptlib.bi
include/freebas/curl.bi
include/freebas/curses.bi
include/freebas/curses/pdcurses.bi
include/freebas/datetime.bi
include/freebas/dir.bi
include/freebas/dislin.bi
include/freebas/dos/ar.bi
include/freebas/dos/bios.bi
include/freebas/dos/conio.bi
include/freebas/dos/dir.bi
include/freebas/dos/dos.bi
include/freebas/dos/dpmi.bi
include/freebas/dos/go32.bi
include/freebas/dos/inlines/pc.bi
include/freebas/dos/pc.bi
include/freebas/dos/sys/djtypes.bi
include/freebas/dos/sys/exceptn.bi
include/freebas/dos/sys/farptr.bi
include/freebas/dos/sys/movedata.bi
include/freebas/dos/sys/segments.bi
include/freebas/dos/sys/version.bi
include/freebas/expat.bi
include/freebas/fbc-int/array.bi
include/freebas/fbc-int/fbcall.bi
include/freebas/fbc-int/math.bi
include/freebas/fbc-int/memory.bi
include/freebas/fbgfx.bi
include/freebas/fbio.bi
include/freebas/fbmath.bi
include/freebas/fbthread.bi
include/freebas/file.bi
include/freebas/gd.bi
include/freebas/gdbm.bi
include/freebas/gdsl/_gdsl_bintree.bi
include/freebas/gdsl/_gdsl_bstree.bi
include/freebas/gdsl/_gdsl_list.bi
include/freebas/gdsl/_gdsl_node.bi
include/freebas/gdsl/gdsl.bi
include/freebas/gdsl/gdsl_2darray.bi
include/freebas/gdsl/gdsl_bstree.bi
include/freebas/gdsl/gdsl_hash.bi
include/freebas/gdsl/gdsl_heap.bi
include/freebas/gdsl/gdsl_interval_heap.bi
include/freebas/gdsl/gdsl_list.bi
include/freebas/gdsl/gdsl_macros.bi
include/freebas/gdsl/gdsl_perm.bi
include/freebas/gdsl/gdsl_queue.bi
include/freebas/gdsl/gdsl_rbtree.bi
include/freebas/gdsl/gdsl_sort.bi
include/freebas/gdsl/gdsl_stack.bi
include/freebas/gdsl/gdsl_types.bi
include/freebas/gettext-po.bi
include/freebas/gif_lib.bi
include/freebas/gif_lib4.bi
include/freebas/gif_lib5.bi
include/freebas/gmp.bi
include/freebas/grx/grx20.bi
include/freebas/grx/grxkeys.bi
include/freebas/gsl/gsl_blas.bi
include/freebas/gsl/gsl_blas_types.bi
include/freebas/gsl/gsl_block.bi
include/freebas/gsl/gsl_block_char.bi
include/freebas/gsl/gsl_block_complex_double.bi
include/freebas/gsl/gsl_block_complex_float.bi
include/freebas/gsl/gsl_block_complex_long_double.bi
include/freebas/gsl/gsl_block_double.bi
include/freebas/gsl/gsl_block_float.bi
include/freebas/gsl/gsl_block_int.bi
include/freebas/gsl/gsl_block_long.bi
include/freebas/gsl/gsl_block_long_double.bi
include/freebas/gsl/gsl_block_short.bi
include/freebas/gsl/gsl_block_uchar.bi
include/freebas/gsl/gsl_block_uint.bi
include/freebas/gsl/gsl_block_ulong.bi
include/freebas/gsl/gsl_block_ushort.bi
include/freebas/gsl/gsl_bspline.bi
include/freebas/gsl/gsl_cblas.bi
include/freebas/gsl/gsl_cdf.bi
include/freebas/gsl/gsl_chebyshev.bi
include/freebas/gsl/gsl_check_range.bi
include/freebas/gsl/gsl_combination.bi
include/freebas/gsl/gsl_complex.bi
include/freebas/gsl/gsl_complex_math.bi
include/freebas/gsl/gsl_const.bi
include/freebas/gsl/gsl_const_cgs.bi
include/freebas/gsl/gsl_const_cgsm.bi
include/freebas/gsl/gsl_const_mks.bi
include/freebas/gsl/gsl_const_mksa.bi
include/freebas/gsl/gsl_const_num.bi
include/freebas/gsl/gsl_deriv.bi
include/freebas/gsl/gsl_dft_complex.bi
include/freebas/gsl/gsl_dft_complex_float.bi
include/freebas/gsl/gsl_dht.bi
include/freebas/gsl/gsl_diff.bi
include/freebas/gsl/gsl_eigen.bi
include/freebas/gsl/gsl_errno.bi
include/freebas/gsl/gsl_fft.bi
include/freebas/gsl/gsl_fft_complex.bi
include/freebas/gsl/gsl_fft_complex_float.bi
include/freebas/gsl/gsl_fft_halfcomplex.bi
include/freebas/gsl/gsl_fft_halfcomplex_float.bi
include/freebas/gsl/gsl_fft_real.bi
include/freebas/gsl/gsl_fft_real_float.bi
include/freebas/gsl/gsl_fit.bi
include/freebas/gsl/gsl_heapsort.bi
include/freebas/gsl/gsl_histogram.bi
include/freebas/gsl/gsl_histogram2d.bi
include/freebas/gsl/gsl_ieee_utils.bi
include/freebas/gsl/gsl_inline.bi
include/freebas/gsl/gsl_integration.bi
include/freebas/gsl/gsl_interp.bi
include/freebas/gsl/gsl_linalg.bi
include/freebas/gsl/gsl_machine.bi
include/freebas/gsl/gsl_math.bi
include/freebas/gsl/gsl_matrix.bi
include/freebas/gsl/gsl_matrix_char.bi
include/freebas/gsl/gsl_matrix_complex_double.bi
include/freebas/gsl/gsl_matrix_complex_float.bi
include/freebas/gsl/gsl_matrix_complex_long_double.bi
include/freebas/gsl/gsl_matrix_double.bi
include/freebas/gsl/gsl_matrix_float.bi
include/freebas/gsl/gsl_matrix_int.bi
include/freebas/gsl/gsl_matrix_long.bi
include/freebas/gsl/gsl_matrix_long_double.bi
include/freebas/gsl/gsl_matrix_short.bi
include/freebas/gsl/gsl_matrix_uchar.bi
include/freebas/gsl/gsl_matrix_uint.bi
include/freebas/gsl/gsl_matrix_ulong.bi
include/freebas/gsl/gsl_matrix_ushort.bi
include/freebas/gsl/gsl_message.bi
include/freebas/gsl/gsl_min.bi
include/freebas/gsl/gsl_minmax.bi
include/freebas/gsl/gsl_mode.bi
include/freebas/gsl/gsl_monte.bi
include/freebas/gsl/gsl_monte_miser.bi
include/freebas/gsl/gsl_monte_plain.bi
include/freebas/gsl/gsl_monte_vegas.bi
include/freebas/gsl/gsl_multifit.bi
include/freebas/gsl/gsl_multifit_nlin.bi
include/freebas/gsl/gsl_multimin.bi
include/freebas/gsl/gsl_multiroots.bi
include/freebas/gsl/gsl_multiset.bi
include/freebas/gsl/gsl_nan.bi
include/freebas/gsl/gsl_ntuple.bi
include/freebas/gsl/gsl_odeiv.bi
include/freebas/gsl/gsl_odeiv2.bi
include/freebas/gsl/gsl_permutation.bi
include/freebas/gsl/gsl_permute.bi
include/freebas/gsl/gsl_permute_char.bi
include/freebas/gsl/gsl_permute_complex_double.bi
include/freebas/gsl/gsl_permute_complex_float.bi
include/freebas/gsl/gsl_permute_complex_long_double.bi
include/freebas/gsl/gsl_permute_double.bi
include/freebas/gsl/gsl_permute_float.bi
include/freebas/gsl/gsl_permute_int.bi
include/freebas/gsl/gsl_permute_long.bi
include/freebas/gsl/gsl_permute_long_double.bi
include/freebas/gsl/gsl_permute_short.bi
include/freebas/gsl/gsl_permute_uchar.bi
include/freebas/gsl/gsl_permute_uint.bi
include/freebas/gsl/gsl_permute_ulong.bi
include/freebas/gsl/gsl_permute_ushort.bi
include/freebas/gsl/gsl_permute_vector.bi
include/freebas/gsl/gsl_permute_vector_char.bi
include/freebas/gsl/gsl_permute_vector_complex_double.bi
include/freebas/gsl/gsl_permute_vector_complex_float.bi
include/freebas/gsl/gsl_permute_vector_complex_long_double.bi
include/freebas/gsl/gsl_permute_vector_double.bi
include/freebas/gsl/gsl_permute_vector_float.bi
include/freebas/gsl/gsl_permute_vector_int.bi
include/freebas/gsl/gsl_permute_vector_long.bi
include/freebas/gsl/gsl_permute_vector_long_double.bi
include/freebas/gsl/gsl_permute_vector_short.bi
include/freebas/gsl/gsl_permute_vector_uchar.bi
include/freebas/gsl/gsl_permute_vector_uint.bi
include/freebas/gsl/gsl_permute_vector_ulong.bi
include/freebas/gsl/gsl_permute_vector_ushort.bi
include/freebas/gsl/gsl_poly.bi
include/freebas/gsl/gsl_pow_int.bi
include/freebas/gsl/gsl_precision.bi
include/freebas/gsl/gsl_qrng.bi
include/freebas/gsl/gsl_randist.bi
include/freebas/gsl/gsl_rng.bi
include/freebas/gsl/gsl_roots.bi
include/freebas/gsl/gsl_sf.bi
include/freebas/gsl/gsl_sf_airy.bi
include/freebas/gsl/gsl_sf_bessel.bi
include/freebas/gsl/gsl_sf_clausen.bi
include/freebas/gsl/gsl_sf_coulomb.bi
include/freebas/gsl/gsl_sf_coupling.bi
include/freebas/gsl/gsl_sf_dawson.bi
include/freebas/gsl/gsl_sf_debye.bi
include/freebas/gsl/gsl_sf_dilog.bi
include/freebas/gsl/gsl_sf_elementary.bi
include/freebas/gsl/gsl_sf_ellint.bi
include/freebas/gsl/gsl_sf_elljac.bi
include/freebas/gsl/gsl_sf_erf.bi
include/freebas/gsl/gsl_sf_exp.bi
include/freebas/gsl/gsl_sf_expint.bi
include/freebas/gsl/gsl_sf_fermi_dirac.bi
include/freebas/gsl/gsl_sf_gamma.bi
include/freebas/gsl/gsl_sf_gegenbauer.bi
include/freebas/gsl/gsl_sf_hyperg.bi
include/freebas/gsl/gsl_sf_laguerre.bi
include/freebas/gsl/gsl_sf_lambert.bi
include/freebas/gsl/gsl_sf_legendre.bi
include/freebas/gsl/gsl_sf_log.bi
include/freebas/gsl/gsl_sf_mathieu.bi
include/freebas/gsl/gsl_sf_pow_int.bi
include/freebas/gsl/gsl_sf_psi.bi
include/freebas/gsl/gsl_sf_result.bi
include/freebas/gsl/gsl_sf_synchrotron.bi
include/freebas/gsl/gsl_sf_transport.bi
include/freebas/gsl/gsl_sf_trig.bi
include/freebas/gsl/gsl_sf_zeta.bi
include/freebas/gsl/gsl_siman.bi
include/freebas/gsl/gsl_sort.bi
include/freebas/gsl/gsl_sort_char.bi
include/freebas/gsl/gsl_sort_double.bi
include/freebas/gsl/gsl_sort_float.bi
include/freebas/gsl/gsl_sort_int.bi
include/freebas/gsl/gsl_sort_long.bi
include/freebas/gsl/gsl_sort_long_double.bi
include/freebas/gsl/gsl_sort_short.bi
include/freebas/gsl/gsl_sort_uchar.bi
include/freebas/gsl/gsl_sort_uint.bi
include/freebas/gsl/gsl_sort_ulong.bi
include/freebas/gsl/gsl_sort_ushort.bi
include/freebas/gsl/gsl_sort_vector.bi
include/freebas/gsl/gsl_sort_vector_char.bi
include/freebas/gsl/gsl_sort_vector_double.bi
include/freebas/gsl/gsl_sort_vector_float.bi
include/freebas/gsl/gsl_sort_vector_int.bi
include/freebas/gsl/gsl_sort_vector_long.bi
include/freebas/gsl/gsl_sort_vector_long_double.bi
include/freebas/gsl/gsl_sort_vector_short.bi
include/freebas/gsl/gsl_sort_vector_uchar.bi
include/freebas/gsl/gsl_sort_vector_uint.bi
include/freebas/gsl/gsl_sort_vector_ulong.bi
include/freebas/gsl/gsl_sort_vector_ushort.bi
include/freebas/gsl/gsl_specfunc.bi
include/freebas/gsl/gsl_spline.bi
include/freebas/gsl/gsl_statistics.bi
include/freebas/gsl/gsl_statistics_char.bi
include/freebas/gsl/gsl_statistics_double.bi
include/freebas/gsl/gsl_statistics_float.bi
include/freebas/gsl/gsl_statistics_int.bi
include/freebas/gsl/gsl_statistics_long.bi
include/freebas/gsl/gsl_statistics_long_double.bi
include/freebas/gsl/gsl_statistics_short.bi
include/freebas/gsl/gsl_statistics_uchar.bi
include/freebas/gsl/gsl_statistics_uint.bi
include/freebas/gsl/gsl_statistics_ulong.bi
include/freebas/gsl/gsl_statistics_ushort.bi
include/freebas/gsl/gsl_sum.bi
include/freebas/gsl/gsl_sys.bi
include/freebas/gsl/gsl_test.bi
include/freebas/gsl/gsl_types.bi
include/freebas/gsl/gsl_vector.bi
include/freebas/gsl/gsl_vector_char.bi
include/freebas/gsl/gsl_vector_complex.bi
include/freebas/gsl/gsl_vector_complex_double.bi
include/freebas/gsl/gsl_vector_complex_float.bi
include/freebas/gsl/gsl_vector_complex_long_double.bi
include/freebas/gsl/gsl_vector_double.bi
include/freebas/gsl/gsl_vector_float.bi
include/freebas/gsl/gsl_vector_int.bi
include/freebas/gsl/gsl_vector_long.bi
include/freebas/gsl/gsl_vector_long_double.bi
include/freebas/gsl/gsl_vector_short.bi
include/freebas/gsl/gsl_vector_uchar.bi
include/freebas/gsl/gsl_vector_uint.bi
include/freebas/gsl/gsl_vector_ulong.bi
include/freebas/gsl/gsl_vector_ushort.bi
include/freebas/gsl/gsl_version.bi
include/freebas/gsl/gsl_wavelet.bi
include/freebas/gsl/gsl_wavelet2d.bi
include/freebas/jit.bi
include/freebas/jpeglib.bi
include/freebas/jpgalleg.bi
include/freebas/libexslt/exslt.bi
include/freebas/libexslt/exsltconfig.bi
include/freebas/libexslt/exsltexports.bi
include/freebas/libexslt/libexslt.bi
include/freebas/libiconv.bi
include/freebas/libintl.bi
include/freebas/libxml/DOCBparser.bi
include/freebas/libxml/HTMLparser.bi
include/freebas/libxml/HTMLtree.bi
include/freebas/libxml/SAX.bi
include/freebas/libxml/SAX2.bi
include/freebas/libxml/c14n.bi
include/freebas/libxml/catalog.bi
include/freebas/libxml/chvalid.bi
include/freebas/libxml/debugXML.bi
include/freebas/libxml/dict.bi
include/freebas/libxml/encoding.bi
include/freebas/libxml/entities.bi
include/freebas/libxml/globals.bi
include/freebas/libxml/hash.bi
include/freebas/libxml/list.bi
include/freebas/libxml/nanoftp.bi
include/freebas/libxml/nanohttp.bi
include/freebas/libxml/parser.bi
include/freebas/libxml/parserInternals.bi
include/freebas/libxml/pattern.bi
include/freebas/libxml/relaxng.bi
include/freebas/libxml/schemasInternals.bi
include/freebas/libxml/schematron.bi
include/freebas/libxml/threads.bi
include/freebas/libxml/tree.bi
include/freebas/libxml/uri.bi
include/freebas/libxml/valid.bi
include/freebas/libxml/xinclude.bi
include/freebas/libxml/xlink.bi
include/freebas/libxml/xmlIO.bi
include/freebas/libxml/xmlautomata.bi
include/freebas/libxml/xmlerror.bi
include/freebas/libxml/xmlexports.bi
include/freebas/libxml/xmlmemory.bi
include/freebas/libxml/xmlmodule.bi
include/freebas/libxml/xmlreader.bi
include/freebas/libxml/xmlregexp.bi
include/freebas/libxml/xmlsave.bi
include/freebas/libxml/xmlschemas.bi
include/freebas/libxml/xmlschemastypes.bi
include/freebas/libxml/xmlstring.bi
include/freebas/libxml/xmlunicode.bi
include/freebas/libxml/xmlversion.bi
include/freebas/libxml/xmlwriter.bi
include/freebas/libxml/xpath.bi
include/freebas/libxml/xpathInternals.bi
include/freebas/libxml/xpointer.bi
include/freebas/libxslt/attributes.bi
include/freebas/libxslt/documents.bi
include/freebas/libxslt/extensions.bi
include/freebas/libxslt/extra.bi
include/freebas/libxslt/functions.bi
include/freebas/libxslt/imports.bi
include/freebas/libxslt/keys.bi
include/freebas/libxslt/libxslt.bi
include/freebas/libxslt/namespaces.bi
include/freebas/libxslt/numbersInternals.bi
include/freebas/libxslt/pattern.bi
include/freebas/libxslt/preproc.bi
include/freebas/libxslt/security.bi
include/freebas/libxslt/templates.bi
include/freebas/libxslt/transform.bi
include/freebas/libxslt/trio.bi
include/freebas/libxslt/triodef.bi
include/freebas/libxslt/variables.bi
include/freebas/libxslt/win32config.bi
include/freebas/libxslt/xslt.bi
include/freebas/libxslt/xsltInternals.bi
include/freebas/libxslt/xsltconfig.bi
include/freebas/libxslt/xsltexports.bi
include/freebas/libxslt/xsltlocale.bi
include/freebas/libxslt/xsltutils.bi
include/freebas/libxslt/xsltwin32config.bi
include/freebas/llvm-c.bi
include/freebas/lzma.bi
include/freebas/lzo/lzo1.bi
include/freebas/lzo/lzo1a.bi
include/freebas/lzo/lzo1b.bi
include/freebas/lzo/lzo1c.bi
include/freebas/lzo/lzo1f.bi
include/freebas/lzo/lzo1x.bi
include/freebas/lzo/lzo1y.bi
include/freebas/lzo/lzo1z.bi
include/freebas/lzo/lzo2a.bi
include/freebas/lzo/lzo_asm.bi
include/freebas/lzo/lzoconf.bi
include/freebas/lzo/lzodefs.bi
include/freebas/lzo/lzoutil.bi
include/freebas/mxml.bi
include/freebas/pcre-common.bi
include/freebas/pcre.bi
include/freebas/pcre16.bi
include/freebas/pcre2.bi
include/freebas/pcre2posix.bi
include/freebas/pcre32.bi
include/freebas/pcreposix.bi
include/freebas/png.bi
include/freebas/png12.bi
include/freebas/png14.bi
include/freebas/png15.bi
include/freebas/png16.bi
include/freebas/pspell.bi
include/freebas/quicklz.bi
include/freebas/raylib.bi
include/freebas/raymath.bi
include/freebas/regex.bi
include/freebas/soloud_c.bi
include/freebas/sqlite2.bi
include/freebas/sqlite3.bi
include/freebas/sqlite3ext.bi
include/freebas/string.bi
include/freebas/tinyptc.bi
include/freebas/tre/regex.bi
include/freebas/tre/tre.bi
include/freebas/utf_conv.bi
include/freebas/vbcompat.bi
include/freebas/zip.bi
include/freebas/zlib.bi
lib/freebas/dos/fbrt0.o
lib/freebas/dos/i386go32.x
lib/freebas/dos/libc.a
lib/freebas/dos/libfb.a
lib/freebas/dos/libfbgfx.a
lib/freebas/dos/libfbgfxmt.a
lib/freebas/dos/libfbmt.a
