bin/fbc.exe
include/freebasic/AL/al.bi
include/freebasic/AL/alc.bi
include/freebasic/AL/alext.bi
include/freebasic/AL/alut.bi
include/freebasic/AL/efx-creative.bi
include/freebasic/AL/efx-presets.bi
include/freebasic/AL/efx.bi
include/freebasic/CUnit/Automated.bi
include/freebasic/CUnit/Basic.bi
include/freebasic/CUnit/CUCurses.bi
include/freebasic/CUnit/CUError.bi
include/freebasic/CUnit/CUnit.bi
include/freebasic/CUnit/Console.bi
include/freebasic/CUnit/TestDB.bi
include/freebasic/CUnit/TestRun.bi
include/freebasic/CUnit/Util.bi
include/freebasic/FreeImage.bi
include/freebasic/GL/freeglut.bi
include/freebasic/GL/freeglut_ext.bi
include/freebasic/GL/freeglut_std.bi
include/freebasic/GL/gl.bi
include/freebasic/GL/glext.bi
include/freebasic/GL/glfw.bi
include/freebasic/GL/glu.bi
include/freebasic/GL/glut.bi
include/freebasic/GL/mesa/gl.bi
include/freebasic/GL/mesa/glext.bi
include/freebasic/GL/mesa/glu.bi
include/freebasic/GL/windows/gl.bi
include/freebasic/GL/windows/glext.bi
include/freebasic/GL/windows/glu.bi
include/freebasic/GLFW/glfw3.bi
include/freebasic/IL/il.bi
include/freebasic/IL/ilu.bi
include/freebasic/IL/ilut.bi
include/freebasic/IUP/iup.bi
include/freebasic/IUP/iup_config.bi
include/freebasic/IUP/iup_mglplot.bi
include/freebasic/IUP/iup_plot.bi
include/freebasic/IUP/iup_pplot.bi
include/freebasic/IUP/iup_scintilla.bi
include/freebasic/IUP/iupcb.bi
include/freebasic/IUP/iupcbox.bi
include/freebasic/IUP/iupcbs.bi
include/freebasic/IUP/iupcells.bi
include/freebasic/IUP/iupcolorbar.bi
include/freebasic/IUP/iupcontrols.bi
include/freebasic/IUP/iupdef.bi
include/freebasic/IUP/iupdial.bi
include/freebasic/IUP/iupgauge.bi
include/freebasic/IUP/iupgc.bi
include/freebasic/IUP/iupgetparam.bi
include/freebasic/IUP/iupgl.bi
include/freebasic/IUP/iupglcontrols.bi
include/freebasic/IUP/iupim.bi
include/freebasic/IUP/iupkey.bi
include/freebasic/IUP/iuplua.bi
include/freebasic/IUP/iuplua_mglplot.bi
include/freebasic/IUP/iuplua_plot.bi
include/freebasic/IUP/iuplua_pplot.bi
include/freebasic/IUP/iuplua_scintilla.bi
include/freebasic/IUP/iupluacontrols.bi
include/freebasic/IUP/iupluagl.bi
include/freebasic/IUP/iupluaglcontrols.bi
include/freebasic/IUP/iupluaim.bi
include/freebasic/IUP/iupluamatrixex.bi
include/freebasic/IUP/iupluaole.bi
include/freebasic/IUP/iupluatuio.bi
include/freebasic/IUP/iupluaweb.bi
include/freebasic/IUP/iupmask.bi
include/freebasic/IUP/iupmatrix.bi
include/freebasic/IUP/iupmatrixex.bi
include/freebasic/IUP/iupole.bi
include/freebasic/IUP/iupsbox.bi
include/freebasic/IUP/iupspin.bi
include/freebasic/IUP/iuptabs.bi
include/freebasic/IUP/iuptree.bi
include/freebasic/IUP/iuptuio.bi
include/freebasic/IUP/iupval.bi
include/freebasic/IUP/iupweb.bi
include/freebasic/Lua/lauxlib.bi
include/freebasic/Lua/lua.bi
include/freebasic/Lua/lualib.bi
include/freebasic/MediaInfo.bi
include/freebasic/Newton.bi
include/freebasic/SDL/SDL.bi
include/freebasic/SDL/SDL_gfx_framerate.bi
include/freebasic/SDL/SDL_gfx_imageFilter.bi
include/freebasic/SDL/SDL_gfx_primitives.bi
include/freebasic/SDL/SDL_gfx_primitives_font.bi
include/freebasic/SDL/SDL_gfx_rotozoom.bi
include/freebasic/SDL/SDL_image.bi
include/freebasic/SDL/SDL_mixer.bi
include/freebasic/SDL/SDL_net.bi
include/freebasic/SDL/SDL_ttf.bi
include/freebasic/SDL2/SDL.bi
include/freebasic/SDL2/SDL2_gfx_framerate.bi
include/freebasic/SDL2/SDL2_gfx_imageFilter.bi
include/freebasic/SDL2/SDL2_gfx_primitives.bi
include/freebasic/SDL2/SDL2_gfx_primitives_font.bi
include/freebasic/SDL2/SDL2_gfx_rotozoom.bi
include/freebasic/SDL2/SDL_image.bi
include/freebasic/SDL2/SDL_mixer.bi
include/freebasic/SDL2/SDL_net.bi
include/freebasic/SDL2/SDL_ttf.bi
include/freebasic/X11/CallbackI.bi
include/freebasic/X11/Composite.bi
include/freebasic/X11/CompositeP.bi
include/freebasic/X11/ConstrainP.bi
include/freebasic/X11/Constraint.bi
include/freebasic/X11/ConvertI.bi
include/freebasic/X11/Core.bi
include/freebasic/X11/CoreP.bi
include/freebasic/X11/CreateI.bi
include/freebasic/X11/DECkeysym.bi
include/freebasic/X11/EventI.bi
include/freebasic/X11/HPkeysym.bi
include/freebasic/X11/HookObjI.bi
include/freebasic/X11/ICE/ICE.bi
include/freebasic/X11/ICE/ICEconn.bi
include/freebasic/X11/ICE/ICElib.bi
include/freebasic/X11/ICE/ICEmsg.bi
include/freebasic/X11/ICE/ICEproto.bi
include/freebasic/X11/ICE/ICEutil.bi
include/freebasic/X11/ImUtil.bi
include/freebasic/X11/InitialI.bi
include/freebasic/X11/Intrinsic.bi
include/freebasic/X11/IntrinsicI.bi
include/freebasic/X11/IntrinsicP.bi
include/freebasic/X11/Object.bi
include/freebasic/X11/ObjectP.bi
include/freebasic/X11/PassivGraI.bi
include/freebasic/X11/RectObj.bi
include/freebasic/X11/RectObjP.bi
include/freebasic/X11/ResConfigP.bi
include/freebasic/X11/ResourceI.bi
include/freebasic/X11/SM/SM.bi
include/freebasic/X11/SM/SMlib.bi
include/freebasic/X11/SM/SMproto.bi
include/freebasic/X11/SelectionI.bi
include/freebasic/X11/Shell.bi
include/freebasic/X11/ShellI.bi
include/freebasic/X11/ShellP.bi
include/freebasic/X11/StringDefs.bi
include/freebasic/X11/Sunkeysym.bi
include/freebasic/X11/ThreadsI.bi
include/freebasic/X11/TranslateI.bi
include/freebasic/X11/VarargsI.bi
include/freebasic/X11/Vendor.bi
include/freebasic/X11/VendorP.bi
include/freebasic/X11/X.bi
include/freebasic/X11/XF86keysym.bi
include/freebasic/X11/XKBlib.bi
include/freebasic/X11/XWDFile.bi
include/freebasic/X11/Xalloca.bi
include/freebasic/X11/Xarch.bi
include/freebasic/X11/Xatom.bi
include/freebasic/X11/Xauth.bi
include/freebasic/X11/Xcms.bi
include/freebasic/X11/Xcursor/Xcursor.bi
include/freebasic/X11/Xdefs.bi
include/freebasic/X11/Xdmcp.bi
include/freebasic/X11/Xft/Xft.bi
include/freebasic/X11/Xft/XftCompat.bi
include/freebasic/X11/Xfuncproto.bi
include/freebasic/X11/Xfuncs.bi
include/freebasic/X11/Xlib.bi
include/freebasic/X11/XlibConf.bi
include/freebasic/X11/Xlibint.bi
include/freebasic/X11/Xlocale.bi
include/freebasic/X11/Xmd.bi
include/freebasic/X11/Xmu/Atoms.bi
include/freebasic/X11/Xmu/CharSet.bi
include/freebasic/X11/Xmu/CloseHook.bi
include/freebasic/X11/Xmu/Converters.bi
include/freebasic/X11/Xmu/CurUtil.bi
include/freebasic/X11/Xmu/CvtCache.bi
include/freebasic/X11/Xmu/DisplayQue.bi
include/freebasic/X11/Xmu/Drawing.bi
include/freebasic/X11/Xmu/Editres.bi
include/freebasic/X11/Xmu/EditresP.bi
include/freebasic/X11/Xmu/Error.bi
include/freebasic/X11/Xmu/ExtAgent.bi
include/freebasic/X11/Xmu/Initer.bi
include/freebasic/X11/Xmu/Lookup.bi
include/freebasic/X11/Xmu/Misc.bi
include/freebasic/X11/Xmu/StdCmap.bi
include/freebasic/X11/Xmu/StdSel.bi
include/freebasic/X11/Xmu/SysUtil.bi
include/freebasic/X11/Xmu/WhitePoint.bi
include/freebasic/X11/Xmu/WidgetNode.bi
include/freebasic/X11/Xmu/WinUtil.bi
include/freebasic/X11/Xmu/Xct.bi
include/freebasic/X11/Xmu/Xmu.bi
include/freebasic/X11/Xos.bi
include/freebasic/X11/Xos_r.bi
include/freebasic/X11/Xosdefs.bi
include/freebasic/X11/Xproto.bi
include/freebasic/X11/Xprotostr.bi
include/freebasic/X11/Xregion.bi
include/freebasic/X11/Xresource.bi
include/freebasic/X11/Xtos.bi
include/freebasic/X11/Xtrans/Xtrans.bi
include/freebasic/X11/Xtrans/Xtransint.bi
include/freebasic/X11/Xutil.bi
include/freebasic/X11/Xw32defs.bi
include/freebasic/X11/Xwindows.bi
include/freebasic/X11/Xwinsock.bi
include/freebasic/X11/ap_keysym.bi
include/freebasic/X11/cursorfont.bi
include/freebasic/X11/extensions/EVI.bi
include/freebasic/X11/extensions/EVIproto.bi
include/freebasic/X11/extensions/MITMisc.bi
include/freebasic/X11/extensions/XEVI.bi
include/freebasic/X11/extensions/XI.bi
include/freebasic/X11/extensions/XI2.bi
include/freebasic/X11/extensions/XI2proto.bi
include/freebasic/X11/extensions/XInput.bi
include/freebasic/X11/extensions/XInput2.bi
include/freebasic/X11/extensions/XIproto.bi
include/freebasic/X11/extensions/XKB.bi
include/freebasic/X11/extensions/XKBgeom.bi
include/freebasic/X11/extensions/XKBproto.bi
include/freebasic/X11/extensions/XKBstr.bi
include/freebasic/X11/extensions/XLbx.bi
include/freebasic/X11/extensions/XShm.bi
include/freebasic/X11/extensions/XTest.bi
include/freebasic/X11/extensions/Xag.bi
include/freebasic/X11/extensions/Xcup.bi
include/freebasic/X11/extensions/Xdbe.bi
include/freebasic/X11/extensions/Xext.bi
include/freebasic/X11/extensions/Xfixes.bi
include/freebasic/X11/extensions/Xge.bi
include/freebasic/X11/extensions/Xinerama.bi
include/freebasic/X11/extensions/Xrandr.bi
include/freebasic/X11/extensions/Xrender.bi
include/freebasic/X11/extensions/Xv.bi
include/freebasic/X11/extensions/XvMC.bi
include/freebasic/X11/extensions/XvMCproto.bi
include/freebasic/X11/extensions/Xvlib.bi
include/freebasic/X11/extensions/Xvproto.bi
include/freebasic/X11/extensions/Xxf86dga.bi
include/freebasic/X11/extensions/ag.bi
include/freebasic/X11/extensions/agproto.bi
include/freebasic/X11/extensions/cup.bi
include/freebasic/X11/extensions/cupproto.bi
include/freebasic/X11/extensions/dbe.bi
include/freebasic/X11/extensions/dbeproto.bi
include/freebasic/X11/extensions/dpms.bi
include/freebasic/X11/extensions/dpmsconst.bi
include/freebasic/X11/extensions/dpmsproto.bi
include/freebasic/X11/extensions/dri2proto.bi
include/freebasic/X11/extensions/dri2tokens.bi
include/freebasic/X11/extensions/extutil.bi
include/freebasic/X11/extensions/ge.bi
include/freebasic/X11/extensions/geproto.bi
include/freebasic/X11/extensions/lbx.bi
include/freebasic/X11/extensions/lbxbuf.bi
include/freebasic/X11/extensions/lbxbufstr.bi
include/freebasic/X11/extensions/lbxdeltastr.bi
include/freebasic/X11/extensions/lbximage.bi
include/freebasic/X11/extensions/lbxopts.bi
include/freebasic/X11/extensions/lbxproto.bi
include/freebasic/X11/extensions/lbxzlib.bi
include/freebasic/X11/extensions/mitmiscconst.bi
include/freebasic/X11/extensions/mitmiscproto.bi
include/freebasic/X11/extensions/multibuf.bi
include/freebasic/X11/extensions/multibufconst.bi
include/freebasic/X11/extensions/multibufproto.bi
include/freebasic/X11/extensions/panoramiXext.bi
include/freebasic/X11/extensions/randr.bi
include/freebasic/X11/extensions/randrproto.bi
include/freebasic/X11/extensions/record.bi
include/freebasic/X11/extensions/recordconst.bi
include/freebasic/X11/extensions/recordproto.bi
include/freebasic/X11/extensions/recordstr.bi
include/freebasic/X11/extensions/render.bi
include/freebasic/X11/extensions/renderproto.bi
include/freebasic/X11/extensions/secur.bi
include/freebasic/X11/extensions/security.bi
include/freebasic/X11/extensions/securproto.bi
include/freebasic/X11/extensions/shape.bi
include/freebasic/X11/extensions/shapeconst.bi
include/freebasic/X11/extensions/shapeproto.bi
include/freebasic/X11/extensions/shapestr.bi
include/freebasic/X11/extensions/shm.bi
include/freebasic/X11/extensions/shmproto.bi
include/freebasic/X11/extensions/shmstr.bi
include/freebasic/X11/extensions/sync.bi
include/freebasic/X11/extensions/syncconst.bi
include/freebasic/X11/extensions/syncproto.bi
include/freebasic/X11/extensions/syncstr.bi
include/freebasic/X11/extensions/vldXvMC.bi
include/freebasic/X11/extensions/xf86dga.bi
include/freebasic/X11/extensions/xf86dga1.bi
include/freebasic/X11/extensions/xf86dga1const.bi
include/freebasic/X11/extensions/xf86dga1proto.bi
include/freebasic/X11/extensions/xf86dga1str.bi
include/freebasic/X11/extensions/xf86dgaconst.bi
include/freebasic/X11/extensions/xf86dgaproto.bi
include/freebasic/X11/extensions/xf86dgastr.bi
include/freebasic/X11/extensions/xf86vm.bi
include/freebasic/X11/extensions/xf86vmode.bi
include/freebasic/X11/extensions/xf86vmproto.bi
include/freebasic/X11/extensions/xf86vmstr.bi
include/freebasic/X11/extensions/xfixesproto.bi
include/freebasic/X11/extensions/xfixeswire.bi
include/freebasic/X11/extensions/xtestconst.bi
include/freebasic/X11/extensions/xtestext1.bi
include/freebasic/X11/extensions/xtestext1const.bi
include/freebasic/X11/extensions/xtestext1proto.bi
include/freebasic/X11/extensions/xtestproto.bi
include/freebasic/X11/keysym.bi
include/freebasic/X11/keysymdef.bi
include/freebasic/X11/xpm.bi
include/freebasic/allegro.bi
include/freebasic/allegro/algif.bi
include/freebasic/allegro/alpng.bi
include/freebasic/allegro5/allegro.bi
include/freebasic/allegro5/allegro_acodec.bi
include/freebasic/allegro5/allegro_audio.bi
include/freebasic/allegro5/allegro_color.bi
include/freebasic/allegro5/allegro_font.bi
include/freebasic/allegro5/allegro_image.bi
include/freebasic/allegro5/allegro_memfile.bi
include/freebasic/allegro5/allegro_native_dialog.bi
include/freebasic/allegro5/allegro_physfs.bi
include/freebasic/allegro5/allegro_primitives.bi
include/freebasic/allegro5/allegro_ttf.bi
include/freebasic/aspell.bi
include/freebasic/atk/atk.bi
include/freebasic/bass.bi
include/freebasic/bassmod.bi
include/freebasic/bfd.bi
include/freebasic/big_int/basic_funcs.bi
include/freebasic/big_int/big_int.bi
include/freebasic/big_int/big_int_full.bi
include/freebasic/big_int/bitset_funcs.bi
include/freebasic/big_int/get_bit_length.bi
include/freebasic/big_int/low_level_funcs.bi
include/freebasic/big_int/memory_manager.bi
include/freebasic/big_int/modular_arithmetic.bi
include/freebasic/big_int/number_theory.bi
include/freebasic/big_int/service_funcs.bi
include/freebasic/big_int/str_funcs.bi
include/freebasic/big_int/str_types.bi
include/freebasic/bzlib.bi
include/freebasic/caca.bi
include/freebasic/caca0.bi
include/freebasic/cairo/cairo-gl.bi
include/freebasic/cairo/cairo-pdf.bi
include/freebasic/cairo/cairo-ps.bi
include/freebasic/cairo/cairo-svg.bi
include/freebasic/cairo/cairo-win32.bi
include/freebasic/cairo/cairo.bi
include/freebasic/cd/cd.bi
include/freebasic/cd/cd_old.bi
include/freebasic/cd/cd_private.bi
include/freebasic/cd/cdcairo.bi
include/freebasic/cd/cdcgm.bi
include/freebasic/cd/cdclipbd.bi
include/freebasic/cd/cddbuf.bi
include/freebasic/cd/cddebug.bi
include/freebasic/cd/cddgn.bi
include/freebasic/cd/cddxf.bi
include/freebasic/cd/cdemf.bi
include/freebasic/cd/cdgdiplus.bi
include/freebasic/cd/cdgl.bi
include/freebasic/cd/cdimage.bi
include/freebasic/cd/cdirgb.bi
include/freebasic/cd/cdiup.bi
include/freebasic/cd/cdlua.bi
include/freebasic/cd/cdlua3_private.bi
include/freebasic/cd/cdlua5_private.bi
include/freebasic/cd/cdluagl.bi
include/freebasic/cd/cdluaim.bi
include/freebasic/cd/cdluaiup.bi
include/freebasic/cd/cdluapdf.bi
include/freebasic/cd/cdmf.bi
include/freebasic/cd/cdmf_private.bi
include/freebasic/cd/cdnative.bi
include/freebasic/cd/cdpdf.bi
include/freebasic/cd/cdpicture.bi
include/freebasic/cd/cdprint.bi
include/freebasic/cd/cdps.bi
include/freebasic/cd/cdsvg.bi
include/freebasic/cd/cdwmf.bi
include/freebasic/cd/wd.bi
include/freebasic/cd/wd_old.bi
include/freebasic/cgi-util.bi
include/freebasic/cgui.bi
include/freebasic/chipmunk/chipmunk.bi
include/freebasic/chipmunk/chipmunk_structs.bi
include/freebasic/chipmunk/chipmunk_unsafe.bi
include/freebasic/chipmunk/cpHastySpace.bi
include/freebasic/chipmunk/cpMarch.bi
include/freebasic/chipmunk/cpPolyline.bi
include/freebasic/chipmunk/cpRobust.bi
include/freebasic/clang-c.bi
include/freebasic/crt.bi
include/freebasic/crt/arpa/inet.bi
include/freebasic/crt/bits/locale.bi
include/freebasic/crt/bits/pthreadtypes.bi
include/freebasic/crt/bits/sched.bi
include/freebasic/crt/bits/sigset.bi
include/freebasic/crt/bits/wordsize.bi
include/freebasic/crt/ctype.bi
include/freebasic/crt/dir.bi
include/freebasic/crt/dos/dir.bi
include/freebasic/crt/dos/fcntl.bi
include/freebasic/crt/dos/stdio.bi
include/freebasic/crt/dos/time.bi
include/freebasic/crt/dos/unistd.bi
include/freebasic/crt/dos/wchar.bi
include/freebasic/crt/errno.bi
include/freebasic/crt/fcntl.bi
include/freebasic/crt/freebsd/stdio.bi
include/freebasic/crt/freebsd/time.bi
include/freebasic/crt/freebsd/wchar.bi
include/freebasic/crt/iconv.bi
include/freebasic/crt/io.bi
include/freebasic/crt/limits.bi
include/freebasic/crt/linux/ctype.bi
include/freebasic/crt/linux/fcntl.bi
include/freebasic/crt/linux/netdb.bi
include/freebasic/crt/linux/stdio.bi
include/freebasic/crt/linux/syslog.bi
include/freebasic/crt/linux/time.bi
include/freebasic/crt/linux/unistd.bi
include/freebasic/crt/linux/wchar.bi
include/freebasic/crt/locale.bi
include/freebasic/crt/long.bi
include/freebasic/crt/longdouble.bi
include/freebasic/crt/malloc.bi
include/freebasic/crt/math.bi
include/freebasic/crt/mem.bi
include/freebasic/crt/netdb.bi
include/freebasic/crt/netinet/in.bi
include/freebasic/crt/netinet/linux/in.bi
include/freebasic/crt/process.bi
include/freebasic/crt/pthread.bi
include/freebasic/crt/regex.bi
include/freebasic/crt/sched.bi
include/freebasic/crt/setjmp.bi
include/freebasic/crt/stdarg.bi
include/freebasic/crt/stddef.bi
include/freebasic/crt/stdint.bi
include/freebasic/crt/stdio.bi
include/freebasic/crt/stdlib.bi
include/freebasic/crt/string.bi
include/freebasic/crt/sys/dos/time.bi
include/freebasic/crt/sys/dos/types.bi
include/freebasic/crt/sys/freebsd/types.bi
include/freebasic/crt/sys/linux/select.bi
include/freebasic/crt/sys/linux/socket.bi
include/freebasic/crt/sys/linux/time.bi
include/freebasic/crt/sys/linux/types.bi
include/freebasic/crt/sys/select.bi
include/freebasic/crt/sys/socket.bi
include/freebasic/crt/sys/stat.bi
include/freebasic/crt/sys/time.bi
include/freebasic/crt/sys/types.bi
include/freebasic/crt/sys/uio.bi
include/freebasic/crt/sys/win32/stat.bi
include/freebasic/crt/sys/win32/time.bi
include/freebasic/crt/sys/win32/types.bi
include/freebasic/crt/time.bi
include/freebasic/crt/unistd.bi
include/freebasic/crt/unix/stdlib.bi
include/freebasic/crt/wchar.bi
include/freebasic/crt/win32/ctype.bi
include/freebasic/crt/win32/fcntl.bi
include/freebasic/crt/win32/process.bi
include/freebasic/crt/win32/stdio.bi
include/freebasic/crt/win32/stdlib.bi
include/freebasic/crt/win32/time.bi
include/freebasic/crt/win32/unistd.bi
include/freebasic/crt/win32/wchar.bi
include/freebasic/cryptlib.bi
include/freebasic/curl.bi
include/freebasic/curses.bi
include/freebasic/curses/ncurses.bi
include/freebasic/curses/pdcurses.bi
include/freebasic/datetime.bi
include/freebasic/dir.bi
include/freebasic/dislin.bi
include/freebasic/disphelper/convert.bi
include/freebasic/disphelper/disphelper.bi
include/freebasic/dos/ar.bi
include/freebasic/dos/bios.bi
include/freebasic/dos/conio.bi
include/freebasic/dos/dir.bi
include/freebasic/dos/dos.bi
include/freebasic/dos/dpmi.bi
include/freebasic/dos/go32.bi
include/freebasic/dos/inlines/pc.bi
include/freebasic/dos/pc.bi
include/freebasic/dos/sys/djtypes.bi
include/freebasic/dos/sys/exceptn.bi
include/freebasic/dos/sys/farptr.bi
include/freebasic/dos/sys/movedata.bi
include/freebasic/dos/sys/segments.bi
include/freebasic/dos/sys/version.bi
include/freebasic/expat.bi
include/freebasic/fastcgi/fastcgi.bi
include/freebasic/fastcgi/fcgi_stdio.bi
include/freebasic/fastcgi/fcgiapp.bi
include/freebasic/fbc-int/array.bi
include/freebasic/fbc-int/fbcall.bi
include/freebasic/fbc-int/math.bi
include/freebasic/fbc-int/memory.bi
include/freebasic/fbgfx.bi
include/freebasic/fbio.bi
include/freebasic/fbmath.bi
include/freebasic/fbthread.bi
include/freebasic/ffi.bi
include/freebasic/file.bi
include/freebasic/flite/cst_alloc.bi
include/freebasic/flite/cst_args.bi
include/freebasic/flite/cst_audio.bi
include/freebasic/flite/cst_cart.bi
include/freebasic/flite/cst_cg.bi
include/freebasic/flite/cst_clunits.bi
include/freebasic/flite/cst_diphone.bi
include/freebasic/flite/cst_endian.bi
include/freebasic/flite/cst_error.bi
include/freebasic/flite/cst_features.bi
include/freebasic/flite/cst_ffeatures.bi
include/freebasic/flite/cst_file.bi
include/freebasic/flite/cst_hrg.bi
include/freebasic/flite/cst_item.bi
include/freebasic/flite/cst_lexicon.bi
include/freebasic/flite/cst_lts.bi
include/freebasic/flite/cst_lts_rewrites.bi
include/freebasic/flite/cst_math.bi
include/freebasic/flite/cst_phoneset.bi
include/freebasic/flite/cst_regex.bi
include/freebasic/flite/cst_relation.bi
include/freebasic/flite/cst_sigpr.bi
include/freebasic/flite/cst_socket.bi
include/freebasic/flite/cst_ss.bi
include/freebasic/flite/cst_string.bi
include/freebasic/flite/cst_sts.bi
include/freebasic/flite/cst_synth.bi
include/freebasic/flite/cst_tokenstream.bi
include/freebasic/flite/cst_track.bi
include/freebasic/flite/cst_units.bi
include/freebasic/flite/cst_utt_utils.bi
include/freebasic/flite/cst_utterance.bi
include/freebasic/flite/cst_val.bi
include/freebasic/flite/cst_val_const.bi
include/freebasic/flite/cst_val_defs.bi
include/freebasic/flite/cst_viterbi.bi
include/freebasic/flite/cst_voice.bi
include/freebasic/flite/cst_wave.bi
include/freebasic/flite/cst_wchar.bi
include/freebasic/flite/flite.bi
include/freebasic/fmod.bi
include/freebasic/fontconfig/fcfreetype.bi
include/freebasic/fontconfig/fontconfig.bi
include/freebasic/freetype2/config/ftconfig.bi
include/freebasic/freetype2/config/ftoption.bi
include/freebasic/freetype2/config/ftstdlib.bi
include/freebasic/freetype2/freetype.bi
include/freebasic/freetype2/fterrors.bi
include/freebasic/freetype2/ftimage.bi
include/freebasic/freetype2/ftmoderr.bi
include/freebasic/freetype2/ftsystem.bi
include/freebasic/freetype2/fttypes.bi
include/freebasic/gd.bi
include/freebasic/gdbm.bi
include/freebasic/gdk-pixbuf/gdk-pixbuf.bi
include/freebasic/gdk/gdk.bi
include/freebasic/gdk/gdk2.bi
include/freebasic/gdk/gdk3.bi
include/freebasic/gdsl/_gdsl_bintree.bi
include/freebasic/gdsl/_gdsl_bstree.bi
include/freebasic/gdsl/_gdsl_list.bi
include/freebasic/gdsl/_gdsl_node.bi
include/freebasic/gdsl/gdsl.bi
include/freebasic/gdsl/gdsl_2darray.bi
include/freebasic/gdsl/gdsl_bstree.bi
include/freebasic/gdsl/gdsl_hash.bi
include/freebasic/gdsl/gdsl_heap.bi
include/freebasic/gdsl/gdsl_interval_heap.bi
include/freebasic/gdsl/gdsl_list.bi
include/freebasic/gdsl/gdsl_macros.bi
include/freebasic/gdsl/gdsl_perm.bi
include/freebasic/gdsl/gdsl_queue.bi
include/freebasic/gdsl/gdsl_rbtree.bi
include/freebasic/gdsl/gdsl_sort.bi
include/freebasic/gdsl/gdsl_stack.bi
include/freebasic/gdsl/gdsl_types.bi
include/freebasic/gettext-po.bi
include/freebasic/gif_lib.bi
include/freebasic/gif_lib4.bi
include/freebasic/gif_lib5.bi
include/freebasic/gio/gio.bi
include/freebasic/glade/glade-build.bi
include/freebasic/glade/glade-init.bi
include/freebasic/glade/glade-parser.bi
include/freebasic/glade/glade-xml.bi
include/freebasic/glade/glade.bi
include/freebasic/glib-object.bi
include/freebasic/glib.bi
include/freebasic/glibconfig.bi
include/freebasic/gmodule.bi
include/freebasic/gmp.bi
include/freebasic/goocanvas.bi
include/freebasic/grx/grx20.bi
include/freebasic/grx/grxkeys.bi
include/freebasic/gsl/gsl_blas.bi
include/freebasic/gsl/gsl_blas_types.bi
include/freebasic/gsl/gsl_block.bi
include/freebasic/gsl/gsl_block_char.bi
include/freebasic/gsl/gsl_block_complex_double.bi
include/freebasic/gsl/gsl_block_complex_float.bi
include/freebasic/gsl/gsl_block_complex_long_double.bi
include/freebasic/gsl/gsl_block_double.bi
include/freebasic/gsl/gsl_block_float.bi
include/freebasic/gsl/gsl_block_int.bi
include/freebasic/gsl/gsl_block_long.bi
include/freebasic/gsl/gsl_block_long_double.bi
include/freebasic/gsl/gsl_block_short.bi
include/freebasic/gsl/gsl_block_uchar.bi
include/freebasic/gsl/gsl_block_uint.bi
include/freebasic/gsl/gsl_block_ulong.bi
include/freebasic/gsl/gsl_block_ushort.bi
include/freebasic/gsl/gsl_bspline.bi
include/freebasic/gsl/gsl_cblas.bi
include/freebasic/gsl/gsl_cdf.bi
include/freebasic/gsl/gsl_chebyshev.bi
include/freebasic/gsl/gsl_check_range.bi
include/freebasic/gsl/gsl_combination.bi
include/freebasic/gsl/gsl_complex.bi
include/freebasic/gsl/gsl_complex_math.bi
include/freebasic/gsl/gsl_const.bi
include/freebasic/gsl/gsl_const_cgs.bi
include/freebasic/gsl/gsl_const_cgsm.bi
include/freebasic/gsl/gsl_const_mks.bi
include/freebasic/gsl/gsl_const_mksa.bi
include/freebasic/gsl/gsl_const_num.bi
include/freebasic/gsl/gsl_deriv.bi
include/freebasic/gsl/gsl_dft_complex.bi
include/freebasic/gsl/gsl_dft_complex_float.bi
include/freebasic/gsl/gsl_dht.bi
include/freebasic/gsl/gsl_diff.bi
include/freebasic/gsl/gsl_eigen.bi
include/freebasic/gsl/gsl_errno.bi
include/freebasic/gsl/gsl_fft.bi
include/freebasic/gsl/gsl_fft_complex.bi
include/freebasic/gsl/gsl_fft_complex_float.bi
include/freebasic/gsl/gsl_fft_halfcomplex.bi
include/freebasic/gsl/gsl_fft_halfcomplex_float.bi
include/freebasic/gsl/gsl_fft_real.bi
include/freebasic/gsl/gsl_fft_real_float.bi
include/freebasic/gsl/gsl_fit.bi
include/freebasic/gsl/gsl_heapsort.bi
include/freebasic/gsl/gsl_histogram.bi
include/freebasic/gsl/gsl_histogram2d.bi
include/freebasic/gsl/gsl_ieee_utils.bi
include/freebasic/gsl/gsl_inline.bi
include/freebasic/gsl/gsl_integration.bi
include/freebasic/gsl/gsl_interp.bi
include/freebasic/gsl/gsl_linalg.bi
include/freebasic/gsl/gsl_machine.bi
include/freebasic/gsl/gsl_math.bi
include/freebasic/gsl/gsl_matrix.bi
include/freebasic/gsl/gsl_matrix_char.bi
include/freebasic/gsl/gsl_matrix_complex_double.bi
include/freebasic/gsl/gsl_matrix_complex_float.bi
include/freebasic/gsl/gsl_matrix_complex_long_double.bi
include/freebasic/gsl/gsl_matrix_double.bi
include/freebasic/gsl/gsl_matrix_float.bi
include/freebasic/gsl/gsl_matrix_int.bi
include/freebasic/gsl/gsl_matrix_long.bi
include/freebasic/gsl/gsl_matrix_long_double.bi
include/freebasic/gsl/gsl_matrix_short.bi
include/freebasic/gsl/gsl_matrix_uchar.bi
include/freebasic/gsl/gsl_matrix_uint.bi
include/freebasic/gsl/gsl_matrix_ulong.bi
include/freebasic/gsl/gsl_matrix_ushort.bi
include/freebasic/gsl/gsl_message.bi
include/freebasic/gsl/gsl_min.bi
include/freebasic/gsl/gsl_minmax.bi
include/freebasic/gsl/gsl_mode.bi
include/freebasic/gsl/gsl_monte.bi
include/freebasic/gsl/gsl_monte_miser.bi
include/freebasic/gsl/gsl_monte_plain.bi
include/freebasic/gsl/gsl_monte_vegas.bi
include/freebasic/gsl/gsl_multifit.bi
include/freebasic/gsl/gsl_multifit_nlin.bi
include/freebasic/gsl/gsl_multimin.bi
include/freebasic/gsl/gsl_multiroots.bi
include/freebasic/gsl/gsl_multiset.bi
include/freebasic/gsl/gsl_nan.bi
include/freebasic/gsl/gsl_ntuple.bi
include/freebasic/gsl/gsl_odeiv.bi
include/freebasic/gsl/gsl_odeiv2.bi
include/freebasic/gsl/gsl_permutation.bi
include/freebasic/gsl/gsl_permute.bi
include/freebasic/gsl/gsl_permute_char.bi
include/freebasic/gsl/gsl_permute_complex_double.bi
include/freebasic/gsl/gsl_permute_complex_float.bi
include/freebasic/gsl/gsl_permute_complex_long_double.bi
include/freebasic/gsl/gsl_permute_double.bi
include/freebasic/gsl/gsl_permute_float.bi
include/freebasic/gsl/gsl_permute_int.bi
include/freebasic/gsl/gsl_permute_long.bi
include/freebasic/gsl/gsl_permute_long_double.bi
include/freebasic/gsl/gsl_permute_short.bi
include/freebasic/gsl/gsl_permute_uchar.bi
include/freebasic/gsl/gsl_permute_uint.bi
include/freebasic/gsl/gsl_permute_ulong.bi
include/freebasic/gsl/gsl_permute_ushort.bi
include/freebasic/gsl/gsl_permute_vector.bi
include/freebasic/gsl/gsl_permute_vector_char.bi
include/freebasic/gsl/gsl_permute_vector_complex_double.bi
include/freebasic/gsl/gsl_permute_vector_complex_float.bi
include/freebasic/gsl/gsl_permute_vector_complex_long_double.bi
include/freebasic/gsl/gsl_permute_vector_double.bi
include/freebasic/gsl/gsl_permute_vector_float.bi
include/freebasic/gsl/gsl_permute_vector_int.bi
include/freebasic/gsl/gsl_permute_vector_long.bi
include/freebasic/gsl/gsl_permute_vector_long_double.bi
include/freebasic/gsl/gsl_permute_vector_short.bi
include/freebasic/gsl/gsl_permute_vector_uchar.bi
include/freebasic/gsl/gsl_permute_vector_uint.bi
include/freebasic/gsl/gsl_permute_vector_ulong.bi
include/freebasic/gsl/gsl_permute_vector_ushort.bi
include/freebasic/gsl/gsl_poly.bi
include/freebasic/gsl/gsl_pow_int.bi
include/freebasic/gsl/gsl_precision.bi
include/freebasic/gsl/gsl_qrng.bi
include/freebasic/gsl/gsl_randist.bi
include/freebasic/gsl/gsl_rng.bi
include/freebasic/gsl/gsl_roots.bi
include/freebasic/gsl/gsl_sf.bi
include/freebasic/gsl/gsl_sf_airy.bi
include/freebasic/gsl/gsl_sf_bessel.bi
include/freebasic/gsl/gsl_sf_clausen.bi
include/freebasic/gsl/gsl_sf_coulomb.bi
include/freebasic/gsl/gsl_sf_coupling.bi
include/freebasic/gsl/gsl_sf_dawson.bi
include/freebasic/gsl/gsl_sf_debye.bi
include/freebasic/gsl/gsl_sf_dilog.bi
include/freebasic/gsl/gsl_sf_elementary.bi
include/freebasic/gsl/gsl_sf_ellint.bi
include/freebasic/gsl/gsl_sf_elljac.bi
include/freebasic/gsl/gsl_sf_erf.bi
include/freebasic/gsl/gsl_sf_exp.bi
include/freebasic/gsl/gsl_sf_expint.bi
include/freebasic/gsl/gsl_sf_fermi_dirac.bi
include/freebasic/gsl/gsl_sf_gamma.bi
include/freebasic/gsl/gsl_sf_gegenbauer.bi
include/freebasic/gsl/gsl_sf_hyperg.bi
include/freebasic/gsl/gsl_sf_laguerre.bi
include/freebasic/gsl/gsl_sf_lambert.bi
include/freebasic/gsl/gsl_sf_legendre.bi
include/freebasic/gsl/gsl_sf_log.bi
include/freebasic/gsl/gsl_sf_mathieu.bi
include/freebasic/gsl/gsl_sf_pow_int.bi
include/freebasic/gsl/gsl_sf_psi.bi
include/freebasic/gsl/gsl_sf_result.bi
include/freebasic/gsl/gsl_sf_synchrotron.bi
include/freebasic/gsl/gsl_sf_transport.bi
include/freebasic/gsl/gsl_sf_trig.bi
include/freebasic/gsl/gsl_sf_zeta.bi
include/freebasic/gsl/gsl_siman.bi
include/freebasic/gsl/gsl_sort.bi
include/freebasic/gsl/gsl_sort_char.bi
include/freebasic/gsl/gsl_sort_double.bi
include/freebasic/gsl/gsl_sort_float.bi
include/freebasic/gsl/gsl_sort_int.bi
include/freebasic/gsl/gsl_sort_long.bi
include/freebasic/gsl/gsl_sort_long_double.bi
include/freebasic/gsl/gsl_sort_short.bi
include/freebasic/gsl/gsl_sort_uchar.bi
include/freebasic/gsl/gsl_sort_uint.bi
include/freebasic/gsl/gsl_sort_ulong.bi
include/freebasic/gsl/gsl_sort_ushort.bi
include/freebasic/gsl/gsl_sort_vector.bi
include/freebasic/gsl/gsl_sort_vector_char.bi
include/freebasic/gsl/gsl_sort_vector_double.bi
include/freebasic/gsl/gsl_sort_vector_float.bi
include/freebasic/gsl/gsl_sort_vector_int.bi
include/freebasic/gsl/gsl_sort_vector_long.bi
include/freebasic/gsl/gsl_sort_vector_long_double.bi
include/freebasic/gsl/gsl_sort_vector_short.bi
include/freebasic/gsl/gsl_sort_vector_uchar.bi
include/freebasic/gsl/gsl_sort_vector_uint.bi
include/freebasic/gsl/gsl_sort_vector_ulong.bi
include/freebasic/gsl/gsl_sort_vector_ushort.bi
include/freebasic/gsl/gsl_specfunc.bi
include/freebasic/gsl/gsl_spline.bi
include/freebasic/gsl/gsl_statistics.bi
include/freebasic/gsl/gsl_statistics_char.bi
include/freebasic/gsl/gsl_statistics_double.bi
include/freebasic/gsl/gsl_statistics_float.bi
include/freebasic/gsl/gsl_statistics_int.bi
include/freebasic/gsl/gsl_statistics_long.bi
include/freebasic/gsl/gsl_statistics_long_double.bi
include/freebasic/gsl/gsl_statistics_short.bi
include/freebasic/gsl/gsl_statistics_uchar.bi
include/freebasic/gsl/gsl_statistics_uint.bi
include/freebasic/gsl/gsl_statistics_ulong.bi
include/freebasic/gsl/gsl_statistics_ushort.bi
include/freebasic/gsl/gsl_sum.bi
include/freebasic/gsl/gsl_sys.bi
include/freebasic/gsl/gsl_test.bi
include/freebasic/gsl/gsl_types.bi
include/freebasic/gsl/gsl_vector.bi
include/freebasic/gsl/gsl_vector_char.bi
include/freebasic/gsl/gsl_vector_complex.bi
include/freebasic/gsl/gsl_vector_complex_double.bi
include/freebasic/gsl/gsl_vector_complex_float.bi
include/freebasic/gsl/gsl_vector_complex_long_double.bi
include/freebasic/gsl/gsl_vector_double.bi
include/freebasic/gsl/gsl_vector_float.bi
include/freebasic/gsl/gsl_vector_int.bi
include/freebasic/gsl/gsl_vector_long.bi
include/freebasic/gsl/gsl_vector_long_double.bi
include/freebasic/gsl/gsl_vector_short.bi
include/freebasic/gsl/gsl_vector_uchar.bi
include/freebasic/gsl/gsl_vector_uint.bi
include/freebasic/gsl/gsl_vector_ulong.bi
include/freebasic/gsl/gsl_vector_ushort.bi
include/freebasic/gsl/gsl_version.bi
include/freebasic/gsl/gsl_wavelet.bi
include/freebasic/gsl/gsl_wavelet2d.bi
include/freebasic/gtk/gtk.bi
include/freebasic/gtk/gtk2.bi
include/freebasic/gtk/gtk3.bi
include/freebasic/gtkgl/gdkgl.bi
include/freebasic/gtkgl/gdkglext.bi
include/freebasic/gtkgl/gtkgl.bi
include/freebasic/gtkgl/gtkglext.bi
include/freebasic/im/im.bi
include/freebasic/im/im_attrib_flat.bi
include/freebasic/im/im_binfile.bi
include/freebasic/im/im_capture.bi
include/freebasic/im/im_colorhsi.bi
include/freebasic/im/im_convert.bi
include/freebasic/im/im_counter.bi
include/freebasic/im/im_dib.bi
include/freebasic/im/im_file.bi
include/freebasic/im/im_format_all.bi
include/freebasic/im/im_format_avi.bi
include/freebasic/im/im_format_ecw.bi
include/freebasic/im/im_format_jp2.bi
include/freebasic/im/im_format_raw.bi
include/freebasic/im/im_format_wmv.bi
include/freebasic/im/im_image.bi
include/freebasic/im/im_kernel.bi
include/freebasic/im/im_lib.bi
include/freebasic/im/im_palette.bi
include/freebasic/im/im_process.bi
include/freebasic/im/im_process_ana.bi
include/freebasic/im/im_process_glo.bi
include/freebasic/im/im_process_loc.bi
include/freebasic/im/im_process_pnt.bi
include/freebasic/im/im_raw.bi
include/freebasic/im/im_util.bi
include/freebasic/im/imlua.bi
include/freebasic/im/old_im.bi
include/freebasic/japi.bi
include/freebasic/jit.bi
include/freebasic/jni.bi
include/freebasic/jpeglib.bi
include/freebasic/jpgalleg.bi
include/freebasic/json-c/arraylist.bi
include/freebasic/json-c/bits.bi
include/freebasic/json-c/debug.bi
include/freebasic/json-c/json.bi
include/freebasic/json-c/json_c_version.bi
include/freebasic/json-c/json_object.bi
include/freebasic/json-c/json_object_iterator.bi
include/freebasic/json-c/json_object_private.bi
include/freebasic/json-c/json_tokener.bi
include/freebasic/json-c/json_util.bi
include/freebasic/json-c/linkhash.bi
include/freebasic/json-c/printbuf.bi
include/freebasic/json-c/random_seed.bi
include/freebasic/libart_lgpl/art_affine.bi
include/freebasic/libart_lgpl/art_alphagamma.bi
include/freebasic/libart_lgpl/art_bpath.bi
include/freebasic/libart_lgpl/art_config.bi
include/freebasic/libart_lgpl/art_filterlevel.bi
include/freebasic/libart_lgpl/art_gray_svp.bi
include/freebasic/libart_lgpl/art_misc.bi
include/freebasic/libart_lgpl/art_pathcode.bi
include/freebasic/libart_lgpl/art_pixbuf.bi
include/freebasic/libart_lgpl/art_point.bi
include/freebasic/libart_lgpl/art_rect.bi
include/freebasic/libart_lgpl/art_rect_svp.bi
include/freebasic/libart_lgpl/art_rect_uta.bi
include/freebasic/libart_lgpl/art_rgb.bi
include/freebasic/libart_lgpl/art_rgb_affine.bi
include/freebasic/libart_lgpl/art_rgb_bitmap_affine.bi
include/freebasic/libart_lgpl/art_rgb_pixbuf_affine.bi
include/freebasic/libart_lgpl/art_rgb_rgba_affine.bi
include/freebasic/libart_lgpl/art_rgb_svp.bi
include/freebasic/libart_lgpl/art_svp.bi
include/freebasic/libart_lgpl/art_svp_ops.bi
include/freebasic/libart_lgpl/art_svp_point.bi
include/freebasic/libart_lgpl/art_svp_render_aa.bi
include/freebasic/libart_lgpl/art_svp_vpath.bi
include/freebasic/libart_lgpl/art_svp_vpath_stroke.bi
include/freebasic/libart_lgpl/art_svp_wind.bi
include/freebasic/libart_lgpl/art_uta.bi
include/freebasic/libart_lgpl/art_uta_ops.bi
include/freebasic/libart_lgpl/art_uta_rect.bi
include/freebasic/libart_lgpl/art_uta_svp.bi
include/freebasic/libart_lgpl/art_uta_vpath.bi
include/freebasic/libart_lgpl/art_vpath.bi
include/freebasic/libart_lgpl/art_vpath_bpath.bi
include/freebasic/libart_lgpl/art_vpath_dash.bi
include/freebasic/libart_lgpl/art_vpath_svp.bi
include/freebasic/libart_lgpl/libart-features.bi
include/freebasic/libart_lgpl/libart.bi
include/freebasic/libexslt/exslt.bi
include/freebasic/libexslt/exsltconfig.bi
include/freebasic/libexslt/exsltexports.bi
include/freebasic/libexslt/libexslt.bi
include/freebasic/libiconv.bi
include/freebasic/libintl.bi
include/freebasic/libxml/DOCBparser.bi
include/freebasic/libxml/HTMLparser.bi
include/freebasic/libxml/HTMLtree.bi
include/freebasic/libxml/SAX.bi
include/freebasic/libxml/SAX2.bi
include/freebasic/libxml/c14n.bi
include/freebasic/libxml/catalog.bi
include/freebasic/libxml/chvalid.bi
include/freebasic/libxml/debugXML.bi
include/freebasic/libxml/dict.bi
include/freebasic/libxml/encoding.bi
include/freebasic/libxml/entities.bi
include/freebasic/libxml/globals.bi
include/freebasic/libxml/hash.bi
include/freebasic/libxml/list.bi
include/freebasic/libxml/nanoftp.bi
include/freebasic/libxml/nanohttp.bi
include/freebasic/libxml/parser.bi
include/freebasic/libxml/parserInternals.bi
include/freebasic/libxml/pattern.bi
include/freebasic/libxml/relaxng.bi
include/freebasic/libxml/schemasInternals.bi
include/freebasic/libxml/schematron.bi
include/freebasic/libxml/threads.bi
include/freebasic/libxml/tree.bi
include/freebasic/libxml/uri.bi
include/freebasic/libxml/valid.bi
include/freebasic/libxml/xinclude.bi
include/freebasic/libxml/xlink.bi
include/freebasic/libxml/xmlIO.bi
include/freebasic/libxml/xmlautomata.bi
include/freebasic/libxml/xmlerror.bi
include/freebasic/libxml/xmlexports.bi
include/freebasic/libxml/xmlmemory.bi
include/freebasic/libxml/xmlmodule.bi
include/freebasic/libxml/xmlreader.bi
include/freebasic/libxml/xmlregexp.bi
include/freebasic/libxml/xmlsave.bi
include/freebasic/libxml/xmlschemas.bi
include/freebasic/libxml/xmlschemastypes.bi
include/freebasic/libxml/xmlstring.bi
include/freebasic/libxml/xmlunicode.bi
include/freebasic/libxml/xmlversion.bi
include/freebasic/libxml/xmlwriter.bi
include/freebasic/libxml/xpath.bi
include/freebasic/libxml/xpathInternals.bi
include/freebasic/libxml/xpointer.bi
include/freebasic/libxslt/attributes.bi
include/freebasic/libxslt/documents.bi
include/freebasic/libxslt/extensions.bi
include/freebasic/libxslt/extra.bi
include/freebasic/libxslt/functions.bi
include/freebasic/libxslt/imports.bi
include/freebasic/libxslt/keys.bi
include/freebasic/libxslt/libxslt.bi
include/freebasic/libxslt/namespaces.bi
include/freebasic/libxslt/numbersInternals.bi
include/freebasic/libxslt/pattern.bi
include/freebasic/libxslt/preproc.bi
include/freebasic/libxslt/security.bi
include/freebasic/libxslt/templates.bi
include/freebasic/libxslt/transform.bi
include/freebasic/libxslt/trio.bi
include/freebasic/libxslt/triodef.bi
include/freebasic/libxslt/variables.bi
include/freebasic/libxslt/win32config.bi
include/freebasic/libxslt/xslt.bi
include/freebasic/libxslt/xsltInternals.bi
include/freebasic/libxslt/xsltconfig.bi
include/freebasic/libxslt/xsltexports.bi
include/freebasic/libxslt/xsltlocale.bi
include/freebasic/libxslt/xsltutils.bi
include/freebasic/libxslt/xsltwin32config.bi
include/freebasic/llvm-c.bi
include/freebasic/lzma.bi
include/freebasic/lzo/lzo1.bi
include/freebasic/lzo/lzo1a.bi
include/freebasic/lzo/lzo1b.bi
include/freebasic/lzo/lzo1c.bi
include/freebasic/lzo/lzo1f.bi
include/freebasic/lzo/lzo1x.bi
include/freebasic/lzo/lzo1y.bi
include/freebasic/lzo/lzo1z.bi
include/freebasic/lzo/lzo2a.bi
include/freebasic/lzo/lzo_asm.bi
include/freebasic/lzo/lzoconf.bi
include/freebasic/lzo/lzodefs.bi
include/freebasic/lzo/lzoutil.bi
include/freebasic/modplug.bi
include/freebasic/mpg123.bi
include/freebasic/mxml.bi
include/freebasic/mysql/my_alloc.bi
include/freebasic/mysql/mysql.bi
include/freebasic/mysql/mysql_com.bi
include/freebasic/mysql/mysql_version.bi
include/freebasic/ode/ode.bi
include/freebasic/ogg/ogg.bi
include/freebasic/pango/pango.bi
include/freebasic/pango/pangocairo.bi
include/freebasic/pcre-common.bi
include/freebasic/pcre.bi
include/freebasic/pcre16.bi
include/freebasic/pcre2.bi
include/freebasic/pcre2posix.bi
include/freebasic/pcre32.bi
include/freebasic/pcreposix.bi
include/freebasic/pdflib.bi
include/freebasic/png.bi
include/freebasic/png12.bi
include/freebasic/png14.bi
include/freebasic/png15.bi
include/freebasic/png16.bi
include/freebasic/portaudio.bi
include/freebasic/postgresql/libpq-fe.bi
include/freebasic/postgresql/postgres_ext.bi
include/freebasic/pspell.bi
include/freebasic/quicklz.bi
include/freebasic/raylib.bi
include/freebasic/raymath.bi
include/freebasic/regex.bi
include/freebasic/sndfile.bi
include/freebasic/soloud_c.bi
include/freebasic/spidermonkey/jsapi.bi
include/freebasic/spidermonkey/jscompat.bi
include/freebasic/spidermonkey/jscpucfg.bi
include/freebasic/spidermonkey/jslong.bi
include/freebasic/spidermonkey/jsosdep.bi
include/freebasic/spidermonkey/jsotypes.bi
include/freebasic/spidermonkey/jspubtd.bi
include/freebasic/spidermonkey/jstypes.bi
include/freebasic/sqlite2.bi
include/freebasic/sqlite3.bi
include/freebasic/sqlite3ext.bi
include/freebasic/string.bi
include/freebasic/tinyptc.bi
include/freebasic/tre/regex.bi
include/freebasic/tre/tre.bi
include/freebasic/utf_conv.bi
include/freebasic/uuid.bi
include/freebasic/vbcompat.bi
include/freebasic/vlc/deprecated.bi
include/freebasic/vlc/libvlc.bi
include/freebasic/vlc/libvlc_events.bi
include/freebasic/vlc/libvlc_media.bi
include/freebasic/vlc/libvlc_media_discoverer.bi
include/freebasic/vlc/libvlc_media_library.bi
include/freebasic/vlc/libvlc_media_list.bi
include/freebasic/vlc/libvlc_media_list_player.bi
include/freebasic/vlc/libvlc_media_player.bi
include/freebasic/vlc/libvlc_structures.bi
include/freebasic/vlc/libvlc_version.bi
include/freebasic/vlc/libvlc_vlm.bi
include/freebasic/vlc/vlc.bi
include/freebasic/vorbis/codec.bi
include/freebasic/vorbis/vorbisenc.bi
include/freebasic/vorbis/vorbisfile.bi
include/freebasic/win/GdiPlus.bi
include/freebasic/win/GdiplusBase.bi
include/freebasic/win/GdiplusColor.bi
include/freebasic/win/GdiplusColorMatrix.bi
include/freebasic/win/GdiplusEnums.bi
include/freebasic/win/GdiplusFlat.bi
include/freebasic/win/GdiplusGpStubs.bi
include/freebasic/win/GdiplusHeaders.bi
include/freebasic/win/GdiplusImaging.bi
include/freebasic/win/GdiplusInit.bi
include/freebasic/win/GdiplusMem.bi
include/freebasic/win/GdiplusMetaHeader.bi
include/freebasic/win/GdiplusPixelFormats.bi
include/freebasic/win/GdiplusTypes.bi
include/freebasic/win/_bsd_types.bi
include/freebasic/win/_mingw.bi
include/freebasic/win/_mingw_unicode.bi
include/freebasic/win/accctrl.bi
include/freebasic/win/aclapi.bi
include/freebasic/win/aclui.bi
include/freebasic/win/adtgen.bi
include/freebasic/win/amaudio.bi
include/freebasic/win/amvideo.bi
include/freebasic/win/apiset.bi
include/freebasic/win/audevcod.bi
include/freebasic/win/authz.bi
include/freebasic/win/basetsd.bi
include/freebasic/win/basetyps.bi
include/freebasic/win/bcrypt.bi
include/freebasic/win/cderr.bi
include/freebasic/win/cguid.bi
include/freebasic/win/combaseapi.bi
include/freebasic/win/comcat.bi
include/freebasic/win/commctrl.bi
include/freebasic/win/commdlg.bi
include/freebasic/win/control.bi
include/freebasic/win/cpl.bi
include/freebasic/win/cplext.bi
include/freebasic/win/crtdefs.bi
include/freebasic/win/custcntl.bi
include/freebasic/win/d3d.bi
include/freebasic/win/d3d9.bi
include/freebasic/win/d3d9caps.bi
include/freebasic/win/d3d9types.bi
include/freebasic/win/d3dcaps.bi
include/freebasic/win/d3drm.bi
include/freebasic/win/d3drmdef.bi
include/freebasic/win/d3drmobj.bi
include/freebasic/win/d3dtypes.bi
include/freebasic/win/d3dx9.bi
include/freebasic/win/d3dx9anim.bi
include/freebasic/win/d3dx9core.bi
include/freebasic/win/d3dx9effect.bi
include/freebasic/win/d3dx9math.bi
include/freebasic/win/d3dx9mesh.bi
include/freebasic/win/d3dx9shader.bi
include/freebasic/win/d3dx9shape.bi
include/freebasic/win/d3dx9tex.bi
include/freebasic/win/d3dx9xof.bi
include/freebasic/win/dbt.bi
include/freebasic/win/dde.bi
include/freebasic/win/ddeml.bi
include/freebasic/win/ddk/ddk_ntstatus.bi
include/freebasic/win/ddk/mmddk.bi
include/freebasic/win/ddk/winddk.bi
include/freebasic/win/ddraw.bi
include/freebasic/win/devpkey.bi
include/freebasic/win/devpropdef.bi
include/freebasic/win/dimm.bi
include/freebasic/win/dinput.bi
include/freebasic/win/dlgs.bi
include/freebasic/win/dls1.bi
include/freebasic/win/dmdls.bi
include/freebasic/win/dmerror.bi
include/freebasic/win/dmplugin.bi
include/freebasic/win/dmusbuff.bi
include/freebasic/win/dmusicc.bi
include/freebasic/win/dmusicf.bi
include/freebasic/win/dmusici.bi
include/freebasic/win/dmusics.bi
include/freebasic/win/docobj.bi
include/freebasic/win/dpaddr.bi
include/freebasic/win/dplay.bi
include/freebasic/win/dplay8.bi
include/freebasic/win/dplobby.bi
include/freebasic/win/dplobby8.bi
include/freebasic/win/dshow.bi
include/freebasic/win/dsound.bi
include/freebasic/win/dvdevcod.bi
include/freebasic/win/dxerr8.bi
include/freebasic/win/dxerr9.bi
include/freebasic/win/edevdefs.bi
include/freebasic/win/errors.bi
include/freebasic/win/evcode.bi
include/freebasic/win/exdisp.bi
include/freebasic/win/gdiplus-c.bi
include/freebasic/win/guiddef.bi
include/freebasic/win/ifdef.bi
include/freebasic/win/imagehlp.bi
include/freebasic/win/imm.bi
include/freebasic/win/in6addr.bi
include/freebasic/win/inaddr.bi
include/freebasic/win/initguid.bi
include/freebasic/win/intrin.bi
include/freebasic/win/intshcut.bi
include/freebasic/win/ipexport.bi
include/freebasic/win/iphlpapi.bi
include/freebasic/win/ipifcons.bi
include/freebasic/win/ipmib.bi
include/freebasic/win/iprtrmib.bi
include/freebasic/win/iptypes.bi
include/freebasic/win/isguids.bi
include/freebasic/win/knownfolders.bi
include/freebasic/win/ktmtypes.bi
include/freebasic/win/lmcons.bi
include/freebasic/win/lzexpand.bi
include/freebasic/win/mapi.bi
include/freebasic/win/mcx.bi
include/freebasic/win/mgmtapi.bi
include/freebasic/win/mmreg.bi
include/freebasic/win/mmsystem.bi
include/freebasic/win/mprapi.bi
include/freebasic/win/msacm.bi
include/freebasic/win/mshtmhst.bi
include/freebasic/win/mshtml.bi
include/freebasic/win/mshtmlc.bi
include/freebasic/win/mstcpip.bi
include/freebasic/win/mswsock.bi
include/freebasic/win/msxml.bi
include/freebasic/win/naptypes.bi
include/freebasic/win/nb30.bi
include/freebasic/win/ncrypt.bi
include/freebasic/win/netioapi.bi
include/freebasic/win/nldef.bi
include/freebasic/win/nspapi.bi
include/freebasic/win/ntddndis.bi
include/freebasic/win/ntdef.bi
include/freebasic/win/ntsecapi.bi
include/freebasic/win/ntsecpkg.bi
include/freebasic/win/oaidl.bi
include/freebasic/win/objbase.bi
include/freebasic/win/objectarray.bi
include/freebasic/win/objidl.bi
include/freebasic/win/objidlbase.bi
include/freebasic/win/objsafe.bi
include/freebasic/win/ocidl.bi
include/freebasic/win/odbcinst.bi
include/freebasic/win/ole-common.bi
include/freebasic/win/ole.bi
include/freebasic/win/ole2.bi
include/freebasic/win/oleacc.bi
include/freebasic/win/oleauto.bi
include/freebasic/win/olectl.bi
include/freebasic/win/olectlid.bi
include/freebasic/win/oledlg.bi
include/freebasic/win/oleidl.bi
include/freebasic/win/pciprop.bi
include/freebasic/win/portabledeviceconnectapi.bi
include/freebasic/win/powrprof.bi
include/freebasic/win/profinfo.bi
include/freebasic/win/propidl.bi
include/freebasic/win/propkeydef.bi
include/freebasic/win/propsys.bi
include/freebasic/win/prsht.bi
include/freebasic/win/psapi.bi
include/freebasic/win/qos.bi
include/freebasic/win/ras.bi
include/freebasic/win/rasdlg.bi
include/freebasic/win/raserror.bi
include/freebasic/win/rassapi.bi
include/freebasic/win/rc/commctrl.h
include/freebasic/win/rc/dde.h
include/freebasic/win/rc/dlgs.h
include/freebasic/win/rc/prsht.h
include/freebasic/win/rc/windows.h
include/freebasic/win/rc/winerror.h
include/freebasic/win/rc/winnt.h
include/freebasic/win/rc/winuser.h
include/freebasic/win/rc/winver.h
include/freebasic/win/reason.bi
include/freebasic/win/regstr.bi
include/freebasic/win/richedit.bi
include/freebasic/win/richole.bi
include/freebasic/win/rpc.bi
include/freebasic/win/rpcasync.bi
include/freebasic/win/rpcdce.bi
include/freebasic/win/rpcdcep.bi
include/freebasic/win/rpcndr.bi
include/freebasic/win/rpcnsi.bi
include/freebasic/win/rpcnsip.bi
include/freebasic/win/rpcnterr.bi
include/freebasic/win/schannel.bi
include/freebasic/win/schemadef.bi
include/freebasic/win/schnlsp.bi
include/freebasic/win/scrnsave.bi
include/freebasic/win/secext.bi
include/freebasic/win/security.bi
include/freebasic/win/servprov.bi
include/freebasic/win/setupapi.bi
include/freebasic/win/shellapi.bi
include/freebasic/win/sherrors.bi
include/freebasic/win/shldisp.bi
include/freebasic/win/shlguid.bi
include/freebasic/win/shlobj.bi
include/freebasic/win/shlwapi.bi
include/freebasic/win/shobjidl.bi
include/freebasic/win/shtypes.bi
include/freebasic/win/snmp.bi
include/freebasic/win/sql.bi
include/freebasic/win/sqlext.bi
include/freebasic/win/sqltypes.bi
include/freebasic/win/sqlucode.bi
include/freebasic/win/sspi.bi
include/freebasic/win/strmif.bi
include/freebasic/win/strsafe.bi
include/freebasic/win/structuredquerycondition.bi
include/freebasic/win/subauth.bi
include/freebasic/win/tcpestats.bi
include/freebasic/win/tcpmib.bi
include/freebasic/win/tlhelp32.bi
include/freebasic/win/tmschema.bi
include/freebasic/win/udpmib.bi
include/freebasic/win/unknwn.bi
include/freebasic/win/unknwnbase.bi
include/freebasic/win/urlmon.bi
include/freebasic/win/userenv.bi
include/freebasic/win/uuids.bi
include/freebasic/win/uxtheme.bi
include/freebasic/win/vfw.bi
include/freebasic/win/vfwmsgs.bi
include/freebasic/win/virtdisk.bi
include/freebasic/win/wbemcli.bi
include/freebasic/win/winapifamily.bi
include/freebasic/win/winbase.bi
include/freebasic/win/winber.bi
include/freebasic/win/wincon.bi
include/freebasic/win/wincrypt.bi
include/freebasic/win/windef.bi
include/freebasic/win/windns.bi
include/freebasic/win/windot11.bi
include/freebasic/win/windowsx.bi
include/freebasic/win/winefs.bi
include/freebasic/win/winerror.bi
include/freebasic/win/wingdi.bi
include/freebasic/win/wininet.bi
include/freebasic/win/winioctl.bi
include/freebasic/win/winldap.bi
include/freebasic/win/winnetwk.bi
include/freebasic/win/winnls.bi
include/freebasic/win/winnt.bi
include/freebasic/win/winperf.bi
include/freebasic/win/winreg.bi
include/freebasic/win/winscard.bi
include/freebasic/win/winsmcrd.bi
include/freebasic/win/winsnmp.bi
include/freebasic/win/winsock.bi
include/freebasic/win/winsock2.bi
include/freebasic/win/winspool.bi
include/freebasic/win/winsvc.bi
include/freebasic/win/wintrust.bi
include/freebasic/win/winuser.bi
include/freebasic/win/winver.bi
include/freebasic/win/wlantypes.bi
include/freebasic/win/ws2def.bi
include/freebasic/win/ws2ipdef.bi
include/freebasic/win/ws2spi.bi
include/freebasic/win/ws2tcpip.bi
include/freebasic/win/wsipx.bi
include/freebasic/win/wtypes.bi
include/freebasic/win/wtypesbase.bi
include/freebasic/windows.bi
include/freebasic/wx-c/accel.bi
include/freebasic/wx-c/activateevent.bi
include/freebasic/wx-c/app.bi
include/freebasic/wx-c/archive.bi
include/freebasic/wx-c/artprovider.bi
include/freebasic/wx-c/bitmap.bi
include/freebasic/wx-c/bitmapbutton.bi
include/freebasic/wx-c/boxsizer.bi
include/freebasic/wx-c/brush.bi
include/freebasic/wx-c/button.bi
include/freebasic/wx-c/calendarctrl.bi
include/freebasic/wx-c/caret.bi
include/freebasic/wx-c/checkbox.bi
include/freebasic/wx-c/childfocusevent.bi
include/freebasic/wx-c/choice.bi
include/freebasic/wx-c/choicedialog.bi
include/freebasic/wx-c/classes.bi
include/freebasic/wx-c/clientdata.bi
include/freebasic/wx-c/clipboard.bi
include/freebasic/wx-c/closeevent.bi
include/freebasic/wx-c/colour.bi
include/freebasic/wx-c/colourdialog.bi
include/freebasic/wx-c/combobox.bi
include/freebasic/wx-c/comboctrl.bi
include/freebasic/wx-c/commandevent.bi
include/freebasic/wx-c/common.bi
include/freebasic/wx-c/config.bi
include/freebasic/wx-c/contextmenuevent.bi
include/freebasic/wx-c/control.bi
include/freebasic/wx-c/controlwithitems.bi
include/freebasic/wx-c/cursor.bi
include/freebasic/wx-c/dataformat.bi
include/freebasic/wx-c/dataobject.bi
include/freebasic/wx-c/dc.bi
include/freebasic/wx-c/defs.bi
include/freebasic/wx-c/dialog.bi
include/freebasic/wx-c/dirdialog.bi
include/freebasic/wx-c/display.bi
include/freebasic/wx-c/displaychangedevent.bi
include/freebasic/wx-c/dnd.bi
include/freebasic/wx-c/docmanager.bi
include/freebasic/wx-c/doctemplate.bi
include/freebasic/wx-c/document.bi
include/freebasic/wx-c/eraseevent.bi
include/freebasic/wx-c/event.bi
include/freebasic/wx-c/evthandler.bi
include/freebasic/wx-c/filedialog.bi
include/freebasic/wx-c/filesys.bi
include/freebasic/wx-c/findreplacedialog.bi
include/freebasic/wx-c/flexgridsizer.bi
include/freebasic/wx-c/focusevent.bi
include/freebasic/wx-c/font.bi
include/freebasic/wx-c/fontdialog.bi
include/freebasic/wx-c/fontmisc.bi
include/freebasic/wx-c/frame.bi
include/freebasic/wx-c/gauge.bi
include/freebasic/wx-c/gdicmn.bi
include/freebasic/wx-c/gdiobject.bi
include/freebasic/wx-c/global.bi
include/freebasic/wx-c/grid.bi
include/freebasic/wx-c/gridbagsizer.bi
include/freebasic/wx-c/gridctrl.bi
include/freebasic/wx-c/gridsizer.bi
include/freebasic/wx-c/helpdata.bi
include/freebasic/wx-c/helpevent.bi
include/freebasic/wx-c/html.bi
include/freebasic/wx-c/htmlhelpctrl.bi
include/freebasic/wx-c/htmllbox.bi
include/freebasic/wx-c/icon.bi
include/freebasic/wx-c/iconizeevent.bi
include/freebasic/wx-c/idleevent.bi
include/freebasic/wx-c/image.bi
include/freebasic/wx-c/imagelist.bi
include/freebasic/wx-c/imghandler.bi
include/freebasic/wx-c/initdialogevent.bi
include/freebasic/wx-c/keyevent.bi
include/freebasic/wx-c/laywin.bi
include/freebasic/wx-c/listbook.bi
include/freebasic/wx-c/listbox.bi
include/freebasic/wx-c/listctrl.bi
include/freebasic/wx-c/locale.bi
include/freebasic/wx-c/log.bi
include/freebasic/wx-c/maximizeevent.bi
include/freebasic/wx-c/mdi.bi
include/freebasic/wx-c/memorydc.bi
include/freebasic/wx-c/menu.bi
include/freebasic/wx-c/menubar.bi
include/freebasic/wx-c/menuitem.bi
include/freebasic/wx-c/messagedialog.bi
include/freebasic/wx-c/miniframe.bi
include/freebasic/wx-c/mousecapturechangedevent.bi
include/freebasic/wx-c/mouseevent.bi
include/freebasic/wx-c/moveevent.bi
include/freebasic/wx-c/navigationkeyevent.bi
include/freebasic/wx-c/ncpaintevent.bi
include/freebasic/wx-c/notebook.bi
include/freebasic/wx-c/notebooksizer.bi
include/freebasic/wx-c/object.bi
include/freebasic/wx-c/paintevent.bi
include/freebasic/wx-c/palette.bi
include/freebasic/wx-c/palettechangedevent.bi
include/freebasic/wx-c/panel.bi
include/freebasic/wx-c/pen.bi
include/freebasic/wx-c/picker.bi
include/freebasic/wx-c/printdata.bi
include/freebasic/wx-c/printdialog.bi
include/freebasic/wx-c/printer.bi
include/freebasic/wx-c/printpreview.bi
include/freebasic/wx-c/progdlg.bi
include/freebasic/wx-c/querynewpaletteevent.bi
include/freebasic/wx-c/radiobox.bi
include/freebasic/wx-c/radiobutton.bi
include/freebasic/wx-c/reflectconfig.bi
include/freebasic/wx-c/region.bi
include/freebasic/wx-c/sashwindow.bi
include/freebasic/wx-c/scrollbar.bi
include/freebasic/wx-c/scrolledwindow.bi
include/freebasic/wx-c/setcursorevent.bi
include/freebasic/wx-c/showevent.bi
include/freebasic/wx-c/sizeevent.bi
include/freebasic/wx-c/sizer.bi
include/freebasic/wx-c/sizeritem.bi
include/freebasic/wx-c/slider.bi
include/freebasic/wx-c/spinbutton.bi
include/freebasic/wx-c/spinctrl.bi
include/freebasic/wx-c/splashscreen.bi
include/freebasic/wx-c/splitterwindow.bi
include/freebasic/wx-c/staticbitmap.bi
include/freebasic/wx-c/staticbox.bi
include/freebasic/wx-c/staticboxsizer.bi
include/freebasic/wx-c/staticline.bi
include/freebasic/wx-c/statictext.bi
include/freebasic/wx-c/statusbar.bi
include/freebasic/wx-c/styledtextctrl.bi
include/freebasic/wx-c/syscolourchangedevent.bi
include/freebasic/wx-c/systemsettings.bi
include/freebasic/wx-c/tabctrl.bi
include/freebasic/wx-c/taskbaricon.bi
include/freebasic/wx-c/textctrl.bi
include/freebasic/wx-c/textdialog.bi
include/freebasic/wx-c/tipdialog.bi
include/freebasic/wx-c/tipwindow.bi
include/freebasic/wx-c/togglebutton.bi
include/freebasic/wx-c/toolbar.bi
include/freebasic/wx-c/tooltip.bi
include/freebasic/wx-c/treectrl.bi
include/freebasic/wx-c/updateuievent.bi
include/freebasic/wx-c/validator.bi
include/freebasic/wx-c/view.bi
include/freebasic/wx-c/vlbox.bi
include/freebasic/wx-c/vscroll.bi
include/freebasic/wx-c/window.bi
include/freebasic/wx-c/windowcreateevent.bi
include/freebasic/wx-c/windowdestroyevent.bi
include/freebasic/wx-c/wizard.bi
include/freebasic/wx-c/wizardpagesimple.bi
include/freebasic/wx-c/wx.bi
include/freebasic/wx-c/wxdatetime.bi
include/freebasic/wx-c/wxstring.bi
include/freebasic/wx-c/xmlresource.bi
include/freebasic/xcb/bigreq.bi
include/freebasic/xcb/composite.bi
include/freebasic/xcb/damage.bi
include/freebasic/xcb/dpms.bi
include/freebasic/xcb/dri2.bi
include/freebasic/xcb/dri3.bi
include/freebasic/xcb/glx.bi
include/freebasic/xcb/present.bi
include/freebasic/xcb/randr.bi
include/freebasic/xcb/record.bi
include/freebasic/xcb/render.bi
include/freebasic/xcb/res.bi
include/freebasic/xcb/screensaver.bi
include/freebasic/xcb/shape.bi
include/freebasic/xcb/shm.bi
include/freebasic/xcb/sync.bi
include/freebasic/xcb/xc_misc.bi
include/freebasic/xcb/xcb.bi
include/freebasic/xcb/xcb_windefs.bi
include/freebasic/xcb/xcbext.bi
include/freebasic/xcb/xevie.bi
include/freebasic/xcb/xf86dri.bi
include/freebasic/xcb/xfixes.bi
include/freebasic/xcb/xinerama.bi
include/freebasic/xcb/xinput.bi
include/freebasic/xcb/xkb.bi
include/freebasic/xcb/xprint.bi
include/freebasic/xcb/xproto.bi
include/freebasic/xcb/xselinux.bi
include/freebasic/xcb/xtest.bi
include/freebasic/xcb/xv.bi
include/freebasic/xcb/xvmc.bi
include/freebasic/xmp.bi
include/freebasic/zip.bi
include/freebasic/zlib.bi
include/freebasic/zmq/zmq.bi
lib/freebasic/win32/fbextra.x
lib/freebasic/win32/fbrt0.o
lib/freebasic/win32/libfb.a
lib/freebasic/win32/libfbgfx.a
lib/freebasic/win32/libfbgfxmt.a
lib/freebasic/win32/libfbmt.a
