bin/dos/ar.exe
bin/dos/as.exe
bin/dos/dxe3gen.exe
bin/dos/gdb.exe
bin/dos/gprof.exe
bin/dos/ld.exe
changelog.txt
doc/fbc.1
doc/gpl.txt
doc/lgpl.txt
examples/DOS/isrtimer.bas
examples/DOS/modex.bas
examples/DOS/mouse.bas
examples/DOS/textbuff.bas
examples/DOS/vga13h.bas
examples/GUI/CGUI/hello.bas
examples/allocate.bas
examples/arrays.bas
examples/bitfield.bas
examples/byref-results.bas
examples/class.bas
examples/cmdline.bas
examples/compression/QuickLZ.bas
examples/compression/bz2compress.bas
examples/compression/libzip.bas
examples/compression/zlib.bas
examples/console/caca/cacaball.bas
examples/console/caca/cacaplas.bas
examples/console/color.bas
examples/console/curses/curses.bas
examples/console/disable-vt100-escapes.bas
examples/console/inkey.bas
examples/console/mouse.bas
examples/console/pcopy.bas
examples/console/tui.bas
examples/const.bas
examples/constructor.bas
examples/database/sqlite2_test.bas
examples/database/sqlite2_test.db
examples/database/sqlite3_test.bas
examples/database/sqlite3_test.db
examples/datatype.bas
examples/enum.bas
examples/fblogo.bmp
examples/fblogo.gif
examples/fblogo.jpg
examples/fblogo.png
examples/files/DevIL/copy.bas
examples/files/GD/gd.bas
examples/files/GIFLIB/loadgif.bas
examples/files/array.bas
examples/files/binary.bas
examples/files/input.bas
examples/files/jpeglib/color.jpg
examples/files/jpeglib/example.bas
examples/files/libpng/alpha.png
examples/files/libpng/color.png
examples/files/libpng/png.bas
examples/files/pipe.bas
examples/files/random.bas
examples/files/records.bas
examples/files/text.bas
examples/graphics/Allegro/dialog.bas
examples/graphics/Allegro/hello.bas
examples/graphics/Allegro/mouse.bas
examples/graphics/Allegro/stars.bas
examples/graphics/Allegro/timer.bas
examples/graphics/Allegro5/hello.bas
examples/graphics/depth.bas
examples/graphics/events.bas
examples/graphics/flame.bas
examples/graphics/getput.bas
examples/graphics/grx/grx.bas
examples/graphics/imageinfo.bas
examples/graphics/input.bas
examples/graphics/mt.bas
examples/graphics/qbsprite.bas
examples/graphics/tinyptc/mandbrot.bas
examples/graphics/tinyptc/ptc_test.bas
examples/graphics/tinyptc/rel-blob.bas
examples/graphics/tinyptc/rel-flower.bas
examples/graphics/tinyptc/rel-juliarings.bas
examples/graphics/tinyptc/rel-lens.bas
examples/graphics/tinyptc/rel-plasma.bas
examples/graphics/tinyptc/rel-sprites.bas
examples/graphics/tinyptc/rel-torus.bas
examples/hello.bas
examples/iterator.bas
examples/literals.bas
examples/loops.bas
examples/manual/array/clear.bas
examples/manual/array/ellipsis.bas
examples/manual/array/erase.bas
examples/manual/array/erase2.bas
examples/manual/array/erase3.bas
examples/manual/array/lbound.bas
examples/manual/array/len.bas
examples/manual/array/memcopy.bas
examples/manual/array/memcopyclear.bas
examples/manual/array/memmove.bas
examples/manual/array/preserve.bas
examples/manual/array/redim.bas
examples/manual/array/redim2d.bas
examples/manual/array/redim3.bas
examples/manual/array/size.bas
examples/manual/array/ubound.bas
examples/manual/array/ubound2.bas
examples/manual/array/ubound3.bas
examples/manual/array/ubound4.bas
examples/manual/array/ubound5.bas
examples/manual/bits/bit.bas
examples/manual/bits/bitreset.bas
examples/manual/bits/bitset.bas
examples/manual/bits/hibyte.bas
examples/manual/bits/hiword.bas
examples/manual/bits/lobyte.bas
examples/manual/bits/loword.bas
examples/manual/casting/boolean.bas
examples/manual/casting/cast1.bas
examples/manual/casting/cast2.bas
examples/manual/casting/cbyte.bas
examples/manual/casting/cdbl.bas
examples/manual/casting/cint.bas
examples/manual/casting/clng.bas
examples/manual/casting/clngint.bas
examples/manual/casting/cptr.bas
examples/manual/casting/cshort.bas
examples/manual/casting/csign.bas
examples/manual/casting/csng.bas
examples/manual/casting/cubyte.bas
examples/manual/casting/cuint.bas
examples/manual/casting/culng.bas
examples/manual/casting/culngint.bas
examples/manual/casting/cunsg.bas
examples/manual/casting/cushort.bas
examples/manual/casting/opcast-ctor-oplet.bas
examples/manual/casting/opcast1.bas
examples/manual/casting/opcast2.bas
examples/manual/casting/opcast3.bas
examples/manual/casting/opcast4.bas
examples/manual/casting/opcast5.bas
examples/manual/check/FBArray.bas
examples/manual/check/FBWikiTopicSample_1.bas
examples/manual/check/FBWikiTutorialTemplate_1.bas
examples/manual/check/KeyPgClass_1.bas
examples/manual/check/KeyPgCommand_Dos.bas
examples/manual/check/KeyPgCommand_mingw.bas
examples/manual/check/KeyPgDim_1.bas
examples/manual/check/KeyPgDim_2.bas
examples/manual/check/KeyPgDim_3.bas
examples/manual/check/KeyPgDim_4.bas
examples/manual/check/KeyPgDim_5.bas
examples/manual/check/KeyPgDim_6.bas
examples/manual/check/KeyPgDim_7.bas
examples/manual/check/KeyPgOptionbase_1.bas
examples/manual/check/KeyPgResume_1.bas
examples/manual/check/KeyPgResumenext_1.bas
examples/manual/check/KeyPgScreenevent_1.bas
examples/manual/console/cls.bas
examples/manual/console/color.bas
examples/manual/console/csrlin.bas
examples/manual/console/input-n.bas
examples/manual/console/input.bas
examples/manual/console/input2.bas
examples/manual/console/lineinput.bas
examples/manual/console/locate-getmouse.bas
examples/manual/console/locate.bas
examples/manual/console/pos.bas
examples/manual/console/print-using.bas
examples/manual/console/print.bas
examples/manual/console/print2.bas
examples/manual/console/screen-func.bas
examples/manual/console/spc.bas
examples/manual/console/spc2.bas
examples/manual/console/tab.bas
examples/manual/console/view-gfx.bas
examples/manual/console/view.bas
examples/manual/console/width-func.bas
examples/manual/console/width.bas
examples/manual/console/winput.bas
examples/manual/console/write.bas
examples/manual/control/continue.bas
examples/manual/control/continue2.bas
examples/manual/control/do-loop.bas
examples/manual/control/do-loop2.bas
examples/manual/control/end.bas
examples/manual/control/endblock.bas
examples/manual/control/exit.bas
examples/manual/control/exit2.bas
examples/manual/control/for-next.bas
examples/manual/control/for-next2.bas
examples/manual/control/for-next3.bas
examples/manual/control/gosub.bas
examples/manual/control/goto.bas
examples/manual/control/gotonum.bas
examples/manual/control/if-then.bas
examples/manual/control/if-then0.bas
examples/manual/control/iif.bas
examples/manual/control/iif2.bas
examples/manual/control/iif3.bas
examples/manual/control/iif4.bas
examples/manual/control/next.bas
examples/manual/control/next2.bas
examples/manual/control/next3.bas
examples/manual/control/on-goto.bas
examples/manual/control/ongosub.bas
examples/manual/control/return.bas
examples/manual/control/return2.bas
examples/manual/control/select-speed.bas
examples/manual/control/select.bas
examples/manual/control/step.bas
examples/manual/control/until.bas
examples/manual/control/while-wend.bas
examples/manual/control/while.bas
examples/manual/data/data.bas
examples/manual/data/read.bas
examples/manual/data/restore.bas
examples/manual/datatype/boolean-false.bas
examples/manual/datatype/boolean-true.bas
examples/manual/datatype/boolean.bas
examples/manual/datatype/byte.bas
examples/manual/datatype/byte2.bas
examples/manual/datatype/const-ovl.bas
examples/manual/datatype/const-ptr.bas
examples/manual/datatype/const-var.bas
examples/manual/datatype/double.bas
examples/manual/datatype/funcptr.bas
examples/manual/datatype/funcptr2.bas
examples/manual/datatype/funcptr3.bas
examples/manual/datatype/integer.bas
examples/manual/datatype/long.bas
examples/manual/datatype/longint.bas
examples/manual/datatype/pointer.bas
examples/manual/datatype/ptr-2.bas
examples/manual/datatype/ptr.bas
examples/manual/datatype/short.bas
examples/manual/datatype/single.bas
examples/manual/datatype/string-buffer.bas
examples/manual/datatype/string-constparam.bas
examples/manual/datatype/string-qbsuffix.bas
examples/manual/datatype/string-varlen.bas
examples/manual/datatype/subptr.bas
examples/manual/datatype/subptr2.bas
examples/manual/datatype/subptr3.bas
examples/manual/datatype/ubyte.bas
examples/manual/datatype/ubyte2.bas
examples/manual/datatype/uinteger.bas
examples/manual/datatype/ulong.bas
examples/manual/datatype/ulongint.bas
examples/manual/datatype/unsigned.bas
examples/manual/datatype/ushort.bas
examples/manual/datatype/wstring.bas
examples/manual/datatype/wstring2.bas
examples/manual/datatype/zstring.bas
examples/manual/datatype/zstring2.bas
examples/manual/dates/date.bas
examples/manual/dates/dateadd.bas
examples/manual/dates/datediff.bas
examples/manual/dates/datepart.bas
examples/manual/dates/dateserial.bas
examples/manual/dates/datevalue.bas
examples/manual/dates/day.bas
examples/manual/dates/hour.bas
examples/manual/dates/isdate.bas
examples/manual/dates/minute.bas
examples/manual/dates/month.bas
examples/manual/dates/monthname.bas
examples/manual/dates/now.bas
examples/manual/dates/second.bas
examples/manual/dates/time.bas
examples/manual/dates/timer.bas
examples/manual/dates/timeserial.bas
examples/manual/dates/timevalue.bas
examples/manual/dates/weekday.bas
examples/manual/dates/weekdayname.bas
examples/manual/dates/year.bas
examples/manual/debug/assert.bas
examples/manual/debug/assertwarn.bas
examples/manual/debug/stop.bas
examples/manual/defines/date.bas
examples/manual/defines/date_iso.bas
examples/manual/defines/fb64bit.bas
examples/manual/defines/fbargc.bas
examples/manual/defines/fbargcount.bas
examples/manual/defines/fbargcount2.bas
examples/manual/defines/fbargextract.bas
examples/manual/defines/fbargextract2.bas
examples/manual/defines/fbargleftof.bas
examples/manual/defines/fbargrightof.bas
examples/manual/defines/fbargrightof2.bas
examples/manual/defines/fbargv.bas
examples/manual/defines/fbarm.bas
examples/manual/defines/fbasm.bas
examples/manual/defines/fbbackend.bas
examples/manual/defines/fbbigendian.bas
examples/manual/defines/fbbuilddate.bas
examples/manual/defines/fbbuilddateiso.bas
examples/manual/defines/fbbuildsha1.bas
examples/manual/defines/fbcygwin.bas
examples/manual/defines/fbdarwin.bas
examples/manual/defines/fbdebug.bas
examples/manual/defines/fbdos.bas
examples/manual/defines/fberr.bas
examples/manual/defines/fbeval.bas
examples/manual/defines/fbeval2.bas
examples/manual/defines/fbfpmode.bas
examples/manual/defines/fbfpu.bas
examples/manual/defines/fbfreebsd.bas
examples/manual/defines/fbgcc.bas
examples/manual/defines/fbgui.bas
examples/manual/defines/fbjoin.bas
examples/manual/defines/fbjoin2.bas
examples/manual/defines/fblang.bas
examples/manual/defines/fblinux.bas
examples/manual/defines/fbmain.bas
examples/manual/defines/fbminversion.bas
examples/manual/defines/fbmt.bas
examples/manual/defines/fbnetbsd.bas
examples/manual/defines/fbopenbsd.bas
examples/manual/defines/fboptimize.bas
examples/manual/defines/fboptionbyval.bas
examples/manual/defines/fboptiondynamic.bas
examples/manual/defines/fboptionescape.bas
examples/manual/defines/fboptionexplicit.bas
examples/manual/defines/fboptiongosub.bas
examples/manual/defines/fboptionprivate.bas
examples/manual/defines/fboutdll.bas
examples/manual/defines/fboutexe.bas
examples/manual/defines/fboutlib.bas
examples/manual/defines/fboutobj.bas
examples/manual/defines/fbpcos.bas
examples/manual/defines/fbppc.bas
examples/manual/defines/fbquote.bas
examples/manual/defines/fbquote2.bas
examples/manual/defines/fbsignature.bas
examples/manual/defines/fbsse.bas
examples/manual/defines/fbuniqueid.bas
examples/manual/defines/fbuniqueidpop.bas
examples/manual/defines/fbuniqueidpush.bas
examples/manual/defines/fbunix.bas
examples/manual/defines/fbunquote.bas
examples/manual/defines/fbunquote2.bas
examples/manual/defines/fbvectorize.bas
examples/manual/defines/fbvermajor.bas
examples/manual/defines/fbverminor.bas
examples/manual/defines/fbverpatch.bas
examples/manual/defines/fbversion.bas
examples/manual/defines/fbwin32.bas
examples/manual/defines/fbx64.bas
examples/manual/defines/fbxbox.bas
examples/manual/defines/file.bas
examples/manual/defines/filenq.bas
examples/manual/defines/function.bas
examples/manual/defines/functionnq.bas
examples/manual/defines/line.bas
examples/manual/defines/path.bas
examples/manual/defines/time.bas
examples/manual/error/erfn.bas
examples/manual/error/erl.bas
examples/manual/error/ermn.bas
examples/manual/error/err1.bas
examples/manual/error/err2.bas
examples/manual/error/error.bas
examples/manual/error/local.bas
examples/manual/error/onerror.bas
examples/manual/error/onerror2.bas
examples/manual/error/resume-next.bas
examples/manual/error/resume.bas
examples/manual/extras/freeimage.bas
examples/manual/extras/gfx-null.bas
examples/manual/faq/dos/call-int.bas
examples/manual/faq/dos/lowmemas.bas
examples/manual/faq/gfxlib2/RGB-component.bas
examples/manual/faq/gfxlib2/bload-workaround.bas
examples/manual/faq/gfxlib2/check-for-close.bas
examples/manual/faq/gfxlib2/image-header.bas
examples/manual/fileio/access.bas
examples/manual/fileio/basicvsc.bas
examples/manual/fileio/binary-read.bas
examples/manual/fileio/binary-text.bas
examples/manual/fileio/binary-write.bas
examples/manual/fileio/close.bas
examples/manual/fileio/encoding.bas
examples/manual/fileio/eof.bas
examples/manual/fileio/fileflush.bas
examples/manual/fileio/for-append.bas
examples/manual/fileio/for-input.bas
examples/manual/fileio/for-output.bas
examples/manual/fileio/freefile-bad.bas
examples/manual/fileio/freefile-good.bas
examples/manual/fileio/freefile.bas
examples/manual/fileio/get-file.bas
examples/manual/fileio/get.bas
examples/manual/fileio/input.bas
examples/manual/fileio/lineinput.bas
examples/manual/fileio/loc.bas
examples/manual/fileio/lock.bas
examples/manual/fileio/lof.bas
examples/manual/fileio/open.bas
examples/manual/fileio/opencom.bas
examples/manual/fileio/opencom1.bas
examples/manual/fileio/opencom2.bas
examples/manual/fileio/opencons.bas
examples/manual/fileio/openerr.bas
examples/manual/fileio/openfunc.bas
examples/manual/fileio/openlpt.bas
examples/manual/fileio/openlpt1.bas
examples/manual/fileio/openlpt2.bas
examples/manual/fileio/openpipe.bas
examples/manual/fileio/openscrn.bas
examples/manual/fileio/print.bas
examples/manual/fileio/put-array.bas
examples/manual/fileio/put-buffer.bas
examples/manual/fileio/put.bas
examples/manual/fileio/reset.bas
examples/manual/fileio/resetio.bas
examples/manual/fileio/seek-func.bas
examples/manual/fileio/seek-statment.bas
examples/manual/fileio/write.bas
examples/manual/gfx/bload.bas
examples/manual/gfx/bload2.bas
examples/manual/gfx/bload3.bas
examples/manual/gfx/bload4.bas
examples/manual/gfx/bsave.bas
examples/manual/gfx/bsave2.bas
examples/manual/gfx/circle.bas
examples/manual/gfx/cls-memset.bas
examples/manual/gfx/color.bas
examples/manual/gfx/color2.bas
examples/manual/gfx/custom.bas
examples/manual/gfx/draw.bas
examples/manual/gfx/draw2.bas
examples/manual/gfx/drawstring-custom.bas
examples/manual/gfx/drawstring.bas
examples/manual/gfx/flip.bas
examples/manual/gfx/get.bas
examples/manual/gfx/imageconvertrow.bas
examples/manual/gfx/imagecreate.bas
examples/manual/gfx/imageinfo.bas
examples/manual/gfx/line.bas
examples/manual/gfx/line_style.bas
examples/manual/gfx/paint.bas
examples/manual/gfx/paint2.bas
examples/manual/gfx/palette.bas
examples/manual/gfx/palette2.bas
examples/manual/gfx/palette3.bas
examples/manual/gfx/pcopy.bas
examples/manual/gfx/pcopy_cons.bas
examples/manual/gfx/pixelptr.bas
examples/manual/gfx/pmap.bas
examples/manual/gfx/point.bas
examples/manual/gfx/pointcoord.bas
examples/manual/gfx/preset.bas
examples/manual/gfx/pset.bas
examples/manual/gfx/put-add.bas
examples/manual/gfx/put-all.bas
examples/manual/gfx/put-alpha-8bit.bas
examples/manual/gfx/put-alpha.bas
examples/manual/gfx/put-and.bas
examples/manual/gfx/put-or.bas
examples/manual/gfx/put-pset.bas
examples/manual/gfx/put-trans-custom.bas
examples/manual/gfx/put-trans.bas
examples/manual/gfx/put-xor.bas
examples/manual/gfx/put.bas
examples/manual/gfx/rgb.bas
examples/manual/gfx/rgb_get.bas
examples/manual/gfx/rgba.bas
examples/manual/gfx/rgba_get.bas
examples/manual/gfx/screen-func1.bas
examples/manual/gfx/screen-func2.bas
examples/manual/gfx/screen-func3.bas
examples/manual/gfx/screen.bas
examples/manual/gfx/screen2.bas
examples/manual/gfx/screencontrol.bas
examples/manual/gfx/screencontrol2.bas
examples/manual/gfx/screencopy.bas
examples/manual/gfx/screenevent.bas
examples/manual/gfx/screenglproc.bas
examples/manual/gfx/screeninfo.bas
examples/manual/gfx/screenlist.bas
examples/manual/gfx/screenlock.bas
examples/manual/gfx/screenptr.bas
examples/manual/gfx/screenptr2.bas
examples/manual/gfx/screenres.bas
examples/manual/gfx/screenset.bas
examples/manual/gfx/screensync.bas
examples/manual/gfx/step.bas
examples/manual/gfx/view.bas
examples/manual/gfx/window.bas
examples/manual/gfx/window2.bas
examples/manual/gfx/windowtitle.bas
examples/manual/hardware/inp.bas
examples/manual/hardware/lpos.bas
examples/manual/hardware/lprint.bas
examples/manual/hardware/out.bas
examples/manual/hardware/wait.bas
examples/manual/input/getjoystick.bas
examples/manual/input/getkey.bas
examples/manual/input/getmouse.bas
examples/manual/input/getmouse2.bas
examples/manual/input/inkey.bas
examples/manual/input/inkeyext.bas
examples/manual/input/multikey.bas
examples/manual/input/setmouse.bas
examples/manual/input/stick.bas
examples/manual/input/strig.bas
examples/manual/libraries/aspell.bas
examples/manual/libraries/bass.bas
examples/manual/libraries/bassmod.bas
examples/manual/libraries/big_int.bas
examples/manual/libraries/cairo.bas
examples/manual/libraries/cryptlib.bas
examples/manual/libraries/curl.bas
examples/manual/libraries/curses.bas
examples/manual/libraries/disphelper1.bas
examples/manual/libraries/disphelper2.bas
examples/manual/libraries/disphelper3.bas
examples/manual/libraries/expat.bas
examples/manual/libraries/fastcgi.bas
examples/manual/libraries/ffi/closures.bas
examples/manual/libraries/ffi/helloworld.bas
examples/manual/libraries/fmod1.bas
examples/manual/libraries/fmod2.bas
examples/manual/libraries/freetype2.bas
examples/manual/libraries/gmp.bas
examples/manual/libraries/gsl1.bas
examples/manual/libraries/gsl2.bas
examples/manual/libraries/gtk.bas
examples/manual/libraries/il.bas
examples/manual/libraries/jit/gcd.bas
examples/manual/libraries/jit/mul_add.bas
examples/manual/libraries/jni/mylib.bas
examples/manual/libraries/libxml.bas
examples/manual/libraries/lzo.bas
examples/manual/libraries/spidermonkey1.bas
examples/manual/libraries/spidermonkey2.bas
examples/manual/libraries/zip.bas
examples/manual/libraries/zip2.bas
examples/manual/libraries/zlib.bas
examples/manual/math/abs.bas
examples/manual/math/acos.bas
examples/manual/math/asin.bas
examples/manual/math/atan2.bas
examples/manual/math/atn.bas
examples/manual/math/cos.bas
examples/manual/math/exp.bas
examples/manual/math/fix.bas
examples/manual/math/frac.bas
examples/manual/math/int.bas
examples/manual/math/log.bas
examples/manual/math/random1.bas
examples/manual/math/random2.bas
examples/manual/math/randomize.bas
examples/manual/math/rnd.bas
examples/manual/math/sgn.bas
examples/manual/math/sin.bas
examples/manual/math/sqr.bas
examples/manual/math/tan.bas
examples/manual/memory/allocate.bas
examples/manual/memory/allocate2.bas
examples/manual/memory/callocate.bas
examples/manual/memory/deallocate.bas
examples/manual/memory/deallocate2.bas
examples/manual/memory/deallocate3.bas
examples/manual/memory/peek.bas
examples/manual/memory/poke.bas
examples/manual/memory/reallocate.bas
examples/manual/memory/sadd.bas
examples/manual/memory/swap.bas
examples/manual/meta/dynamic.bas
examples/manual/meta/header.bi
examples/manual/meta/include.bas
examples/manual/meta/lang.bas
examples/manual/meta/static.bas
examples/manual/misc/any-dynamic-array.bas
examples/manual/misc/any-param.bas
examples/manual/misc/any.bas
examples/manual/misc/as.bas
examples/manual/misc/asm.bas
examples/manual/misc/let.bas
examples/manual/misc/offsetof.bas
examples/manual/misc/rem.bas
examples/manual/misc/sizeof-udt.bas
examples/manual/misc/sizeof.bas
examples/manual/misc/to.bas
examples/manual/misc/typeof1.bas
examples/manual/misc/typeof2.bas
examples/manual/module/common1.bas
examples/manual/module/common2.bas
examples/manual/module/extern-block.bas
examples/manual/module/extern1.bas
examples/manual/module/extern2.bas
examples/manual/module/import.bas
examples/manual/module/mydll.c
examples/manual/module/namespace.bas
examples/manual/module/option_entry.bas
examples/manual/module/opts.bas
examples/manual/module/sub-private.bas
examples/manual/module/sub-public.bas
examples/manual/module/using.bas
examples/manual/operator/add-assign.bas
examples/manual/operator/add.bas
examples/manual/operator/address-func.bas
examples/manual/operator/address-var.bas
examples/manual/operator/and-assign.bas
examples/manual/operator/and-bitwise.bas
examples/manual/operator/and-logical.bas
examples/manual/operator/andalso.bas
examples/manual/operator/arrayindex.bas
examples/manual/operator/assign-let.bas
examples/manual/operator/assign.bas
examples/manual/operator/concat-assign.bas
examples/manual/operator/concat.bas
examples/manual/operator/concat_nocvt.bas
examples/manual/operator/delete.bas
examples/manual/operator/delete2.bas
examples/manual/operator/divide-assign.bas
examples/manual/operator/divide.bas
examples/manual/operator/equal.bas
examples/manual/operator/equal2.bas
examples/manual/operator/eqv-assign.bas
examples/manual/operator/eqv-bitwise.bas
examples/manual/operator/exponent-assign.bas
examples/manual/operator/exponent.bas
examples/manual/operator/greater-than-or-equal.bas
examples/manual/operator/greater-than.bas
examples/manual/operator/imp-assign.bas
examples/manual/operator/imp-bitwise.bas
examples/manual/operator/integer-divide-assign.bas
examples/manual/operator/integer-divide.bas
examples/manual/operator/is.bas
examples/manual/operator/less-than-or-equal.bas
examples/manual/operator/less-than1.bas
examples/manual/operator/less-than3.bas
examples/manual/operator/let-list.bas
examples/manual/operator/let-list2.bas
examples/manual/operator/let.bas
examples/manual/operator/mod-assign.bas
examples/manual/operator/mod.bas
examples/manual/operator/multiply-assign.bas
examples/manual/operator/multiply.bas
examples/manual/operator/negate.bas
examples/manual/operator/nested_new.bas
examples/manual/operator/new.bas
examples/manual/operator/new2.bas
examples/manual/operator/not-bitwise.bas
examples/manual/operator/not-equal.bas
examples/manual/operator/not-equal2.bas
examples/manual/operator/not-logical.bas
examples/manual/operator/or-assign.bas
examples/manual/operator/or-bitwise.bas
examples/manual/operator/or-logical.bas
examples/manual/operator/orelse.bas
examples/manual/operator/placement_new.bas
examples/manual/operator/pointer-index.bas
examples/manual/operator/procptr.bas
examples/manual/operator/procptr2.bas
examples/manual/operator/shift-left.bas
examples/manual/operator/shift-right.bas
examples/manual/operator/shl-assign.bas
examples/manual/operator/shr-assign.bas
examples/manual/operator/stringindex.bas
examples/manual/operator/strptr.bas
examples/manual/operator/subtract-assign.bas
examples/manual/operator/subtract.bas
examples/manual/operator/valueof.bas
examples/manual/operator/varptr.bas
examples/manual/operator/xor-assign.bas
examples/manual/operator/xor-bitwise.bas
examples/manual/operator/xor-logical.bas
examples/manual/prepro/assert.bas
examples/manual/prepro/cmdline1.bas
examples/manual/prepro/cmdline2.bas
examples/manual/prepro/concat.bas
examples/manual/prepro/define.bas
examples/manual/prepro/defined.bas
examples/manual/prepro/else.bas
examples/manual/prepro/elseif.bas
examples/manual/prepro/endif.bas
examples/manual/prepro/error.bas
examples/manual/prepro/escape.bas
examples/manual/prepro/header.bi
examples/manual/prepro/if.bas
examples/manual/prepro/ifdef.bas
examples/manual/prepro/ifndef.bas
examples/manual/prepro/inclib.bas
examples/manual/prepro/include.bas
examples/manual/prepro/lang.bas
examples/manual/prepro/libpath.bas
examples/manual/prepro/line.bas
examples/manual/prepro/macro.bas
examples/manual/prepro/macro2.bas
examples/manual/prepro/macro3.bas
examples/manual/prepro/macro4.bas
examples/manual/prepro/noescape.bas
examples/manual/prepro/pragma.bas
examples/manual/prepro/pragma_reserve1.bas
examples/manual/prepro/pragma_reserve2.bas
examples/manual/prepro/pragma_reserve3.bas
examples/manual/prepro/print.bas
examples/manual/prepro/stringize.bas
examples/manual/prepro/undef.bas
examples/manual/prepro/variadic.bas
examples/manual/procs/alias.bas
examples/manual/procs/alias2.bas
examples/manual/procs/byref-result.bas
examples/manual/procs/byref-result2.bas
examples/manual/procs/byref-result3.bas
examples/manual/procs/byref-result4.bas
examples/manual/procs/byref.bas
examples/manual/procs/byval.bas
examples/manual/procs/call-fwd.bas
examples/manual/procs/callfunc.bas
examples/manual/procs/callsub.bas
examples/manual/procs/cdecl.bas
examples/manual/procs/cva_arg1.bas
examples/manual/procs/cva_copy1.bas
examples/manual/procs/cva_copy2.bas
examples/manual/procs/cva_end1.bas
examples/manual/procs/cva_list1.bas
examples/manual/procs/cva_list2.bas
examples/manual/procs/cva_start1.bas
examples/manual/procs/cva_start2.bas
examples/manual/procs/declare.bas
examples/manual/procs/declare2.bas
examples/manual/procs/ellipsis.bas
examples/manual/procs/func-1.bas
examples/manual/procs/func-2.bas
examples/manual/procs/func-3.bas
examples/manual/procs/func-4.bas
examples/manual/procs/func-5.bas
examples/manual/procs/lib.bas
examples/manual/procs/mod-ctor.bas
examples/manual/procs/mod-dtor.bas
examples/manual/procs/mydll.bas
examples/manual/procs/naked1.bas
examples/manual/procs/naked2.bas
examples/manual/procs/overload.bas
examples/manual/procs/pascal.bas
examples/manual/procs/stdcall.bas
examples/manual/procs/sub-1.bas
examples/manual/procs/sub-2.bas
examples/manual/procs/thiscall.bas
examples/manual/procs/vararg1.bas
examples/manual/procs/vararg2.bas
examples/manual/proguide/all_rtti_info.bas
examples/manual/proguide/arrays/array1.bas
examples/manual/proguide/arrays/array2.bas
examples/manual/proguide/arrays/array3.bas
examples/manual/proguide/arrays/array4.bas
examples/manual/proguide/arrays/array5.bas
examples/manual/proguide/arrays/fixedlen_bounds.bas
examples/manual/proguide/arrays/fixedlen_constants.bas
examples/manual/proguide/arrays/fixedlen_ellipsis2_initializer.bas
examples/manual/proguide/arrays/fixedlen_ellipsis_initializer.bas
examples/manual/proguide/arrays/fixedlen_initializer.bas
examples/manual/proguide/arrays/fixedlen_storage.bas
examples/manual/proguide/arrays/indexing.bas
examples/manual/proguide/arrays/passing.bas
examples/manual/proguide/arrays/varlen_decl.bas
examples/manual/proguide/arrays/varlen_redim.bas
examples/manual/proguide/assignments.bas
examples/manual/proguide/callback/callback1.bas
examples/manual/proguide/callback/callback2.bas
examples/manual/proguide/callback/callback_qsort.bas
examples/manual/proguide/comments/comment1.bas
examples/manual/proguide/comments/comment2.bas
examples/manual/proguide/comments/comment3.bas
examples/manual/proguide/comments/comment4.bas
examples/manual/proguide/comments/comment5.bas
examples/manual/proguide/comments/comment6.bas
examples/manual/proguide/comments/comment7.bas
examples/manual/proguide/comments/comment8.bas
examples/manual/proguide/compare_all_rtti_info.bas
examples/manual/proguide/conditional_compilation.bas
examples/manual/proguide/constant_expressions.bas
examples/manual/proguide/constants/constants.bas
examples/manual/proguide/dates.bas
examples/manual/proguide/dynamicmemory.bas
examples/manual/proguide/embed-access-data-in-executable.bas
examples/manual/proguide/emulation_polymorphism-animal.bas
examples/manual/proguide/enumerations1.bas
examples/manual/proguide/enumerations2.bas
examples/manual/proguide/errors/err.bas
examples/manual/proguide/errors/on-error.bas
examples/manual/proguide/errors/on-error2.bas
examples/manual/proguide/errors/on-local.bas
examples/manual/proguide/errors/result.bas
examples/manual/proguide/events/event1.bas
examples/manual/proguide/events/event2.bas
examples/manual/proguide/events/event3.bas
examples/manual/proguide/graphics/anti-flickering.bas
examples/manual/proguide/helloworld.bas
examples/manual/proguide/init/array.bas
examples/manual/proguide/init/arrayarray.bas
examples/manual/proguide/init/udt.bas
examples/manual/proguide/init/udtarray.bas
examples/manual/proguide/init/variable.bas
examples/manual/proguide/iterators/fraction.bas
examples/manual/proguide/iterators/resolution.bas
examples/manual/proguide/labels/labels_1.bas
examples/manual/proguide/labels/labels_2.bas
examples/manual/proguide/libs/libs1.bas
examples/manual/proguide/libs/libs2.bas
examples/manual/proguide/libs/libs3.bas
examples/manual/proguide/libs/libs4.bas
examples/manual/proguide/libs/libs5.bas
examples/manual/proguide/linecontinuation1.bas
examples/manual/proguide/linecontinuation2.bas
examples/manual/proguide/linecontinuation3.bas
examples/manual/proguide/lineseparator.bas
examples/manual/proguide/literals/bin.bas
examples/manual/proguide/literals/boolean.bas
examples/manual/proguide/literals/dblsuff.bas
examples/manual/proguide/literals/dec.bas
examples/manual/proguide/literals/escape.bas
examples/manual/proguide/literals/floats.bas
examples/manual/proguide/literals/hex.bas
examples/manual/proguide/literals/intsuff.bas
examples/manual/proguide/literals/noescape.bas
examples/manual/proguide/literals/oct.bas
examples/manual/proguide/literals/singsuff.bas
examples/manual/proguide/literals/string.bas
examples/manual/proguide/macro.bas
examples/manual/proguide/mangled_rtti_info.bas
examples/manual/proguide/members/foo1.bi
examples/manual/proguide/members/foo2.bi
examples/manual/proguide/members/overload.bas
examples/manual/proguide/members/static.bas
examples/manual/proguide/members/this.bas
examples/manual/proguide/members/usage1.bas
examples/manual/proguide/members/usage2.bas
examples/manual/proguide/multithreading/conditionalvariable.bas
examples/manual/proguide/multithreading/criticalsection1.bas
examples/manual/proguide/multithreading/criticalsection2.bas
examples/manual/proguide/multithreading/criticalsection3.bas
examples/manual/proguide/multithreading/criticalsectionfaq1.bas
examples/manual/proguide/multithreading/criticalsectionfaq10-1.bas
examples/manual/proguide/multithreading/criticalsectionfaq12.bas
examples/manual/proguide/multithreading/criticalsectionfaq13-2.bas
examples/manual/proguide/multithreading/criticalsectionfaq13-3.bas
examples/manual/proguide/multithreading/criticalsectionfaq13-4.bas
examples/manual/proguide/multithreading/criticalsectionfaq13.bas
examples/manual/proguide/multithreading/criticalsectionfaq2.bas
examples/manual/proguide/multithreading/criticalsectionfaq4.bas
examples/manual/proguide/multithreading/criticalsectionfaq5.bas
examples/manual/proguide/multithreading/criticalsectionfaq5bis.bas
examples/manual/proguide/multithreading/criticalsectionfaq6.bas
examples/manual/proguide/multithreading/criticalsectionfaq7-1.bas
examples/manual/proguide/multithreading/criticalsectionfaq7-2.bas
examples/manual/proguide/multithreading/criticalsectionfaq8-1.bas
examples/manual/proguide/multithreading/criticalsectionfaq8-2.bas
examples/manual/proguide/multithreading/criticalsectionfaq8-3.bas
examples/manual/proguide/multithreading/criticalsectionfaq9-1.bas
examples/manual/proguide/multithreading/criticalsectionfaq9-2.bas
examples/manual/proguide/multithreading/criticalsectionfaq9-3.bas
examples/manual/proguide/multithreading/criticalsectionfaq9-4.bas
examples/manual/proguide/multithreading/criticalsectionfaq9-5.bas
examples/manual/proguide/multithreading/mutualexclusion1.bas
examples/manual/proguide/multithreading/mutualexclusion2.bas
examples/manual/proguide/multithreading/thread1.bas
examples/manual/proguide/multithreading/thread2.bas
examples/manual/proguide/multithreading/thread3.bas
examples/manual/proguide/namespaces/access.bas
examples/manual/proguide/namespaces/conflict.bas
examples/manual/proguide/namespaces/extension1.bas
examples/manual/proguide/namespaces/extension2.bas
examples/manual/proguide/namespaces/externdef.bas
examples/manual/proguide/namespaces/nested.bas
examples/manual/proguide/namespaces/using.bas
examples/manual/proguide/newdelete/operators.bas
examples/manual/proguide/numeric_types.bas
examples/manual/proguide/object-class.bas
examples/manual/proguide/objectlifetime/dynamicobject.bas
examples/manual/proguide/opovld/global-ops.bas
examples/manual/proguide/opovld/iif.bas
examples/manual/proguide/opovld/member-ops.bas
examples/manual/proguide/opovld/smart-pointer-macro.bas
examples/manual/proguide/opovld/smart-pointer.bas
examples/manual/proguide/pointers/addsub.bas
examples/manual/proguide/pointers/builtin.bas
examples/manual/proguide/pointers/distance.bas
examples/manual/proguide/pointers/incdec.bas
examples/manual/proguide/pointers/udt.bas
examples/manual/proguide/preprocessor.bas
examples/manual/proguide/primer/primer1.bas
examples/manual/proguide/primer/primer10.bas
examples/manual/proguide/primer/primer2.bas
examples/manual/proguide/primer/primer3.bas
examples/manual/proguide/primer/primer4.bas
examples/manual/proguide/primer/primer5.bas
examples/manual/proguide/primer/primer6.bas
examples/manual/proguide/primer/primer7.bas
examples/manual/proguide/primer/primer8.bas
examples/manual/proguide/primer/primer9.bas
examples/manual/proguide/procptrs/alias.bas
examples/manual/proguide/procptrs/calling.bas
examples/manual/proguide/procptrs/dimptr.bas
examples/manual/proguide/procptrs/method-ptr.bas
examples/manual/proguide/procptrs/passing.bas
examples/manual/proguide/procptrs/pfunc.bi
examples/manual/proguide/procptrs/procptrs.bas
examples/manual/proguide/procptrs/typing-rule1.bas
examples/manual/proguide/procptrs/typing-rule2.bas
examples/manual/proguide/procs/byrefparam-explicit-byval.bas
examples/manual/proguide/procs/byrefresult-explicit-byval.bas
examples/manual/proguide/procs/functions.bas
examples/manual/proguide/procs/passargs.bas
examples/manual/proguide/procs/passbyref.bas
examples/manual/proguide/procs/passbyval.bas
examples/manual/proguide/procs/return-methods.bas
examples/manual/proguide/procs/returnval.bas
examples/manual/proguide/procs/subs.bas
examples/manual/proguide/real_emulation_polymorphism-animal.bas
examples/manual/proguide/real_polymorphism-animal.bas
examples/manual/proguide/recursion/iterativefactorial.bas
examples/manual/proguide/recursion/recursiveackermann.bas
examples/manual/proguide/recursion/recursivecircle.bas
examples/manual/proguide/recursion/recursivecombination.bas
examples/manual/proguide/recursion/recursivefactorial.bas
examples/manual/proguide/recursion/recursivehanoi.bas
examples/manual/proguide/recursion/recursiveisevenodd.bas
examples/manual/proguide/recursion/recursivequicksort.bas
examples/manual/proguide/recursion/recursivereverse.bas
examples/manual/proguide/recursion/tailrecursivefactorial.bas
examples/manual/proguide/recursion/tailrecursivereverse.bas
examples/manual/proguide/recursion_iteration/DynamicUserStackTypeCreateMacro.bi
examples/manual/proguide/recursion_iteration/ackermann.bas
examples/manual/proguide/recursion_iteration/better_translation_to_iterative_factorial.bas
examples/manual/proguide/recursion_iteration/better_translation_to_iterative_fibonacci.bas
examples/manual/proguide/recursion_iteration/better_translation_to_iterative_reverse.bas
examples/manual/proguide/recursion_iteration/binomial_coefficients_calculation.bas
examples/manual/proguide/recursion_iteration/counting_down_then_re_counting_up.bas
examples/manual/proguide/recursion_iteration/even_and_odd.bas
examples/manual/proguide/recursion_iteration/explicit_tail_recursive_factorial.bas
examples/manual/proguide/recursion_iteration/explicit_tail_recursive_fibonacci.bas
examples/manual/proguide/recursion_iteration/explicit_tail_recursive_reverse.bas
examples/manual/proguide/recursion_iteration/iterative_factorial.bas
examples/manual/proguide/recursion_iteration/quick_sort_algorithm.bas
examples/manual/proguide/recursion_iteration/recursive_drawing_of_circles.bas
examples/manual/proguide/recursion_iteration/recursive_factorial.bas
examples/manual/proguide/recursion_iteration/recursive_factorial_duplicated.bas
examples/manual/proguide/recursion_iteration/recursive_fibonacci.bas
examples/manual/proguide/recursion_iteration/recursive_reverse.bas
examples/manual/proguide/recursion_iteration/tail_recursive_factorial.bas
examples/manual/proguide/recursion_iteration/tail_recursive_fibonacci.bas
examples/manual/proguide/recursion_iteration/tail_recursive_reverse.bas
examples/manual/proguide/recursion_iteration/tower_of_hanoi_algorithm.bas
examples/manual/proguide/recursion_iteration/translation_to_iterative_factorial.bas
examples/manual/proguide/recursion_iteration/translation_to_iterative_fibonacci.bas
examples/manual/proguide/recursion_iteration/translation_to_iterative_reverse.bas
examples/manual/proguide/references/byref-param.bas
examples/manual/proguide/references/byref-return1.bas
examples/manual/proguide/references/byref-return2.bas
examples/manual/proguide/references/byref-variable.bas
examples/manual/proguide/references/hacking.bas
examples/manual/proguide/references/with-pointer1.bas
examples/manual/proguide/references/with-pointer2.bas
examples/manual/proguide/references/with-reference1.bas
examples/manual/proguide/references/with-reference2.bas
examples/manual/proguide/rtti_info.bas
examples/manual/proguide/shared-lib/dllShareData.bas
examples/manual/proguide/shared-lib/load.bas
examples/manual/proguide/shared-lib/mainShareData.bas
examples/manual/proguide/shared-lib/mydll.bas
examples/manual/proguide/shared-lib/mylib.bas
examples/manual/proguide/shared-lib/mylib.bi
examples/manual/proguide/shared-lib/mytest.bas
examples/manual/proguide/sourcefiles.bas
examples/manual/proguide/static-lib/mylib.bas
examples/manual/proguide/static-lib/mylib.bi
examples/manual/proguide/static-lib/mytest.bas
examples/manual/proguide/static-lib/varZstring.bas
examples/manual/proguide/static-lib/varZstring.bi
examples/manual/proguide/static-lib/varZstringTest.bas
examples/manual/proguide/strings_types.bas
examples/manual/proguide/strings_types2.bas
examples/manual/proguide/typalias/builtin.bas
examples/manual/proguide/typalias/fwd_1.bas
examples/manual/proguide/typalias/fwd_2.bas
examples/manual/proguide/typalias/incomp.bas
examples/manual/proguide/typalias/overload.bas
examples/manual/proguide/typalias/procptr_1.bas
examples/manual/proguide/typalias/procptr_2.bas
examples/manual/proguide/udt/compo-agreg-inherit.bas
examples/manual/proguide/udt/ctordtor-conversion1.bas
examples/manual/proguide/udt/ctordtor-conversion2.bas
examples/manual/proguide/udt/ctordtor-dynamicarray1.bas
examples/manual/proguide/udt/ctordtor-dynamicarray2.bas
examples/manual/proguide/udt/ctordtor-dynamicarray3.bas
examples/manual/proguide/udt/ctordtor-dynamicarray4.bas
examples/manual/proguide/udt/ctordtor-goldenrules.bas
examples/manual/proguide/udt/ctordtor-parentchild1.bas
examples/manual/proguide/udt/ctordtor-parentchild2.bas
examples/manual/proguide/udt/ctordtor-singleton.bas
examples/manual/proguide/udt/ctordtor-udtbasederived.bas
examples/manual/proguide/udt/ctordtor-zstringchain1.bas
examples/manual/proguide/udt/ctordtor-zstringchain2.bas
examples/manual/proguide/udt/ctordtor-zstringchain3.bas
examples/manual/proguide/udt/ctordtor.bas
examples/manual/proguide/udt/encapsulation.bas
examples/manual/proguide/udt/polymorphism-graph.bas
examples/manual/proguide/udt/properties-indexed.bas
examples/manual/proguide/udt/properties-tui.bas
examples/manual/proguide/udt/properties1.bas
examples/manual/proguide/udt/properties2.bas
examples/manual/proguide/udt/properties3.bas
examples/manual/proguide/udt/properties4.bas
examples/manual/proguide/udt/properties5-counter-example.bas
examples/manual/proguide/udt/ptr-access.bas
examples/manual/proguide/udt/simple.bas
examples/manual/proguide/udt/varlendata1.bas
examples/manual/proguide/udt/varlendata2.bas
examples/manual/proguide/udt/varlendata3.bas
examples/manual/proguide/udt/varlendata4.bas
examples/manual/proguide/variablelifetime/local-static.bas
examples/manual/proguide/variables/variables.bas
examples/manual/proguide/variadic_arguments/cva_.bas
examples/manual/proguide/variadic_arguments/cva_2.bas
examples/manual/proguide/variadic_arguments/cva_3.bas
examples/manual/proguide/variadic_arguments/va_.bas
examples/manual/proguide/variadic_arguments/va_2.bas
examples/manual/proguide/variadic_arguments/va_3.bas
examples/manual/proguide/variadic_macro.bas
examples/manual/proguide/varscope/local.bas
examples/manual/proguide/varscope/module1.bas
examples/manual/proguide/varscope/module2.bas
examples/manual/proguide/varscope/module3.bas
examples/manual/proguide/varscope/module4.bas
examples/manual/proguide/varscope/shared.bas
examples/manual/samples.bas
examples/manual/samples.ini
examples/manual/samples.txt
examples/manual/strings/asc.bas
examples/manual/strings/bin.bas
examples/manual/strings/chr.bas
examples/manual/strings/cvd.bas
examples/manual/strings/cvi.bas
examples/manual/strings/cvl.bas
examples/manual/strings/cvlongint.bas
examples/manual/strings/cvs.bas
examples/manual/strings/cvshort.bas
examples/manual/strings/hex.bas
examples/manual/strings/instr.bas
examples/manual/strings/instr2.bas
examples/manual/strings/instrrev.bas
examples/manual/strings/instrrev2.bas
examples/manual/strings/lcase.bas
examples/manual/strings/left.bas
examples/manual/strings/len.bas
examples/manual/strings/lset-udt.bas
examples/manual/strings/lset.bas
examples/manual/strings/ltrim.bas
examples/manual/strings/mid-func.bas
examples/manual/strings/mid-stmt.bas
examples/manual/strings/mkd.bas
examples/manual/strings/mki.bas
examples/manual/strings/mkl.bas
examples/manual/strings/mklongint.bas
examples/manual/strings/mks.bas
examples/manual/strings/mkshort.bas
examples/manual/strings/oct.bas
examples/manual/strings/right.bas
examples/manual/strings/rset.bas
examples/manual/strings/rtrim.bas
examples/manual/strings/space.bas
examples/manual/strings/str.bas
examples/manual/strings/string.bas
examples/manual/strings/trim.bas
examples/manual/strings/ucase.bas
examples/manual/strings/val.bas
examples/manual/strings/valint.bas
examples/manual/strings/vallng.bas
examples/manual/strings/valuint.bas
examples/manual/strings/valulng.bas
examples/manual/strings/wbin.bas
examples/manual/strings/wchr.bas
examples/manual/strings/whex.bas
examples/manual/strings/woct.bas
examples/manual/strings/wspace.bas
examples/manual/strings/wstr.bas
examples/manual/strings/wstring.bas
examples/manual/switches/defbyte.bas
examples/manual/switches/defdbl.bas
examples/manual/switches/defint.bas
examples/manual/switches/deflng.bas
examples/manual/switches/deflongint.bas
examples/manual/switches/defshort.bas
examples/manual/switches/defsng.bas
examples/manual/switches/defstr.bas
examples/manual/switches/defubyte.bas
examples/manual/switches/defuint.bas
examples/manual/switches/defulongint.bas
examples/manual/switches/defushort.bas
examples/manual/switches/option-byval.bas
examples/manual/switches/option-dynamic.bas
examples/manual/switches/option-escape.bas
examples/manual/switches/option-explicit.bas
examples/manual/switches/option-gosub.bas
examples/manual/switches/option-nogosub.bas
examples/manual/switches/option-nokeyword.bas
examples/manual/switches/option-private.bas
examples/manual/switches/option-static.bas
examples/manual/system/beep.bas
examples/manual/system/chain.bas
examples/manual/system/chdir.bas
examples/manual/system/command.bas
examples/manual/system/curdir.bas
examples/manual/system/dir.bas
examples/manual/system/dirfolder.bas
examples/manual/system/dirnbfiles.bas
examples/manual/system/dirretat.bas
examples/manual/system/environ.bas
examples/manual/system/exec.bas
examples/manual/system/exepath.bas
examples/manual/system/fileattr.bas
examples/manual/system/filecopy.bas
examples/manual/system/filedatetime.bas
examples/manual/system/fileexists.bas
examples/manual/system/filelen.bas
examples/manual/system/fileseteof1.bas
examples/manual/system/fre.bas
examples/manual/system/isredirected.bas
examples/manual/system/kill.bas
examples/manual/system/mkdir.bas
examples/manual/system/name.bas
examples/manual/system/rmdir.bas
examples/manual/system/run.bas
examples/manual/system/setdate.bas
examples/manual/system/setenviron.bas
examples/manual/system/setenviron2.bas
examples/manual/system/settime.bas
examples/manual/system/shell.bas
examples/manual/system/sleep.bas
examples/manual/system/sleep2.bas
examples/manual/system/system.bas
examples/manual/udt/abstract1.bas
examples/manual/udt/access.bas
examples/manual/udt/base.bas
examples/manual/udt/baseinit1.bas
examples/manual/udt/baseinit2.bas
examples/manual/udt/const-proc.bas
examples/manual/udt/constructor-ptr.bas
examples/manual/udt/constructor.bas
examples/manual/udt/copyconstructor.bas
examples/manual/udt/destructor.bas
examples/manual/udt/enum.bas
examples/manual/udt/enum2.bas
examples/manual/udt/extends1.bas
examples/manual/udt/extends2.bas
examples/manual/udt/extendszstring1.bas
examples/manual/udt/extendszstring2.bas
examples/manual/udt/field.bas
examples/manual/udt/function.bas
examples/manual/udt/newoverload0.bas
examples/manual/udt/newoverload1.bas
examples/manual/udt/newoverload2.bas
examples/manual/udt/operator1.bas
examples/manual/udt/operator3.bas
examples/manual/udt/override.bas
examples/manual/udt/private.bas
examples/manual/udt/property.bas
examples/manual/udt/property2.bas
examples/manual/udt/protected.bas
examples/manual/udt/protected2.bas
examples/manual/udt/ptr-access.bas
examples/manual/udt/public.bas
examples/manual/udt/static.bas
examples/manual/udt/static2.bas
examples/manual/udt/step-char-iterator.bas
examples/manual/udt/step-fraction-iterator.bas
examples/manual/udt/step.bas
examples/manual/udt/stepFileIteration.bas
examples/manual/udt/sub.bas
examples/manual/udt/temp-type.bas
examples/manual/udt/temp-type2.bas
examples/manual/udt/temp-type3.bas
examples/manual/udt/this.bas
examples/manual/udt/type-fctptr.bas
examples/manual/udt/type-fwd.bas
examples/manual/udt/type1.bas
examples/manual/udt/type2.bas
examples/manual/udt/type3.bas
examples/manual/udt/union.bas
examples/manual/udt/union1.bas
examples/manual/udt/union2.bas
examples/manual/udt/union3.bas
examples/manual/udt/virtual1.bas
examples/manual/udt/virtual2.bas
examples/manual/udt/with-1.bas
examples/manual/udt/with-2.bas
examples/manual/udt/with-3.bas
examples/manual/variable/byref1.bas
examples/manual/variable/byref2.bas
examples/manual/variable/byref3.bas
examples/manual/variable/byref4.bas
examples/manual/variable/const.bas
examples/manual/variable/dim.bas
examples/manual/variable/scope.bas
examples/manual/variable/shared.bas
examples/manual/variable/static.bas
examples/manual/variable/var.bas
examples/math/GSL/matrix.bas
examples/math/big_int/perftest.bas
examples/math/sieve.bas
examples/method-pointer.bas
examples/methods.bas
examples/misc/CUnit/interfaces.bas
examples/misc/CUnit/simple.bas
examples/misc/gdsl/hash.bas
examples/misc/generics/list.bi
examples/misc/generics/test.bas
examples/misc/libffi/closures.bas
examples/misc/libjit/gcd.bas
examples/misc/libjit/mul_add.bas
examples/misc/trycatch/test.bas
examples/misc/trycatch/trycatch.bas
examples/misc/trycatch/trycatch.bi
examples/namespace.bas
examples/network/curl/CHttp/CHttp.bas
examples/network/curl/CHttp/CHttp.bi
examples/network/curl/CHttp/CHttpForm.bas
examples/network/curl/CHttp/CHttpForm.bi
examples/network/curl/CHttp/CHttpStream.bas
examples/network/curl/CHttp/CHttpStream.bi
examples/network/curl/CHttp/test.bas
examples/other-languages/C++/alias.bas
examples/other-languages/C++/alias.cxx
examples/other-languages/C++/complex.bas
examples/other-languages/C++/complex.cxx
examples/other-languages/C++/simple.bas
examples/other-languages/C++/simple.cxx
examples/other-languages/Lua/minmax.bas
examples/other-languages/Lua/minmax.lua
examples/overload.bas
examples/pointers.bas
examples/preprocessor.bas
examples/procedures.bas
examples/property.bas
examples/regex/PCRE/CRegex/CRegex.bas
examples/regex/PCRE/CRegex/CRegex.bi
examples/regex/PCRE/CRegex/test.bas
examples/regex/PCRE/CRegex/test.txt
examples/regex/PCRE/pcredemo.bas
examples/regex/PCRE/preg_class.bas
examples/regex/TRE/match.bas
examples/regex/TRE/replace.bas
examples/regex/TRE/subexpr.bas
examples/select.bas
examples/structs.bas
examples/typedef.bas
examples/variables.bas
examples/virtuals.bas
examples/xml/expat.bas
examples/xml/libxml.bas
examples/xml/test.xml
fbc.exe
inc/CUnit/Automated.bi
inc/CUnit/Basic.bi
inc/CUnit/CUCurses.bi
inc/CUnit/CUError.bi
inc/CUnit/CUnit.bi
inc/CUnit/Console.bi
inc/CUnit/TestDB.bi
inc/CUnit/TestRun.bi
inc/CUnit/Util.bi
inc/IL/il.bi
inc/IL/ilu.bi
inc/IL/ilut.bi
inc/Lua/lauxlib.bi
inc/Lua/lua.bi
inc/Lua/lualib.bi
inc/allegro.bi
inc/allegro/algif.bi
inc/allegro/alpng.bi
inc/aspell.bi
inc/bfd.bi
inc/big_int/basic_funcs.bi
inc/big_int/big_int.bi
inc/big_int/big_int_full.bi
inc/big_int/bitset_funcs.bi
inc/big_int/get_bit_length.bi
inc/big_int/low_level_funcs.bi
inc/big_int/memory_manager.bi
inc/big_int/modular_arithmetic.bi
inc/big_int/number_theory.bi
inc/big_int/service_funcs.bi
inc/big_int/str_funcs.bi
inc/big_int/str_types.bi
inc/bzlib.bi
inc/caca.bi
inc/caca0.bi
inc/cgi-util.bi
inc/cgui.bi
inc/clang-c.bi
inc/crt.bi
inc/crt/ctype.bi
inc/crt/dir.bi
inc/crt/dos/dir.bi
inc/crt/dos/fcntl.bi
inc/crt/dos/stdio.bi
inc/crt/dos/time.bi
inc/crt/dos/unistd.bi
inc/crt/dos/wchar.bi
inc/crt/errno.bi
inc/crt/fcntl.bi
inc/crt/freebsd/stdio.bi
inc/crt/freebsd/time.bi
inc/crt/freebsd/wchar.bi
inc/crt/io.bi
inc/crt/limits.bi
inc/crt/locale.bi
inc/crt/long.bi
inc/crt/longdouble.bi
inc/crt/malloc.bi
inc/crt/math.bi
inc/crt/mem.bi
inc/crt/process.bi
inc/crt/setjmp.bi
inc/crt/stdarg.bi
inc/crt/stddef.bi
inc/crt/stdint.bi
inc/crt/stdio.bi
inc/crt/stdlib.bi
inc/crt/string.bi
inc/crt/sys/dos/time.bi
inc/crt/sys/dos/types.bi
inc/crt/sys/freebsd/types.bi
inc/crt/sys/select.bi
inc/crt/sys/stat.bi
inc/crt/sys/time.bi
inc/crt/sys/types.bi
inc/crt/sys/uio.bi
inc/crt/time.bi
inc/crt/unistd.bi
inc/crt/unix/stdlib.bi
inc/crt/wchar.bi
inc/cryptlib.bi
inc/curl.bi
inc/curses.bi
inc/curses/pdcurses.bi
inc/datetime.bi
inc/dir.bi
inc/dislin.bi
inc/dos/ar.bi
inc/dos/bios.bi
inc/dos/conio.bi
inc/dos/dir.bi
inc/dos/dos.bi
inc/dos/dpmi.bi
inc/dos/go32.bi
inc/dos/inlines/pc.bi
inc/dos/pc.bi
inc/dos/sys/djtypes.bi
inc/dos/sys/exceptn.bi
inc/dos/sys/farptr.bi
inc/dos/sys/movedata.bi
inc/dos/sys/segments.bi
inc/dos/sys/version.bi
inc/expat.bi
inc/fbc-int/array.bi
inc/fbc-int/fbcall.bi
inc/fbc-int/math.bi
inc/fbc-int/memory.bi
inc/fbgfx.bi
inc/fbio.bi
inc/fbmath.bi
inc/fbthread.bi
inc/file.bi
inc/gd.bi
inc/gdbm.bi
inc/gdsl/_gdsl_bintree.bi
inc/gdsl/_gdsl_bstree.bi
inc/gdsl/_gdsl_list.bi
inc/gdsl/_gdsl_node.bi
inc/gdsl/gdsl.bi
inc/gdsl/gdsl_2darray.bi
inc/gdsl/gdsl_bstree.bi
inc/gdsl/gdsl_hash.bi
inc/gdsl/gdsl_heap.bi
inc/gdsl/gdsl_interval_heap.bi
inc/gdsl/gdsl_list.bi
inc/gdsl/gdsl_macros.bi
inc/gdsl/gdsl_perm.bi
inc/gdsl/gdsl_queue.bi
inc/gdsl/gdsl_rbtree.bi
inc/gdsl/gdsl_sort.bi
inc/gdsl/gdsl_stack.bi
inc/gdsl/gdsl_types.bi
inc/gettext-po.bi
inc/gif_lib.bi
inc/gif_lib4.bi
inc/gif_lib5.bi
inc/gmp.bi
inc/grx/grx20.bi
inc/grx/grxkeys.bi
inc/gsl/gsl_blas.bi
inc/gsl/gsl_blas_types.bi
inc/gsl/gsl_block.bi
inc/gsl/gsl_block_char.bi
inc/gsl/gsl_block_complex_double.bi
inc/gsl/gsl_block_complex_float.bi
inc/gsl/gsl_block_complex_long_double.bi
inc/gsl/gsl_block_double.bi
inc/gsl/gsl_block_float.bi
inc/gsl/gsl_block_int.bi
inc/gsl/gsl_block_long.bi
inc/gsl/gsl_block_long_double.bi
inc/gsl/gsl_block_short.bi
inc/gsl/gsl_block_uchar.bi
inc/gsl/gsl_block_uint.bi
inc/gsl/gsl_block_ulong.bi
inc/gsl/gsl_block_ushort.bi
inc/gsl/gsl_bspline.bi
inc/gsl/gsl_cblas.bi
inc/gsl/gsl_cdf.bi
inc/gsl/gsl_chebyshev.bi
inc/gsl/gsl_check_range.bi
inc/gsl/gsl_combination.bi
inc/gsl/gsl_complex.bi
inc/gsl/gsl_complex_math.bi
inc/gsl/gsl_const.bi
inc/gsl/gsl_const_cgs.bi
inc/gsl/gsl_const_cgsm.bi
inc/gsl/gsl_const_mks.bi
inc/gsl/gsl_const_mksa.bi
inc/gsl/gsl_const_num.bi
inc/gsl/gsl_deriv.bi
inc/gsl/gsl_dft_complex.bi
inc/gsl/gsl_dft_complex_float.bi
inc/gsl/gsl_dht.bi
inc/gsl/gsl_diff.bi
inc/gsl/gsl_eigen.bi
inc/gsl/gsl_errno.bi
inc/gsl/gsl_fft.bi
inc/gsl/gsl_fft_complex.bi
inc/gsl/gsl_fft_complex_float.bi
inc/gsl/gsl_fft_halfcomplex.bi
inc/gsl/gsl_fft_halfcomplex_float.bi
inc/gsl/gsl_fft_real.bi
inc/gsl/gsl_fft_real_float.bi
inc/gsl/gsl_fit.bi
inc/gsl/gsl_heapsort.bi
inc/gsl/gsl_histogram.bi
inc/gsl/gsl_histogram2d.bi
inc/gsl/gsl_ieee_utils.bi
inc/gsl/gsl_inline.bi
inc/gsl/gsl_integration.bi
inc/gsl/gsl_interp.bi
inc/gsl/gsl_linalg.bi
inc/gsl/gsl_machine.bi
inc/gsl/gsl_math.bi
inc/gsl/gsl_matrix.bi
inc/gsl/gsl_matrix_char.bi
inc/gsl/gsl_matrix_complex_double.bi
inc/gsl/gsl_matrix_complex_float.bi
inc/gsl/gsl_matrix_complex_long_double.bi
inc/gsl/gsl_matrix_double.bi
inc/gsl/gsl_matrix_float.bi
inc/gsl/gsl_matrix_int.bi
inc/gsl/gsl_matrix_long.bi
inc/gsl/gsl_matrix_long_double.bi
inc/gsl/gsl_matrix_short.bi
inc/gsl/gsl_matrix_uchar.bi
inc/gsl/gsl_matrix_uint.bi
inc/gsl/gsl_matrix_ulong.bi
inc/gsl/gsl_matrix_ushort.bi
inc/gsl/gsl_message.bi
inc/gsl/gsl_min.bi
inc/gsl/gsl_minmax.bi
inc/gsl/gsl_mode.bi
inc/gsl/gsl_monte.bi
inc/gsl/gsl_monte_miser.bi
inc/gsl/gsl_monte_plain.bi
inc/gsl/gsl_monte_vegas.bi
inc/gsl/gsl_multifit.bi
inc/gsl/gsl_multifit_nlin.bi
inc/gsl/gsl_multimin.bi
inc/gsl/gsl_multiroots.bi
inc/gsl/gsl_multiset.bi
inc/gsl/gsl_nan.bi
inc/gsl/gsl_ntuple.bi
inc/gsl/gsl_odeiv.bi
inc/gsl/gsl_odeiv2.bi
inc/gsl/gsl_permutation.bi
inc/gsl/gsl_permute.bi
inc/gsl/gsl_permute_char.bi
inc/gsl/gsl_permute_complex_double.bi
inc/gsl/gsl_permute_complex_float.bi
inc/gsl/gsl_permute_complex_long_double.bi
inc/gsl/gsl_permute_double.bi
inc/gsl/gsl_permute_float.bi
inc/gsl/gsl_permute_int.bi
inc/gsl/gsl_permute_long.bi
inc/gsl/gsl_permute_long_double.bi
inc/gsl/gsl_permute_short.bi
inc/gsl/gsl_permute_uchar.bi
inc/gsl/gsl_permute_uint.bi
inc/gsl/gsl_permute_ulong.bi
inc/gsl/gsl_permute_ushort.bi
inc/gsl/gsl_permute_vector.bi
inc/gsl/gsl_permute_vector_char.bi
inc/gsl/gsl_permute_vector_complex_double.bi
inc/gsl/gsl_permute_vector_complex_float.bi
inc/gsl/gsl_permute_vector_complex_long_double.bi
inc/gsl/gsl_permute_vector_double.bi
inc/gsl/gsl_permute_vector_float.bi
inc/gsl/gsl_permute_vector_int.bi
inc/gsl/gsl_permute_vector_long.bi
inc/gsl/gsl_permute_vector_long_double.bi
inc/gsl/gsl_permute_vector_short.bi
inc/gsl/gsl_permute_vector_uchar.bi
inc/gsl/gsl_permute_vector_uint.bi
inc/gsl/gsl_permute_vector_ulong.bi
inc/gsl/gsl_permute_vector_ushort.bi
inc/gsl/gsl_poly.bi
inc/gsl/gsl_pow_int.bi
inc/gsl/gsl_precision.bi
inc/gsl/gsl_qrng.bi
inc/gsl/gsl_randist.bi
inc/gsl/gsl_rng.bi
inc/gsl/gsl_roots.bi
inc/gsl/gsl_sf.bi
inc/gsl/gsl_sf_airy.bi
inc/gsl/gsl_sf_bessel.bi
inc/gsl/gsl_sf_clausen.bi
inc/gsl/gsl_sf_coulomb.bi
inc/gsl/gsl_sf_coupling.bi
inc/gsl/gsl_sf_dawson.bi
inc/gsl/gsl_sf_debye.bi
inc/gsl/gsl_sf_dilog.bi
inc/gsl/gsl_sf_elementary.bi
inc/gsl/gsl_sf_ellint.bi
inc/gsl/gsl_sf_elljac.bi
inc/gsl/gsl_sf_erf.bi
inc/gsl/gsl_sf_exp.bi
inc/gsl/gsl_sf_expint.bi
inc/gsl/gsl_sf_fermi_dirac.bi
inc/gsl/gsl_sf_gamma.bi
inc/gsl/gsl_sf_gegenbauer.bi
inc/gsl/gsl_sf_hyperg.bi
inc/gsl/gsl_sf_laguerre.bi
inc/gsl/gsl_sf_lambert.bi
inc/gsl/gsl_sf_legendre.bi
inc/gsl/gsl_sf_log.bi
inc/gsl/gsl_sf_mathieu.bi
inc/gsl/gsl_sf_pow_int.bi
inc/gsl/gsl_sf_psi.bi
inc/gsl/gsl_sf_result.bi
inc/gsl/gsl_sf_synchrotron.bi
inc/gsl/gsl_sf_transport.bi
inc/gsl/gsl_sf_trig.bi
inc/gsl/gsl_sf_zeta.bi
inc/gsl/gsl_siman.bi
inc/gsl/gsl_sort.bi
inc/gsl/gsl_sort_char.bi
inc/gsl/gsl_sort_double.bi
inc/gsl/gsl_sort_float.bi
inc/gsl/gsl_sort_int.bi
inc/gsl/gsl_sort_long.bi
inc/gsl/gsl_sort_long_double.bi
inc/gsl/gsl_sort_short.bi
inc/gsl/gsl_sort_uchar.bi
inc/gsl/gsl_sort_uint.bi
inc/gsl/gsl_sort_ulong.bi
inc/gsl/gsl_sort_ushort.bi
inc/gsl/gsl_sort_vector.bi
inc/gsl/gsl_sort_vector_char.bi
inc/gsl/gsl_sort_vector_double.bi
inc/gsl/gsl_sort_vector_float.bi
inc/gsl/gsl_sort_vector_int.bi
inc/gsl/gsl_sort_vector_long.bi
inc/gsl/gsl_sort_vector_long_double.bi
inc/gsl/gsl_sort_vector_short.bi
inc/gsl/gsl_sort_vector_uchar.bi
inc/gsl/gsl_sort_vector_uint.bi
inc/gsl/gsl_sort_vector_ulong.bi
inc/gsl/gsl_sort_vector_ushort.bi
inc/gsl/gsl_specfunc.bi
inc/gsl/gsl_spline.bi
inc/gsl/gsl_statistics.bi
inc/gsl/gsl_statistics_char.bi
inc/gsl/gsl_statistics_double.bi
inc/gsl/gsl_statistics_float.bi
inc/gsl/gsl_statistics_int.bi
inc/gsl/gsl_statistics_long.bi
inc/gsl/gsl_statistics_long_double.bi
inc/gsl/gsl_statistics_short.bi
inc/gsl/gsl_statistics_uchar.bi
inc/gsl/gsl_statistics_uint.bi
inc/gsl/gsl_statistics_ulong.bi
inc/gsl/gsl_statistics_ushort.bi
inc/gsl/gsl_sum.bi
inc/gsl/gsl_sys.bi
inc/gsl/gsl_test.bi
inc/gsl/gsl_types.bi
inc/gsl/gsl_vector.bi
inc/gsl/gsl_vector_char.bi
inc/gsl/gsl_vector_complex.bi
inc/gsl/gsl_vector_complex_double.bi
inc/gsl/gsl_vector_complex_float.bi
inc/gsl/gsl_vector_complex_long_double.bi
inc/gsl/gsl_vector_double.bi
inc/gsl/gsl_vector_float.bi
inc/gsl/gsl_vector_int.bi
inc/gsl/gsl_vector_long.bi
inc/gsl/gsl_vector_long_double.bi
inc/gsl/gsl_vector_short.bi
inc/gsl/gsl_vector_uchar.bi
inc/gsl/gsl_vector_uint.bi
inc/gsl/gsl_vector_ulong.bi
inc/gsl/gsl_vector_ushort.bi
inc/gsl/gsl_version.bi
inc/gsl/gsl_wavelet.bi
inc/gsl/gsl_wavelet2d.bi
inc/jit.bi
inc/jpeglib.bi
inc/jpgalleg.bi
inc/libexslt/exslt.bi
inc/libexslt/exsltconfig.bi
inc/libexslt/exsltexports.bi
inc/libexslt/libexslt.bi
inc/libiconv.bi
inc/libintl.bi
inc/libxml/DOCBparser.bi
inc/libxml/HTMLparser.bi
inc/libxml/HTMLtree.bi
inc/libxml/SAX.bi
inc/libxml/SAX2.bi
inc/libxml/c14n.bi
inc/libxml/catalog.bi
inc/libxml/chvalid.bi
inc/libxml/debugXML.bi
inc/libxml/dict.bi
inc/libxml/encoding.bi
inc/libxml/entities.bi
inc/libxml/globals.bi
inc/libxml/hash.bi
inc/libxml/list.bi
inc/libxml/nanoftp.bi
inc/libxml/nanohttp.bi
inc/libxml/parser.bi
inc/libxml/parserInternals.bi
inc/libxml/pattern.bi
inc/libxml/relaxng.bi
inc/libxml/schemasInternals.bi
inc/libxml/schematron.bi
inc/libxml/threads.bi
inc/libxml/tree.bi
inc/libxml/uri.bi
inc/libxml/valid.bi
inc/libxml/xinclude.bi
inc/libxml/xlink.bi
inc/libxml/xmlIO.bi
inc/libxml/xmlautomata.bi
inc/libxml/xmlerror.bi
inc/libxml/xmlexports.bi
inc/libxml/xmlmemory.bi
inc/libxml/xmlmodule.bi
inc/libxml/xmlreader.bi
inc/libxml/xmlregexp.bi
inc/libxml/xmlsave.bi
inc/libxml/xmlschemas.bi
inc/libxml/xmlschemastypes.bi
inc/libxml/xmlstring.bi
inc/libxml/xmlunicode.bi
inc/libxml/xmlversion.bi
inc/libxml/xmlwriter.bi
inc/libxml/xpath.bi
inc/libxml/xpathInternals.bi
inc/libxml/xpointer.bi
inc/libxslt/attributes.bi
inc/libxslt/documents.bi
inc/libxslt/extensions.bi
inc/libxslt/extra.bi
inc/libxslt/functions.bi
inc/libxslt/imports.bi
inc/libxslt/keys.bi
inc/libxslt/libxslt.bi
inc/libxslt/namespaces.bi
inc/libxslt/numbersInternals.bi
inc/libxslt/pattern.bi
inc/libxslt/preproc.bi
inc/libxslt/security.bi
inc/libxslt/templates.bi
inc/libxslt/transform.bi
inc/libxslt/trio.bi
inc/libxslt/triodef.bi
inc/libxslt/variables.bi
inc/libxslt/win32config.bi
inc/libxslt/xslt.bi
inc/libxslt/xsltInternals.bi
inc/libxslt/xsltconfig.bi
inc/libxslt/xsltexports.bi
inc/libxslt/xsltlocale.bi
inc/libxslt/xsltutils.bi
inc/libxslt/xsltwin32config.bi
inc/llvm-c.bi
inc/lzma.bi
inc/lzo/lzo1.bi
inc/lzo/lzo1a.bi
inc/lzo/lzo1b.bi
inc/lzo/lzo1c.bi
inc/lzo/lzo1f.bi
inc/lzo/lzo1x.bi
inc/lzo/lzo1y.bi
inc/lzo/lzo1z.bi
inc/lzo/lzo2a.bi
inc/lzo/lzo_asm.bi
inc/lzo/lzoconf.bi
inc/lzo/lzodefs.bi
inc/lzo/lzoutil.bi
inc/mxml.bi
inc/pcre-common.bi
inc/pcre.bi
inc/pcre16.bi
inc/pcre2.bi
inc/pcre2posix.bi
inc/pcre32.bi
inc/pcreposix.bi
inc/png.bi
inc/png12.bi
inc/png14.bi
inc/png15.bi
inc/png16.bi
inc/pspell.bi
inc/quicklz.bi
inc/raylib.bi
inc/raymath.bi
inc/regex.bi
inc/soloud_c.bi
inc/sqlite2.bi
inc/sqlite3.bi
inc/sqlite3ext.bi
inc/string.bi
inc/tinyptc.bi
inc/tre/regex.bi
inc/tre/tre.bi
inc/utf_conv.bi
inc/vbcompat.bi
inc/zip.bi
inc/zlib.bi
lib/dos/crt0.o
lib/dos/fbrt0.o
lib/dos/gcrt0.o
lib/dos/i386go32.x
lib/dos/libc.a
lib/dos/libdbg.a
lib/dos/libemu.a
lib/dos/libfb.a
lib/dos/libfbgfx.a
lib/dos/libfbgfxmt.a
lib/dos/libfbmt.a
lib/dos/libgcc.a
lib/dos/libm.a
lib/dos/libpthread.a
lib/dos/libsocket.a
lib/dos/libstdcx.a
lib/dos/libsupcx.a
readme.txt
