bin/libexec/gcc/i486-pc-mingw32/4.7.3/cc1
bin/win32/ar
bin/win32/as
bin/win32/dlltool
bin/win32/gcc
bin/win32/ld
bin/win32/windres
doc/gpl.txt
doc/lgpl.txt
doc/licenses/aspell.txt
doc/licenses/big_int.txt
doc/licenses/bzip2.txt
doc/licenses/c-ares.txt
doc/licenses/cgi-util.txt
doc/licenses/cryptlib.txt
doc/licenses/CUnit.txt
doc/licenses/curl.txt
doc/licenses/DevIL.txt
doc/licenses/disphelper.html
doc/licenses/expat.txt
doc/licenses/flac.txt
doc/licenses/freeglut.txt
doc/licenses/FreeImage.txt
doc/licenses/freetype.txt
doc/licenses/gdsl.txt
doc/licenses/GD.txt
doc/licenses/giflib.txt
doc/licenses/glfw.txt
doc/licenses/gmp.txt
doc/licenses/gnutls-openssl.txt
doc/licenses/gnutls.txt
doc/licenses/grx.txt
doc/licenses/gsl.txt
doc/licenses/jasper.txt
doc/licenses/jpeglib.txt
doc/licenses/lcms2.txt
doc/licenses/lcms.txt
doc/licenses/libffi.txt
doc/licenses/libidn.txt
doc/licenses/libmetalink.txt
doc/licenses/libmng.txt
doc/licenses/libogg.txt
doc/licenses/liboggz.txt
doc/licenses/libpng.txt
doc/licenses/libtasn1.txt
doc/licenses/libtheora.txt
doc/licenses/libvorbis.txt
doc/licenses/libwebp.txt
doc/licenses/libxml2.txt
doc/licenses/libxslt.txt
doc/licenses/libzip.txt
doc/licenses/Lua.html
doc/licenses/LZO.txt
doc/licenses/mpc.txt
doc/licenses/mpfr.txt
doc/licenses/mxml.txt
doc/licenses/nettle.txt
doc/licenses/openal-soft.txt
doc/licenses/PCRE.txt
doc/licenses/PDCurses.txt
doc/licenses/pdflib.txt
doc/licenses/QuickLZ.txt
doc/licenses/SDL_image.txt
doc/licenses/SDL_net.txt
doc/licenses/SDL_ttf.txt
doc/licenses/SDL.txt
doc/licenses/sqlite3.txt
doc/licenses/tiff.txt
doc/licenses/TRE.txt
doc/licenses/xz.txt
doc/licenses/zlib.txt
inc/AL/al.bi
inc/AL/alc.bi
inc/AL/alext.bi
inc/AL/alut.bi
inc/AL/efx.bi
inc/AL/EFX-Util.bi
inc/allegro/3d.bi
inc/allegro/3dmaths.bi
inc/allegro/alcompat.bi
inc/allegro/algif.bi
inc/allegro/alpng.bi
inc/allegro/base.bi
inc/allegro.bi
inc/allegro/color.bi
inc/allegro/compiled.bi
inc/allegro/config.bi
inc/allegro/datafile.bi
inc/allegro/debug.bi
inc/allegro/digi.bi
inc/allegro/draw.bi
inc/allegro/file.bi
inc/allegro/fixed.bi
inc/allegro/fli.bi
inc/allegro/fmaths.bi
inc/allegro/gfx.bi
inc/allegro/gui.bi
inc/allegro/inline/3dmaths.bi
inc/allegro/inline/asm.bi
inc/allegro/inline/color.bi
inc/allegro/inline/draw.bi
inc/allegro/inline/file.bi
inc/allegro/inline/fmaths.bi
inc/allegro/inline/gfx.bi
inc/allegro/inline/gui.bi
inc/allegro/inline/matrix.bi
inc/allegro/inline/rle.bi
inc/allegro/inline/system.bi
inc/allegro/internal/alconfig.bi
inc/allegro/joystick.bi
inc/allegro/keyboard.bi
inc/allegro/matrix.bi
inc/allegro/midi.bi
inc/allegro/mouse.bi
inc/allegro/palette.bi
inc/allegro/platform/al386gcc.bi
inc/allegro/platform/aldjgpp.bi
inc/allegro/platform/aldos.bi
inc/allegro/platform/almngw32.bi
inc/allegro/platform/alplatf.bi
inc/allegro/platform/alucfg.bi
inc/allegro/platform/alunix.bi
inc/allegro/platform/alwin.bi
inc/allegro/quat.bi
inc/allegro/rle.bi
inc/allegro/sound.bi
inc/allegro/stream.bi
inc/allegro/system.bi
inc/allegro/text.bi
inc/allegro/timer.bi
inc/allegro/unicode.bi
inc/aspell.bi
inc/atk/atk.bi
inc/bass.bi
inc/bassmod.bi
inc/bfd/bfd-216.bi
inc/bfd/bfd-217.bi
inc/bfd/bfd-218.bi
inc/bfd.bi
inc/big_int/basic_funcs.bi
inc/big_int/big_int.bi
inc/big_int/big_int_full.bi
inc/big_int/bitset_funcs.bi
inc/big_int/get_bit_length.bi
inc/big_int/low_level_funcs.bi
inc/big_int/memory_manager.bi
inc/big_int/modular_arithmetic.bi
inc/big_int/number_theory.bi
inc/big_int/service_funcs.bi
inc/big_int/str_funcs.bi
inc/big_int/str_types.bi
inc/bzlib.bi
inc/caca0.bi
inc/caca.bi
inc/cairo/cairo.bi
inc/cairo/cairo-gl.bi
inc/cairo/cairo-pdf.bi
inc/cairo/cairo-ps.bi
inc/cairo/cairo-svg.bi
inc/cairo/cairo-win32.bi
inc/cd/cd.bi
inc/cd/cdcairo.bi
inc/cd/cdcgm.bi
inc/cd/cdclipbd.bi
inc/cd/cddbuf.bi
inc/cd/cddebug.bi
inc/cd/cddgn.bi
inc/cd/cddxf.bi
inc/cd/cdemf.bi
inc/cd/cdgdiplus.bi
inc/cd/cdgl.bi
inc/cd/cdimage.bi
inc/cd/cdirgb.bi
inc/cd/cdiup.bi
inc/cd/cdlua3_private.bi
inc/cd/cdlua5_private.bi
inc/cd/cdlua.bi
inc/cd/cdluagl.bi
inc/cd/cdluaim.bi
inc/cd/cdluaiup.bi
inc/cd/cdluapdf.bi
inc/cd/cdmf.bi
inc/cd/cdmf_private.bi
inc/cd/cdnative.bi
inc/cd/cd_old.bi
inc/cd/cdpdf.bi
inc/cd/cdpicture.bi
inc/cd/cdprint.bi
inc/cd/cd_private.bi
inc/cd/cdps.bi
inc/cd/cdsvg.bi
inc/cd/cdwmf.bi
inc/cd/wd.bi
inc/cd/wd_old.bi
inc/cgui.bi
inc/chipmunk/chipmunk.bi
inc/chipmunk/chipmunk_unsafe.bi
inc/chipmunk/constraints/cpBreakableJoint.bi
inc/chipmunk/constraints/cpDampedRotarySpring.bi
inc/chipmunk/constraints/cpDampedSpring.bi
inc/chipmunk/constraints/cpGearJoint.bi
inc/chipmunk/constraints/cpGrooveJoint.bi
inc/chipmunk/constraints/cpPinJoint.bi
inc/chipmunk/constraints/cpPivotJoint.bi
inc/chipmunk/constraints/cpRotaryLimitJoint.bi
inc/chipmunk/constraints/cpSimpleMotor.bi
inc/chipmunk/constraints/cpSlideJoint.bi
inc/chipmunk/cpArbiter.bi
inc/chipmunk/cpArray.bi
inc/chipmunk/cpBB.bi
inc/chipmunk/cpBody.bi
inc/chipmunk/cpCollision.bi
inc/chipmunk/cpHashSet.bi
inc/chipmunk/cpPolyShape.bi
inc/chipmunk/cpShape.bi
inc/chipmunk/cpSpace.bi
inc/chipmunk/cpSpaceHash.bi
inc/chipmunk/cpVect.bi
inc/crt/arpa/inet.bi
inc/crt.bi
inc/crt/bits/locale.bi
inc/crt/bits/pthreadtypes.bi
inc/crt/ctype.bi
inc/crt/dir.bi
inc/crt/errno.bi
inc/crt/fcntl.bi
inc/crt/io.bi
inc/crt/limits.bi
inc/crt/locale.bi
inc/crt/malloc.bi
inc/crt/math.bi
inc/crt/process.bi
inc/crt/setjmp.bi
inc/crt/stdarg.bi
inc/crt/stddef.bi
inc/crt/stdint.bi
inc/crt/stdio.bi
inc/crt/stdlib.bi
inc/crt/string.bi
inc/crt/sys/select.bi
inc/crt/sys/socket.bi
inc/crt/sys/stat.bi
inc/crt/sys/time.bi
inc/crt/sys/types.bi
inc/crt/sys/uio.bi
inc/crt/sys/win32/stat.bi
inc/crt/sys/win32/time.bi
inc/crt/sys/win32/types.bi
inc/crt/time.bi
inc/crt/unistd.bi
inc/crt/wchar.bi
inc/crt/win32/ctype.bi
inc/crt/win32/fcntl.bi
inc/crt/win32/process.bi
inc/crt/win32/stdio.bi
inc/crt/win32/stdlib.bi
inc/crt/win32/time.bi
inc/crt/win32/unistd.bi
inc/crt/win32/wchar.bi
inc/cryptlib.bi
inc/CUnit/Automated.bi
inc/CUnit/Basic.bi
inc/CUnit/Console.bi
inc/CUnit/CUError.bi
inc/CUnit/CUnit.bi
inc/CUnit/MyMem.bi
inc/CUnit/TestDB.bi
inc/CUnit/TestRun.bi
inc/curl.bi
inc/curses.bi
inc/curses/pdcurses.bi
inc/datetime.bi
inc/dir.bi
inc/dislin.bi
inc/disphelper/convert.bi
inc/disphelper/disphelper.bi
inc/expat.bi
inc/fastcgi/fastcgi.bi
inc/fastcgi/fcgiapp.bi
inc/fastcgi/fcgi_stdio.bi
inc/fbgfx.bi
inc/ffi.bi
inc/file.bi
inc/flite/cst_alloc.bi
inc/flite/cst_alloc.h
inc/flite/cst_args.bi
inc/flite/cst_args.h
inc/flite/cst_audio.bi
inc/flite/cst_audio.h
inc/flite/cst_cart.bi
inc/flite/cst_cart.h
inc/flite/cst_cg.bi
inc/flite/cst_cg.h
inc/flite/cst_clunits.bi
inc/flite/cst_clunits.h
inc/flite/cst_diphone.bi
inc/flite/cst_diphone.h
inc/flite/cst_endian.bi
inc/flite/cst_endian.h
inc/flite/cst_error.bi
inc/flite/cst_error.h
inc/flite/cst_features.bi
inc/flite/cst_features.h
inc/flite/cst_ffeatures.bi
inc/flite/cst_ffeatures.h
inc/flite/cst_file.bi
inc/flite/cst_file.h
inc/flite/cst_hrg.bi
inc/flite/cst_hrg.h
inc/flite/cst_item.bi
inc/flite/cst_item.h
inc/flite/cst_lexicon.bi
inc/flite/cst_lexicon.h
inc/flite/cst_lts.bi
inc/flite/cst_lts.h
inc/flite/cst_lts_rewrites.bi
inc/flite/cst_lts_rewrites.h
inc/flite/cst_math.bi
inc/flite/cst_math.h
inc/flite/cst_phoneset.bi
inc/flite/cst_phoneset.h
inc/flite/cst_regex.bi
inc/flite/cst_regex.h
inc/flite/cst_relation.bi
inc/flite/cst_relation.h
inc/flite/cst_sigpr.bi
inc/flite/cst_sigpr.h
inc/flite/cst_socket.bi
inc/flite/cst_socket.h
inc/flite/cst_ss.bi
inc/flite/cst_ss.h
inc/flite/cst_string.bi
inc/flite/cst_string.h
inc/flite/cst_sts.h
inc/flite/cst_synth.bi
inc/flite/cst_synth.h
inc/flite/cst_tokenstream.bi
inc/flite/cst_tokenstream.h
inc/flite/cst_track.bi
inc/flite/cst_track.h
inc/flite/cst_units.bi
inc/flite/cst_units.h
inc/flite/cst_utterance.bi
inc/flite/cst_utterance.h
inc/flite/cst_utt_utils.bi
inc/flite/cst_utt_utils.h
inc/flite/cst_val.bi
inc/flite/cst_val_const.bi
inc/flite/cst_val_const.h
inc/flite/cst_val_defs.bi
inc/flite/cst_val_defs.h
inc/flite/cst_val.h
inc/flite/cst_viterbi.bi
inc/flite/cst_viterbi.h
inc/flite/cst_voice.bi
inc/flite/cst_voice.h
inc/flite/cst_wave.bi
inc/flite/cst_wave.h
inc/flite/cst_wchar.bi
inc/flite/cst_wchar.h
inc/flite/flite.bi
inc/flite/flite_version.bi
inc/flite/flite_version.h
inc/fmod.bi
inc/FreeImage.bi
inc/freetype2/config/ftconfig.bi
inc/freetype2/config/ftoption.bi
inc/freetype2/config/ftstdlib.bi
inc/freetype2/freetype.bi
inc/freetype2/fterrors.bi
inc/freetype2/ftimage.bi
inc/freetype2/ftmoderr.bi
inc/freetype2/ftsystem.bi
inc/freetype2/fttypes.bi
inc/gd.bi
inc/gdbm.bi
inc/gdk/gdk-2.24.bi
inc/gdk/gdk-3.4.bi
inc/gdk/gdk.bi
inc/gdk-pixbuf/gdk-pixbuf.bi
inc/gdsl/gdsl_2darray.bi
inc/gdsl/gdsl.bi
inc/gdsl/_gdsl_bintree.bi
inc/gdsl/_gdsl_bstree.bi
inc/gdsl/gdsl_bstree.bi
inc/gdsl/gdsl_hash.bi
inc/gdsl/_gdsl_list.bi
inc/gdsl/gdsl_list.bi
inc/gdsl/gdsl_macros.bi
inc/gdsl/_gdsl_node.bi
inc/gdsl/gdsl_perm.bi
inc/gdsl/gdsl_queue.bi
inc/gdsl/gdsl_rbtree.bi
inc/gdsl/gdsl_sort.bi
inc/gdsl/gdsl_stack.bi
inc/gdsl/gdsl_types.bi
inc/gettext-po.bi
inc/gif_lib.bi
inc/gio/gio.bi
inc/glade/glade.bi
inc/glade/glade-build.bi
inc/glade/glade-init.bi
inc/glade/glade-parser.bi
inc/glade/glade-xml.bi
inc/GL/freeglut.bi
inc/GL/freeglut_ext.bi
inc/GL/freeglut_std.bi
inc/GL/gl.bi
inc/GL/glext.bi
inc/GL/glfw.bi
inc/GL/glu.bi
inc/GL/glut.bi
inc/glib.bi
inc/glibconfig.bi
inc/glib-object.bi
inc/gmodule.bi
inc/gmp.bi
inc/goocanvas.bi
inc/grx/grx20.bi
inc/grx/grxkeys.bi
inc/gsl/gsl_blas.bi
inc/gsl/gsl_blas_types.bi
inc/gsl/gsl_block.bi
inc/gsl/gsl_block_char.bi
inc/gsl/gsl_block_complex.bi
inc/gsl/gsl_block_complex_double.bi
inc/gsl/gsl_block_complex_float.bi
inc/gsl/gsl_block_complex_long_double.bi
inc/gsl/gsl_block_double.bi
inc/gsl/gsl_block_float.bi
inc/gsl/gsl_block_int.bi
inc/gsl/gsl_block_long.bi
inc/gsl/gsl_block_long_double.bi
inc/gsl/gsl_block_short.bi
inc/gsl/gsl_block_uchar.bi
inc/gsl/gsl_block_uint.bi
inc/gsl/gsl_block_ulong.bi
inc/gsl/gsl_block_ushort.bi
inc/gsl/gsl_cblas.bi
inc/gsl/gsl_cdf.bi
inc/gsl/gsl_chebyshev.bi
inc/gsl/gsl_check_range.bi
inc/gsl/gsl_combination.bi
inc/gsl/gsl_complex.bi
inc/gsl/gsl_complex_math.bi
inc/gsl/gsl_const.bi
inc/gsl/gsl_const_cgs.bi
inc/gsl/gsl_const_cgsm.bi
inc/gsl/gsl_const_mksa.bi
inc/gsl/gsl_const_mks.bi
inc/gsl/gsl_const_num.bi
inc/gsl/gsl_deriv.bi
inc/gsl/gsl_dft_complex.bi
inc/gsl/gsl_dft_complex_float.bi
inc/gsl/gsl_dht.bi
inc/gsl/gsl_diff.bi
inc/gsl/gsl_eigen.bi
inc/gsl/gsl_errno.bi
inc/gsl/gsl_fft.bi
inc/gsl/gsl_fft_complex.bi
inc/gsl/gsl_fft_complex_float.bi
inc/gsl/gsl_fft_halfcomplex.bi
inc/gsl/gsl_fft_halfcomplex_float.bi
inc/gsl/gsl_fft_real.bi
inc/gsl/gsl_fft_real_float.bi
inc/gsl/gsl_fit.bi
inc/gsl/gsl_heapsort.bi
inc/gsl/gsl_histogram2d.bi
inc/gsl/gsl_histogram.bi
inc/gsl/gsl_ieee_utils.bi
inc/gsl/gsl_integration.bi
inc/gsl/gsl_interp.bi
inc/gsl/gsl_linalg.bi
inc/gsl/gsl_machine.bi
inc/gsl/gsl_math.bi
inc/gsl/gsl_matrix.bi
inc/gsl/gsl_matrix_char.bi
inc/gsl/gsl_matrix_complex_double.bi
inc/gsl/gsl_matrix_complex_float.bi
inc/gsl/gsl_matrix_complex_long_double.bi
inc/gsl/gsl_matrix_double.bi
inc/gsl/gsl_matrix_float.bi
inc/gsl/gsl_matrix_int.bi
inc/gsl/gsl_matrix_long.bi
inc/gsl/gsl_matrix_long_double.bi
inc/gsl/gsl_matrix_short.bi
inc/gsl/gsl_matrix_uchar.bi
inc/gsl/gsl_matrix_uint.bi
inc/gsl/gsl_matrix_ulong.bi
inc/gsl/gsl_matrix_ushort.bi
inc/gsl/gsl_message.bi
inc/gsl/gsl_min.bi
inc/gsl/gsl_mode.bi
inc/gsl/gsl_monte.bi
inc/gsl/gsl_monte_miser.bi
inc/gsl/gsl_monte_plain.bi
inc/gsl/gsl_monte_vegas.bi
inc/gsl/gsl_multifit.bi
inc/gsl/gsl_multifit_nlin.bi
inc/gsl/gsl_multimin.bi
inc/gsl/gsl_multiroots.bi
inc/gsl/gsl_nan.bi
inc/gsl/gsl_ntuple.bi
inc/gsl/gsl_odeiv.bi
inc/gsl/gsl_permutation.bi
inc/gsl/gsl_permute.bi
inc/gsl/gsl_permute_char.bi
inc/gsl/gsl_permute_complex_double.bi
inc/gsl/gsl_permute_complex_float.bi
inc/gsl/gsl_permute_complex_long_double.bi
inc/gsl/gsl_permute_double.bi
inc/gsl/gsl_permute_float.bi
inc/gsl/gsl_permute_int.bi
inc/gsl/gsl_permute_long.bi
inc/gsl/gsl_permute_long_double.bi
inc/gsl/gsl_permute_short.bi
inc/gsl/gsl_permute_uchar.bi
inc/gsl/gsl_permute_uint.bi
inc/gsl/gsl_permute_ulong.bi
inc/gsl/gsl_permute_ushort.bi
inc/gsl/gsl_permute_vector.bi
inc/gsl/gsl_permute_vector_char.bi
inc/gsl/gsl_permute_vector_complex_double.bi
inc/gsl/gsl_permute_vector_complex_float.bi
inc/gsl/gsl_permute_vector_complex_long_double.bi
inc/gsl/gsl_permute_vector_double.bi
inc/gsl/gsl_permute_vector_float.bi
inc/gsl/gsl_permute_vector_int.bi
inc/gsl/gsl_permute_vector_long.bi
inc/gsl/gsl_permute_vector_long_double.bi
inc/gsl/gsl_permute_vector_short.bi
inc/gsl/gsl_permute_vector_uchar.bi
inc/gsl/gsl_permute_vector_uint.bi
inc/gsl/gsl_permute_vector_ulong.bi
inc/gsl/gsl_permute_vector_ushort.bi
inc/gsl/gsl_poly.bi
inc/gsl/gsl_pow_int.bi
inc/gsl/gsl_precision.bi
inc/gsl/gsl_qrng.bi
inc/gsl/gsl_randist.bi
inc/gsl/gsl_rng.bi
inc/gsl/gsl_roots.bi
inc/gsl/gsl_sf_airy.bi
inc/gsl/gsl_sf_bessel.bi
inc/gsl/gsl_sf.bi
inc/gsl/gsl_sf_clausen.bi
inc/gsl/gsl_sf_coulomb.bi
inc/gsl/gsl_sf_coupling.bi
inc/gsl/gsl_sf_dawson.bi
inc/gsl/gsl_sf_debye.bi
inc/gsl/gsl_sf_dilog.bi
inc/gsl/gsl_sf_elementary.bi
inc/gsl/gsl_sf_ellint.bi
inc/gsl/gsl_sf_elljac.bi
inc/gsl/gsl_sf_erf.bi
inc/gsl/gsl_sf_exp.bi
inc/gsl/gsl_sf_expint.bi
inc/gsl/gsl_sf_fermi_dirac.bi
inc/gsl/gsl_sf_gamma.bi
inc/gsl/gsl_sf_gegenbauer.bi
inc/gsl/gsl_sf_hyperg.bi
inc/gsl/gsl_sf_laguerre.bi
inc/gsl/gsl_sf_lambert.bi
inc/gsl/gsl_sf_legendre.bi
inc/gsl/gsl_sf_log.bi
inc/gsl/gsl_sf_pow_int.bi
inc/gsl/gsl_sf_psi.bi
inc/gsl/gsl_sf_result.bi
inc/gsl/gsl_sf_synchrotron.bi
inc/gsl/gsl_sf_transport.bi
inc/gsl/gsl_sf_trig.bi
inc/gsl/gsl_sf_zeta.bi
inc/gsl/gsl_siman.bi
inc/gsl/gsl_sort.bi
inc/gsl/gsl_sort_char.bi
inc/gsl/gsl_sort_double.bi
inc/gsl/gsl_sort_float.bi
inc/gsl/gsl_sort_int.bi
inc/gsl/gsl_sort_long.bi
inc/gsl/gsl_sort_long_double.bi
inc/gsl/gsl_sort_short.bi
inc/gsl/gsl_sort_uchar.bi
inc/gsl/gsl_sort_uint.bi
inc/gsl/gsl_sort_ulong.bi
inc/gsl/gsl_sort_ushort.bi
inc/gsl/gsl_sort_vector.bi
inc/gsl/gsl_sort_vector_char.bi
inc/gsl/gsl_sort_vector_double.bi
inc/gsl/gsl_sort_vector_float.bi
inc/gsl/gsl_sort_vector_int.bi
inc/gsl/gsl_sort_vector_long.bi
inc/gsl/gsl_sort_vector_long_double.bi
inc/gsl/gsl_sort_vector_short.bi
inc/gsl/gsl_sort_vector_uchar.bi
inc/gsl/gsl_sort_vector_uint.bi
inc/gsl/gsl_sort_vector_ulong.bi
inc/gsl/gsl_sort_vector_ushort.bi
inc/gsl/gsl_specfunc.bi
inc/gsl/gsl_spline.bi
inc/gsl/gsl_statistics.bi
inc/gsl/gsl_statistics_char.bi
inc/gsl/gsl_statistics_double.bi
inc/gsl/gsl_statistics_float.bi
inc/gsl/gsl_statistics_int.bi
inc/gsl/gsl_statistics_long.bi
inc/gsl/gsl_statistics_long_double.bi
inc/gsl/gsl_statistics_short.bi
inc/gsl/gsl_statistics_uchar.bi
inc/gsl/gsl_statistics_uint.bi
inc/gsl/gsl_statistics_ulong.bi
inc/gsl/gsl_statistics_ushort.bi
inc/gsl/gsl_sum.bi
inc/gsl/gsl_sys.bi
inc/gsl/gsl_test.bi
inc/gsl/gsl_types.bi
inc/gsl/gsl_vector.bi
inc/gsl/gsl_vector_char.bi
inc/gsl/gsl_vector_complex.bi
inc/gsl/gsl_vector_complex_double.bi
inc/gsl/gsl_vector_complex_float.bi
inc/gsl/gsl_vector_complex_long_double.bi
inc/gsl/gsl_vector_double.bi
inc/gsl/gsl_vector_float.bi
inc/gsl/gsl_vector_int.bi
inc/gsl/gsl_vector_long.bi
inc/gsl/gsl_vector_long_double.bi
inc/gsl/gsl_vector_short.bi
inc/gsl/gsl_vector_uchar.bi
inc/gsl/gsl_vector_uint.bi
inc/gsl/gsl_vector_ulong.bi
inc/gsl/gsl_vector_ushort.bi
inc/gsl/gsl_version.bi
inc/gsl/gsl_wavelet2d.bi
inc/gsl/gsl_wavelet.bi
inc/gtkgl/gdkgl.bi
inc/gtkgl/gdkglext.bi
inc/gtkgl/gtkgl.bi
inc/gtkgl/gtkglext.bi
inc/gtk/gtk-2.24.bi
inc/gtk/gtk-3.4.bi
inc/gtk/gtk.bi
inc/IL/il.bi
inc/IL/ilu.bi
inc/im/im_attrib.bi
inc/im/im_attrib_flat.bi
inc/im/im.bi
inc/im/im_binfile.bi
inc/im/im_capture.bi
inc/im/im_color.bi
inc/im/im_colorhsi.bi
inc/im/im_complex.bi
inc/im/im_convert.bi
inc/im/im_counter.bi
inc/im/im_dib.bi
inc/im/im_file.bi
inc/im/im_format_all.bi
inc/im/im_format_avi.bi
inc/im/im_format.bi
inc/im/im_format_ecw.bi
inc/im/im_format_jp2.bi
inc/im/im_format_raw.bi
inc/im/im_format_wmv.bi
inc/im/im_image.bi
inc/im/im_kernel.bi
inc/im/im_lib.bi
inc/im/imlua.bi
inc/im/im_math.bi
inc/im/im_math_op.bi
inc/im/im_palette.bi
inc/im/im_plus.bi
inc/im/im_process_ana.bi
inc/im/im_process.bi
inc/im/im_process_glo.bi
inc/im/im_process_loc.bi
inc/im/im_process_pnt.bi
inc/im/im_raw.bi
inc/im/im_util.bi
inc/im/old_im.bi
inc/IUP/iup.bi
inc/IUP/iupcb.bi
inc/IUP/iupcbox.bi
inc/IUP/iupcbs.bi
inc/IUP/iupcells.bi
inc/IUP/iupcolorbar.bi
inc/IUP/iupcontrols.bi
inc/IUP/iupdef.bi
inc/IUP/iupdial.bi
inc/IUP/iupgauge.bi
inc/IUP/iupgc.bi
inc/IUP/iupgetparam.bi
inc/IUP/iupgl.bi
inc/IUP/iupim.bi
inc/IUP/iupkey.bi
inc/IUP/iuplua.bi
inc/IUP/iupluacontrols.bi
inc/IUP/iupluagl.bi
inc/IUP/iupluaim.bi
inc/IUP/iuplua_mglplot.bi
inc/IUP/iupluaole.bi
inc/IUP/iuplua_pplot.bi
inc/IUP/iupluatuio.bi
inc/IUP/iupluaweb.bi
inc/IUP/iupmask.bi
inc/IUP/iupmatrix.bi
inc/IUP/iup_mglplot.bi
inc/IUP/iupole.bi
inc/IUP/iup_pplot.bi
inc/IUP/iupsbox.bi
inc/IUP/iupspin.bi
inc/IUP/iuptabs.bi
inc/IUP/iuptree.bi
inc/IUP/iuptuio.bi
inc/IUP/iupval.bi
inc/IUP/iupweb.bi
inc/japi.bi
inc/jit.bi
inc/jit/jit-apply.bi
inc/jit/jit-arch.bi
inc/jit/jit-block.bi
inc/jit/jit-common.bi
inc/jit/jit-context.bi
inc/jit/jit-debugger.bi
inc/jit/jit-defs.bi
inc/jit/jit-dump.bi
inc/jit/jit-dynamic.bi
inc/jit/jit-elf.bi
inc/jit/jit-except.bi
inc/jit/jit-function.bi
inc/jit/jit-init.bi
inc/jit/jit-insn.bi
inc/jit/jit-intrinsic.bi
inc/jit/jit-meta.bi
inc/jit/jit-objmodel.bi
inc/jit/jit-objmodel-private.bi
inc/jit/jit-opcode.bi
inc/jit/jit-plus.bi
inc/jit/jit-type.bi
inc/jit/jit-util.bi
inc/jit/jit-value.bi
inc/jit/jit-walk.bi
inc/jni.bi
inc/jpeglib.bi
inc/jpgalleg.bi
inc/json-c/arraylist.bi
inc/json-c/bits.bi
inc/json-c/debug.bi
inc/json-c/json.bi
inc/json-c/json_object.bi
inc/json-c/json_tokener.bi
inc/json-c/json_util.bi
inc/json-c/linkhash.bi
inc/libart_lgpl/art_affine.bi
inc/libart_lgpl/art_alphagamma.bi
inc/libart_lgpl/art_bpath.bi
inc/libart_lgpl/art_config.bi
inc/libart_lgpl/art_filterlevel.bi
inc/libart_lgpl/art_gray_svp.bi
inc/libart_lgpl/art_misc.bi
inc/libart_lgpl/art_pathcode.bi
inc/libart_lgpl/art_pixbuf.bi
inc/libart_lgpl/art_point.bi
inc/libart_lgpl/art_rect.bi
inc/libart_lgpl/art_rect_svp.bi
inc/libart_lgpl/art_rect_uta.bi
inc/libart_lgpl/art_rgb_affine.bi
inc/libart_lgpl/art_rgb.bi
inc/libart_lgpl/art_rgb_bitmap_affine.bi
inc/libart_lgpl/art_rgb_pixbuf_affine.bi
inc/libart_lgpl/art_rgb_rgba_affine.bi
inc/libart_lgpl/art_rgb_svp.bi
inc/libart_lgpl/art_svp.bi
inc/libart_lgpl/art_svp_ops.bi
inc/libart_lgpl/art_svp_point.bi
inc/libart_lgpl/art_svp_render_aa.bi
inc/libart_lgpl/art_svp_vpath.bi
inc/libart_lgpl/art_svp_vpath_stroke.bi
inc/libart_lgpl/art_svp_wind.bi
inc/libart_lgpl/art_uta.bi
inc/libart_lgpl/art_uta_ops.bi
inc/libart_lgpl/art_uta_rect.bi
inc/libart_lgpl/art_uta_svp.bi
inc/libart_lgpl/art_uta_vpath.bi
inc/libart_lgpl/art_vpath.bi
inc/libart_lgpl/art_vpath_bpath.bi
inc/libart_lgpl/art_vpath_dash.bi
inc/libart_lgpl/art_vpath_svp.bi
inc/libart_lgpl/libart.bi
inc/libart_lgpl/libart-features.bi
inc/libintl.bi
inc/libxml/c14n.bi
inc/libxml/catalog.bi
inc/libxml/debugXML.bi
inc/libxml/dict.bi
inc/libxml/encoding.bi
inc/libxml/entities.bi
inc/libxml/globals.bi
inc/libxml/hash.bi
inc/libxml/HTMLparser.bi
inc/libxml/HTMLtree.bi
inc/libxml/list.bi
inc/libxml/nanoftp.bi
inc/libxml/nanohttp.bi
inc/libxml/parser.bi
inc/libxml/pattern.bi
inc/libxml/relaxng.bi
inc/libxml/SAX2.bi
inc/libxml/SAX.bi
inc/libxml/threads.bi
inc/libxml/tree.bi
inc/libxml/uri.bi
inc/libxml/valid.bi
inc/libxml/xinclude.bi
inc/libxml/xlink.bi
inc/libxml/xmlautomata.bi
inc/libxml/xmlerror.bi
inc/libxml/xmlexports.bi
inc/libxml/xmlIO.bi
inc/libxml/xmlmemory.bi
inc/libxml/xmlmodule.bi
inc/libxml/xmlreader.bi
inc/libxml/xmlregexp.bi
inc/libxml/xmlsave.bi
inc/libxml/xmlschemas.bi
inc/libxml/xmlstring.bi
inc/libxml/xmlunicode.bi
inc/libxml/xmlversion.bi
inc/libxml/xmlwriter.bi
inc/libxml/xpath.bi
inc/libxml/xpathInternals.bi
inc/libxml/xpointer.bi
inc/libxslt/attributes.bi
inc/libxslt/documents.bi
inc/libxslt/extensions.bi
inc/libxslt/extra.bi
inc/libxslt/functions.bi
inc/libxslt/imports.bi
inc/libxslt/keys.bi
inc/libxslt/libxslt.bi
inc/libxslt/namespaces.bi
inc/libxslt/numbersInternals.bi
inc/libxslt/pattern.bi
inc/libxslt/preproc.bi
inc/libxslt/security.bi
inc/libxslt/templates.bi
inc/libxslt/transform.bi
inc/libxslt/trio.bi
inc/libxslt/triodef.bi
inc/libxslt/variables.bi
inc/libxslt/xslt.bi
inc/libxslt/xsltconfig.bi
inc/libxslt/xsltexports.bi
inc/libxslt/xsltInternals.bi
inc/libxslt/xsltutils.bi
inc/Lua/lauxlib.bi
inc/Lua/lua.bi
inc/Lua/lualib.bi
inc/lzma.bi
inc/lzo/lzo1a.bi
inc/lzo/lzo1b.bi
inc/lzo/lzo1.bi
inc/lzo/lzo1c.bi
inc/lzo/lzo1f.bi
inc/lzo/lzo1x.bi
inc/lzo/lzo1y.bi
inc/lzo/lzo1z.bi
inc/lzo/lzoconf.bi
inc/lzo/lzodefs.bi
inc/MediaInfo.bi
inc/modplug.bi
inc/mpg123.bi
inc/mxml.bi
inc/mysql/my_alloc.bi
inc/mysql/mysql.bi
inc/mysql/mysql_com.bi
inc/mysql/mysql_version.bi
inc/Newton.bi
inc/ode/ode.bi
inc/ode/ode_config.bi
inc/ogg/ogg.bi
inc/pango/pango.bi
inc/pango/pangocairo.bi
inc/pcre16.bi
inc/pcre.bi
inc/pcreposix.bi
inc/pdflib.bi
inc/png.bi
inc/portaudio.bi
inc/postgresql/libpq-fe.bi
inc/postgresql/postgres_ext.bi
inc/quicklz.bi
inc/regex.bi
inc/SDL/begin_code.bi
inc/SDL/close_code.bi
inc/SDL/SDL_active.bi
inc/SDL/SDL_audio.bi
inc/SDL/SDL.bi
inc/SDL/SDL_byteorder.bi
inc/SDL/SDL_cdrom.bi
inc/SDL/SDL_cpuinfo.bi
inc/SDL/SDL_endian.bi
inc/SDL/SDL_error.bi
inc/SDL/SDL_events.bi
inc/SDL/SDL_getenv.bi
inc/SDL/SDL_gfx_framerate.bi
inc/SDL/SDL_gfx_imageFilter.bi
inc/SDL/SDL_gfx_primitives.bi
inc/SDL/SDL_gfx_rotozoom.bi
inc/SDL/SDL_image.bi
inc/SDL/SDL_joystick.bi
inc/SDL/SDL_keyboard.bi
inc/SDL/SDL_keysym.bi
inc/SDL/SDL_loadso.bi
inc/SDL/SDL_main.bi
inc/SDL/SDL_mixer.bi
inc/SDL/SDL_mouse.bi
inc/SDL/SDL_mutex.bi
inc/SDL/SDL_net.bi
inc/SDL/SDL_quit.bi
inc/SDL/SDL_rwops.bi
inc/SDL/SDL_syswm.bi
inc/SDL/SDL_thread.bi
inc/SDL/SDL_timer.bi
inc/SDL/SDL_ttf.bi
inc/SDL/SDL_types.bi
inc/SDL/SDL_version.bi
inc/SDL/SDL_video.bi
inc/sndfile.bi
inc/spidermonkey/jsapi.bi
inc/spidermonkey/jscompat.bi
inc/spidermonkey/jscpucfg.bi
inc/spidermonkey/jslong.bi
inc/spidermonkey/jsosdep.bi
inc/spidermonkey/jsotypes.bi
inc/spidermonkey/jspubtd.bi
inc/spidermonkey/jstypes.bi
inc/sqlite2.bi
inc/sqlite3.bi
inc/sqlite3ext.bi
inc/string.bi
inc/tinyptc.bi
inc/utf_conv.bi
inc/uuid.bi
inc/vbcompat.bi
inc/vlc/deprecated.bi
inc/vlc/libvlc.bi
inc/vlc/libvlc_events.bi
inc/vlc/libvlc_events.h
inc/vlc/libvlc.h
inc/vlc/libvlc_media.bi
inc/vlc/libvlc_media_discoverer.bi
inc/vlc/libvlc_media_discoverer.h
inc/vlc/libvlc_media.h
inc/vlc/libvlc_media_library.bi
inc/vlc/libvlc_media_library.h
inc/vlc/libvlc_media_list.bi
inc/vlc/libvlc_media_list.h
inc/vlc/libvlc_media_list_player.bi
inc/vlc/libvlc_media_list_player.h
inc/vlc/libvlc_media_player.bi
inc/vlc/libvlc_media_player.h
inc/vlc/libvlc_structures.bi
inc/vlc/libvlc_vlm.bi
inc/vlc/vlc.bi
inc/vorbis/codec.bi
inc/vorbis/vorbisenc.bi
inc/vorbis/vorbisfile.bi
inc/win/accctrl.bi
inc/win/aclapi.bi
inc/win/aclui.bi
inc/win/amaudio.bi
inc/win/amvideo.bi
inc/win/audevcod.bi
inc/win/basetsd.bi
inc/win/basetyps.bi
inc/win/cderr.bi
inc/win/cguid.bi
inc/win/comcat.bi
inc/win/commctrl.bi
inc/win/commdlg.bi
inc/win/control.bi
inc/win/cpl.bi
inc/win/cplext.bi
inc/win/custcntl.bi
inc/win/d3d9.bi
inc/win/d3d9caps.bi
inc/win/d3d9types.bi
inc/win/d3d.bi
inc/win/d3dcaps.bi
inc/win/d3drm.bi
inc/win/d3drmdef.bi
inc/win/d3drmobj.bi
inc/win/d3drmwin.bi
inc/win/d3dtypes.bi
inc/win/d3dx9anim.bi
inc/win/d3dx9.bi
inc/win/d3dx9core.bi
inc/win/d3dx9effect.bi
inc/win/d3dx9math.bi
inc/win/d3dx9mesh.bi
inc/win/d3dx9shader.bi
inc/win/d3dx9shape.bi
inc/win/d3dx9tex.bi
inc/win/d3dx9xof.bi
inc/win/d3dx.bi
inc/win/d3dxcore.bi
inc/win/d3dxerr.bi
inc/win/d3dxmath.bi
inc/win/d3dxshapes.bi
inc/win/d3dxsprite.bi
inc/win/dbt.bi
inc/win/dde.bi
inc/win/ddeml.bi
inc/win/ddk/ddk_ntstatus.bi
inc/win/ddk/mmddk.bi
inc/win/ddk/winddk.bi
inc/win/ddraw.bi
inc/win/dinput.bi
inc/win/dlgs.bi
inc/win/dls1.bi
inc/win/dmdls.bi
inc/win/dmerror.bi
inc/win/dmplugin.bi
inc/win/dmusbuff.bi
inc/win/dmusicc.bi
inc/win/dmusicf.bi
inc/win/dmusici.bi
inc/win/dmusics.bi
inc/win/docobj.bi
inc/windows.bi
inc/win/dpaddr.bi
inc/win/dplay8.bi
inc/win/dplay.bi
inc/win/dplobby8.bi
inc/win/dplobby.bi
inc/win/DShow.bi
inc/win/dsound.bi
inc/win/dvdevcod.bi
inc/win/dxerr8.bi
inc/win/dxerr9.bi
inc/win/edevdefs.bi
inc/win/errors.bi
inc/win/evcode.bi
inc/win/exdisp.bi
inc/win/GdiplusBase.bi
inc/win/GdiPlus.bi
inc/win/GdiplusColor.bi
inc/win/GdiplusColorMatrix.bi
inc/win/GdiplusEnums.bi
inc/win/GdiplusFlat.bi
inc/win/GdiplusGpStubs.bi
inc/win/GdiplusHeaders.bi
inc/win/GdiplusImaging.bi
inc/win/GdiplusInit.bi
inc/win/GdiplusMem.bi
inc/win/GdiplusMetaHeader.bi
inc/win/GdiplusPixelFormats.bi
inc/win/GdiplusTypes.bi
inc/win/imagehlp.bi
inc/win/imm.bi
inc/win/initguid.bi
inc/win/intshcut.bi
inc/win/ipexport.bi
inc/win/iphlpapi.bi
inc/win/ipifcons.bi
inc/win/iprtrmib.bi
inc/win/iptypes.bi
inc/win/isguids.bi
inc/win/ksuuids.bi
inc/win/largeint.bi
inc/win/lzexpand.bi
inc/win/mapi.bi
inc/win/mcx.bi
inc/win/mgmtapi.bi
inc/win/mmsystem.bi
inc/win/msacm.bi
inc/win/mshtmhst.bi
inc/win/mshtml.bi
inc/win/mswsock.bi
inc/win/nb30.bi
inc/win/nddeapi.bi
inc/win/nspapi.bi
inc/win/ntdef.bi
inc/win/ntsecapi.bi
inc/win/ntsecpkg.bi
inc/win/oaidl.bi
inc/win/objbase.bi
inc/win/objfwd.bi
inc/win/objidl.bi
inc/win/objsafe.bi
inc/win/ocidl.bi
inc/win/odbcinst.bi
inc/win/ole2.bi
inc/win/oleacc.bi
inc/win/oleauto.bi
inc/win/ole.bi
inc/win/olectl.bi
inc/win/olectlid.bi
inc/win/oledlg.bi
inc/win/oleidl.bi
inc/win/powrprof.bi
inc/win/prsht.bi
inc/win/psapi.bi
inc/win/ras.bi
inc/win/rasdlg.bi
inc/win/raserror.bi
inc/win/rassapi.bi
inc/win/rc/commctrl.h
inc/win/rc/dde.h
inc/win/rc/dlgs.h
inc/win/rc/prsht.h
inc/win/rc/windows.h
inc/win/rc/winerror.h
inc/win/rc/winnt.h
inc/win/rc/winuser.h
inc/win/rc/winver.h
inc/win/reason.bi
inc/win/regstr.bi
inc/win/richedit.bi
inc/win/richole.bi
inc/win/rpc.bi
inc/win/rpcdce2.bi
inc/win/rpcdce.bi
inc/win/rpcdcep.bi
inc/win/rpcndr.bi
inc/win/rpcnsi.bi
inc/win/rpcnsip.bi
inc/win/rpcnterr.bi
inc/win/schannel.bi
inc/win/scrnsave.bi
inc/win/secext.bi
inc/win/security.bi
inc/win/setupapi.bi
inc/win/shellapi.bi
inc/win/shlguid.bi
inc/win/shlobj.bi
inc/win/shlwapi.bi
inc/win/snmp.bi
inc/win/sql.bi
inc/win/sqlext.bi
inc/win/sqltypes.bi
inc/win/sqlucode.bi
inc/win/sspi.bi
inc/win/strmif.bi
inc/win/subauth.bi
inc/win/tlhelp32.bi
inc/win/tmschema.bi
inc/win/unknwn.bi
inc/win/userenv.bi
inc/win/uuids.bi
inc/win/uxtheme.bi
inc/win/vfw.bi
inc/win/vfwmsgs.bi
inc/win/winbase.bi
inc/win/winber.bi
inc/win/wincon.bi
inc/win/wincrypt.bi
inc/win/windef.bi
inc/win/winerror.bi
inc/win/wingdi.bi
inc/win/wininet.bi
inc/win/winioctl.bi
inc/win/winldap.bi
inc/win/winnetwk.bi
inc/win/winnls.bi
inc/win/winnt.bi
inc/win/winperf.bi
inc/win/winreg.bi
inc/win/winsnmp.bi
inc/win/winsock2.bi
inc/win/winsock.bi
inc/win/winspool.bi
inc/win/winsvc.bi
inc/win/winuser.bi
inc/win/winver.bi
inc/win/ws2spi.bi
inc/win/ws2tcpip.bi
inc/win/wsahelp.bi
inc/win/wsipx.bi
inc/win/wtypes.bi
inc/wx-c/accel.bi
inc/wx-c/activateevent.bi
inc/wx-c/app.bi
inc/wx-c/archive.bi
inc/wx-c/artprovider.bi
inc/wx-c/bitmap.bi
inc/wx-c/bitmapbutton.bi
inc/wx-c/boxsizer.bi
inc/wx-c/brush.bi
inc/wx-c/button.bi
inc/wx-c/calendarctrl.bi
inc/wx-c/caret.bi
inc/wx-c/checkbox.bi
inc/wx-c/childfocusevent.bi
inc/wx-c/choice.bi
inc/wx-c/choicedialog.bi
inc/wx-c/classes.bi
inc/wx-c/clientdata.bi
inc/wx-c/clipboard.bi
inc/wx-c/closeevent.bi
inc/wx-c/colour.bi
inc/wx-c/colourdialog.bi
inc/wx-c/combobox.bi
inc/wx-c/comboctrl.bi
inc/wx-c/commandevent.bi
inc/wx-c/common.bi
inc/wx-c/config.bi
inc/wx-c/contextmenuevent.bi
inc/wx-c/control.bi
inc/wx-c/controlwithitems.bi
inc/wx-c/cursor.bi
inc/wx-c/dataformat.bi
inc/wx-c/dataobject.bi
inc/wx-c/dc.bi
inc/wx-c/defs.bi
inc/wx-c/dialog.bi
inc/wx-c/dirdialog.bi
inc/wx-c/display.bi
inc/wx-c/displaychangedevent.bi
inc/wx-c/dnd.bi
inc/wx-c/docmanager.bi
inc/wx-c/doctemplate.bi
inc/wx-c/document.bi
inc/wx-c/eraseevent.bi
inc/wx-c/event.bi
inc/wx-c/evthandler.bi
inc/wx-c/filedialog.bi
inc/wx-c/filesys.bi
inc/wx-c/findreplacedialog.bi
inc/wx-c/flexgridsizer.bi
inc/wx-c/focusevent.bi
inc/wx-c/font.bi
inc/wx-c/fontdialog.bi
inc/wx-c/fontmisc.bi
inc/wx-c/frame.bi
inc/wx-c/gauge.bi
inc/wx-c/gdicmn.bi
inc/wx-c/gdiobject.bi
inc/wx-c/global.bi
inc/wx-c/gridbagsizer.bi
inc/wx-c/grid.bi
inc/wx-c/gridctrl.bi
inc/wx-c/gridsizer.bi
inc/wx-c/helpdata.bi
inc/wx-c/helpevent.bi
inc/wx-c/html.bi
inc/wx-c/htmlhelpctrl.bi
inc/wx-c/htmllbox.bi
inc/wx-c/icon.bi
inc/wx-c/iconizeevent.bi
inc/wx-c/idleevent.bi
inc/wx-c/image.bi
inc/wx-c/imagelist.bi
inc/wx-c/imghandler.bi
inc/wx-c/initdialogevent.bi
inc/wx-c/keyevent.bi
inc/wx-c/laywin.bi
inc/wx-c/listbook.bi
inc/wx-c/listbox.bi
inc/wx-c/listctrl.bi
inc/wx-c/locale.bi
inc/wx-c/log.bi
inc/wx-c/maximizeevent.bi
inc/wx-c/mdi.bi
inc/wx-c/memorydc.bi
inc/wx-c/menubar.bi
inc/wx-c/menu.bi
inc/wx-c/menuitem.bi
inc/wx-c/messagedialog.bi
inc/wx-c/miniframe.bi
inc/wx-c/mousecapturechangedevent.bi
inc/wx-c/mouseevent.bi
inc/wx-c/moveevent.bi
inc/wx-c/navigationkeyevent.bi
inc/wx-c/ncpaintevent.bi
inc/wx-c/notebook.bi
inc/wx-c/notebooksizer.bi
inc/wx-c/object.bi
inc/wx-c/paintevent.bi
inc/wx-c/palette.bi
inc/wx-c/palettechangedevent.bi
inc/wx-c/panel.bi
inc/wx-c/pen.bi
inc/wx-c/picker.bi
inc/wx-c/printdata.bi
inc/wx-c/printdialog.bi
inc/wx-c/printer.bi
inc/wx-c/printpreview.bi
inc/wx-c/progdlg.bi
inc/wx-c/querynewpaletteevent.bi
inc/wx-c/radiobox.bi
inc/wx-c/radiobutton.bi
inc/wx-c/reflectconfig.bi
inc/wx-c/region.bi
inc/wx-c/sashwindow.bi
inc/wx-c/scrollbar.bi
inc/wx-c/scrolledwindow.bi
inc/wx-c/setcursorevent.bi
inc/wx-c/showevent.bi
inc/wx-c/sizeevent.bi
inc/wx-c/sizer.bi
inc/wx-c/sizeritem.bi
inc/wx-c/slider.bi
inc/wx-c/spinbutton.bi
inc/wx-c/spinctrl.bi
inc/wx-c/splashscreen.bi
inc/wx-c/splitterwindow.bi
inc/wx-c/staticbitmap.bi
inc/wx-c/staticbox.bi
inc/wx-c/staticboxsizer.bi
inc/wx-c/staticline.bi
inc/wx-c/statictext.bi
inc/wx-c/statusbar.bi
inc/wx-c/styledtextctrl.bi
inc/wx-c/syscolourchangedevent.bi
inc/wx-c/systemsettings.bi
inc/wx-c/tabctrl.bi
inc/wx-c/taskbaricon.bi
inc/wx-c/textctrl.bi
inc/wx-c/textdialog.bi
inc/wx-c/tipdialog.bi
inc/wx-c/tipwindow.bi
inc/wx-c/togglebutton.bi
inc/wx-c/toolbar.bi
inc/wx-c/tooltip.bi
inc/wx-c/treectrl.bi
inc/wx-c/updateuievent.bi
inc/wx-c/validator.bi
inc/wx-c/view.bi
inc/wx-c/vlbox.bi
inc/wx-c/vscroll.bi
inc/wx-c/window.bi
inc/wx-c/windowcreateevent.bi
inc/wx-c/windowdestroyevent.bi
inc/wx-c/wizard.bi
inc/wx-c/wizardpagesimple.bi
inc/wx-c/wx.bi
inc/wx-c/wxdatetime.bi
inc/wx-c/wxstring.bi
inc/wx-c/xmlresource.bi
inc/xmp.bi
inc/zip.bi
inc/zlib.bi
inc/zmq/zmq.bi
lib/win32/alleg.def
lib/win32/alut.def
lib/win32/bass.def
lib/win32/bassmod.def
lib/win32/cdcairo.def
lib/win32/cdcontextplus.def
lib/win32/cd.def
lib/win32/cdgdk.def
lib/win32/cdgl.def
lib/win32/cdlua52.def
lib/win32/cdluacairo52.def
lib/win32/cdluacontextplus52.def
lib/win32/cdluagl52.def
lib/win32/cdluaim52.def
lib/win32/cdluapdf52.def
lib/win32/cdpdf.def
lib/win32/cgui.def
lib/win32/crt2.o
lib/win32/crtbegin.o
lib/win32/crtend.o
lib/win32/dllcrt2.o
lib/win32/fbextra.x
lib/win32/fbrt0.o
lib/win32/fcgi.def
lib/win32/fmod.def
lib/win32/gcrt2.o
lib/win32/im_avi.def
lib/win32/im_capture.def
lib/win32/im.def
lib/win32/im_fftw.def
lib/win32/im_jp2.def
lib/win32/imlua52.def
lib/win32/imlua_avi52.def
lib/win32/imlua_capture52.def
lib/win32/imlua_fftw52.def
lib/win32/imlua_jp252.def
lib/win32/imlua_process52.def
lib/win32/imlua_process_omp52.def
lib/win32/im_process.def
lib/win32/im_process_omp.def
lib/win32/intl.def
lib/win32/jvm.def
lib/win32/libaclui.dll.a
lib/win32/libadvapi32.dll.a
lib/win32/liballeg.dll.a
lib/win32/libalut.dll.a
lib/win32/libapcups.dll.a
lib/win32/libaspell.a
lib/win32/libavicap32.dll.a
lib/win32/libavifil32.dll.a
lib/win32/libbass.dll.a
lib/win32/libbassmod.dll.a
lib/win32/libbgd-static.a
lib/win32/libbig_int.a
lib/win32/libbthprops.dll.a
lib/win32/libbz2.a
lib/win32/libcap.dll.a
lib/win32/libcares.a
lib/win32/libcfgmgr32.dll.a
lib/win32/libcgi-util.a
lib/win32/libcgui.dll.a
lib/win32/libcl.a
lib/win32/libcomctl32.dll.a
lib/win32/libcomdlg32.dll.a
lib/win32/libcrypt32.dll.a
lib/win32/libctl3d32.dll.a
lib/win32/libcunit.a
lib/win32/libcurl.a
lib/win32/libd3d8.dll.a
lib/win32/libd3d9.dll.a
lib/win32/libd3dim.dll.a
lib/win32/libd3drm.dll.a
lib/win32/libd3dx10.dll.a
lib/win32/libd3dx11.dll.a
lib/win32/libd3dx8d.dll.a
lib/win32/libd3dx9d.dll.a
lib/win32/libd3dx9.dll.a
lib/win32/libd3dxof.dll.a
lib/win32/libddraw.dll.a
lib/win32/libdinput8.dll.a
lib/win32/libdinput.dll.a
lib/win32/libdisphelper.a
lib/win32/libdmoguids.dll.a
lib/win32/libdnsapi.dll.a
lib/win32/libdplayx.dll.a
lib/win32/libdpnaddr.dll.a
lib/win32/libdpnet.dll.a
lib/win32/libdpnlobby.dll.a
lib/win32/libdpvoice.dll.a
lib/win32/libdsetup.dll.a
lib/win32/libdsound.dll.a
lib/win32/libdwmapi.dll.a
lib/win32/libdxapi.dll.a
lib/win32/libdxerr8.dll.a
lib/win32/libdxerr9.dll.a
lib/win32/libdxguid.a
lib/win32/libesent.dll.a
lib/win32/libexpat.a
lib/win32/libexslt.a
lib/win32/libfaultrep.dll.a
lib/win32/libfb.a
lib/win32/libfbgfx.a
lib/win32/libfbmt.a
lib/win32/libfcgi.dll.a
lib/win32/libffi.a
lib/win32/libFLAC.a
lib/win32/libfmod.dll.a
lib/win32/libfreeglut.a
lib/win32/libFreeImage.a
lib/win32/libfreetype.a
lib/win32/libgcc.a
lib/win32/libgcc_eh.a
lib/win32/libgcc_s.a
lib/win32/libgdi32.dll.a
lib/win32/libgdiplus.dll.a
lib/win32/libgdsl.a
lib/win32/libgif.a
lib/win32/libglaux.dll.a
lib/win32/libglfw.a
lib/win32/libglu32.dll.a
lib/win32/libglut32.dll.a
lib/win32/libglut.dll.a
lib/win32/libgmp.a
lib/win32/libgnutls.a
lib/win32/libgnutls-openssl.a
lib/win32/libgnutls-xssl.a
lib/win32/libgnutlsxx.a
lib/win32/libgrx20.a
lib/win32/libgsl.a
lib/win32/libgslcblas.a
lib/win32/libhal.dll.a
lib/win32/libhogweed.a
lib/win32/libicmui.dll.a
lib/win32/libidn.a
lib/win32/libigmpagnt.dll.a
lib/win32/libIL.a
lib/win32/libILU.a
lib/win32/libILUT.a
lib/win32/libimagehlp.dll.a
lib/win32/libimagequant.a
lib/win32/libimm32.dll.a
lib/win32/libiphlpapi.dll.a
lib/win32/libjasper.a
lib/win32/libjpeg.a
lib/win32/libjvm.dll.a
lib/win32/libkernel32.dll.a
lib/win32/liblcms2.a
lib/win32/liblcms.a
lib/win32/liblua.a
lib/win32/liblz32.dll.a
lib/win32/liblzma.a
lib/win32/liblzo2.a
lib/win32/libMediaInfo.dll.a
lib/win32/libmetalink.a
lib/win32/libmingw32.a
lib/win32/libmingwex.a
lib/win32/libmng.a
lib/win32/libmoldname.a
lib/win32/libmpc.a
lib/win32/libmpfr.a
lib/win32/libmpr.dll.a
lib/win32/libmqrt.dll.a
lib/win32/libmsacm32.dll.a
lib/win32/libmsi.dll.a
lib/win32/libmsimg32.dll.a
lib/win32/libmsvcrt.dll.a
lib/win32/libmsvfw32.dll.a
lib/win32/libmswsock.dll.a
lib/win32/libmxml.a
lib/win32/libmySQL.dll.a
lib/win32/libnddeapi.dll.a
lib/win32/libnettle.a
lib/win32/libNewton.dll.a
lib/win32/libnormaliz.dll.a
lib/win32/libntdll.dll.a
lib/win32/libntdsapi.dll.a
lib/win32/libntoskrnl.dll.a
lib/win32/libodbc32.dll.a
lib/win32/libodbccp32.dll.a
lib/win32/libode_single.dll.a
lib/win32/libogg.a
lib/win32/liboggz.a
lib/win32/libole32.dll.a
lib/win32/liboleacc.dll.a
lib/win32/liboleaut32.dll.a
lib/win32/libolecli32.dll.a
lib/win32/liboledlg.dll.a
lib/win32/libolepro32.dll.a
lib/win32/libolesvr32.dll.a
lib/win32/libOpenAL32.a
lib/win32/libopengl32.dll.a
lib/win32/libpcre16.a
lib/win32/libpcre32.a
lib/win32/libpcre.a
lib/win32/libpcreposix.a
lib/win32/libpdcurses.a
lib/win32/libpdf.a
lib/win32/libpdh.dll.a
lib/win32/libpng.a
lib/win32/libpq.dll.a
lib/win32/libpsapi.dll.a
lib/win32/libpspell.a
lib/win32/libpthread.a
lib/win32/libquicklz.a
lib/win32/librasapi32.dll.a
lib/win32/librasdlg.dll.a
lib/win32/librpcdce4.dll.a
lib/win32/librpcns4.dll.a
lib/win32/libSDL.a
lib/win32/libSDL_gfx.dll.a
lib/win32/libSDL_image.a
lib/win32/libSDLmain.a
lib/win32/libSDL_mixer.dll.a
lib/win32/libSDL_net.a
lib/win32/libSDL_ttf.a
lib/win32/libsecur32.dll.a
lib/win32/libsetupapi.dll.a
lib/win32/libshell32.dll.a
lib/win32/libshfolder.dll.a
lib/win32/libshlwapi.dll.a
lib/win32/libsnmpapi.dll.a
lib/win32/libspoolss.dll.a
lib/win32/libsqlite3.a
lib/win32/libsqlite.dll.a
lib/win32/libstdc++.a
lib/win32/libsupc++.a
lib/win32/libsvrapi.dll.a
lib/win32/libtasn1.a
lib/win32/libtheora.a
lib/win32/libtheoradec.a
lib/win32/libtheoraenc.a
lib/win32/libtiff.a
lib/win32/libtiffxx.a
lib/win32/libtinyptc.a
lib/win32/libtinyptc-win.a
lib/win32/libtre.a
lib/win32/liburl.dll.a
lib/win32/libuser32.dll.a
lib/win32/libuserenv.dll.a
lib/win32/libusp10.dll.a
lib/win32/libuxtheme.dll.a
lib/win32/libversion.dll.a
lib/win32/libvfw32.dll.a
lib/win32/libvorbis.a
lib/win32/libvorbisenc.a
lib/win32/libvorbisfile.a
lib/win32/libwebp.a
lib/win32/libwin32k.dll.a
lib/win32/libwin32spl.dll.a
lib/win32/libwininet.dll.a
lib/win32/libwinmm.dll.a
lib/win32/libwinspool.dll.a
lib/win32/libwldap32.dll.a
lib/win32/libwow32.dll.a
lib/win32/libws2_32.dll.a
lib/win32/libwsnmp32.dll.a
lib/win32/libwsock32.dll.a
lib/win32/libwx-c-0-9-0-2.dll.a
lib/win32/libxml2.a
lib/win32/libxslt.a
lib/win32/libz.a
lib/win32/libzip.a
lib/win32/makefile
lib/win32/MediaInfo.def
lib/win32/mySQL.def
lib/win32/Newton.def
lib/win32/ode_single.def
lib/win32/pq.def
lib/win32/SDL_gfx.def
lib/win32/SDL_mixer.def
lib/win32/sqlite.def
lib/win32/wx-c-0-9-0-2.def
