bin/linux/ar
bin/linux/as
bin/linux/gprof
bin/linux/ld
changelog.txt
doc/gpl.txt
doc/lgpl.txt
examples/allocate.bas
examples/arrays.bas
examples/bitfield.bas
examples/class.bas
examples/cmdline.bas
examples/compression/libzip.bas
examples/compression/QuickLZ.bas
examples/compression/zlib.bas
examples/console/caca/cacaball.bas
examples/console/caca/cacaplas.bas
examples/console/color.bas
examples/console/curses/curses.bas
examples/console/inkey.bas
examples/console/mouse.bas
examples/console/pcopy.bas
examples/console/tui.bas
examples/const.bas
examples/constructor.bas
examples/database/mysql_test.bas
examples/database/postgresql_test.bas
examples/database/sqlite2_test.bas
examples/database/sqlite2_test.db
examples/database/sqlite3_test.bas
examples/database/sqlite3_test.db
examples/datatype.bas
examples/dll/dylib.bas
examples/dll/mydll.bas
examples/dll/mydll.bi
examples/dll/test.bas
examples/enum.bas
examples/fblogo.bmp
examples/fblogo.gif
examples/files/array.bas
examples/files/binary.bas
examples/files/DevIL/copy.bas
examples/files/FreeImage/fb.bas
examples/files/FreeImage/sdl.bas
examples/files/GD/gd.bas
examples/files/GIFLIB/loadgif.bas
examples/files/input.bas
examples/files/jpeglib/jpeg.bas
examples/files/libpng/png.bas
examples/files/pdflib/test.bas
examples/files/pipe.bas
examples/files/random.bas
examples/files/records.bas
examples/files/text.bas
examples/graphics/Allegro/dialog.bas
examples/graphics/Allegro/hello.bas
examples/graphics/Allegro/mouse.bas
examples/graphics/Allegro/stars.bas
examples/graphics/Allegro/timer.bas
examples/graphics/cairo/cairo_elipsis.bas
examples/graphics/cairo/cairo_output.bas
examples/graphics/cairo/clock.bas
examples/graphics/depth.bas
examples/graphics/events.bas
examples/graphics/flame.bas
examples/graphics/FreeType/char.bas
examples/graphics/FreeType/drawstr.bas
examples/graphics/getput.bas
examples/graphics/grx/grx.bas
examples/graphics/imageinfo.bas
examples/graphics/input.bas
examples/graphics/OpenGL/fbgfx_opengl.bas
examples/graphics/OpenGL/fbgfx_texture.bas
examples/graphics/OpenGL/fbgl/fbgl.bas
examples/graphics/OpenGL/fbgl/fbgl.bi
examples/graphics/OpenGL/fbgl/line.bas
examples/graphics/OpenGL/glext_test.bas
examples/graphics/OpenGL/glfw_splitview.bas
examples/graphics/OpenGL/gl_test.bas
examples/graphics/OpenGL/glu_quadrics.bas
examples/graphics/OpenGL/NeHe/3Dobject.bi
examples/graphics/OpenGL/NeHe/bmpload.bi
examples/graphics/OpenGL/NeHe/createtex.bi
examples/graphics/OpenGL/NeHe/data/Ball.bmp
examples/graphics/OpenGL/NeHe/data/Base.bmp
examples/graphics/OpenGL/NeHe/data/BG.bmp
examples/graphics/OpenGL/NeHe/data/BlueFace.tga
examples/graphics/OpenGL/NeHe/data/Bucket.tga
examples/graphics/OpenGL/NeHe/data/Bump.bmp
examples/graphics/OpenGL/NeHe/data/Bumps.bmp
examples/graphics/OpenGL/NeHe/data/Coke.tga
examples/graphics/OpenGL/NeHe/data/colpatt.bmp
examples/graphics/OpenGL/NeHe/data/Compressed.tga
examples/graphics/OpenGL/NeHe/data/Crate.bmp
examples/graphics/OpenGL/NeHe/data/Crosshair.tga
examples/graphics/OpenGL/NeHe/data/Cube.bmp
examples/graphics/OpenGL/NeHe/data/Envroll.bmp
examples/graphics/OpenGL/NeHe/data/Envwall.bmp
examples/graphics/OpenGL/NeHe/data/Explode.tga
examples/graphics/OpenGL/NeHe/data/Font.bmp
examples/graphics/OpenGL/NeHe/data/Font.tga
examples/graphics/OpenGL/NeHe/data/Glass.bmp
examples/graphics/OpenGL/NeHe/data/GL.raw
examples/graphics/OpenGL/NeHe/data/Ground.tga
examples/graphics/OpenGL/NeHe/data/Image1.bmp
examples/graphics/OpenGL/NeHe/data/Image2.bmp
examples/graphics/OpenGL/NeHe/data/Logo.bmp
examples/graphics/OpenGL/NeHe/data/Mask1.bmp
examples/graphics/OpenGL/NeHe/data/Mask2.bmp
examples/graphics/OpenGL/NeHe/data/Model.ms3d
examples/graphics/OpenGL/NeHe/data/Monitor.raw
examples/graphics/OpenGL/NeHe/data/Mud.bmp
examples/graphics/OpenGL/NeHe/data/Multi_On_Alpha.bmp
examples/graphics/OpenGL/NeHe/data/Multi_On.bmp
examples/graphics/OpenGL/NeHe/data/NeHe.bmp
examples/graphics/OpenGL/NeHe/data/Object2.txt
examples/graphics/OpenGL/NeHe/data/OpenGL_Alpha.bmp
examples/graphics/OpenGL/NeHe/data/OpenGL.bmp
examples/graphics/OpenGL/NeHe/data/particle.bmp
examples/graphics/OpenGL/NeHe/data/Reflect.bmp
examples/graphics/OpenGL/NeHe/data/Shot.wav
examples/graphics/OpenGL/NeHe/data/Sky.tga
examples/graphics/OpenGL/NeHe/data/Sphere.txt
examples/graphics/OpenGL/NeHe/data/Star.bmp
examples/graphics/OpenGL/NeHe/data/Target.tga
examples/graphics/OpenGL/NeHe/data/Terrain.raw
examples/graphics/OpenGL/NeHe/data/Tim.bmp
examples/graphics/OpenGL/NeHe/data/Torus.txt
examples/graphics/OpenGL/NeHe/data/Tube.txt
examples/graphics/OpenGL/NeHe/data/Uncompressed.tga
examples/graphics/OpenGL/NeHe/data/Vase.tga
examples/graphics/OpenGL/NeHe/data/Wall.bmp
examples/graphics/OpenGL/NeHe/data/Wood.bmp
examples/graphics/OpenGL/NeHe/data/World.txt
examples/graphics/OpenGL/NeHe/lesson05.bas
examples/graphics/OpenGL/NeHe/lesson06.bas
examples/graphics/OpenGL/NeHe/lesson07.bas
examples/graphics/OpenGL/NeHe/lesson08.bas
examples/graphics/OpenGL/NeHe/lesson09.bas
examples/graphics/OpenGL/NeHe/lesson10.bas
examples/graphics/OpenGL/NeHe/lesson11.bas
examples/graphics/OpenGL/NeHe/lesson12.bas
examples/graphics/OpenGL/NeHe/lesson16.bas
examples/graphics/OpenGL/NeHe/lesson17.bas
examples/graphics/OpenGL/NeHe/lesson18.bas
examples/graphics/OpenGL/NeHe/lesson19.bas
examples/graphics/OpenGL/NeHe/lesson20.bas
examples/graphics/OpenGL/NeHe/lesson21.bas
examples/graphics/OpenGL/NeHe/lesson22.bas
examples/graphics/OpenGL/NeHe/lesson23.bas
examples/graphics/OpenGL/NeHe/lesson24.bas
examples/graphics/OpenGL/NeHe/lesson25.bas
examples/graphics/OpenGL/NeHe/lesson26.bas
examples/graphics/OpenGL/NeHe/lesson27.bas
examples/graphics/OpenGL/NeHe/lesson28.bas
examples/graphics/OpenGL/NeHe/lesson29.bas
examples/graphics/OpenGL/NeHe/lesson31.bas
examples/graphics/OpenGL/NeHe/lesson32.bas
examples/graphics/OpenGL/NeHe/lesson33.bas
examples/graphics/OpenGL/NeHe/lesson34.bas
examples/graphics/OpenGL/NeHe/lesson36.bas
examples/graphics/OpenGL/NeHe/milkshapemodel.bi
examples/graphics/OpenGL/NeHe/tgaloader.bi
examples/graphics/OpenGL/terrain.bmp
examples/graphics/qbsprite.bas
examples/graphics/SDL/cdrom.bas
examples/graphics/SDL/data/basic.gif
examples/graphics/SDL/data/free.jpg
examples/graphics/SDL/data/horse.tga
examples/graphics/SDL/data/music.ogg
examples/graphics/SDL/data/phaser.wav
examples/graphics/SDL/data/Vera.ttf
examples/graphics/SDL/events.bas
examples/graphics/SDL/gfx_line.bas
examples/graphics/SDL/image_test1.bas
examples/graphics/SDL/image_test2.bas
examples/graphics/SDL/keymouse.bas
examples/graphics/SDL/mouse.bas
examples/graphics/SDL/music_test1.bas
examples/graphics/SDL/music_test2.bas
examples/graphics/SDL/net_httpget.bas
examples/graphics/SDL/opengl.bas
examples/graphics/SDL/pixel.bas
examples/graphics/SDL/timer.bas
examples/graphics/SDL/ttf.bas
examples/graphics/SDL/video_info.bas
examples/graphics/tinyptc/mandbrot.bas
examples/graphics/tinyptc/ptc_test.bas
examples/graphics/tinyptc/rel-blob.bas
examples/graphics/tinyptc/rel-flower.bas
examples/graphics/tinyptc/rel-juliarings.bas
examples/graphics/tinyptc/rel-lens.bas
examples/graphics/tinyptc/rel-plasma.bas
examples/graphics/tinyptc/rel-sprites.bas
examples/graphics/tinyptc/rel-torus.bas
examples/GUI/CGUI/hello.bas
examples/GUI/GTK+/combo_test.bas
examples/GUI/GTK+/FB_Calc/FB_Calc.bas
examples/GUI/GTK+/FB_Calc/FB_Calc.pot
examples/GUI/GTK+/FB_Calc/FB_Calc.ui
examples/GUI/GTK+/FB_Calc/locale_/de/LC_MESSAGES/FB_Calc.mo
examples/GUI/GTK+/FB_Calc/locale_/de/LC_MESSAGES/FB_Calc.po
examples/GUI/GTK+/FB_Calc/locale_/en/LC_MESSAGES/FB_Calc.mo
examples/GUI/GTK+/FB_Calc/locale_/en/LC_MESSAGES/FB_Calc.po
examples/GUI/GTK+/FB_Calc/tobac/FB_Calc_tobac.bas
examples/GUI/GTK+/FB_Calc/tobac/on_number_clicked.bas
examples/GUI/GTK+/FB_Calc/tobac/on_operation_clicked.bas
examples/GUI/GTK+/filechooser_test.bas
examples/GUI/GTK+/FreeBasic.png
examples/GUI/GTK+/gdk_image.bas
examples/GUI/GTK+/glade_gui.bas
examples/GUI/GTK+/glade_gui.xml
examples/GUI/GTK+/glade-xml.bas
examples/GUI/GTK+/GooCanvas/demo-animation.bas
examples/GUI/GTK+/GooCanvas/demo-arrowhead.bas
examples/GUI/GTK+/GooCanvas/demo-features.bas
examples/GUI/GTK+/GooCanvas/demo-focus.bas
examples/GUI/GTK+/GooCanvas/demo-item.bas
examples/GUI/GTK+/GooCanvas/demo-table.bas
examples/GUI/GTK+/GooCanvas/goocanvas-2.0.0_Test.bas
examples/GUI/GTK+/GooCanvas/GooGrid.bas
examples/GUI/GTK+/Gtk-2/deprecated/clist.bas
examples/GUI/GTK+/Gtk-2/deprecated/filesel.bas
examples/GUI/GTK+/Gtk-2/deprecated/list.bas
examples/GUI/GTK+/Gtk-2/deprecated/pixmap.bas
examples/GUI/GTK+/Gtk-2/deprecated/rulers.bas
examples/GUI/GTK+/Gtk-2/deprecated/scribble-simple.bas
examples/GUI/GTK+/Gtk-2/deprecated/tree.bas
examples/GUI/GTK+/Gtk-2/gdk_image.bas
examples/GUI/GTK+/Gtk-2/opengl_button.bas
examples/GUI/GTK+/Gtk-3/gtk_applicationE110.bas
examples/GUI/GTK+/Gtk-3/GtkBuilder_Cairo.bas
examples/GUI/GTK+/GtkBuilder1.ui
examples/GUI/GTK+/GtkBuilder2.ui
examples/GUI/GTK+/GtkBuilder.bas
examples/GUI/GTK+/GtkVersionCheck.bas
examples/GUI/GTK+/ListView.ui
examples/GUI/GTK+/opengl_button.bas
examples/GUI/GTK+/test.xml
examples/GUI/GTK+/text_buffer.bas
examples/GUI/GTK+/Tutorials/arrow.bas
examples/GUI/GTK+/Tutorials/aspectframe.bas
examples/GUI/GTK+/Tutorials/base.bas
examples/GUI/GTK+/Tutorials/buttonbox.bas
examples/GUI/GTK+/Tutorials/buttons.bas
examples/GUI/GTK+/Tutorials/calendar.bas
examples/GUI/GTK+/Tutorials/clist.bas
examples/GUI/GTK+/Tutorials/colorsel.bas
examples/GUI/GTK+/Tutorials/entry.bas
examples/GUI/GTK+/Tutorials/eventbox.bas
examples/GUI/GTK+/Tutorials/filesel.bas
examples/GUI/GTK+/Tutorials/fixed.bas
examples/GUI/GTK+/Tutorials/frame.bas
examples/GUI/GTK+/Tutorials/helloworld2.bas
examples/GUI/GTK+/Tutorials/helloworld.bas
examples/GUI/GTK+/Tutorials/imagebutton.bas
examples/GUI/GTK+/Tutorials/info.xpm
examples/GUI/GTK+/Tutorials/label.bas
examples/GUI/GTK+/Tutorials/list.bas
examples/GUI/GTK+/Tutorials/menu.bas
examples/GUI/GTK+/Tutorials/notebook.bas
examples/GUI/GTK+/Tutorials/packbox.bas
examples/GUI/GTK+/Tutorials/paned.bas
examples/GUI/GTK+/Tutorials/pixmap.bas
examples/GUI/GTK+/Tutorials/progressbar.bas
examples/GUI/GTK+/Tutorials/radiobuttons.bas
examples/GUI/GTK+/Tutorials/rangewidgets.bas
examples/GUI/GTK+/Tutorials/rulers.bas
examples/GUI/GTK+/Tutorials/scribble-simple.bas
examples/GUI/GTK+/Tutorials/scrolledwin.bas
examples/GUI/GTK+/Tutorials/spinbutton.bas
examples/GUI/GTK+/Tutorials/statusbar.bas
examples/GUI/GTK+/Tutorials/table.bas
examples/GUI/GTK+/Tutorials/text.bas
examples/GUI/GTK+/Tutorials/textview.bas
examples/GUI/GTK+/Tutorials/toolbar.bas
examples/GUI/GTK+/Tutorials/tree.bas
examples/GUI/IUP/buttons.bas
examples/GUI/IUP/color.bas
examples/GUI/IUP/frame.bas
examples/GUI/IUP/message.bas
examples/GUI/win32/bitmap.bas
examples/GUI/win32/calendar.bas
examples/GUI/win32/dialogres/dialog.bas
examples/GUI/win32/dialogres/dialog.bi
examples/GUI/win32/dialogres/dialog.rc
examples/GUI/win32/fileopen.bas
examples/GUI/win32/hello.bas
examples/GUI/win32/hello_region.bas
examples/GUI/win32/menu.bas
examples/GUI/win32/menures/menu.bas
examples/GUI/win32/menures/menures.bi
examples/GUI/win32/menures/menures.rc
examples/GUI/win32/shellfolder.bas
examples/GUI/win32/toolbar.bas
examples/GUI/win32/treeview.bas
examples/GUI/wx-c/fonts_and_colours.bas
examples/GUI/wx-c/mdi.bas
examples/GUI/wx-c/sizers.bas
examples/GUI/wx-c/wx-c_demo.bas
examples/hello.bas
examples/iterator.bas
examples/literals.bas
examples/loops.bas
examples/manual/array/clear.bas
examples/manual/array/ellipsis.bas
examples/manual/array/erase.bas
examples/manual/array/lbound.bas
examples/manual/array/preserve.bas
examples/manual/array/redim2d.bas
examples/manual/array/redim.bas
examples/manual/array/ubound2.bas
examples/manual/array/ubound3.bas
examples/manual/array/ubound.bas
examples/manual/bits/bit.bas
examples/manual/bits/bitreset.bas
examples/manual/bits/bitset.bas
examples/manual/bits/hibyte.bas
examples/manual/bits/hiword.bas
examples/manual/bits/lobyte.bas
examples/manual/bits/loword.bas
examples/manual/casting/cast.bas
examples/manual/casting/cbyte.bas
examples/manual/casting/cdbl.bas
examples/manual/casting/cint.bas
examples/manual/casting/clng.bas
examples/manual/casting/clngint.bas
examples/manual/casting/cptr.bas
examples/manual/casting/cshort.bas
examples/manual/casting/csign.bas
examples/manual/casting/csng.bas
examples/manual/casting/cubyte.bas
examples/manual/casting/cuint.bas
examples/manual/casting/culng.bas
examples/manual/casting/culngint.bas
examples/manual/casting/cunsg.bas
examples/manual/casting/cushort.bas
examples/manual/check/KeyPgClass_1.bas
examples/manual/check/KeyPgCommand_1.bas
examples/manual/check/KeyPgCommand_2.bas
examples/manual/check/KeyPgDim_1.bas
examples/manual/check/KeyPgDim_2.bas
examples/manual/check/KeyPgDim_3.bas
examples/manual/check/KeyPgDim_4.bas
examples/manual/check/KeyPgDim_5.bas
examples/manual/check/KeyPgDim_6.bas
examples/manual/check/KeyPgDim_7.bas
examples/manual/check/KeyPgMultikey_1.bas
examples/manual/check/KeyPgOptionbase_1.bas
examples/manual/check/KeyPgResume_1.bas
examples/manual/check/KeyPgResumenext_1.bas
examples/manual/check/KeyPgScreenevent_1.bas
examples/manual/console/cls.bas
examples/manual/console/color.bas
examples/manual/console/csrlin.bas
examples/manual/console/input2.bas
examples/manual/console/input.bas
examples/manual/console/input-n.bas
examples/manual/console/lineinput.bas
examples/manual/console/locate.bas
examples/manual/console/locate-getmouse.bas
examples/manual/console/pos.bas
examples/manual/console/print2.bas
examples/manual/console/print.bas
examples/manual/console/print-using.bas
examples/manual/console/screen-func.bas
examples/manual/console/spc2.bas
examples/manual/console/spc.bas
examples/manual/console/tab.bas
examples/manual/console/view.bas
examples/manual/console/view-gfx.bas
examples/manual/console/width.bas
examples/manual/console/width-func.bas
examples/manual/console/winput.bas
examples/manual/console/write.bas
examples/manual/control/continue2.bas
examples/manual/control/continue.bas
examples/manual/control/do-loop2.bas
examples/manual/control/do-loop.bas
examples/manual/control/end.bas
examples/manual/control/endblock.bas
examples/manual/control/exit2.bas
examples/manual/control/exit.bas
examples/manual/control/for-next2.bas
examples/manual/control/for-next.bas
examples/manual/control/gosub.bas
examples/manual/control/goto.bas
examples/manual/control/gotonum.bas
examples/manual/control/if-then.bas
examples/manual/control/iif2.bas
examples/manual/control/iif.bas
examples/manual/control/next2.bas
examples/manual/control/next3.bas
examples/manual/control/next.bas
examples/manual/control/ongosub.bas
examples/manual/control/on-goto.bas
examples/manual/control/return2.bas
examples/manual/control/return.bas
examples/manual/control/select.bas
examples/manual/control/select-speed.bas
examples/manual/control/step.bas
examples/manual/control/until.bas
examples/manual/control/while-wend.bas
examples/manual/data/data.bas
examples/manual/data/read.bas
examples/manual/data/restore.bas
examples/manual/datatype/byte2.bas
examples/manual/datatype/byte.bas
examples/manual/datatype/const-ovl.bas
examples/manual/datatype/const-ptr.bas
examples/manual/datatype/const-var.bas
examples/manual/datatype/double.bas
examples/manual/datatype/integer.bas
examples/manual/datatype/long.bas
examples/manual/datatype/longint.bas
examples/manual/datatype/pointer.bas
examples/manual/datatype/ptr.bas
examples/manual/datatype/short.bas
examples/manual/datatype/single.bas
examples/manual/datatype/string.bas
examples/manual/datatype/ubyte2.bas
examples/manual/datatype/ubyte.bas
examples/manual/datatype/uinteger.bas
examples/manual/datatype/ulong.bas
examples/manual/datatype/ulongint.bas
examples/manual/datatype/unsigned.bas
examples/manual/datatype/ushort.bas
examples/manual/datatype/wstring2.bas
examples/manual/datatype/wstring.bas
examples/manual/datatype/zstring2.bas
examples/manual/datatype/zstring.bas
examples/manual/dates/dateadd.bas
examples/manual/dates/date.bas
examples/manual/dates/datediff.bas
examples/manual/dates/datepart.bas
examples/manual/dates/dateserial.bas
examples/manual/dates/datevalue.bas
examples/manual/dates/day.bas
examples/manual/dates/hour.bas
examples/manual/dates/isdate.bas
examples/manual/dates/minute.bas
examples/manual/dates/month.bas
examples/manual/dates/monthname.bas
examples/manual/dates/now.bas
examples/manual/dates/second.bas
examples/manual/dates/time.bas
examples/manual/dates/timer.bas
examples/manual/dates/timeserial.bas
examples/manual/dates/timevalue.bas
examples/manual/dates/weekday.bas
examples/manual/dates/weekdayname.bas
examples/manual/dates/year.bas
examples/manual/debug/assert.bas
examples/manual/debug/assertwarn.bas
examples/manual/debug/stop.bas
examples/manual/defines/date.bas
examples/manual/defines/fbargc.bas
examples/manual/defines/fbargv.bas
examples/manual/defines/fbbigendian.bas
examples/manual/defines/fbbuilddate.bas
examples/manual/defines/fbcygwin.bas
examples/manual/defines/fbdarwin.bas
examples/manual/defines/fbdebug.bas
examples/manual/defines/fbdos.bas
examples/manual/defines/fberr.bas
examples/manual/defines/fbfpmode.bas
examples/manual/defines/fbfpu.bas
examples/manual/defines/fbfreebsd.bas
examples/manual/defines/fblang.bas
examples/manual/defines/fblinux.bas
examples/manual/defines/fbmain.bas
examples/manual/defines/fbminversion.bas
examples/manual/defines/fbmt.bas
examples/manual/defines/fbnetbsd.bas
examples/manual/defines/fbopenbsd.bas
examples/manual/defines/fboptionbyval.bas
examples/manual/defines/fboptiondynamic.bas
examples/manual/defines/fboptionescape.bas
examples/manual/defines/fboptionexplicit.bas
examples/manual/defines/fboptiongosub.bas
examples/manual/defines/fboptionprivate.bas
examples/manual/defines/fboutdll.bas
examples/manual/defines/fboutexe.bas
examples/manual/defines/fboutlib.bas
examples/manual/defines/fboutobj.bas
examples/manual/defines/fbpcos.bas
examples/manual/defines/fbsignature.bas
examples/manual/defines/fbsse.bas
examples/manual/defines/fbunix.bas
examples/manual/defines/fbvectorize.bas
examples/manual/defines/fbvermajor.bas
examples/manual/defines/fbverminor.bas
examples/manual/defines/fbverpatch.bas
examples/manual/defines/fbversion.bas
examples/manual/defines/fbwin32.bas
examples/manual/defines/fbxbox.bas
examples/manual/defines/file.bas
examples/manual/defines/filenq.bas
examples/manual/defines/function.bas
examples/manual/defines/functionnq.bas
examples/manual/defines/line.bas
examples/manual/defines/path.bas
examples/manual/defines/time.bas
examples/manual/error/erfn.bas
examples/manual/error/erl.bas
examples/manual/error/ermn.bas
examples/manual/error/err1.bas
examples/manual/error/err2.bas
examples/manual/error/error.bas
examples/manual/error/local.bas
examples/manual/error/onerror2.bas
examples/manual/error/onerror.bas
examples/manual/error/resume.bas
examples/manual/error/resume-next.bas
examples/manual/extras/freeimage.bas
examples/manual/extras/gfx-null.bas
examples/manual/faq/dos/call-int.bas
examples/manual/faq/dos/lowmemas.bas
examples/manual/faq/gfxlib2/bload-workaround.bas
examples/manual/faq/gfxlib2/check-for-close.bas
examples/manual/faq/gfxlib2/image-header.bas
examples/manual/faq/gfxlib2/RGB-component.bas
examples/manual/fileio/access.bas
examples/manual/fileio/basicvsc.bas
examples/manual/fileio/binary-read.bas
examples/manual/fileio/binary-text.bas
examples/manual/fileio/binary-write.bas
examples/manual/fileio/close.bas
examples/manual/fileio/encoding.bas
examples/manual/fileio/eof.bas
examples/manual/fileio/for-append.bas
examples/manual/fileio/for-input.bas
examples/manual/fileio/for-output.bas
examples/manual/fileio/freefile-bad.bas
examples/manual/fileio/freefile.bas
examples/manual/fileio/freefile-good.bas
examples/manual/fileio/get.bas
examples/manual/fileio/get-file.bas
examples/manual/fileio/input.bas
examples/manual/fileio/lineinput.bas
examples/manual/fileio/loc.bas
examples/manual/fileio/lock.bas
examples/manual/fileio/lof.bas
examples/manual/fileio/open.bas
examples/manual/fileio/opencom1.bas
examples/manual/fileio/opencom2.bas
examples/manual/fileio/opencom.bas
examples/manual/fileio/opencons.bas
examples/manual/fileio/openerr.bas
examples/manual/fileio/openfunc.bas
examples/manual/fileio/openlpt1.bas
examples/manual/fileio/openlpt2.bas
examples/manual/fileio/openlpt.bas
examples/manual/fileio/openpipe.bas
examples/manual/fileio/openscrn.bas
examples/manual/fileio/print.bas
examples/manual/fileio/put-array.bas
examples/manual/fileio/put.bas
examples/manual/fileio/put-buffer.bas
examples/manual/fileio/reset.bas
examples/manual/fileio/resetio.bas
examples/manual/fileio/seek-func.bas
examples/manual/fileio/seek-statment.bas
examples/manual/fileio/write.bas
examples/manual/gfx/bload2.bas
examples/manual/gfx/bload3.bas
examples/manual/gfx/bload.bas
examples/manual/gfx/bsave.bas
examples/manual/gfx/circle.bas
examples/manual/gfx/cls-memset.bas
examples/manual/gfx/color.bas
examples/manual/gfx/custom.bas
examples/manual/gfx/draw2.bas
examples/manual/gfx/draw.bas
examples/manual/gfx/drawstring.bas
examples/manual/gfx/drawstring-custom.bas
examples/manual/gfx/flip.bas
examples/manual/gfx/get.bas
examples/manual/gfx/imageconvertrow.bas
examples/manual/gfx/imagecreate.bas
examples/manual/gfx/imageinfo.bas
examples/manual/gfx/line.bas
examples/manual/gfx/line_style.bas
examples/manual/gfx/paint2.bas
examples/manual/gfx/paint.bas
examples/manual/gfx/palette2.bas
examples/manual/gfx/palette3.bas
examples/manual/gfx/palette.bas
examples/manual/gfx/pcopy.bas
examples/manual/gfx/pcopy_cons.bas
examples/manual/gfx/pixelptr.bas
examples/manual/gfx/pmap.bas
examples/manual/gfx/point.bas
examples/manual/gfx/preset.bas
examples/manual/gfx/pset.bas
examples/manual/gfx/put-add.bas
examples/manual/gfx/put-all.bas
examples/manual/gfx/put-alpha-8bit.bas
examples/manual/gfx/put-alpha.bas
examples/manual/gfx/put-and.bas
examples/manual/gfx/put.bas
examples/manual/gfx/put-or.bas
examples/manual/gfx/put-pset.bas
examples/manual/gfx/put-trans.bas
examples/manual/gfx/put-xor.bas
examples/manual/gfx/rgba.bas
examples/manual/gfx/rgba_get.bas
examples/manual/gfx/rgb.bas
examples/manual/gfx/rgb_get.bas
examples/manual/gfx/screen2.bas
examples/manual/gfx/screen.bas
examples/manual/gfx/screencontrol.bas
examples/manual/gfx/screencopy.bas
examples/manual/gfx/screenevent.bas
examples/manual/gfx/screen-func1.bas
examples/manual/gfx/screen-func2.bas
examples/manual/gfx/screen-func3.bas
examples/manual/gfx/screenglproc.bas
examples/manual/gfx/screeninfo.bas
examples/manual/gfx/screenlist.bas
examples/manual/gfx/screenlock.bas
examples/manual/gfx/screenptr2.bas
examples/manual/gfx/screenptr.bas
examples/manual/gfx/screenres.bas
examples/manual/gfx/screenset.bas
examples/manual/gfx/screensync.bas
examples/manual/gfx/step.bas
examples/manual/gfx/view.bas
examples/manual/gfx/window.bas
examples/manual/gfx/windowtitle.bas
examples/manual/hardware/inp.bas
examples/manual/hardware/lpos.bas
examples/manual/hardware/lprint.bas
examples/manual/hardware/out.bas
examples/manual/hardware/wait.bas
examples/manual/input/getjoystick.bas
examples/manual/input/getkey.bas
examples/manual/input/getmouse2.bas
examples/manual/input/getmouse.bas
examples/manual/input/inkey.bas
examples/manual/input/inkeyext.bas
examples/manual/input/multikey.bas
examples/manual/input/setmouse.bas
examples/manual/input/stick.bas
examples/manual/input/strig.bas
examples/manual/libraries/aspell.bas
examples/manual/libraries/bass.bas
examples/manual/libraries/bassmod.bas
examples/manual/libraries/cairo.bas
examples/manual/libraries/cryptlib.bas
examples/manual/libraries/curl.bas
examples/manual/libraries/curses.bas
examples/manual/libraries/disphelper1.bas
examples/manual/libraries/disphelper2.bas
examples/manual/libraries/disphelper3.bas
examples/manual/libraries/expat.bas
examples/manual/libraries/fastcgi.bas
examples/manual/libraries/ffi/closures.bas
examples/manual/libraries/ffi/helloworld.bas
examples/manual/libraries/fmod1.bas
examples/manual/libraries/fmod2.bas
examples/manual/libraries/freetype2.bas
examples/manual/libraries/gmp.bas
examples/manual/libraries/gsl1.bas
examples/manual/libraries/gsl2.bas
examples/manual/libraries/gtk.bas
examples/manual/libraries/il.bas
examples/manual/libraries/jit/gcd.bas
examples/manual/libraries/jit/mul_add.bas
examples/manual/libraries/jni/mylib.bas
examples/manual/libraries/lzo.bas
examples/manual/libraries/openal.bas
examples/manual/libraries/quicklz.bas
examples/manual/libraries/spidermonkey1.bas
examples/manual/libraries/spidermonkey2.bas
examples/manual/libraries/zip.bas
examples/manual/libraries/zlib.bas
examples/manual/math/abs.bas
examples/manual/math/acos.bas
examples/manual/math/asin.bas
examples/manual/math/atan2.bas
examples/manual/math/atn.bas
examples/manual/math/cos.bas
examples/manual/math/exp.bas
examples/manual/math/fix.bas
examples/manual/math/frac.bas
examples/manual/math/int.bas
examples/manual/math/log.bas
examples/manual/math/random1.bas
examples/manual/math/random2.bas
examples/manual/math/randomize.bas
examples/manual/math/rnd.bas
examples/manual/math/sgn.bas
examples/manual/math/sin.bas
examples/manual/math/sqr.bas
examples/manual/math/tan.bas
examples/manual/memory/allocate2.bas
examples/manual/memory/allocate.bas
examples/manual/memory/callocate.bas
examples/manual/memory/deallocate2.bas
examples/manual/memory/deallocate3.bas
examples/manual/memory/deallocate.bas
examples/manual/memory/peek.bas
examples/manual/memory/poke.bas
examples/manual/memory/reallocate.bas
examples/manual/memory/sadd.bas
examples/manual/memory/swap.bas
examples/manual/meta/dynamic.bas
examples/manual/meta/header.bi
examples/manual/meta/include.bas
examples/manual/meta/lang.bas
examples/manual/meta/static.bas
examples/manual/misc/any.bas
examples/manual/misc/any-param.bas
examples/manual/misc/as.bas
examples/manual/misc/asm.bas
examples/manual/misc/let.bas
examples/manual/misc/offsetof.bas
examples/manual/misc/rem.bas
examples/manual/misc/sizeof.bas
examples/manual/misc/sizeof-udt.bas
examples/manual/misc/to.bas
examples/manual/misc/typeof1.bas
examples/manual/misc/typeof2.bas
examples/manual/module/common1.bas
examples/manual/module/common2.bas
examples/manual/module/extern1.bas
examples/manual/module/extern2.bas
examples/manual/module/extern-block.bas
examples/manual/module/import.bas
examples/manual/module/mydll.c
examples/manual/module/namespace.bas
examples/manual/module/sub-private.bas
examples/manual/module/sub-public.bas
examples/manual/module/using.bas
examples/manual/operator/add-assign.bas
examples/manual/operator/add.bas
examples/manual/operator/address-func.bas
examples/manual/operator/address-var.bas
examples/manual/operator/andalso.bas
examples/manual/operator/and-assign.bas
examples/manual/operator/and-bitwise.bas
examples/manual/operator/and-logical.bas
examples/manual/operator/arrayindex.bas
examples/manual/operator/assign.bas
examples/manual/operator/assign-let.bas
examples/manual/operator/concat-assign.bas
examples/manual/operator/concat.bas
examples/manual/operator/concat_nocvt.bas
examples/manual/operator/delete.bas
examples/manual/operator/divide-assign.bas
examples/manual/operator/divide.bas
examples/manual/operator/equal2.bas
examples/manual/operator/equal.bas
examples/manual/operator/eqv-assign.bas
examples/manual/operator/eqv-bitwise.bas
examples/manual/operator/exponent-assign.bas
examples/manual/operator/exponent.bas
examples/manual/operator/greater-than.bas
examples/manual/operator/greater-than-or-equal.bas
examples/manual/operator/imp-assign.bas
examples/manual/operator/imp-bitwise.bas
examples/manual/operator/integer-divide-assign.bas
examples/manual/operator/integer-divide.bas
examples/manual/operator/is.bas
examples/manual/operator/less-than1.bas
examples/manual/operator/less-than3.bas
examples/manual/operator/less-than-or-equal.bas
examples/manual/operator/let.bas
examples/manual/operator/let-list.bas
examples/manual/operator/mod-assign.bas
examples/manual/operator/mod.bas
examples/manual/operator/multiply-assign.bas
examples/manual/operator/multiply.bas
examples/manual/operator/negate.bas
examples/manual/operator/new.bas
examples/manual/operator/not-bitwise.bas
examples/manual/operator/not-equal2.bas
examples/manual/operator/not-equal.bas
examples/manual/operator/not-logical.bas
examples/manual/operator/or-assign.bas
examples/manual/operator/or-bitwise.bas
examples/manual/operator/orelse.bas
examples/manual/operator/or-logical.bas
examples/manual/operator/placement_new.bas
examples/manual/operator/pointer-index.bas
examples/manual/operator/procptr.bas
examples/manual/operator/shift-left.bas
examples/manual/operator/shift-right.bas
examples/manual/operator/shl-assign.bas
examples/manual/operator/shr-assign.bas
examples/manual/operator/stringindex.bas
examples/manual/operator/strptr.bas
examples/manual/operator/subtract-assign.bas
examples/manual/operator/subtract.bas
examples/manual/operator/valueof.bas
examples/manual/operator/varptr.bas
examples/manual/operator/xor-assign.bas
examples/manual/operator/xor-bitwise.bas
examples/manual/operator/xor-logical.bas
examples/manual/prepro/concat.bas
examples/manual/prepro/define.bas
examples/manual/prepro/defined.bas
examples/manual/prepro/else.bas
examples/manual/prepro/elseif.bas
examples/manual/prepro/endif.bas
examples/manual/prepro/error.bas
examples/manual/prepro/escape.bas
examples/manual/prepro/header.bi
examples/manual/prepro/if.bas
examples/manual/prepro/ifdef.bas
examples/manual/prepro/ifndef.bas
examples/manual/prepro/inclib.bas
examples/manual/prepro/include.bas
examples/manual/prepro/lang.bas
examples/manual/prepro/libpath.bas
examples/manual/prepro/line.bas
examples/manual/prepro/macro2.bas
examples/manual/prepro/macro.bas
examples/manual/prepro/noescape.bas
examples/manual/prepro/pragma.bas
examples/manual/prepro/print.bas
examples/manual/prepro/stringize.bas
examples/manual/prepro/undef.bas
examples/manual/prepro/variadic.bas
examples/manual/procs/alias2.bas
examples/manual/procs/alias.bas
examples/manual/procs/byref.bas
examples/manual/procs/byval.bas
examples/manual/procs/callfunc.bas
examples/manual/procs/call-fwd.bas
examples/manual/procs/callsub.bas
examples/manual/procs/cdecl.bas
examples/manual/procs/declare2.bas
examples/manual/procs/declare.bas
examples/manual/procs/ellipsis.bas
examples/manual/procs/func-1.bas
examples/manual/procs/func-2.bas
examples/manual/procs/func-3.bas
examples/manual/procs/func-4.bas
examples/manual/procs/func-5.bas
examples/manual/procs/lib.bas
examples/manual/procs/mod-ctor.bas
examples/manual/procs/mod-dtor.bas
examples/manual/procs/mydll.bas
examples/manual/procs/naked.bas
examples/manual/procs/overload.bas
examples/manual/procs/pascal.bas
examples/manual/procs/stdcall.bas
examples/manual/procs/sub-1.bas
examples/manual/procs/sub-2.bas
examples/manual/procs/vararg1.bas
examples/manual/proguide/arrays/array1.bas
examples/manual/proguide/arrays/array2.bas
examples/manual/proguide/arrays/array3.bas
examples/manual/proguide/arrays/array4.bas
examples/manual/proguide/arrays/fixedlen_1.bas
examples/manual/proguide/arrays/fixedlen_2.bas
examples/manual/proguide/arrays/indexing.bas
examples/manual/proguide/arrays/varlen_1.bas
examples/manual/proguide/arrays/varlen_2.bas
examples/manual/proguide/arrays/varlen_3.bas
examples/manual/proguide/comments/comment1.bas
examples/manual/proguide/comments/comment2.bas
examples/manual/proguide/comments/comment3.bas
examples/manual/proguide/comments/comment4.bas
examples/manual/proguide/comments/comment5.bas
examples/manual/proguide/comments/comment6.bas
examples/manual/proguide/comments/comment7.bas
examples/manual/proguide/comments/comment8.bas
examples/manual/proguide/constants/constants.bas
examples/manual/proguide/dates.bas
examples/manual/proguide/errors/err.bas
examples/manual/proguide/errors/on-error.bas
examples/manual/proguide/errors/on-local.bas
examples/manual/proguide/errors/result.bas
examples/manual/proguide/helloworld.bas
examples/manual/proguide/init/array.bas
examples/manual/proguide/init/udtarray.bas
examples/manual/proguide/labels/labels_1.bas
examples/manual/proguide/labels/labels_2.bas
examples/manual/proguide/libs/libs1.bas
examples/manual/proguide/libs/libs2.bas
examples/manual/proguide/libs/libs3.bas
examples/manual/proguide/libs/libs4.bas
examples/manual/proguide/libs/libs5.bas
examples/manual/proguide/literals/bin.bas
examples/manual/proguide/literals/dblsuff.bas
examples/manual/proguide/literals/dec.bas
examples/manual/proguide/literals/escape.bas
examples/manual/proguide/literals/floats.bas
examples/manual/proguide/literals/hex.bas
examples/manual/proguide/literals/intsuff.bas
examples/manual/proguide/literals/noescape.bas
examples/manual/proguide/literals/oct.bas
examples/manual/proguide/literals/singsuff.bas
examples/manual/proguide/literals/string.bas
examples/manual/proguide/members/foo1.bi
examples/manual/proguide/members/foo2.bi
examples/manual/proguide/members/overload.bas
examples/manual/proguide/members/static.bas
examples/manual/proguide/members/this.bas
examples/manual/proguide/members/usage1.bas
examples/manual/proguide/members/usage2.bas
examples/manual/proguide/object-class.bas
examples/manual/proguide/opovld/global-ops.bas
examples/manual/proguide/opovld/iif.bas
examples/manual/proguide/opovld/member-ops.bas
examples/manual/proguide/pointers/addsub.bas
examples/manual/proguide/pointers/builtin.bas
examples/manual/proguide/pointers/distance.bas
examples/manual/proguide/pointers/incdec.bas
examples/manual/proguide/pointers/udt.bas
examples/manual/proguide/primer/primer10.bas
examples/manual/proguide/primer/primer1.bas
examples/manual/proguide/primer/primer2.bas
examples/manual/proguide/primer/primer3.bas
examples/manual/proguide/primer/primer4.bas
examples/manual/proguide/primer/primer5.bas
examples/manual/proguide/primer/primer6.bas
examples/manual/proguide/primer/primer7.bas
examples/manual/proguide/primer/primer8.bas
examples/manual/proguide/primer/primer9.bas
examples/manual/proguide/procptrs/alias.bas
examples/manual/proguide/procptrs/calling.bas
examples/manual/proguide/procptrs/dimptr.bas
examples/manual/proguide/procptrs/method-ptr.bas
examples/manual/proguide/procptrs/passing.bas
examples/manual/proguide/procptrs/pfunc.bi
examples/manual/proguide/procptrs/procptrs.bas
examples/manual/proguide/procs/functions.bas
examples/manual/proguide/procs/passargs.bas
examples/manual/proguide/procs/passbyref.bas
examples/manual/proguide/procs/passbyval.bas
examples/manual/proguide/procs/return-methods.bas
examples/manual/proguide/procs/returnval.bas
examples/manual/proguide/procs/subs.bas
examples/manual/proguide/shared-lib/mydll.bas
examples/manual/proguide/shared-lib/mylib.bas
examples/manual/proguide/shared-lib/mylib.bi
examples/manual/proguide/shared-lib/mytest.bas
examples/manual/proguide/sourcefiles.bas
examples/manual/proguide/static-lib/mylib.bas
examples/manual/proguide/static-lib/mylib.bi
examples/manual/proguide/static-lib/mytest.bas
examples/manual/proguide/typalias/builtin.bas
examples/manual/proguide/typalias/fwd_1.bas
examples/manual/proguide/typalias/fwd_2.bas
examples/manual/proguide/typalias/incomp.bas
examples/manual/proguide/typalias/overload.bas
examples/manual/proguide/typalias/procptr_1.bas
examples/manual/proguide/typalias/procptr_2.bas
examples/manual/proguide/udt/ctordtor.bas
examples/manual/proguide/udt/properties1.bas
examples/manual/proguide/udt/properties2.bas
examples/manual/proguide/udt/properties3.bas
examples/manual/proguide/udt/properties4.bas
examples/manual/proguide/udt/properties5-counter-example.bas
examples/manual/proguide/udt/properties-indexed.bas
examples/manual/proguide/udt/properties-tui.bas
examples/manual/proguide/udt/ptr-access.bas
examples/manual/proguide/udt/simple.bas
examples/manual/proguide/variables/variables.bas
examples/manual/proguide/varscope/local.bas
examples/manual/proguide/varscope/module1.bas
examples/manual/proguide/varscope/module2.bas
examples/manual/proguide/varscope/module3.bas
examples/manual/proguide/varscope/module4.bas
examples/manual/proguide/varscope/shared.bas
examples/manual/samples.bas
examples/manual/samples.ini
examples/manual/samples.txt
examples/manual/strings/asc.bas
examples/manual/strings/bin.bas
examples/manual/strings/chr.bas
examples/manual/strings/cvd.bas
examples/manual/strings/cvi.bas
examples/manual/strings/cvl.bas
examples/manual/strings/cvlongint.bas
examples/manual/strings/cvs.bas
examples/manual/strings/cvshort.bas
examples/manual/strings/hex.bas
examples/manual/strings/instr2.bas
examples/manual/strings/instr.bas
examples/manual/strings/instrrev2.bas
examples/manual/strings/instrrev.bas
examples/manual/strings/lcase.bas
examples/manual/strings/left.bas
examples/manual/strings/len.bas
examples/manual/strings/lset.bas
examples/manual/strings/lset-udt.bas
examples/manual/strings/ltrim.bas
examples/manual/strings/mid-func.bas
examples/manual/strings/mid-stmt.bas
examples/manual/strings/mkd.bas
examples/manual/strings/mki.bas
examples/manual/strings/mkl.bas
examples/manual/strings/mklongint.bas
examples/manual/strings/mks.bas
examples/manual/strings/mkshort.bas
examples/manual/strings/oct.bas
examples/manual/strings/right.bas
examples/manual/strings/rset.bas
examples/manual/strings/rtrim.bas
examples/manual/strings/space.bas
examples/manual/strings/str.bas
examples/manual/strings/string.bas
examples/manual/strings/trim.bas
examples/manual/strings/ucase.bas
examples/manual/strings/val.bas
examples/manual/strings/valint.bas
examples/manual/strings/vallng.bas
examples/manual/strings/valuint.bas
examples/manual/strings/valulng.bas
examples/manual/strings/wbin.bas
examples/manual/strings/wchr.bas
examples/manual/strings/whex.bas
examples/manual/strings/woct.bas
examples/manual/strings/wspace.bas
examples/manual/strings/wstr.bas
examples/manual/strings/wstring.bas
examples/manual/switches/defbyte.bas
examples/manual/switches/defdbl.bas
examples/manual/switches/defint.bas
examples/manual/switches/deflng.bas
examples/manual/switches/deflongint.bas
examples/manual/switches/defshort.bas
examples/manual/switches/defsng.bas
examples/manual/switches/defstr.bas
examples/manual/switches/defubyte.bas
examples/manual/switches/defuint.bas
examples/manual/switches/defulongint.bas
examples/manual/switches/defushort.bas
examples/manual/switches/option-byval.bas
examples/manual/switches/option-dynamic.bas
examples/manual/switches/option-escape.bas
examples/manual/switches/option-explicit.bas
examples/manual/switches/option-gosub.bas
examples/manual/switches/option-nogosub.bas
examples/manual/switches/option-nokeyword.bas
examples/manual/switches/option-private.bas
examples/manual/switches/option-static.bas
examples/manual/system/beep.bas
examples/manual/system/chain.bas
examples/manual/system/chdir.bas
examples/manual/system/command.bas
examples/manual/system/curdir.bas
examples/manual/system/dir.bas
examples/manual/system/dirretat.bas
examples/manual/system/environ.bas
examples/manual/system/exec.bas
examples/manual/system/exepath.bas
examples/manual/system/fileattr.bas
examples/manual/system/filecopy.bas
examples/manual/system/filedatetime.bas
examples/manual/system/fileexists.bas
examples/manual/system/filelen.bas
examples/manual/system/fre.bas
examples/manual/system/kill.bas
examples/manual/system/mkdir.bas
examples/manual/system/name.bas
examples/manual/system/rmdir.bas
examples/manual/system/run.bas
examples/manual/system/setdate.bas
examples/manual/system/setenviron2.bas
examples/manual/system/setenviron.bas
examples/manual/system/settime.bas
examples/manual/system/shell.bas
examples/manual/system/sleep.bas
examples/manual/system/system.bas
examples/manual/threads/condcreate.bas
examples/manual/threads/threadcall.bas
examples/manual/threads/threads1.bas
examples/manual/threads/threads2.bas
examples/manual/threads/threads3.bas
examples/manual/udt/access.bas
examples/manual/udt/base.bas
examples/manual/udt/baseinit1.bas
examples/manual/udt/baseinit2.bas
examples/manual/udt/const-proc.bas
examples/manual/udt/constructor.bas
examples/manual/udt/constructor-ptr.bas
examples/manual/udt/destructor.bas
examples/manual/udt/enum.bas
examples/manual/udt/extends.bas
examples/manual/udt/field.bas
examples/manual/udt/function.bas
examples/manual/udt/operator.bas
examples/manual/udt/private.bas
examples/manual/udt/property2.bas
examples/manual/udt/property.bas
examples/manual/udt/protected.bas
examples/manual/udt/ptr-access.bas
examples/manual/udt/public.bas
examples/manual/udt/static.bas
examples/manual/udt/step.bas
examples/manual/udt/step-char-iterator.bas
examples/manual/udt/stepFileIteration.bas
examples/manual/udt/step-fraction-iterator.bas
examples/manual/udt/sub.bas
examples/manual/udt/temp-type2.bas
examples/manual/udt/temp-type3.bas
examples/manual/udt/temp-type.bas
examples/manual/udt/this.bas
examples/manual/udt/type1.bas
examples/manual/udt/type2.bas
examples/manual/udt/type-fwd.bas
examples/manual/udt/union.bas
examples/manual/udt/with-1.bas
examples/manual/udt/with-2.bas
examples/manual/udt/with-3.bas
examples/manual/variable/const.bas
examples/manual/variable/dim.bas
examples/manual/variable/scope.bas
examples/manual/variable/shared.bas
examples/manual/variable/static.bas
examples/manual/variable/var.bas
examples/math/big_int/perftest.bas
examples/math/cryptlib/hashing.bas
examples/math/GSL/matrix.bas
examples/math/Newton/test.bas
examples/math/ODE/test.bas
examples/math/sieve.bas
examples/method-pointer.bas
examples/methods.bas
examples/misc/CUnit/interfaces.bas
examples/misc/CUnit/simple.bas
examples/misc/glib/g_Actions.bas
examples/misc/glib/g_Arguments.bas
examples/misc/glib/g_Assert.bas
examples/misc/glib/g_Filenames.bas
examples/misc/glib/g_HashTable.bas
examples/misc/glib/g_SplitArguments.bas
examples/misc/glib/g_VarArgMacros.bas
examples/misc/libffi/closures.bas
examples/misc/libjit/gcd.bas
examples/misc/libjit/mul_add.bas
examples/namespace.bas
examples/network/curl/CHttp/CHttp.bas
examples/network/curl/CHttp/CHttp.bi
examples/network/curl/CHttp/CHttpForm.bas
examples/network/curl/CHttp/CHttpForm.bi
examples/network/curl/CHttp/CHttpStream.bas
examples/network/curl/CHttp/CHttpStream.bi
examples/network/curl/CHttp/test.bas
examples/network/http-get.bas
examples/network/win32/ftpget.bas
examples/other-languages/C++/alias.bas
examples/other-languages/C++/alias.cxx
examples/other-languages/C++/complex.bas
examples/other-languages/C++/complex.cxx
examples/other-languages/C++/simple.bas
examples/other-languages/C++/simple.cxx
examples/other-languages/Java/Hello.java
examples/other-languages/Java/JNI/mylib.bas
examples/other-languages/Java/JNI/Mylib.java
examples/other-languages/Java/JNI/Test.java
examples/other-languages/JavaScript/SpiderMonkey/callbacks.bas
examples/other-languages/Java/test.bas
examples/other-languages/Lua/minmax.bas
examples/other-languages/Lua/minmax.lua
examples/other-languages/VB/fbside.bas
examples/other-languages/VB/vbside.bas
examples/overload.bas
examples/pointers.bas
examples/preprocessor.bas
examples/procedures.bas
examples/property.bas
examples/regex/PCRE/CRegex/CRegex.bas
examples/regex/PCRE/CRegex/CRegex.bi
examples/regex/PCRE/CRegex/test.bas
examples/regex/PCRE/CRegex/test.txt
examples/regex/PCRE/pcredemo.bas
examples/regex/PCRE/preg_class.bas
examples/regex/TRE/match.bas
examples/regex/TRE/replace.bas
examples/regex/TRE/subexpr.bas
examples/select.bas
examples/sound/BASS/demo.bas
examples/sound/BASS/small.bas
examples/sound/data/dne_trtn.mod
examples/sound/data/example1.ogg
examples/sound/data/example2.ogg
examples/sound/data/example.mo3
examples/sound/data/License
examples/sound/data/prodigy.wav
examples/sound/FMOD/mp3-player.bas
examples/sound/OpenAL/wav-player.bas
examples/structs.bas
examples/threads/consumer-producer.bas
examples/threads/threads2.bas
examples/threads/threads.bas
examples/threads/timer-lib/test.bas
examples/threads/timer-lib/timer.bas
examples/threads/timer-lib/timer.bi
examples/typedef.bas
examples/unicode/hello_chinese.bas
examples/unicode/hello_greek.bas
examples/unicode/hello_japanese.bas
examples/unicode/hello_korean.bas
examples/unicode/hello_russian.bas
examples/unicode/hello_UNC.bas
examples/unicode/hello_UTF16BE.bas
examples/unicode/hello_UTF16LE.bas
examples/unicode/hello_UTF32BE.bas
examples/unicode/hello_UTF32LE.bas
examples/unicode/hello_UTF8.bas
examples/variables.bas
examples/xml/expat.bas
examples/xml/libxml.bas
examples/xml/test.xml
fbc
inc/AL/al.bi
inc/AL/alc.bi
inc/AL/alext.bi
inc/AL/alut.bi
inc/AL/efx.bi
inc/AL/EFX-Util.bi
inc/allegro/3d.bi
inc/allegro/3dmaths.bi
inc/allegro/alcompat.bi
inc/allegro/algif.bi
inc/allegro/alpng.bi
inc/allegro/base.bi
inc/allegro.bi
inc/allegro/color.bi
inc/allegro/compiled.bi
inc/allegro/config.bi
inc/allegro/datafile.bi
inc/allegro/debug.bi
inc/allegro/digi.bi
inc/allegro/draw.bi
inc/allegro/file.bi
inc/allegro/fixed.bi
inc/allegro/fli.bi
inc/allegro/fmaths.bi
inc/allegro/gfx.bi
inc/allegro/gui.bi
inc/allegro/inline/3dmaths.bi
inc/allegro/inline/asm.bi
inc/allegro/inline/color.bi
inc/allegro/inline/draw.bi
inc/allegro/inline/file.bi
inc/allegro/inline/fmaths.bi
inc/allegro/inline/gfx.bi
inc/allegro/inline/gui.bi
inc/allegro/inline/matrix.bi
inc/allegro/inline/rle.bi
inc/allegro/inline/system.bi
inc/allegro/internal/alconfig.bi
inc/allegro/joystick.bi
inc/allegro/keyboard.bi
inc/allegro/matrix.bi
inc/allegro/midi.bi
inc/allegro/mouse.bi
inc/allegro/palette.bi
inc/allegro/platform/al386gcc.bi
inc/allegro/platform/aldjgpp.bi
inc/allegro/platform/aldos.bi
inc/allegro/platform/almngw32.bi
inc/allegro/platform/alplatf.bi
inc/allegro/platform/alucfg.bi
inc/allegro/platform/alunix.bi
inc/allegro/platform/alwin.bi
inc/allegro/quat.bi
inc/allegro/rle.bi
inc/allegro/sound.bi
inc/allegro/stream.bi
inc/allegro/system.bi
inc/allegro/text.bi
inc/allegro/timer.bi
inc/allegro/unicode.bi
inc/aspell.bi
inc/atk/atk.bi
inc/bass.bi
inc/bassmod.bi
inc/bfd/bfd-216.bi
inc/bfd/bfd-217.bi
inc/bfd/bfd-218.bi
inc/bfd.bi
inc/big_int/basic_funcs.bi
inc/big_int/big_int.bi
inc/big_int/big_int_full.bi
inc/big_int/bitset_funcs.bi
inc/big_int/get_bit_length.bi
inc/big_int/low_level_funcs.bi
inc/big_int/memory_manager.bi
inc/big_int/modular_arithmetic.bi
inc/big_int/number_theory.bi
inc/big_int/service_funcs.bi
inc/big_int/str_funcs.bi
inc/big_int/str_types.bi
inc/bzlib.bi
inc/caca.bi
inc/cairo/cairo.bi
inc/cairo/cairo-gl.bi
inc/cairo/cairo-pdf.bi
inc/cairo/cairo-ps.bi
inc/cairo/cairo-svg.bi
inc/cairo/cairo-win32.bi
inc/cgui.bi
inc/chipmunk/chipmunk.bi
inc/chipmunk/chipmunk_unsafe.bi
inc/chipmunk/constraints/cpBreakableJoint.bi
inc/chipmunk/constraints/cpDampedRotarySpring.bi
inc/chipmunk/constraints/cpDampedSpring.bi
inc/chipmunk/constraints/cpGearJoint.bi
inc/chipmunk/constraints/cpGrooveJoint.bi
inc/chipmunk/constraints/cpPinJoint.bi
inc/chipmunk/constraints/cpPivotJoint.bi
inc/chipmunk/constraints/cpRotaryLimitJoint.bi
inc/chipmunk/constraints/cpSimpleMotor.bi
inc/chipmunk/constraints/cpSlideJoint.bi
inc/chipmunk/cpArbiter.bi
inc/chipmunk/cpArray.bi
inc/chipmunk/cpBB.bi
inc/chipmunk/cpBody.bi
inc/chipmunk/cpCollision.bi
inc/chipmunk/cpHashSet.bi
inc/chipmunk/cpPolyShape.bi
inc/chipmunk/cpShape.bi
inc/chipmunk/cpSpace.bi
inc/chipmunk/cpSpaceHash.bi
inc/chipmunk/cpVect.bi
inc/crt/arpa/inet.bi
inc/crt.bi
inc/crt/bits/locale.bi
inc/crt/bits/pthreadtypes.bi
inc/crt/ctype.bi
inc/crt/dir.bi
inc/crt/errno.bi
inc/crt/fcntl.bi
inc/crt/io.bi
inc/crt/limits.bi
inc/crt/linux/ctype.bi
inc/crt/linux/fcntl.bi
inc/crt/linux/netdb.bi
inc/crt/linux/stdio.bi
inc/crt/linux/stdlib.bi
inc/crt/linux/time.bi
inc/crt/linux/unistd.bi
inc/crt/linux/wchar.bi
inc/crt/locale.bi
inc/crt/malloc.bi
inc/crt/math.bi
inc/crt/netdb.bi
inc/crt/netinet/in.bi
inc/crt/netinet/linux/in.bi
inc/crt/process.bi
inc/crt/setjmp.bi
inc/crt/stdarg.bi
inc/crt/stddef.bi
inc/crt/stdint.bi
inc/crt/stdio.bi
inc/crt/stdlib.bi
inc/crt/string.bi
inc/crt/sys/linux/select.bi
inc/crt/sys/linux/socket.bi
inc/crt/sys/linux/time.bi
inc/crt/sys/linux/types.bi
inc/crt/sys/select.bi
inc/crt/sys/socket.bi
inc/crt/sys/stat.bi
inc/crt/sys/time.bi
inc/crt/sys/types.bi
inc/crt/sys/uio.bi
inc/crt/time.bi
inc/crt/unistd.bi
inc/crt/wchar.bi
inc/cryptlib.bi
inc/CUnit/Automated.bi
inc/CUnit/Basic.bi
inc/CUnit/Console.bi
inc/CUnit/CUError.bi
inc/CUnit/CUnit.bi
inc/CUnit/MyMem.bi
inc/CUnit/TestDB.bi
inc/CUnit/TestRun.bi
inc/curl.bi
inc/curses.bi
inc/curses/ncurses.bi
inc/datetime.bi
inc/dir.bi
inc/dislin.bi
inc/expat.bi
inc/fastcgi/fastcgi.bi
inc/fastcgi/fcgiapp.bi
inc/fastcgi/fcgi_stdio.bi
inc/fbgfx.bi
inc/ffi.bi
inc/file.bi
inc/flite/cst_alloc.bi
inc/flite/cst_alloc.h
inc/flite/cst_args.bi
inc/flite/cst_args.h
inc/flite/cst_audio.bi
inc/flite/cst_audio.h
inc/flite/cst_cart.bi
inc/flite/cst_cart.h
inc/flite/cst_cg.bi
inc/flite/cst_cg.h
inc/flite/cst_clunits.bi
inc/flite/cst_clunits.h
inc/flite/cst_diphone.bi
inc/flite/cst_diphone.h
inc/flite/cst_endian.bi
inc/flite/cst_endian.h
inc/flite/cst_error.bi
inc/flite/cst_error.h
inc/flite/cst_features.bi
inc/flite/cst_features.h
inc/flite/cst_ffeatures.bi
inc/flite/cst_ffeatures.h
inc/flite/cst_file.bi
inc/flite/cst_file.h
inc/flite/cst_hrg.bi
inc/flite/cst_hrg.h
inc/flite/cst_item.bi
inc/flite/cst_item.h
inc/flite/cst_lexicon.bi
inc/flite/cst_lexicon.h
inc/flite/cst_lts.bi
inc/flite/cst_lts.h
inc/flite/cst_lts_rewrites.bi
inc/flite/cst_lts_rewrites.h
inc/flite/cst_math.bi
inc/flite/cst_math.h
inc/flite/cst_phoneset.bi
inc/flite/cst_phoneset.h
inc/flite/cst_regex.bi
inc/flite/cst_regex.h
inc/flite/cst_relation.bi
inc/flite/cst_relation.h
inc/flite/cst_sigpr.bi
inc/flite/cst_sigpr.h
inc/flite/cst_socket.bi
inc/flite/cst_socket.h
inc/flite/cst_ss.bi
inc/flite/cst_ss.h
inc/flite/cst_string.bi
inc/flite/cst_string.h
inc/flite/cst_sts.h
inc/flite/cst_synth.bi
inc/flite/cst_synth.h
inc/flite/cst_tokenstream.bi
inc/flite/cst_tokenstream.h
inc/flite/cst_track.bi
inc/flite/cst_track.h
inc/flite/cst_units.bi
inc/flite/cst_units.h
inc/flite/cst_utterance.bi
inc/flite/cst_utterance.h
inc/flite/cst_utt_utils.bi
inc/flite/cst_utt_utils.h
inc/flite/cst_val.bi
inc/flite/cst_val_const.bi
inc/flite/cst_val_const.h
inc/flite/cst_val_defs.bi
inc/flite/cst_val_defs.h
inc/flite/cst_val.h
inc/flite/cst_viterbi.bi
inc/flite/cst_viterbi.h
inc/flite/cst_voice.bi
inc/flite/cst_voice.h
inc/flite/cst_wave.bi
inc/flite/cst_wave.h
inc/flite/cst_wchar.bi
inc/flite/cst_wchar.h
inc/flite/flite.bi
inc/flite/flite_version.bi
inc/flite/flite_version.h
inc/fmod.bi
inc/FreeImage.bi
inc/freetype2/config/ftconfig.bi
inc/freetype2/config/ftoption.bi
inc/freetype2/config/ftstdlib.bi
inc/freetype2/freetype.bi
inc/freetype2/fterrors.bi
inc/freetype2/ftimage.bi
inc/freetype2/ftmoderr.bi
inc/freetype2/ftsystem.bi
inc/freetype2/fttypes.bi
inc/gdbm.bi
inc/gd/gd.bi
inc/gd/gdfx.bi
inc/gd/gd_io.bi
inc/gdk/gdk-2.24.bi
inc/gdk/gdk-3.2.bi
inc/gdk/gdk.bi
inc/gdk-pixbuf/gdk-pixbuf.bi
inc/gdsl/gdsl_2darray.bi
inc/gdsl/gdsl.bi
inc/gdsl/_gdsl_bintree.bi
inc/gdsl/_gdsl_bstree.bi
inc/gdsl/gdsl_bstree.bi
inc/gdsl/gdsl_hash.bi
inc/gdsl/_gdsl_list.bi
inc/gdsl/gdsl_list.bi
inc/gdsl/gdsl_macros.bi
inc/gdsl/_gdsl_node.bi
inc/gdsl/gdsl_perm.bi
inc/gdsl/gdsl_queue.bi
inc/gdsl/gdsl_rbtree.bi
inc/gdsl/gdsl_sort.bi
inc/gdsl/gdsl_stack.bi
inc/gdsl/gdsl_types.bi
inc/gettext-po.bi
inc/gif_lib.bi
inc/gio/gio.bi
inc/glade/glade.bi
inc/glade/glade-build.bi
inc/glade/glade-init.bi
inc/glade/glade-parser.bi
inc/glade/glade-xml.bi
inc/GL/freeglut.bi
inc/GL/freeglut_ext.bi
inc/GL/freeglut_std.bi
inc/GL/gl.bi
inc/GL/glext.bi
inc/GL/glfw.bi
inc/GL/glu.bi
inc/GL/glut.bi
inc/glib.bi
inc/glib-object.bi
inc/gmodule.bi
inc/gmp.bi
inc/goocanvas.bi
inc/grx/grx20.bi
inc/grx/grxkeys.bi
inc/gsl/gsl_blas.bi
inc/gsl/gsl_blas_types.bi
inc/gsl/gsl_block.bi
inc/gsl/gsl_block_char.bi
inc/gsl/gsl_block_complex.bi
inc/gsl/gsl_block_complex_double.bi
inc/gsl/gsl_block_complex_float.bi
inc/gsl/gsl_block_complex_long_double.bi
inc/gsl/gsl_block_double.bi
inc/gsl/gsl_block_float.bi
inc/gsl/gsl_block_int.bi
inc/gsl/gsl_block_long.bi
inc/gsl/gsl_block_long_double.bi
inc/gsl/gsl_block_short.bi
inc/gsl/gsl_block_uchar.bi
inc/gsl/gsl_block_uint.bi
inc/gsl/gsl_block_ulong.bi
inc/gsl/gsl_block_ushort.bi
inc/gsl/gsl_cblas.bi
inc/gsl/gsl_cdf.bi
inc/gsl/gsl_chebyshev.bi
inc/gsl/gsl_check_range.bi
inc/gsl/gsl_combination.bi
inc/gsl/gsl_complex.bi
inc/gsl/gsl_complex_math.bi
inc/gsl/gsl_const.bi
inc/gsl/gsl_const_cgs.bi
inc/gsl/gsl_const_cgsm.bi
inc/gsl/gsl_const_mksa.bi
inc/gsl/gsl_const_mks.bi
inc/gsl/gsl_const_num.bi
inc/gsl/gsl_deriv.bi
inc/gsl/gsl_dft_complex.bi
inc/gsl/gsl_dft_complex_float.bi
inc/gsl/gsl_dht.bi
inc/gsl/gsl_diff.bi
inc/gsl/gsl_eigen.bi
inc/gsl/gsl_errno.bi
inc/gsl/gsl_fft.bi
inc/gsl/gsl_fft_complex.bi
inc/gsl/gsl_fft_complex_float.bi
inc/gsl/gsl_fft_halfcomplex.bi
inc/gsl/gsl_fft_halfcomplex_float.bi
inc/gsl/gsl_fft_real.bi
inc/gsl/gsl_fft_real_float.bi
inc/gsl/gsl_fit.bi
inc/gsl/gsl_heapsort.bi
inc/gsl/gsl_histogram2d.bi
inc/gsl/gsl_histogram.bi
inc/gsl/gsl_ieee_utils.bi
inc/gsl/gsl_integration.bi
inc/gsl/gsl_interp.bi
inc/gsl/gsl_linalg.bi
inc/gsl/gsl_machine.bi
inc/gsl/gsl_math.bi
inc/gsl/gsl_matrix.bi
inc/gsl/gsl_matrix_char.bi
inc/gsl/gsl_matrix_complex_double.bi
inc/gsl/gsl_matrix_complex_float.bi
inc/gsl/gsl_matrix_complex_long_double.bi
inc/gsl/gsl_matrix_double.bi
inc/gsl/gsl_matrix_float.bi
inc/gsl/gsl_matrix_int.bi
inc/gsl/gsl_matrix_long.bi
inc/gsl/gsl_matrix_long_double.bi
inc/gsl/gsl_matrix_short.bi
inc/gsl/gsl_matrix_uchar.bi
inc/gsl/gsl_matrix_uint.bi
inc/gsl/gsl_matrix_ulong.bi
inc/gsl/gsl_matrix_ushort.bi
inc/gsl/gsl_message.bi
inc/gsl/gsl_min.bi
inc/gsl/gsl_mode.bi
inc/gsl/gsl_monte.bi
inc/gsl/gsl_monte_miser.bi
inc/gsl/gsl_monte_plain.bi
inc/gsl/gsl_monte_vegas.bi
inc/gsl/gsl_multifit.bi
inc/gsl/gsl_multifit_nlin.bi
inc/gsl/gsl_multimin.bi
inc/gsl/gsl_multiroots.bi
inc/gsl/gsl_nan.bi
inc/gsl/gsl_ntuple.bi
inc/gsl/gsl_odeiv.bi
inc/gsl/gsl_permutation.bi
inc/gsl/gsl_permute.bi
inc/gsl/gsl_permute_char.bi
inc/gsl/gsl_permute_complex_double.bi
inc/gsl/gsl_permute_complex_float.bi
inc/gsl/gsl_permute_complex_long_double.bi
inc/gsl/gsl_permute_double.bi
inc/gsl/gsl_permute_float.bi
inc/gsl/gsl_permute_int.bi
inc/gsl/gsl_permute_long.bi
inc/gsl/gsl_permute_long_double.bi
inc/gsl/gsl_permute_short.bi
inc/gsl/gsl_permute_uchar.bi
inc/gsl/gsl_permute_uint.bi
inc/gsl/gsl_permute_ulong.bi
inc/gsl/gsl_permute_ushort.bi
inc/gsl/gsl_permute_vector.bi
inc/gsl/gsl_permute_vector_char.bi
inc/gsl/gsl_permute_vector_complex_double.bi
inc/gsl/gsl_permute_vector_complex_float.bi
inc/gsl/gsl_permute_vector_complex_long_double.bi
inc/gsl/gsl_permute_vector_double.bi
inc/gsl/gsl_permute_vector_float.bi
inc/gsl/gsl_permute_vector_int.bi
inc/gsl/gsl_permute_vector_long.bi
inc/gsl/gsl_permute_vector_long_double.bi
inc/gsl/gsl_permute_vector_short.bi
inc/gsl/gsl_permute_vector_uchar.bi
inc/gsl/gsl_permute_vector_uint.bi
inc/gsl/gsl_permute_vector_ulong.bi
inc/gsl/gsl_permute_vector_ushort.bi
inc/gsl/gsl_poly.bi
inc/gsl/gsl_pow_int.bi
inc/gsl/gsl_precision.bi
inc/gsl/gsl_qrng.bi
inc/gsl/gsl_randist.bi
inc/gsl/gsl_rng.bi
inc/gsl/gsl_roots.bi
inc/gsl/gsl_sf_airy.bi
inc/gsl/gsl_sf_bessel.bi
inc/gsl/gsl_sf.bi
inc/gsl/gsl_sf_clausen.bi
inc/gsl/gsl_sf_coulomb.bi
inc/gsl/gsl_sf_coupling.bi
inc/gsl/gsl_sf_dawson.bi
inc/gsl/gsl_sf_debye.bi
inc/gsl/gsl_sf_dilog.bi
inc/gsl/gsl_sf_elementary.bi
inc/gsl/gsl_sf_ellint.bi
inc/gsl/gsl_sf_elljac.bi
inc/gsl/gsl_sf_erf.bi
inc/gsl/gsl_sf_exp.bi
inc/gsl/gsl_sf_expint.bi
inc/gsl/gsl_sf_fermi_dirac.bi
inc/gsl/gsl_sf_gamma.bi
inc/gsl/gsl_sf_gegenbauer.bi
inc/gsl/gsl_sf_hyperg.bi
inc/gsl/gsl_sf_laguerre.bi
inc/gsl/gsl_sf_lambert.bi
inc/gsl/gsl_sf_legendre.bi
inc/gsl/gsl_sf_log.bi
inc/gsl/gsl_sf_pow_int.bi
inc/gsl/gsl_sf_psi.bi
inc/gsl/gsl_sf_result.bi
inc/gsl/gsl_sf_synchrotron.bi
inc/gsl/gsl_sf_transport.bi
inc/gsl/gsl_sf_trig.bi
inc/gsl/gsl_sf_zeta.bi
inc/gsl/gsl_siman.bi
inc/gsl/gsl_sort.bi
inc/gsl/gsl_sort_char.bi
inc/gsl/gsl_sort_double.bi
inc/gsl/gsl_sort_float.bi
inc/gsl/gsl_sort_int.bi
inc/gsl/gsl_sort_long.bi
inc/gsl/gsl_sort_long_double.bi
inc/gsl/gsl_sort_short.bi
inc/gsl/gsl_sort_uchar.bi
inc/gsl/gsl_sort_uint.bi
inc/gsl/gsl_sort_ulong.bi
inc/gsl/gsl_sort_ushort.bi
inc/gsl/gsl_sort_vector.bi
inc/gsl/gsl_sort_vector_char.bi
inc/gsl/gsl_sort_vector_double.bi
inc/gsl/gsl_sort_vector_float.bi
inc/gsl/gsl_sort_vector_int.bi
inc/gsl/gsl_sort_vector_long.bi
inc/gsl/gsl_sort_vector_long_double.bi
inc/gsl/gsl_sort_vector_short.bi
inc/gsl/gsl_sort_vector_uchar.bi
inc/gsl/gsl_sort_vector_uint.bi
inc/gsl/gsl_sort_vector_ulong.bi
inc/gsl/gsl_sort_vector_ushort.bi
inc/gsl/gsl_specfunc.bi
inc/gsl/gsl_spline.bi
inc/gsl/gsl_statistics.bi
inc/gsl/gsl_statistics_char.bi
inc/gsl/gsl_statistics_double.bi
inc/gsl/gsl_statistics_float.bi
inc/gsl/gsl_statistics_int.bi
inc/gsl/gsl_statistics_long.bi
inc/gsl/gsl_statistics_long_double.bi
inc/gsl/gsl_statistics_short.bi
inc/gsl/gsl_statistics_uchar.bi
inc/gsl/gsl_statistics_uint.bi
inc/gsl/gsl_statistics_ulong.bi
inc/gsl/gsl_statistics_ushort.bi
inc/gsl/gsl_sum.bi
inc/gsl/gsl_sys.bi
inc/gsl/gsl_test.bi
inc/gsl/gsl_types.bi
inc/gsl/gsl_vector.bi
inc/gsl/gsl_vector_char.bi
inc/gsl/gsl_vector_complex.bi
inc/gsl/gsl_vector_complex_double.bi
inc/gsl/gsl_vector_complex_float.bi
inc/gsl/gsl_vector_complex_long_double.bi
inc/gsl/gsl_vector_double.bi
inc/gsl/gsl_vector_float.bi
inc/gsl/gsl_vector_int.bi
inc/gsl/gsl_vector_long.bi
inc/gsl/gsl_vector_long_double.bi
inc/gsl/gsl_vector_short.bi
inc/gsl/gsl_vector_uchar.bi
inc/gsl/gsl_vector_uint.bi
inc/gsl/gsl_vector_ulong.bi
inc/gsl/gsl_vector_ushort.bi
inc/gsl/gsl_version.bi
inc/gsl/gsl_wavelet2d.bi
inc/gsl/gsl_wavelet.bi
inc/gtkgl/gdkgl.bi
inc/gtkgl/gdkglext.bi
inc/gtkgl/gtkgl.bi
inc/gtkgl/gtkglext.bi
inc/gtk/gtk-2.24.bi
inc/gtk/gtk-3.2.bi
inc/gtk/gtk.bi
inc/IL/il.bi
inc/IL/ilu.bi
inc/IUP3/iup.bi
inc/IUP3/iupcbs.bi
inc/IUP3/iupcontrols.bi
inc/IUP3/iupdef.bi
inc/IUP3/iupgl.bi
inc/IUP3/iupim.bi
inc/IUP3/iupkey.bi
inc/IUP3/iuplua.bi
inc/IUP3/iupluacontrols.bi
inc/IUP3/iupluacontrols.h
inc/IUP3/iupluagl.bi
inc/IUP3/iupluagl.h
inc/IUP3/iuplua.h
inc/IUP3/iupluaim.bi
inc/IUP3/iupluaim.h
inc/IUP3/iupluaole.bi
inc/IUP3/iupluaole.h
inc/IUP3/iuplua_pplot.bi
inc/IUP3/iuplua_pplot.h
inc/IUP3/iupluatuio.bi
inc/IUP3/iupluatuio.h
inc/IUP3/iupluaweb.bi
inc/IUP3/iupmask.bi
inc/IUP3/iupole.bi
inc/IUP3/iup_plplot.bi
inc/IUP3/iup_pplot.bi
inc/IUP3/iuptuio.bi
inc/IUP3/iupweb.bi
inc/IUP/iup.bi
inc/IUP/iupcb.bi
inc/IUP/iupcbs.bi
inc/IUP/iupcontrols.bi
inc/IUP/iupcpi.bi
inc/IUP/iupdef.bi
inc/IUP/iupdial.bi
inc/IUP/iupgauge.bi
inc/IUP/iupgc.bi
inc/IUP/iupgetparam.bi
inc/IUP/iupkey.bi
inc/IUP/iupmask.bi
inc/IUP/iupmatrix.bi
inc/IUP/iupsbox.bi
inc/IUP/iuptabs.bi
inc/IUP/iuptree.bi
inc/IUP/iupval.bi
inc/japi.bi
inc/jit.bi
inc/jit/jit-apply.bi
inc/jit/jit-arch.bi
inc/jit/jit-block.bi
inc/jit/jit-common.bi
inc/jit/jit-context.bi
inc/jit/jit-debugger.bi
inc/jit/jit-defs.bi
inc/jit/jit-dump.bi
inc/jit/jit-dynamic.bi
inc/jit/jit-elf.bi
inc/jit/jit-except.bi
inc/jit/jit-function.bi
inc/jit/jit-init.bi
inc/jit/jit-insn.bi
inc/jit/jit-intrinsic.bi
inc/jit/jit-meta.bi
inc/jit/jit-objmodel.bi
inc/jit/jit-objmodel-private.bi
inc/jit/jit-opcode.bi
inc/jit/jit-plus.bi
inc/jit/jit-type.bi
inc/jit/jit-util.bi
inc/jit/jit-value.bi
inc/jit/jit-walk.bi
inc/jni.bi
inc/jpeglib.bi
inc/jpgalleg.bi
inc/json-c/arraylist.bi
inc/json-c/bits.bi
inc/json-c/debug.bi
inc/json-c/json.bi
inc/json-c/json_object.bi
inc/json-c/json_tokener.bi
inc/json-c/json_util.bi
inc/json-c/linkhash.bi
inc/libart_lgpl/art_affine.bi
inc/libart_lgpl/art_alphagamma.bi
inc/libart_lgpl/art_bpath.bi
inc/libart_lgpl/art_config.bi
inc/libart_lgpl/art_filterlevel.bi
inc/libart_lgpl/art_gray_svp.bi
inc/libart_lgpl/art_misc.bi
inc/libart_lgpl/art_pathcode.bi
inc/libart_lgpl/art_pixbuf.bi
inc/libart_lgpl/art_point.bi
inc/libart_lgpl/art_rect.bi
inc/libart_lgpl/art_rect_svp.bi
inc/libart_lgpl/art_rect_uta.bi
inc/libart_lgpl/art_rgb_affine.bi
inc/libart_lgpl/art_rgb.bi
inc/libart_lgpl/art_rgb_bitmap_affine.bi
inc/libart_lgpl/art_rgb_pixbuf_affine.bi
inc/libart_lgpl/art_rgb_rgba_affine.bi
inc/libart_lgpl/art_rgb_svp.bi
inc/libart_lgpl/art_svp.bi
inc/libart_lgpl/art_svp_ops.bi
inc/libart_lgpl/art_svp_point.bi
inc/libart_lgpl/art_svp_render_aa.bi
inc/libart_lgpl/art_svp_vpath.bi
inc/libart_lgpl/art_svp_vpath_stroke.bi
inc/libart_lgpl/art_svp_wind.bi
inc/libart_lgpl/art_uta.bi
inc/libart_lgpl/art_uta_ops.bi
inc/libart_lgpl/art_uta_rect.bi
inc/libart_lgpl/art_uta_svp.bi
inc/libart_lgpl/art_uta_vpath.bi
inc/libart_lgpl/art_vpath.bi
inc/libart_lgpl/art_vpath_bpath.bi
inc/libart_lgpl/art_vpath_dash.bi
inc/libart_lgpl/art_vpath_svp.bi
inc/libart_lgpl/libart.bi
inc/libart_lgpl/libart-features.bi
inc/libintl.bi
inc/libxml/c14n.bi
inc/libxml/catalog.bi
inc/libxml/debugXML.bi
inc/libxml/dict.bi
inc/libxml/encoding.bi
inc/libxml/entities.bi
inc/libxml/globals.bi
inc/libxml/hash.bi
inc/libxml/HTMLparser.bi
inc/libxml/HTMLtree.bi
inc/libxml/list.bi
inc/libxml/nanoftp.bi
inc/libxml/nanohttp.bi
inc/libxml/parser.bi
inc/libxml/pattern.bi
inc/libxml/relaxng.bi
inc/libxml/SAX2.bi
inc/libxml/SAX.bi
inc/libxml/threads.bi
inc/libxml/tree.bi
inc/libxml/uri.bi
inc/libxml/valid.bi
inc/libxml/xinclude.bi
inc/libxml/xlink.bi
inc/libxml/xmlautomata.bi
inc/libxml/xmlerror.bi
inc/libxml/xmlexports.bi
inc/libxml/xmlIO.bi
inc/libxml/xmlmemory.bi
inc/libxml/xmlmodule.bi
inc/libxml/xmlreader.bi
inc/libxml/xmlregexp.bi
inc/libxml/xmlsave.bi
inc/libxml/xmlschemas.bi
inc/libxml/xmlstring.bi
inc/libxml/xmlunicode.bi
inc/libxml/xmlversion.bi
inc/libxml/xmlwriter.bi
inc/libxml/xpath.bi
inc/libxml/xpathInternals.bi
inc/libxml/xpointer.bi
inc/libxslt/attributes.bi
inc/libxslt/documents.bi
inc/libxslt/extensions.bi
inc/libxslt/extra.bi
inc/libxslt/functions.bi
inc/libxslt/imports.bi
inc/libxslt/keys.bi
inc/libxslt/libxslt.bi
inc/libxslt/namespaces.bi
inc/libxslt/numbersInternals.bi
inc/libxslt/pattern.bi
inc/libxslt/preproc.bi
inc/libxslt/security.bi
inc/libxslt/templates.bi
inc/libxslt/transform.bi
inc/libxslt/trio.bi
inc/libxslt/triodef.bi
inc/libxslt/variables.bi
inc/libxslt/xslt.bi
inc/libxslt/xsltconfig.bi
inc/libxslt/xsltexports.bi
inc/libxslt/xsltInternals.bi
inc/libxslt/xsltutils.bi
inc/Lua/lauxlib.bi
inc/Lua/lua.bi
inc/Lua/lualib.bi
inc/lzma.bi
inc/lzo/lzo1a.bi
inc/lzo/lzo1b.bi
inc/lzo/lzo1.bi
inc/lzo/lzo1c.bi
inc/lzo/lzo1f.bi
inc/lzo/lzo1x.bi
inc/lzo/lzo1y.bi
inc/lzo/lzo1z.bi
inc/lzo/lzoconf.bi
inc/lzo/lzodefs.bi
inc/MediaInfo.bi
inc/modplug.bi
inc/mpg123.bi
inc/mxml.bi
inc/mysql/my_alloc.bi
inc/mysql/mysql.bi
inc/mysql/mysql_com.bi
inc/mysql/mysql_version.bi
inc/Newton.bi
inc/ode/collision.bi
inc/ode/collision_space.bi
inc/ode/collision_trimesh.bi
inc/ode/common.bi
inc/ode/compatibility.bi
inc/ode/config.bi
inc/ode/contact.bi
inc/ode/error.bi
inc/ode/export-dif.bi
inc/ode/mass.bi
inc/ode/matrix.bi
inc/ode/memory.bi
inc/ode/misc.bi
inc/ode/objects.bi
inc/ode/ode.bi
inc/ode/odeinit.bi
inc/ode/odemath.bi
inc/ode/rotation.bi
inc/ode/timer.bi
inc/ogg/ogg.bi
inc/pango/pango.bi
inc/pango/pangocairo.bi
inc/pcre16.bi
inc/pcre.bi
inc/pcreposix.bi
inc/pdflib.bi
inc/png.bi
inc/portaudio.bi
inc/postgresql/libpq-fe.bi
inc/postgresql/postgres_ext.bi
inc/quicklz.bi
inc/regex.bi
inc/SDL/begin_code.bi
inc/SDL/close_code.bi
inc/SDL/SDL_active.bi
inc/SDL/SDL_audio.bi
inc/SDL/SDL.bi
inc/SDL/SDL_byteorder.bi
inc/SDL/SDL_cdrom.bi
inc/SDL/SDL_cpuinfo.bi
inc/SDL/SDL_endian.bi
inc/SDL/SDL_error.bi
inc/SDL/SDL_events.bi
inc/SDL/SDL_getenv.bi
inc/SDL/SDL_gfx_framerate.bi
inc/SDL/SDL_gfx_imageFilter.bi
inc/SDL/SDL_gfx_primitives.bi
inc/SDL/SDL_gfx_rotozoom.bi
inc/SDL/SDL_image.bi
inc/SDL/SDL_joystick.bi
inc/SDL/SDL_keyboard.bi
inc/SDL/SDL_keysym.bi
inc/SDL/SDL_loadso.bi
inc/SDL/SDL_main.bi
inc/SDL/SDL_mixer.bi
inc/SDL/SDL_mouse.bi
inc/SDL/SDL_mutex.bi
inc/SDL/SDL_net.bi
inc/SDL/SDL_quit.bi
inc/SDL/SDL_rwops.bi
inc/SDL/SDL_syswm.bi
inc/SDL/SDL_thread.bi
inc/SDL/SDL_timer.bi
inc/SDL/SDL_ttf.bi
inc/SDL/SDL_types.bi
inc/SDL/SDL_version.bi
inc/SDL/SDL_video.bi
inc/sndfile.bi
inc/spidermonkey/jsapi.bi
inc/spidermonkey/jscompat.bi
inc/spidermonkey/jscpucfg.bi
inc/spidermonkey/jslong.bi
inc/spidermonkey/jsosdep.bi
inc/spidermonkey/jsotypes.bi
inc/spidermonkey/jspubtd.bi
inc/spidermonkey/jstypes.bi
inc/sqlite2.bi
inc/sqlite3.bi
inc/sqlite3ext.bi
inc/string.bi
inc/tinyptc.bi
inc/utf_conv.bi
inc/uuid.bi
inc/vbcompat.bi
inc/vlc/deprecated.bi
inc/vlc/libvlc.bi
inc/vlc/libvlc_events.bi
inc/vlc/libvlc_events.h
inc/vlc/libvlc.h
inc/vlc/libvlc_media.bi
inc/vlc/libvlc_media_discoverer.bi
inc/vlc/libvlc_media_discoverer.h
inc/vlc/libvlc_media.h
inc/vlc/libvlc_media_library.bi
inc/vlc/libvlc_media_library.h
inc/vlc/libvlc_media_list.bi
inc/vlc/libvlc_media_list.h
inc/vlc/libvlc_media_list_player.bi
inc/vlc/libvlc_media_list_player.h
inc/vlc/libvlc_media_player.bi
inc/vlc/libvlc_media_player.h
inc/vlc/libvlc_structures.bi
inc/vlc/libvlc_vlm.bi
inc/vlc/vlc.bi
inc/vorbis/codec.bi
inc/vorbis/vorbisenc.bi
inc/vorbis/vorbisfile.bi
inc/wx-c/accel.bi
inc/wx-c/activateevent.bi
inc/wx-c/app.bi
inc/wx-c/archive.bi
inc/wx-c/artprovider.bi
inc/wx-c/bitmap.bi
inc/wx-c/bitmapbutton.bi
inc/wx-c/boxsizer.bi
inc/wx-c/brush.bi
inc/wx-c/button.bi
inc/wx-c/calendarctrl.bi
inc/wx-c/caret.bi
inc/wx-c/checkbox.bi
inc/wx-c/childfocusevent.bi
inc/wx-c/choice.bi
inc/wx-c/choicedialog.bi
inc/wx-c/classes.bi
inc/wx-c/clientdata.bi
inc/wx-c/clipboard.bi
inc/wx-c/closeevent.bi
inc/wx-c/colour.bi
inc/wx-c/colourdialog.bi
inc/wx-c/combobox.bi
inc/wx-c/comboctrl.bi
inc/wx-c/commandevent.bi
inc/wx-c/common.bi
inc/wx-c/config.bi
inc/wx-c/contextmenuevent.bi
inc/wx-c/control.bi
inc/wx-c/controlwithitems.bi
inc/wx-c/cursor.bi
inc/wx-c/dataformat.bi
inc/wx-c/dataobject.bi
inc/wx-c/dc.bi
inc/wx-c/defs.bi
inc/wx-c/dialog.bi
inc/wx-c/dirdialog.bi
inc/wx-c/display.bi
inc/wx-c/displaychangedevent.bi
inc/wx-c/dnd.bi
inc/wx-c/docmanager.bi
inc/wx-c/doctemplate.bi
inc/wx-c/document.bi
inc/wx-c/eraseevent.bi
inc/wx-c/event.bi
inc/wx-c/evthandler.bi
inc/wx-c/filedialog.bi
inc/wx-c/filesys.bi
inc/wx-c/findreplacedialog.bi
inc/wx-c/flexgridsizer.bi
inc/wx-c/focusevent.bi
inc/wx-c/font.bi
inc/wx-c/fontdialog.bi
inc/wx-c/fontmisc.bi
inc/wx-c/frame.bi
inc/wx-c/gauge.bi
inc/wx-c/gdicmn.bi
inc/wx-c/gdiobject.bi
inc/wx-c/global.bi
inc/wx-c/gridbagsizer.bi
inc/wx-c/grid.bi
inc/wx-c/gridctrl.bi
inc/wx-c/gridsizer.bi
inc/wx-c/helpdata.bi
inc/wx-c/helpevent.bi
inc/wx-c/html.bi
inc/wx-c/htmlhelpctrl.bi
inc/wx-c/htmllbox.bi
inc/wx-c/icon.bi
inc/wx-c/iconizeevent.bi
inc/wx-c/idleevent.bi
inc/wx-c/image.bi
inc/wx-c/imagelist.bi
inc/wx-c/imghandler.bi
inc/wx-c/initdialogevent.bi
inc/wx-c/keyevent.bi
inc/wx-c/laywin.bi
inc/wx-c/listbook.bi
inc/wx-c/listbox.bi
inc/wx-c/listctrl.bi
inc/wx-c/locale.bi
inc/wx-c/log.bi
inc/wx-c/maximizeevent.bi
inc/wx-c/mdi.bi
inc/wx-c/memorydc.bi
inc/wx-c/menubar.bi
inc/wx-c/menu.bi
inc/wx-c/menuitem.bi
inc/wx-c/messagedialog.bi
inc/wx-c/miniframe.bi
inc/wx-c/mousecapturechangedevent.bi
inc/wx-c/mouseevent.bi
inc/wx-c/moveevent.bi
inc/wx-c/navigationkeyevent.bi
inc/wx-c/ncpaintevent.bi
inc/wx-c/notebook.bi
inc/wx-c/notebooksizer.bi
inc/wx-c/object.bi
inc/wx-c/paintevent.bi
inc/wx-c/palette.bi
inc/wx-c/palettechangedevent.bi
inc/wx-c/panel.bi
inc/wx-c/pen.bi
inc/wx-c/picker.bi
inc/wx-c/printdata.bi
inc/wx-c/printdialog.bi
inc/wx-c/printer.bi
inc/wx-c/printpreview.bi
inc/wx-c/progdlg.bi
inc/wx-c/querynewpaletteevent.bi
inc/wx-c/radiobox.bi
inc/wx-c/radiobutton.bi
inc/wx-c/reflectconfig.bi
inc/wx-c/region.bi
inc/wx-c/sashwindow.bi
inc/wx-c/scrollbar.bi
inc/wx-c/scrolledwindow.bi
inc/wx-c/setcursorevent.bi
inc/wx-c/showevent.bi
inc/wx-c/sizeevent.bi
inc/wx-c/sizer.bi
inc/wx-c/sizeritem.bi
inc/wx-c/slider.bi
inc/wx-c/spinbutton.bi
inc/wx-c/spinctrl.bi
inc/wx-c/splashscreen.bi
inc/wx-c/splitterwindow.bi
inc/wx-c/staticbitmap.bi
inc/wx-c/staticbox.bi
inc/wx-c/staticboxsizer.bi
inc/wx-c/staticline.bi
inc/wx-c/statictext.bi
inc/wx-c/statusbar.bi
inc/wx-c/styledtextctrl.bi
inc/wx-c/syscolourchangedevent.bi
inc/wx-c/systemsettings.bi
inc/wx-c/tabctrl.bi
inc/wx-c/taskbaricon.bi
inc/wx-c/textctrl.bi
inc/wx-c/textdialog.bi
inc/wx-c/tipdialog.bi
inc/wx-c/tipwindow.bi
inc/wx-c/togglebutton.bi
inc/wx-c/toolbar.bi
inc/wx-c/tooltip.bi
inc/wx-c/treectrl.bi
inc/wx-c/updateuievent.bi
inc/wx-c/validator.bi
inc/wx-c/view.bi
inc/wx-c/vlbox.bi
inc/wx-c/vscroll.bi
inc/wx-c/window.bi
inc/wx-c/windowcreateevent.bi
inc/wx-c/windowdestroyevent.bi
inc/wx-c/wizard.bi
inc/wx-c/wizardpagesimple.bi
inc/wx-c/wx.bi
inc/wx-c/wxdatetime.bi
inc/wx-c/wxstring.bi
inc/wx-c/xmlresource.bi
inc/X11/ap_keysym.bi
inc/X11/CallbackI.bi
inc/X11/Composite.bi
inc/X11/CompositeP.bi
inc/X11/ConstrainP.bi
inc/X11/Constraint.bi
inc/X11/ConvertI.bi
inc/X11/Core.bi
inc/X11/CoreP.bi
inc/X11/CreateI.bi
inc/X11/cursorfont.bi
inc/X11/DECkeysym.bi
inc/X11/EventI.bi
inc/X11/extensions/dpms.bi
inc/X11/extensions/extutil.bi
inc/X11/extensions/ge.bi
inc/X11/extensions/lbxbuf.bi
inc/X11/extensions/lbxbufstr.bi
inc/X11/extensions/lbximage.bi
inc/X11/extensions/lbxopts.bi
inc/X11/extensions/lbxzlib.bi
inc/X11/extensions/MITMisc.bi
inc/X11/extensions/multibuf.bi
inc/X11/extensions/panoramiXext.bi
inc/X11/extensions/randr.bi
inc/X11/extensions/render.bi
inc/X11/extensions/security.bi
inc/X11/extensions/shape.bi
inc/X11/extensions/sync.bi
inc/X11/extensions/Xag.bi
inc/X11/extensions/Xcup.bi
inc/X11/extensions/Xdbe.bi
inc/X11/extensions/Xdbeproto.bi
inc/X11/extensions/XEVI.bi
inc/X11/extensions/Xext.bi
inc/X11/extensions/Xfixes.bi
inc/X11/extensions/xfixeswire.bi
inc/X11/extensions/Xge.bi
inc/X11/extensions/XI.bi
inc/X11/extensions/Xinerama.bi
inc/X11/extensions/XInput.bi
inc/X11/extensions/XKB.bi
inc/X11/extensions/XKBgeom.bi
inc/X11/extensions/XKBsrv.bi
inc/X11/extensions/XKBstr.bi
inc/X11/extensions/XLbx.bi
inc/X11/extensions/Xrandr.bi
inc/X11/extensions/Xrender.bi
inc/X11/extensions/XShm.bi
inc/X11/extensions/XTest.bi
inc/X11/HookObjI.bi
inc/X11/HPkeysym.bi
inc/X11/ICE/ICE.bi
inc/X11/ICE/ICEconn.bi
inc/X11/ICE/ICElib.bi
inc/X11/ICE/ICEmsg.bi
inc/X11/ICE/ICEutil.bi
inc/X11/ImUtil.bi
inc/X11/InitialI.bi
inc/X11/Intrinsic.bi
inc/X11/IntrinsicI.bi
inc/X11/IntrinsicP.bi
inc/X11/keysym.bi
inc/X11/keysymdef.bi
inc/X11/Object.bi
inc/X11/ObjectP.bi
inc/X11/PassivGraI.bi
inc/X11/RectObj.bi
inc/X11/RectObjP.bi
inc/X11/ResConfigP.bi
inc/X11/ResourceI.bi
inc/X11/SelectionI.bi
inc/X11/Shell.bi
inc/X11/ShellI.bi
inc/X11/SM/SM.bi
inc/X11/SM/SMlib.bi
inc/X11/StringDefs.bi
inc/X11/Sunkeysym.bi
inc/X11/ThreadsI.bi
inc/X11/VarargsI.bi
inc/X11/Vendor.bi
inc/X11/VendorP.bi
inc/X11/Xalloca.bi
inc/X11/Xarch.bi
inc/X11/Xatom.bi
inc/X11/Xauth.bi
inc/X11/X.bi
inc/X11/Xcms.bi
inc/X11/Xcursor/Xcursor.bi
inc/X11/Xdefs.bi
inc/X11/Xdmcp.bi
inc/X11/XF86keysym.bi
inc/X11/Xft/Xft.bi
inc/X11/Xft/XftCompat.bi
inc/X11/Xfuncproto.bi
inc/X11/Xfuncs.bi
inc/X11/XKBlib.bi
inc/X11/Xlib.bi
inc/X11/XlibConf.bi
inc/X11/Xlibint.bi
inc/X11/Xlocale.bi
inc/X11/Xmd.bi
inc/X11/Xmu/Atoms.bi
inc/X11/Xmu/CharSet.bi
inc/X11/Xmu/CloseHook.bi
inc/X11/Xmu/Converters.bi
inc/X11/Xmu/CurUtil.bi
inc/X11/Xmu/CvtCache.bi
inc/X11/Xmu/DisplayQue.bi
inc/X11/Xmu/Drawing.bi
inc/X11/Xmu/Editres.bi
inc/X11/Xmu/EditresP.bi
inc/X11/Xmu/Error.bi
inc/X11/Xmu/ExtAgent.bi
inc/X11/Xmu/Initer.bi
inc/X11/Xmu/Lookup.bi
inc/X11/Xmu/Misc.bi
inc/X11/Xmu/StdCmap.bi
inc/X11/Xmu/StdSel.bi
inc/X11/Xmu/SysUtil.bi
inc/X11/Xmu/WidgetNode.bi
inc/X11/Xmu/WinUtil.bi
inc/X11/Xmu/Xct.bi
inc/X11/Xmu/Xmu.bi
inc/X11/Xos.bi
inc/X11/Xosdefs.bi
inc/X11/Xos_r.bi
inc/X11/xpm.bi
inc/X11/Xpoll.bi
inc/X11/Xregion.bi
inc/X11/Xresource.bi
inc/X11/Xthreads.bi
inc/X11/Xtos.bi
inc/X11/Xtrans/Xtrans.bi
inc/X11/Xtrans/Xtransint.bi
inc/X11/Xutil.bi
inc/X11/Xw32defs.bi
inc/X11/Xwindows.bi
inc/X11/Xwinsock.bi
inc/zip.bi
inc/zlib.bi
inc/zmq/zmq.bi
lib/linux/crt1.o
lib/linux/crtbegin.o
lib/linux/crtend.o
lib/linux/crti.o
lib/linux/crtn.o
lib/linux/fbextra.x
lib/linux/fbrt0.o
lib/linux/libbfd.a
lib/linux/libc.a
lib/linux/libcunit.a
lib/linux/libdl.a
lib/linux/libfb.a
lib/linux/libfbmt.a
lib/linux/libffi.a
lib/linux/libgcc.a
lib/linux/libgcc_eh.a
lib/linux/libgcov.a
lib/linux/libiberty.a
lib/linux/libm.a
lib/linux/libncurses.a
lib/linux/libpthread.a
lib/linux/libsupc++.a
lib/linux/libtinfo.a
readme.txt
