bin/linux/ar
bin/linux/as
bin/linux/gprof
bin/linux/ld
changelog.txt
doc/gpl.txt
doc/lgpl.txt
doc/libffi-license.txt
fbc
inc/bfd/bfd-216.bi
inc/bfd/bfd-217.bi
inc/bfd/bfd-218.bi
inc/bfd.bi
inc/crt/arpa/inet.bi
inc/crt.bi
inc/crt/bits/locale.bi
inc/crt/bits/pthreadtypes.bi
inc/crt/ctype.bi
inc/crt/dir.bi
inc/crt/errno.bi
inc/crt/fcntl.bi
inc/crt/io.bi
inc/crt/limits.bi
inc/crt/linux/ctype.bi
inc/crt/linux/fcntl.bi
inc/crt/linux/netdb.bi
inc/crt/linux/stdio.bi
inc/crt/linux/stdlib.bi
inc/crt/linux/time.bi
inc/crt/linux/unistd.bi
inc/crt/linux/wchar.bi
inc/crt/locale.bi
inc/crt/malloc.bi
inc/crt/math.bi
inc/crt/netdb.bi
inc/crt/netinet/in.bi
inc/crt/netinet/linux/in.bi
inc/crt/process.bi
inc/crt/setjmp.bi
inc/crt/stdarg.bi
inc/crt/stddef.bi
inc/crt/stdint.bi
inc/crt/stdio.bi
inc/crt/stdlib.bi
inc/crt/string.bi
inc/crt/sys/linux/select.bi
inc/crt/sys/linux/socket.bi
inc/crt/sys/linux/time.bi
inc/crt/sys/linux/types.bi
inc/crt/sys/select.bi
inc/crt/sys/socket.bi
inc/crt/sys/stat.bi
inc/crt/sys/time.bi
inc/crt/sys/types.bi
inc/crt/sys/uio.bi
inc/crt/time.bi
inc/crt/unistd.bi
inc/crt/wchar.bi
inc/CUnit/Automated.bi
inc/CUnit/Basic.bi
inc/CUnit/Console.bi
inc/CUnit/CUError.bi
inc/CUnit/CUnit.bi
inc/CUnit/MyMem.bi
inc/CUnit/TestDB.bi
inc/CUnit/TestRun.bi
inc/datetime.bi
inc/dir.bi
inc/fbgfx.bi
inc/file.bi
inc/string.bi
inc/utf_conv.bi
inc/vbcompat.bi
lib/linux/crt1.o
lib/linux/crtbegin.o
lib/linux/crtend.o
lib/linux/crti.o
lib/linux/crtn.o
lib/linux/fbextra.x
lib/linux/fbrt0.o
lib/linux/gcrt1.o
lib/linux/libbfd.a
lib/linux/libc.a
lib/linux/libcunit.a
lib/linux/libdl.a
lib/linux/libfb.a
lib/linux/libfbgfx.a
lib/linux/libfbmt.a
lib/linux/libffi.a
lib/linux/libgcc.a
lib/linux/libgcc_eh.a
lib/linux/libgcov.a
lib/linux/libiberty.a
lib/linux/libm.a
lib/linux/libncurses.a
lib/linux/libpthread.a
lib/linux/libsupc++.a
lib/linux/libtinfo.a
readme.txt
