bin/libexec/gcc/i686-pc-linux-gnu/4.7.3/cc1.exe
bin/libexec/gcc/i686-pc-linux-gnu/4.7.3/libgmp-10.dll
bin/libexec/gcc/i686-pc-linux-gnu/4.7.3/libmpc-3.dll
bin/libexec/gcc/i686-pc-linux-gnu/4.7.3/libmpfr-4.dll
bin/libexec/gcc/i686-pc-linux-gnu/4.7.3/zlib1.dll
bin/linux/ar.exe
bin/linux/as.exe
bin/linux/gcc.exe
bin/linux/ld.exe
doc/gpl.txt
doc/lgpl.txt
doc/licenses/aspell.txt
doc/licenses/big_int.txt
doc/licenses/bzip2.txt
doc/licenses/c-ares.txt
doc/licenses/cgi-util.txt
doc/licenses/cryptlib.txt
doc/licenses/CUnit.txt
doc/licenses/curl.txt
doc/licenses/DevIL.txt
doc/licenses/disphelper.html
doc/licenses/expat.txt
doc/licenses/flac.txt
doc/licenses/freeglut.txt
doc/licenses/FreeImage.txt
doc/licenses/freetype.txt
doc/licenses/GD.txt
doc/licenses/gdsl.txt
doc/licenses/giflib.txt
doc/licenses/glfw.txt
doc/licenses/gmp.txt
doc/licenses/gnutls-openssl.txt
doc/licenses/gnutls.txt
doc/licenses/grx.txt
doc/licenses/gsl.txt
doc/licenses/jasper.txt
doc/licenses/jpeglib.txt
doc/licenses/lcms.txt
doc/licenses/lcms2.txt
doc/licenses/libffi.txt
doc/licenses/libidn.txt
doc/licenses/libmetalink.txt
doc/licenses/libmng.txt
doc/licenses/libogg.txt
doc/licenses/liboggz.txt
doc/licenses/libpng.txt
doc/licenses/libtasn1.txt
doc/licenses/libtheora.txt
doc/licenses/libvorbis.txt
doc/licenses/libwebp.txt
doc/licenses/libxml2.txt
doc/licenses/libxslt.txt
doc/licenses/libzip.txt
doc/licenses/Lua.html
doc/licenses/LZO.txt
doc/licenses/mpc.txt
doc/licenses/mpfr.txt
doc/licenses/mxml.txt
doc/licenses/nettle.txt
doc/licenses/openal-soft.txt
doc/licenses/PCRE.txt
doc/licenses/PDCurses.txt
doc/licenses/pdflib.txt
doc/licenses/QuickLZ.txt
doc/licenses/SDL.txt
doc/licenses/SDL_image.txt
doc/licenses/SDL_net.txt
doc/licenses/SDL_ttf.txt
doc/licenses/sqlite3.txt
doc/licenses/tiff.txt
doc/licenses/TRE.txt
doc/licenses/xz.txt
doc/licenses/zlib.txt
inc/AL/al.bi
inc/AL/alc.bi
inc/AL/alext.bi
inc/AL/alut.bi
inc/AL/EFX-Util.bi
inc/AL/efx.bi
inc/aspell.bi
inc/big_int/basic_funcs.bi
inc/big_int/big_int.bi
inc/big_int/big_int_full.bi
inc/big_int/bitset_funcs.bi
inc/big_int/get_bit_length.bi
inc/big_int/low_level_funcs.bi
inc/big_int/memory_manager.bi
inc/big_int/modular_arithmetic.bi
inc/big_int/number_theory.bi
inc/big_int/service_funcs.bi
inc/big_int/str_funcs.bi
inc/big_int/str_types.bi
inc/bzlib.bi
inc/caca.bi
inc/caca0.bi
inc/cairo/cairo-gl.bi
inc/cairo/cairo-pdf.bi
inc/cairo/cairo-ps.bi
inc/cairo/cairo-svg.bi
inc/cairo/cairo-win32.bi
inc/cairo/cairo.bi
inc/crt.bi
inc/crt/arpa/inet.bi
inc/crt/bits/locale.bi
inc/crt/bits/pthreadtypes.bi
inc/crt/ctype.bi
inc/crt/dir.bi
inc/crt/errno.bi
inc/crt/fcntl.bi
inc/crt/io.bi
inc/crt/limits.bi
inc/crt/linux/ctype.bi
inc/crt/linux/fcntl.bi
inc/crt/linux/netdb.bi
inc/crt/linux/stdio.bi
inc/crt/linux/stdlib.bi
inc/crt/linux/time.bi
inc/crt/linux/unistd.bi
inc/crt/linux/wchar.bi
inc/crt/locale.bi
inc/crt/malloc.bi
inc/crt/math.bi
inc/crt/netdb.bi
inc/crt/netinet/in.bi
inc/crt/netinet/linux/in.bi
inc/crt/process.bi
inc/crt/setjmp.bi
inc/crt/stdarg.bi
inc/crt/stddef.bi
inc/crt/stdint.bi
inc/crt/stdio.bi
inc/crt/stdlib.bi
inc/crt/string.bi
inc/crt/sys/linux/select.bi
inc/crt/sys/linux/socket.bi
inc/crt/sys/linux/time.bi
inc/crt/sys/linux/types.bi
inc/crt/sys/select.bi
inc/crt/sys/socket.bi
inc/crt/sys/stat.bi
inc/crt/sys/time.bi
inc/crt/sys/types.bi
inc/crt/sys/uio.bi
inc/crt/time.bi
inc/crt/unistd.bi
inc/crt/wchar.bi
inc/cryptlib.bi
inc/CUnit/Automated.bi
inc/CUnit/Basic.bi
inc/CUnit/Console.bi
inc/CUnit/CUError.bi
inc/CUnit/CUnit.bi
inc/CUnit/MyMem.bi
inc/CUnit/TestDB.bi
inc/CUnit/TestRun.bi
inc/curl.bi
inc/curses.bi
inc/curses/ncurses.bi
inc/datetime.bi
inc/dir.bi
inc/expat.bi
inc/fbgfx.bi
inc/ffi.bi
inc/file.bi
inc/FreeImage.bi
inc/freetype2/config/ftconfig.bi
inc/freetype2/config/ftoption.bi
inc/freetype2/config/ftstdlib.bi
inc/freetype2/freetype.bi
inc/freetype2/fterrors.bi
inc/freetype2/ftimage.bi
inc/freetype2/ftmoderr.bi
inc/freetype2/ftsystem.bi
inc/freetype2/fttypes.bi
inc/gd.bi
inc/gdbm.bi
inc/gdsl/gdsl.bi
inc/gdsl/gdsl_2darray.bi
inc/gdsl/gdsl_bstree.bi
inc/gdsl/gdsl_hash.bi
inc/gdsl/gdsl_list.bi
inc/gdsl/gdsl_macros.bi
inc/gdsl/gdsl_perm.bi
inc/gdsl/gdsl_queue.bi
inc/gdsl/gdsl_rbtree.bi
inc/gdsl/gdsl_sort.bi
inc/gdsl/gdsl_stack.bi
inc/gdsl/gdsl_types.bi
inc/gdsl/_gdsl_bintree.bi
inc/gdsl/_gdsl_bstree.bi
inc/gdsl/_gdsl_list.bi
inc/gdsl/_gdsl_node.bi
inc/gettext-po.bi
inc/gif_lib.bi
inc/GL/freeglut.bi
inc/GL/freeglut_ext.bi
inc/GL/freeglut_std.bi
inc/GL/gl.bi
inc/GL/glext.bi
inc/GL/glfw.bi
inc/GL/glu.bi
inc/GL/glut.bi
inc/glib-object.bi
inc/glib.bi
inc/glibconfig.bi
inc/gmodule.bi
inc/gmp.bi
inc/grx/grx20.bi
inc/grx/grxkeys.bi
inc/gsl/gsl_blas.bi
inc/gsl/gsl_blas_types.bi
inc/gsl/gsl_block.bi
inc/gsl/gsl_block_char.bi
inc/gsl/gsl_block_complex.bi
inc/gsl/gsl_block_complex_double.bi
inc/gsl/gsl_block_complex_float.bi
inc/gsl/gsl_block_complex_long_double.bi
inc/gsl/gsl_block_double.bi
inc/gsl/gsl_block_float.bi
inc/gsl/gsl_block_int.bi
inc/gsl/gsl_block_long.bi
inc/gsl/gsl_block_long_double.bi
inc/gsl/gsl_block_short.bi
inc/gsl/gsl_block_uchar.bi
inc/gsl/gsl_block_uint.bi
inc/gsl/gsl_block_ulong.bi
inc/gsl/gsl_block_ushort.bi
inc/gsl/gsl_cblas.bi
inc/gsl/gsl_cdf.bi
inc/gsl/gsl_chebyshev.bi
inc/gsl/gsl_check_range.bi
inc/gsl/gsl_combination.bi
inc/gsl/gsl_complex.bi
inc/gsl/gsl_complex_math.bi
inc/gsl/gsl_const.bi
inc/gsl/gsl_const_cgs.bi
inc/gsl/gsl_const_cgsm.bi
inc/gsl/gsl_const_mks.bi
inc/gsl/gsl_const_mksa.bi
inc/gsl/gsl_const_num.bi
inc/gsl/gsl_deriv.bi
inc/gsl/gsl_dft_complex.bi
inc/gsl/gsl_dft_complex_float.bi
inc/gsl/gsl_dht.bi
inc/gsl/gsl_diff.bi
inc/gsl/gsl_eigen.bi
inc/gsl/gsl_errno.bi
inc/gsl/gsl_fft.bi
inc/gsl/gsl_fft_complex.bi
inc/gsl/gsl_fft_complex_float.bi
inc/gsl/gsl_fft_halfcomplex.bi
inc/gsl/gsl_fft_halfcomplex_float.bi
inc/gsl/gsl_fft_real.bi
inc/gsl/gsl_fft_real_float.bi
inc/gsl/gsl_fit.bi
inc/gsl/gsl_heapsort.bi
inc/gsl/gsl_histogram.bi
inc/gsl/gsl_histogram2d.bi
inc/gsl/gsl_ieee_utils.bi
inc/gsl/gsl_integration.bi
inc/gsl/gsl_interp.bi
inc/gsl/gsl_linalg.bi
inc/gsl/gsl_machine.bi
inc/gsl/gsl_math.bi
inc/gsl/gsl_matrix.bi
inc/gsl/gsl_matrix_char.bi
inc/gsl/gsl_matrix_complex_double.bi
inc/gsl/gsl_matrix_complex_float.bi
inc/gsl/gsl_matrix_complex_long_double.bi
inc/gsl/gsl_matrix_double.bi
inc/gsl/gsl_matrix_float.bi
inc/gsl/gsl_matrix_int.bi
inc/gsl/gsl_matrix_long.bi
inc/gsl/gsl_matrix_long_double.bi
inc/gsl/gsl_matrix_short.bi
inc/gsl/gsl_matrix_uchar.bi
inc/gsl/gsl_matrix_uint.bi
inc/gsl/gsl_matrix_ulong.bi
inc/gsl/gsl_matrix_ushort.bi
inc/gsl/gsl_message.bi
inc/gsl/gsl_min.bi
inc/gsl/gsl_mode.bi
inc/gsl/gsl_monte.bi
inc/gsl/gsl_monte_miser.bi
inc/gsl/gsl_monte_plain.bi
inc/gsl/gsl_monte_vegas.bi
inc/gsl/gsl_multifit.bi
inc/gsl/gsl_multifit_nlin.bi
inc/gsl/gsl_multimin.bi
inc/gsl/gsl_multiroots.bi
inc/gsl/gsl_nan.bi
inc/gsl/gsl_ntuple.bi
inc/gsl/gsl_odeiv.bi
inc/gsl/gsl_permutation.bi
inc/gsl/gsl_permute.bi
inc/gsl/gsl_permute_char.bi
inc/gsl/gsl_permute_complex_double.bi
inc/gsl/gsl_permute_complex_float.bi
inc/gsl/gsl_permute_complex_long_double.bi
inc/gsl/gsl_permute_double.bi
inc/gsl/gsl_permute_float.bi
inc/gsl/gsl_permute_int.bi
inc/gsl/gsl_permute_long.bi
inc/gsl/gsl_permute_long_double.bi
inc/gsl/gsl_permute_short.bi
inc/gsl/gsl_permute_uchar.bi
inc/gsl/gsl_permute_uint.bi
inc/gsl/gsl_permute_ulong.bi
inc/gsl/gsl_permute_ushort.bi
inc/gsl/gsl_permute_vector.bi
inc/gsl/gsl_permute_vector_char.bi
inc/gsl/gsl_permute_vector_complex_double.bi
inc/gsl/gsl_permute_vector_complex_float.bi
inc/gsl/gsl_permute_vector_complex_long_double.bi
inc/gsl/gsl_permute_vector_double.bi
inc/gsl/gsl_permute_vector_float.bi
inc/gsl/gsl_permute_vector_int.bi
inc/gsl/gsl_permute_vector_long.bi
inc/gsl/gsl_permute_vector_long_double.bi
inc/gsl/gsl_permute_vector_short.bi
inc/gsl/gsl_permute_vector_uchar.bi
inc/gsl/gsl_permute_vector_uint.bi
inc/gsl/gsl_permute_vector_ulong.bi
inc/gsl/gsl_permute_vector_ushort.bi
inc/gsl/gsl_poly.bi
inc/gsl/gsl_pow_int.bi
inc/gsl/gsl_precision.bi
inc/gsl/gsl_qrng.bi
inc/gsl/gsl_randist.bi
inc/gsl/gsl_rng.bi
inc/gsl/gsl_roots.bi
inc/gsl/gsl_sf.bi
inc/gsl/gsl_sf_airy.bi
inc/gsl/gsl_sf_bessel.bi
inc/gsl/gsl_sf_clausen.bi
inc/gsl/gsl_sf_coulomb.bi
inc/gsl/gsl_sf_coupling.bi
inc/gsl/gsl_sf_dawson.bi
inc/gsl/gsl_sf_debye.bi
inc/gsl/gsl_sf_dilog.bi
inc/gsl/gsl_sf_elementary.bi
inc/gsl/gsl_sf_ellint.bi
inc/gsl/gsl_sf_elljac.bi
inc/gsl/gsl_sf_erf.bi
inc/gsl/gsl_sf_exp.bi
inc/gsl/gsl_sf_expint.bi
inc/gsl/gsl_sf_fermi_dirac.bi
inc/gsl/gsl_sf_gamma.bi
inc/gsl/gsl_sf_gegenbauer.bi
inc/gsl/gsl_sf_hyperg.bi
inc/gsl/gsl_sf_laguerre.bi
inc/gsl/gsl_sf_lambert.bi
inc/gsl/gsl_sf_legendre.bi
inc/gsl/gsl_sf_log.bi
inc/gsl/gsl_sf_pow_int.bi
inc/gsl/gsl_sf_psi.bi
inc/gsl/gsl_sf_result.bi
inc/gsl/gsl_sf_synchrotron.bi
inc/gsl/gsl_sf_transport.bi
inc/gsl/gsl_sf_trig.bi
inc/gsl/gsl_sf_zeta.bi
inc/gsl/gsl_siman.bi
inc/gsl/gsl_sort.bi
inc/gsl/gsl_sort_char.bi
inc/gsl/gsl_sort_double.bi
inc/gsl/gsl_sort_float.bi
inc/gsl/gsl_sort_int.bi
inc/gsl/gsl_sort_long.bi
inc/gsl/gsl_sort_long_double.bi
inc/gsl/gsl_sort_short.bi
inc/gsl/gsl_sort_uchar.bi
inc/gsl/gsl_sort_uint.bi
inc/gsl/gsl_sort_ulong.bi
inc/gsl/gsl_sort_ushort.bi
inc/gsl/gsl_sort_vector.bi
inc/gsl/gsl_sort_vector_char.bi
inc/gsl/gsl_sort_vector_double.bi
inc/gsl/gsl_sort_vector_float.bi
inc/gsl/gsl_sort_vector_int.bi
inc/gsl/gsl_sort_vector_long.bi
inc/gsl/gsl_sort_vector_long_double.bi
inc/gsl/gsl_sort_vector_short.bi
inc/gsl/gsl_sort_vector_uchar.bi
inc/gsl/gsl_sort_vector_uint.bi
inc/gsl/gsl_sort_vector_ulong.bi
inc/gsl/gsl_sort_vector_ushort.bi
inc/gsl/gsl_specfunc.bi
inc/gsl/gsl_spline.bi
inc/gsl/gsl_statistics.bi
inc/gsl/gsl_statistics_char.bi
inc/gsl/gsl_statistics_double.bi
inc/gsl/gsl_statistics_float.bi
inc/gsl/gsl_statistics_int.bi
inc/gsl/gsl_statistics_long.bi
inc/gsl/gsl_statistics_long_double.bi
inc/gsl/gsl_statistics_short.bi
inc/gsl/gsl_statistics_uchar.bi
inc/gsl/gsl_statistics_uint.bi
inc/gsl/gsl_statistics_ulong.bi
inc/gsl/gsl_statistics_ushort.bi
inc/gsl/gsl_sum.bi
inc/gsl/gsl_sys.bi
inc/gsl/gsl_test.bi
inc/gsl/gsl_types.bi
inc/gsl/gsl_vector.bi
inc/gsl/gsl_vector_char.bi
inc/gsl/gsl_vector_complex.bi
inc/gsl/gsl_vector_complex_double.bi
inc/gsl/gsl_vector_complex_float.bi
inc/gsl/gsl_vector_complex_long_double.bi
inc/gsl/gsl_vector_double.bi
inc/gsl/gsl_vector_float.bi
inc/gsl/gsl_vector_int.bi
inc/gsl/gsl_vector_long.bi
inc/gsl/gsl_vector_long_double.bi
inc/gsl/gsl_vector_short.bi
inc/gsl/gsl_vector_uchar.bi
inc/gsl/gsl_vector_uint.bi
inc/gsl/gsl_vector_ulong.bi
inc/gsl/gsl_vector_ushort.bi
inc/gsl/gsl_version.bi
inc/gsl/gsl_wavelet.bi
inc/gsl/gsl_wavelet2d.bi
inc/gtk/gtk-2.24.bi
inc/gtk/gtk-3.4.bi
inc/gtk/gtk.bi
inc/IL/il.bi
inc/IL/ilu.bi
inc/jit.bi
inc/jit/jit-apply.bi
inc/jit/jit-arch.bi
inc/jit/jit-block.bi
inc/jit/jit-common.bi
inc/jit/jit-context.bi
inc/jit/jit-debugger.bi
inc/jit/jit-defs.bi
inc/jit/jit-dump.bi
inc/jit/jit-dynamic.bi
inc/jit/jit-elf.bi
inc/jit/jit-except.bi
inc/jit/jit-function.bi
inc/jit/jit-init.bi
inc/jit/jit-insn.bi
inc/jit/jit-intrinsic.bi
inc/jit/jit-meta.bi
inc/jit/jit-objmodel-private.bi
inc/jit/jit-objmodel.bi
inc/jit/jit-opcode.bi
inc/jit/jit-plus.bi
inc/jit/jit-type.bi
inc/jit/jit-util.bi
inc/jit/jit-value.bi
inc/jit/jit-walk.bi
inc/jpeglib.bi
inc/libintl.bi
inc/libxml/c14n.bi
inc/libxml/catalog.bi
inc/libxml/debugXML.bi
inc/libxml/dict.bi
inc/libxml/encoding.bi
inc/libxml/entities.bi
inc/libxml/globals.bi
inc/libxml/hash.bi
inc/libxml/HTMLparser.bi
inc/libxml/HTMLtree.bi
inc/libxml/list.bi
inc/libxml/nanoftp.bi
inc/libxml/nanohttp.bi
inc/libxml/parser.bi
inc/libxml/pattern.bi
inc/libxml/relaxng.bi
inc/libxml/SAX.bi
inc/libxml/SAX2.bi
inc/libxml/threads.bi
inc/libxml/tree.bi
inc/libxml/uri.bi
inc/libxml/valid.bi
inc/libxml/xinclude.bi
inc/libxml/xlink.bi
inc/libxml/xmlautomata.bi
inc/libxml/xmlerror.bi
inc/libxml/xmlexports.bi
inc/libxml/xmlIO.bi
inc/libxml/xmlmemory.bi
inc/libxml/xmlmodule.bi
inc/libxml/xmlreader.bi
inc/libxml/xmlregexp.bi
inc/libxml/xmlsave.bi
inc/libxml/xmlschemas.bi
inc/libxml/xmlstring.bi
inc/libxml/xmlunicode.bi
inc/libxml/xmlversion.bi
inc/libxml/xmlwriter.bi
inc/libxml/xpath.bi
inc/libxml/xpathInternals.bi
inc/libxml/xpointer.bi
inc/libxslt/attributes.bi
inc/libxslt/documents.bi
inc/libxslt/extensions.bi
inc/libxslt/extra.bi
inc/libxslt/functions.bi
inc/libxslt/imports.bi
inc/libxslt/keys.bi
inc/libxslt/libxslt.bi
inc/libxslt/namespaces.bi
inc/libxslt/numbersInternals.bi
inc/libxslt/pattern.bi
inc/libxslt/preproc.bi
inc/libxslt/security.bi
inc/libxslt/templates.bi
inc/libxslt/transform.bi
inc/libxslt/trio.bi
inc/libxslt/triodef.bi
inc/libxslt/variables.bi
inc/libxslt/xslt.bi
inc/libxslt/xsltconfig.bi
inc/libxslt/xsltexports.bi
inc/libxslt/xsltInternals.bi
inc/libxslt/xsltutils.bi
inc/Lua/lauxlib.bi
inc/Lua/lua.bi
inc/Lua/lualib.bi
inc/lzma.bi
inc/lzo/lzo1.bi
inc/lzo/lzo1a.bi
inc/lzo/lzo1b.bi
inc/lzo/lzo1c.bi
inc/lzo/lzo1f.bi
inc/lzo/lzo1x.bi
inc/lzo/lzo1y.bi
inc/lzo/lzo1z.bi
inc/lzo/lzoconf.bi
inc/lzo/lzodefs.bi
inc/mxml.bi
inc/ogg/ogg.bi
inc/pcre.bi
inc/pcre16.bi
inc/pcreposix.bi
inc/pdflib.bi
inc/png.bi
inc/quicklz.bi
inc/regex.bi
inc/SDL/begin_code.bi
inc/SDL/close_code.bi
inc/SDL/SDL.bi
inc/SDL/SDL_active.bi
inc/SDL/SDL_audio.bi
inc/SDL/SDL_byteorder.bi
inc/SDL/SDL_cdrom.bi
inc/SDL/SDL_cpuinfo.bi
inc/SDL/SDL_endian.bi
inc/SDL/SDL_error.bi
inc/SDL/SDL_events.bi
inc/SDL/SDL_getenv.bi
inc/SDL/SDL_gfx_framerate.bi
inc/SDL/SDL_gfx_imageFilter.bi
inc/SDL/SDL_gfx_primitives.bi
inc/SDL/SDL_gfx_rotozoom.bi
inc/SDL/SDL_image.bi
inc/SDL/SDL_joystick.bi
inc/SDL/SDL_keyboard.bi
inc/SDL/SDL_keysym.bi
inc/SDL/SDL_loadso.bi
inc/SDL/SDL_main.bi
inc/SDL/SDL_mixer.bi
inc/SDL/SDL_mouse.bi
inc/SDL/SDL_mutex.bi
inc/SDL/SDL_net.bi
inc/SDL/SDL_quit.bi
inc/SDL/SDL_rwops.bi
inc/SDL/SDL_syswm.bi
inc/SDL/SDL_thread.bi
inc/SDL/SDL_timer.bi
inc/SDL/SDL_ttf.bi
inc/SDL/SDL_types.bi
inc/SDL/SDL_version.bi
inc/SDL/SDL_video.bi
inc/sqlite3.bi
inc/sqlite3ext.bi
inc/string.bi
inc/tinyptc.bi
inc/utf_conv.bi
inc/uuid.bi
inc/vbcompat.bi
inc/vorbis/codec.bi
inc/vorbis/vorbisenc.bi
inc/vorbis/vorbisfile.bi
inc/X11/ap_keysym.bi
inc/X11/CallbackI.bi
inc/X11/Composite.bi
inc/X11/CompositeP.bi
inc/X11/ConstrainP.bi
inc/X11/Constraint.bi
inc/X11/ConvertI.bi
inc/X11/Core.bi
inc/X11/CoreP.bi
inc/X11/CreateI.bi
inc/X11/cursorfont.bi
inc/X11/DECkeysym.bi
inc/X11/EventI.bi
inc/X11/extensions/dpms.bi
inc/X11/extensions/extutil.bi
inc/X11/extensions/ge.bi
inc/X11/extensions/lbxbuf.bi
inc/X11/extensions/lbxbufstr.bi
inc/X11/extensions/lbximage.bi
inc/X11/extensions/lbxopts.bi
inc/X11/extensions/lbxzlib.bi
inc/X11/extensions/MITMisc.bi
inc/X11/extensions/multibuf.bi
inc/X11/extensions/panoramiXext.bi
inc/X11/extensions/randr.bi
inc/X11/extensions/render.bi
inc/X11/extensions/security.bi
inc/X11/extensions/shape.bi
inc/X11/extensions/sync.bi
inc/X11/extensions/Xag.bi
inc/X11/extensions/Xcup.bi
inc/X11/extensions/Xdbe.bi
inc/X11/extensions/Xdbeproto.bi
inc/X11/extensions/XEVI.bi
inc/X11/extensions/Xext.bi
inc/X11/extensions/Xfixes.bi
inc/X11/extensions/xfixeswire.bi
inc/X11/extensions/Xge.bi
inc/X11/extensions/XI.bi
inc/X11/extensions/Xinerama.bi
inc/X11/extensions/XInput.bi
inc/X11/extensions/XKB.bi
inc/X11/extensions/XKBgeom.bi
inc/X11/extensions/XKBsrv.bi
inc/X11/extensions/XKBstr.bi
inc/X11/extensions/XLbx.bi
inc/X11/extensions/Xrandr.bi
inc/X11/extensions/Xrender.bi
inc/X11/extensions/XShm.bi
inc/X11/extensions/XTest.bi
inc/X11/HookObjI.bi
inc/X11/HPkeysym.bi
inc/X11/ICE/ICE.bi
inc/X11/ICE/ICEconn.bi
inc/X11/ICE/ICElib.bi
inc/X11/ICE/ICEmsg.bi
inc/X11/ICE/ICEutil.bi
inc/X11/ImUtil.bi
inc/X11/InitialI.bi
inc/X11/Intrinsic.bi
inc/X11/IntrinsicI.bi
inc/X11/IntrinsicP.bi
inc/X11/keysym.bi
inc/X11/keysymdef.bi
inc/X11/Object.bi
inc/X11/ObjectP.bi
inc/X11/PassivGraI.bi
inc/X11/RectObj.bi
inc/X11/RectObjP.bi
inc/X11/ResConfigP.bi
inc/X11/ResourceI.bi
inc/X11/SelectionI.bi
inc/X11/Shell.bi
inc/X11/ShellI.bi
inc/X11/SM/SM.bi
inc/X11/SM/SMlib.bi
inc/X11/StringDefs.bi
inc/X11/Sunkeysym.bi
inc/X11/ThreadsI.bi
inc/X11/VarargsI.bi
inc/X11/Vendor.bi
inc/X11/VendorP.bi
inc/X11/X.bi
inc/X11/Xalloca.bi
inc/X11/Xarch.bi
inc/X11/Xatom.bi
inc/X11/Xauth.bi
inc/X11/Xcms.bi
inc/X11/Xcursor/Xcursor.bi
inc/X11/Xdefs.bi
inc/X11/Xdmcp.bi
inc/X11/XF86keysym.bi
inc/X11/Xft/Xft.bi
inc/X11/Xft/XftCompat.bi
inc/X11/Xfuncproto.bi
inc/X11/Xfuncs.bi
inc/X11/XKBlib.bi
inc/X11/Xlib.bi
inc/X11/XlibConf.bi
inc/X11/Xlibint.bi
inc/X11/Xlocale.bi
inc/X11/Xmd.bi
inc/X11/Xmu/Atoms.bi
inc/X11/Xmu/CharSet.bi
inc/X11/Xmu/CloseHook.bi
inc/X11/Xmu/Converters.bi
inc/X11/Xmu/CurUtil.bi
inc/X11/Xmu/CvtCache.bi
inc/X11/Xmu/DisplayQue.bi
inc/X11/Xmu/Drawing.bi
inc/X11/Xmu/Editres.bi
inc/X11/Xmu/EditresP.bi
inc/X11/Xmu/Error.bi
inc/X11/Xmu/ExtAgent.bi
inc/X11/Xmu/Initer.bi
inc/X11/Xmu/Lookup.bi
inc/X11/Xmu/Misc.bi
inc/X11/Xmu/StdCmap.bi
inc/X11/Xmu/StdSel.bi
inc/X11/Xmu/SysUtil.bi
inc/X11/Xmu/WidgetNode.bi
inc/X11/Xmu/WinUtil.bi
inc/X11/Xmu/Xct.bi
inc/X11/Xmu/Xmu.bi
inc/X11/Xos.bi
inc/X11/Xosdefs.bi
inc/X11/Xos_r.bi
inc/X11/xpm.bi
inc/X11/Xpoll.bi
inc/X11/Xregion.bi
inc/X11/Xresource.bi
inc/X11/Xthreads.bi
inc/X11/Xtos.bi
inc/X11/Xtrans/Xtrans.bi
inc/X11/Xtrans/Xtransint.bi
inc/X11/Xutil.bi
inc/X11/Xw32defs.bi
inc/X11/Xwindows.bi
inc/X11/Xwinsock.bi
inc/zip.bi
inc/zlib.bi
lib/linux/crt1.o
lib/linux/crtbegin.o
lib/linux/crtend.o
lib/linux/crti.o
lib/linux/crtn.o
lib/linux/fbextra.x
lib/linux/fbrt0.o
lib/linux/libasound.a
lib/linux/libaspell.a
lib/linux/libbig_int.a
lib/linux/libblkid.a
lib/linux/libbz2.a
lib/linux/libc.a
lib/linux/libcaca.a
lib/linux/libcairo-script-interpreter.a
lib/linux/libcairo.a
lib/linux/libcares.a
lib/linux/libcl.a
lib/linux/libcom_err.a
lib/linux/libcrypt.a
lib/linux/libcunit.a
lib/linux/libcurl.a
lib/linux/libcurses.a
lib/linux/libdl.a
lib/linux/libe2p.a
lib/linux/libelf.a
lib/linux/libexpat.a
lib/linux/libexslt.a
lib/linux/libext2fs.a
lib/linux/libfb.a
lib/linux/libfbgfx.a
lib/linux/libfbmt.a
lib/linux/libffi.a
lib/linux/libFLAC.a
lib/linux/libfontconfig.a
lib/linux/libform.a
lib/linux/libfreeimage.a
lib/linux/libfreetype.a
lib/linux/libgcc.a
lib/linux/libgcc_eh.a
lib/linux/libgcov.a
lib/linux/libgd.a
lib/linux/libgdbm.a
lib/linux/libgdsl.a
lib/linux/libgif.a
lib/linux/libgio-2.0.a
lib/linux/libGL.a
lib/linux/libglfw.a
lib/linux/libglib-2.0.a
lib/linux/libGLU.a
lib/linux/libglut.a
lib/linux/libgmodule-2.0.a
lib/linux/libgmp.a
lib/linux/libgnutls-openssl.a
lib/linux/libgnutls-xssl.a
lib/linux/libgnutls.a
lib/linux/libgnutlsxx.a
lib/linux/libgobject-2.0.a
lib/linux/libgomp.a
lib/linux/libgrx20.a
lib/linux/libgrx20X.a
lib/linux/libgsl.a
lib/linux/libgslcblas.a
lib/linux/libgthread-2.0.a
lib/linux/libhistory.a
lib/linux/libhogweed.a
lib/linux/libICE.a
lib/linux/libidn.a
lib/linux/libIL.a
lib/linux/libILU.a
lib/linux/libILUT.a
lib/linux/libitm.a
lib/linux/libjasper.a
lib/linux/libjit.a
lib/linux/libjitdynamic.a
lib/linux/libjitplus.a
lib/linux/libjpeg.a
lib/linux/liblcms.a
lib/linux/liblcms2.a
lib/linux/liblua.a
lib/linux/liblzma.a
lib/linux/liblzo2.a
lib/linux/libm.a
lib/linux/libmenu.a
lib/linux/libmetalink.a
lib/linux/libmng.a
lib/linux/libmpc.a
lib/linux/libmpfr.a
lib/linux/libmxml.a
lib/linux/libncurses.a
lib/linux/libnettle.a
lib/linux/libogg.a
lib/linux/liboggz.a
lib/linux/libopenal.a
lib/linux/libOSMesa.a
lib/linux/libpanel.a
lib/linux/libpciaccess.a
lib/linux/libpcre.a
lib/linux/libpcre16.a
lib/linux/libpcre32.a
lib/linux/libpcreposix.a
lib/linux/libpdf.a
lib/linux/libpixman-1.a
lib/linux/libpng.a
lib/linux/libpng15.a
lib/linux/libpspell.a
lib/linux/libpthread.a
lib/linux/libquadmath.a
lib/linux/libquicklz.a
lib/linux/libquota.a
lib/linux/libreadline.a
lib/linux/libresolv.a
lib/linux/librt.a
lib/linux/libSDL.a
lib/linux/libSDLmain.a
lib/linux/libSDL_image.a
lib/linux/libSDL_net.a
lib/linux/libSDL_ttf.a
lib/linux/libSM.a
lib/linux/libsqlite3.a
lib/linux/libss.a
lib/linux/libssp.a
lib/linux/libssp_nonshared.a
lib/linux/libstdc++.a
lib/linux/libsupc++.a
lib/linux/libtasn1.a
lib/linux/libtheora.a
lib/linux/libtheoradec.a
lib/linux/libtheoraenc.a
lib/linux/libtiff.a
lib/linux/libtiffxx.a
lib/linux/libtinfo.a
lib/linux/libtinyptc.a
lib/linux/libtinyxml2.a
lib/linux/libtre.a
lib/linux/libusb-1.0.a
lib/linux/libutil.a
lib/linux/libuuid.a
lib/linux/libvorbis.a
lib/linux/libvorbisenc.a
lib/linux/libvorbisfile.a
lib/linux/libwebp.a
lib/linux/libX11-xcb.a
lib/linux/libX11.a
lib/linux/libXau.a
lib/linux/libxcb-composite.a
lib/linux/libxcb-damage.a
lib/linux/libxcb-dpms.a
lib/linux/libxcb-dri2.a
lib/linux/libxcb-glx.a
lib/linux/libxcb-randr.a
lib/linux/libxcb-record.a
lib/linux/libxcb-render.a
lib/linux/libxcb-res.a
lib/linux/libxcb-screensaver.a
lib/linux/libxcb-shape.a
lib/linux/libxcb-shm.a
lib/linux/libxcb-sync.a
lib/linux/libxcb-xevie.a
lib/linux/libxcb-xf86dri.a
lib/linux/libxcb-xfixes.a
lib/linux/libxcb-xinerama.a
lib/linux/libxcb-xprint.a
lib/linux/libxcb-xtest.a
lib/linux/libxcb-xv.a
lib/linux/libxcb-xvmc.a
lib/linux/libxcb.a
lib/linux/libXdmcp.a
lib/linux/libXext.a
lib/linux/libXi.a
lib/linux/libxml2.a
lib/linux/libxnet.a
lib/linux/libXpm.a
lib/linux/libXrandr.a
lib/linux/libXrender.a
lib/linux/libxslt.a
lib/linux/libXt.a
lib/linux/libXv.a
lib/linux/libXxf86dga.a
lib/linux/libXxf86vm.a
lib/linux/libz.a
lib/linux/libzip.a
