bin/dos/ar.exe
bin/dos/as.exe
bin/dos/gcc.exe
bin/dos/ld.exe
bin/libexec/gcc/i586-pc-msdosdjgpp/4.7.3/cc1.exe
bin/libexec/gcc/i586-pc-msdosdjgpp/4.7.3/libgmp-10.dll
bin/libexec/gcc/i586-pc-msdosdjgpp/4.7.3/libmpc-3.dll
bin/libexec/gcc/i586-pc-msdosdjgpp/4.7.3/libmpfr-4.dll
bin/libexec/gcc/i586-pc-msdosdjgpp/4.7.3/zlib1.dll
doc/gpl.txt
doc/lgpl.txt
doc/licenses/aspell.txt
doc/licenses/big_int.txt
doc/licenses/bzip2.txt
doc/licenses/CUnit.txt
doc/licenses/DevIL.txt
doc/licenses/expat.txt
doc/licenses/GD.txt
doc/licenses/gdsl.txt
doc/licenses/giflib.txt
doc/licenses/gmp.txt
doc/licenses/grx.txt
doc/licenses/gsl.txt
doc/licenses/jasper.txt
doc/licenses/jpeglib.txt
doc/licenses/lcms.txt
doc/licenses/lcms2.txt
doc/licenses/libmng.txt
doc/licenses/libpng.txt
doc/licenses/libxml2.txt
doc/licenses/libxslt.txt
doc/licenses/libzip.txt
doc/licenses/Lua.html
doc/licenses/LZO.txt
doc/licenses/mxml.txt
doc/licenses/PCRE.txt
doc/licenses/PDCurses.txt
doc/licenses/QuickLZ.txt
doc/licenses/tiff.txt
doc/licenses/TRE.txt
doc/licenses/xz.txt
doc/licenses/zlib.txt
inc/allegro.bi
inc/allegro/3d.bi
inc/allegro/3dmaths.bi
inc/allegro/alcompat.bi
inc/allegro/algif.bi
inc/allegro/alpng.bi
inc/allegro/base.bi
inc/allegro/color.bi
inc/allegro/compiled.bi
inc/allegro/config.bi
inc/allegro/datafile.bi
inc/allegro/debug.bi
inc/allegro/digi.bi
inc/allegro/draw.bi
inc/allegro/file.bi
inc/allegro/fixed.bi
inc/allegro/fli.bi
inc/allegro/fmaths.bi
inc/allegro/gfx.bi
inc/allegro/gui.bi
inc/allegro/inline/3dmaths.bi
inc/allegro/inline/asm.bi
inc/allegro/inline/color.bi
inc/allegro/inline/draw.bi
inc/allegro/inline/file.bi
inc/allegro/inline/fmaths.bi
inc/allegro/inline/gfx.bi
inc/allegro/inline/gui.bi
inc/allegro/inline/matrix.bi
inc/allegro/inline/rle.bi
inc/allegro/inline/system.bi
inc/allegro/internal/alconfig.bi
inc/allegro/joystick.bi
inc/allegro/keyboard.bi
inc/allegro/matrix.bi
inc/allegro/midi.bi
inc/allegro/mouse.bi
inc/allegro/palette.bi
inc/allegro/platform/al386gcc.bi
inc/allegro/platform/aldjgpp.bi
inc/allegro/platform/aldos.bi
inc/allegro/platform/almngw32.bi
inc/allegro/platform/alplatf.bi
inc/allegro/platform/alucfg.bi
inc/allegro/platform/alunix.bi
inc/allegro/platform/alwin.bi
inc/allegro/quat.bi
inc/allegro/rle.bi
inc/allegro/sound.bi
inc/allegro/stream.bi
inc/allegro/system.bi
inc/allegro/text.bi
inc/allegro/timer.bi
inc/allegro/unicode.bi
inc/aspell.bi
inc/bfd.bi
inc/bfd/bfd-216.bi
inc/bfd/bfd-217.bi
inc/bfd/bfd-218.bi
inc/big_int/basic_funcs.bi
inc/big_int/big_int.bi
inc/big_int/big_int_full.bi
inc/big_int/bitset_funcs.bi
inc/big_int/get_bit_length.bi
inc/big_int/low_level_funcs.bi
inc/big_int/memory_manager.bi
inc/big_int/modular_arithmetic.bi
inc/big_int/number_theory.bi
inc/big_int/service_funcs.bi
inc/big_int/str_funcs.bi
inc/big_int/str_types.bi
inc/bzlib.bi
inc/caca.bi
inc/caca0.bi
inc/cgui.bi
inc/crt.bi
inc/crt/ctype.bi
inc/crt/dir.bi
inc/crt/dos/dir.bi
inc/crt/dos/fcntl.bi
inc/crt/dos/stdio.bi
inc/crt/dos/time.bi
inc/crt/dos/unistd.bi
inc/crt/dos/wchar.bi
inc/crt/errno.bi
inc/crt/fcntl.bi
inc/crt/io.bi
inc/crt/limits.bi
inc/crt/locale.bi
inc/crt/malloc.bi
inc/crt/math.bi
inc/crt/process.bi
inc/crt/setjmp.bi
inc/crt/stdarg.bi
inc/crt/stddef.bi
inc/crt/stdint.bi
inc/crt/stdio.bi
inc/crt/stdlib.bi
inc/crt/string.bi
inc/crt/sys/dos/time.bi
inc/crt/sys/dos/types.bi
inc/crt/sys/select.bi
inc/crt/sys/stat.bi
inc/crt/sys/time.bi
inc/crt/sys/types.bi
inc/crt/sys/uio.bi
inc/crt/time.bi
inc/crt/unistd.bi
inc/crt/wchar.bi
inc/cryptlib.bi
inc/CUnit/Automated.bi
inc/CUnit/Basic.bi
inc/CUnit/Console.bi
inc/CUnit/CUError.bi
inc/CUnit/CUnit.bi
inc/CUnit/MyMem.bi
inc/CUnit/TestDB.bi
inc/CUnit/TestRun.bi
inc/curl.bi
inc/curses.bi
inc/curses/pdcurses.bi
inc/datetime.bi
inc/dir.bi
inc/dislin.bi
inc/dos/ar.bi
inc/dos/bios.bi
inc/dos/conio.bi
inc/dos/dir.bi
inc/dos/dos.bi
inc/dos/dpmi.bi
inc/dos/go32.bi
inc/dos/inlines/pc.bi
inc/dos/pc.bi
inc/dos/sys/djtypes.bi
inc/dos/sys/exceptn.bi
inc/dos/sys/farptr.bi
inc/dos/sys/movedata.bi
inc/dos/sys/segments.bi
inc/dos/sys/version.bi
inc/expat.bi
inc/fbgfx.bi
inc/ffi.bi
inc/file.bi
inc/gd.bi
inc/gdbm.bi
inc/gdsl/gdsl.bi
inc/gdsl/gdsl_2darray.bi
inc/gdsl/gdsl_bstree.bi
inc/gdsl/gdsl_hash.bi
inc/gdsl/gdsl_list.bi
inc/gdsl/gdsl_macros.bi
inc/gdsl/gdsl_perm.bi
inc/gdsl/gdsl_queue.bi
inc/gdsl/gdsl_rbtree.bi
inc/gdsl/gdsl_sort.bi
inc/gdsl/gdsl_stack.bi
inc/gdsl/gdsl_types.bi
inc/gdsl/_gdsl_bintree.bi
inc/gdsl/_gdsl_bstree.bi
inc/gdsl/_gdsl_list.bi
inc/gdsl/_gdsl_node.bi
inc/gettext-po.bi
inc/gif_lib.bi
inc/gmp.bi
inc/grx/grx20.bi
inc/grx/grxkeys.bi
inc/gsl/gsl_blas.bi
inc/gsl/gsl_blas_types.bi
inc/gsl/gsl_block.bi
inc/gsl/gsl_block_char.bi
inc/gsl/gsl_block_complex.bi
inc/gsl/gsl_block_complex_double.bi
inc/gsl/gsl_block_complex_float.bi
inc/gsl/gsl_block_complex_long_double.bi
inc/gsl/gsl_block_double.bi
inc/gsl/gsl_block_float.bi
inc/gsl/gsl_block_int.bi
inc/gsl/gsl_block_long.bi
inc/gsl/gsl_block_long_double.bi
inc/gsl/gsl_block_short.bi
inc/gsl/gsl_block_uchar.bi
inc/gsl/gsl_block_uint.bi
inc/gsl/gsl_block_ulong.bi
inc/gsl/gsl_block_ushort.bi
inc/gsl/gsl_cblas.bi
inc/gsl/gsl_cdf.bi
inc/gsl/gsl_chebyshev.bi
inc/gsl/gsl_check_range.bi
inc/gsl/gsl_combination.bi
inc/gsl/gsl_complex.bi
inc/gsl/gsl_complex_math.bi
inc/gsl/gsl_const.bi
inc/gsl/gsl_const_cgs.bi
inc/gsl/gsl_const_cgsm.bi
inc/gsl/gsl_const_mks.bi
inc/gsl/gsl_const_mksa.bi
inc/gsl/gsl_const_num.bi
inc/gsl/gsl_deriv.bi
inc/gsl/gsl_dft_complex.bi
inc/gsl/gsl_dft_complex_float.bi
inc/gsl/gsl_dht.bi
inc/gsl/gsl_diff.bi
inc/gsl/gsl_eigen.bi
inc/gsl/gsl_errno.bi
inc/gsl/gsl_fft.bi
inc/gsl/gsl_fft_complex.bi
inc/gsl/gsl_fft_complex_float.bi
inc/gsl/gsl_fft_halfcomplex.bi
inc/gsl/gsl_fft_halfcomplex_float.bi
inc/gsl/gsl_fft_real.bi
inc/gsl/gsl_fft_real_float.bi
inc/gsl/gsl_fit.bi
inc/gsl/gsl_heapsort.bi
inc/gsl/gsl_histogram.bi
inc/gsl/gsl_histogram2d.bi
inc/gsl/gsl_ieee_utils.bi
inc/gsl/gsl_integration.bi
inc/gsl/gsl_interp.bi
inc/gsl/gsl_linalg.bi
inc/gsl/gsl_machine.bi
inc/gsl/gsl_math.bi
inc/gsl/gsl_matrix.bi
inc/gsl/gsl_matrix_char.bi
inc/gsl/gsl_matrix_complex_double.bi
inc/gsl/gsl_matrix_complex_float.bi
inc/gsl/gsl_matrix_complex_long_double.bi
inc/gsl/gsl_matrix_double.bi
inc/gsl/gsl_matrix_float.bi
inc/gsl/gsl_matrix_int.bi
inc/gsl/gsl_matrix_long.bi
inc/gsl/gsl_matrix_long_double.bi
inc/gsl/gsl_matrix_short.bi
inc/gsl/gsl_matrix_uchar.bi
inc/gsl/gsl_matrix_uint.bi
inc/gsl/gsl_matrix_ulong.bi
inc/gsl/gsl_matrix_ushort.bi
inc/gsl/gsl_message.bi
inc/gsl/gsl_min.bi
inc/gsl/gsl_mode.bi
inc/gsl/gsl_monte.bi
inc/gsl/gsl_monte_miser.bi
inc/gsl/gsl_monte_plain.bi
inc/gsl/gsl_monte_vegas.bi
inc/gsl/gsl_multifit.bi
inc/gsl/gsl_multifit_nlin.bi
inc/gsl/gsl_multimin.bi
inc/gsl/gsl_multiroots.bi
inc/gsl/gsl_nan.bi
inc/gsl/gsl_ntuple.bi
inc/gsl/gsl_odeiv.bi
inc/gsl/gsl_permutation.bi
inc/gsl/gsl_permute.bi
inc/gsl/gsl_permute_char.bi
inc/gsl/gsl_permute_complex_double.bi
inc/gsl/gsl_permute_complex_float.bi
inc/gsl/gsl_permute_complex_long_double.bi
inc/gsl/gsl_permute_double.bi
inc/gsl/gsl_permute_float.bi
inc/gsl/gsl_permute_int.bi
inc/gsl/gsl_permute_long.bi
inc/gsl/gsl_permute_long_double.bi
inc/gsl/gsl_permute_short.bi
inc/gsl/gsl_permute_uchar.bi
inc/gsl/gsl_permute_uint.bi
inc/gsl/gsl_permute_ulong.bi
inc/gsl/gsl_permute_ushort.bi
inc/gsl/gsl_permute_vector.bi
inc/gsl/gsl_permute_vector_char.bi
inc/gsl/gsl_permute_vector_complex_double.bi
inc/gsl/gsl_permute_vector_complex_float.bi
inc/gsl/gsl_permute_vector_complex_long_double.bi
inc/gsl/gsl_permute_vector_double.bi
inc/gsl/gsl_permute_vector_float.bi
inc/gsl/gsl_permute_vector_int.bi
inc/gsl/gsl_permute_vector_long.bi
inc/gsl/gsl_permute_vector_long_double.bi
inc/gsl/gsl_permute_vector_short.bi
inc/gsl/gsl_permute_vector_uchar.bi
inc/gsl/gsl_permute_vector_uint.bi
inc/gsl/gsl_permute_vector_ulong.bi
inc/gsl/gsl_permute_vector_ushort.bi
inc/gsl/gsl_poly.bi
inc/gsl/gsl_pow_int.bi
inc/gsl/gsl_precision.bi
inc/gsl/gsl_qrng.bi
inc/gsl/gsl_randist.bi
inc/gsl/gsl_rng.bi
inc/gsl/gsl_roots.bi
inc/gsl/gsl_sf.bi
inc/gsl/gsl_sf_airy.bi
inc/gsl/gsl_sf_bessel.bi
inc/gsl/gsl_sf_clausen.bi
inc/gsl/gsl_sf_coulomb.bi
inc/gsl/gsl_sf_coupling.bi
inc/gsl/gsl_sf_dawson.bi
inc/gsl/gsl_sf_debye.bi
inc/gsl/gsl_sf_dilog.bi
inc/gsl/gsl_sf_elementary.bi
inc/gsl/gsl_sf_ellint.bi
inc/gsl/gsl_sf_elljac.bi
inc/gsl/gsl_sf_erf.bi
inc/gsl/gsl_sf_exp.bi
inc/gsl/gsl_sf_expint.bi
inc/gsl/gsl_sf_fermi_dirac.bi
inc/gsl/gsl_sf_gamma.bi
inc/gsl/gsl_sf_gegenbauer.bi
inc/gsl/gsl_sf_hyperg.bi
inc/gsl/gsl_sf_laguerre.bi
inc/gsl/gsl_sf_lambert.bi
inc/gsl/gsl_sf_legendre.bi
inc/gsl/gsl_sf_log.bi
inc/gsl/gsl_sf_pow_int.bi
inc/gsl/gsl_sf_psi.bi
inc/gsl/gsl_sf_result.bi
inc/gsl/gsl_sf_synchrotron.bi
inc/gsl/gsl_sf_transport.bi
inc/gsl/gsl_sf_trig.bi
inc/gsl/gsl_sf_zeta.bi
inc/gsl/gsl_siman.bi
inc/gsl/gsl_sort.bi
inc/gsl/gsl_sort_char.bi
inc/gsl/gsl_sort_double.bi
inc/gsl/gsl_sort_float.bi
inc/gsl/gsl_sort_int.bi
inc/gsl/gsl_sort_long.bi
inc/gsl/gsl_sort_long_double.bi
inc/gsl/gsl_sort_short.bi
inc/gsl/gsl_sort_uchar.bi
inc/gsl/gsl_sort_uint.bi
inc/gsl/gsl_sort_ulong.bi
inc/gsl/gsl_sort_ushort.bi
inc/gsl/gsl_sort_vector.bi
inc/gsl/gsl_sort_vector_char.bi
inc/gsl/gsl_sort_vector_double.bi
inc/gsl/gsl_sort_vector_float.bi
inc/gsl/gsl_sort_vector_int.bi
inc/gsl/gsl_sort_vector_long.bi
inc/gsl/gsl_sort_vector_long_double.bi
inc/gsl/gsl_sort_vector_short.bi
inc/gsl/gsl_sort_vector_uchar.bi
inc/gsl/gsl_sort_vector_uint.bi
inc/gsl/gsl_sort_vector_ulong.bi
inc/gsl/gsl_sort_vector_ushort.bi
inc/gsl/gsl_specfunc.bi
inc/gsl/gsl_spline.bi
inc/gsl/gsl_statistics.bi
inc/gsl/gsl_statistics_char.bi
inc/gsl/gsl_statistics_double.bi
inc/gsl/gsl_statistics_float.bi
inc/gsl/gsl_statistics_int.bi
inc/gsl/gsl_statistics_long.bi
inc/gsl/gsl_statistics_long_double.bi
inc/gsl/gsl_statistics_short.bi
inc/gsl/gsl_statistics_uchar.bi
inc/gsl/gsl_statistics_uint.bi
inc/gsl/gsl_statistics_ulong.bi
inc/gsl/gsl_statistics_ushort.bi
inc/gsl/gsl_sum.bi
inc/gsl/gsl_sys.bi
inc/gsl/gsl_test.bi
inc/gsl/gsl_types.bi
inc/gsl/gsl_vector.bi
inc/gsl/gsl_vector_char.bi
inc/gsl/gsl_vector_complex.bi
inc/gsl/gsl_vector_complex_double.bi
inc/gsl/gsl_vector_complex_float.bi
inc/gsl/gsl_vector_complex_long_double.bi
inc/gsl/gsl_vector_double.bi
inc/gsl/gsl_vector_float.bi
inc/gsl/gsl_vector_int.bi
inc/gsl/gsl_vector_long.bi
inc/gsl/gsl_vector_long_double.bi
inc/gsl/gsl_vector_short.bi
inc/gsl/gsl_vector_uchar.bi
inc/gsl/gsl_vector_uint.bi
inc/gsl/gsl_vector_ulong.bi
inc/gsl/gsl_vector_ushort.bi
inc/gsl/gsl_version.bi
inc/gsl/gsl_wavelet.bi
inc/gsl/gsl_wavelet2d.bi
inc/IL/il.bi
inc/IL/ilu.bi
inc/jit.bi
inc/jit/jit-apply.bi
inc/jit/jit-arch.bi
inc/jit/jit-block.bi
inc/jit/jit-common.bi
inc/jit/jit-context.bi
inc/jit/jit-debugger.bi
inc/jit/jit-defs.bi
inc/jit/jit-dump.bi
inc/jit/jit-dynamic.bi
inc/jit/jit-elf.bi
inc/jit/jit-except.bi
inc/jit/jit-function.bi
inc/jit/jit-init.bi
inc/jit/jit-insn.bi
inc/jit/jit-intrinsic.bi
inc/jit/jit-meta.bi
inc/jit/jit-objmodel-private.bi
inc/jit/jit-objmodel.bi
inc/jit/jit-opcode.bi
inc/jit/jit-plus.bi
inc/jit/jit-type.bi
inc/jit/jit-util.bi
inc/jit/jit-value.bi
inc/jit/jit-walk.bi
inc/jpeglib.bi
inc/jpgalleg.bi
inc/libintl.bi
inc/libxml/c14n.bi
inc/libxml/catalog.bi
inc/libxml/debugXML.bi
inc/libxml/dict.bi
inc/libxml/encoding.bi
inc/libxml/entities.bi
inc/libxml/globals.bi
inc/libxml/hash.bi
inc/libxml/HTMLparser.bi
inc/libxml/HTMLtree.bi
inc/libxml/list.bi
inc/libxml/nanoftp.bi
inc/libxml/nanohttp.bi
inc/libxml/parser.bi
inc/libxml/pattern.bi
inc/libxml/relaxng.bi
inc/libxml/SAX.bi
inc/libxml/SAX2.bi
inc/libxml/threads.bi
inc/libxml/tree.bi
inc/libxml/uri.bi
inc/libxml/valid.bi
inc/libxml/xinclude.bi
inc/libxml/xlink.bi
inc/libxml/xmlautomata.bi
inc/libxml/xmlerror.bi
inc/libxml/xmlexports.bi
inc/libxml/xmlIO.bi
inc/libxml/xmlmemory.bi
inc/libxml/xmlmodule.bi
inc/libxml/xmlreader.bi
inc/libxml/xmlregexp.bi
inc/libxml/xmlsave.bi
inc/libxml/xmlschemas.bi
inc/libxml/xmlstring.bi
inc/libxml/xmlunicode.bi
inc/libxml/xmlversion.bi
inc/libxml/xmlwriter.bi
inc/libxml/xpath.bi
inc/libxml/xpathInternals.bi
inc/libxml/xpointer.bi
inc/libxslt/attributes.bi
inc/libxslt/documents.bi
inc/libxslt/extensions.bi
inc/libxslt/extra.bi
inc/libxslt/functions.bi
inc/libxslt/imports.bi
inc/libxslt/keys.bi
inc/libxslt/libxslt.bi
inc/libxslt/namespaces.bi
inc/libxslt/numbersInternals.bi
inc/libxslt/pattern.bi
inc/libxslt/preproc.bi
inc/libxslt/security.bi
inc/libxslt/templates.bi
inc/libxslt/transform.bi
inc/libxslt/trio.bi
inc/libxslt/triodef.bi
inc/libxslt/variables.bi
inc/libxslt/xslt.bi
inc/libxslt/xsltconfig.bi
inc/libxslt/xsltexports.bi
inc/libxslt/xsltInternals.bi
inc/libxslt/xsltutils.bi
inc/Lua/lauxlib.bi
inc/Lua/lua.bi
inc/Lua/lualib.bi
inc/lzma.bi
inc/lzo/lzo1.bi
inc/lzo/lzo1a.bi
inc/lzo/lzo1b.bi
inc/lzo/lzo1c.bi
inc/lzo/lzo1f.bi
inc/lzo/lzo1x.bi
inc/lzo/lzo1y.bi
inc/lzo/lzo1z.bi
inc/lzo/lzoconf.bi
inc/lzo/lzodefs.bi
inc/mxml.bi
inc/pcre.bi
inc/pcre16.bi
inc/pcreposix.bi
inc/png.bi
inc/quicklz.bi
inc/regex.bi
inc/sqlite2.bi
inc/sqlite3.bi
inc/sqlite3ext.bi
inc/string.bi
inc/tinyptc.bi
inc/utf_conv.bi
inc/vbcompat.bi
inc/zip.bi
inc/zlib.bi
lib/dos/crt0.o
lib/dos/fbrt0.o
lib/dos/gcrt0.o
lib/dos/i386go32.x
lib/dos/libaspell.a
lib/dos/libbig_int.a
lib/dos/libbz2.a
lib/dos/libc.a
lib/dos/libcunit.a
lib/dos/libdbg.a
lib/dos/libemu.a
lib/dos/libexpat.a
lib/dos/libexslt.a
lib/dos/libfb.a
lib/dos/libfbgfx.a
lib/dos/libg.a
lib/dos/libgcc.a
lib/dos/libgd.a
lib/dos/libgdsl.a
lib/dos/libgif.a
lib/dos/libgmp.a
lib/dos/libgrx20.a
lib/dos/libgsl.a
lib/dos/libgslcblas.a
lib/dos/libIL.a
lib/dos/libILU.a
lib/dos/libILUT.a
lib/dos/libintl.a
lib/dos/libjasper.a
lib/dos/libjpeg.a
lib/dos/liblcms.a
lib/dos/liblcms2.a
lib/dos/liblua.a
lib/dos/liblzma.a
lib/dos/liblzo2.a
lib/dos/libm.a
lib/dos/libmng.a
lib/dos/libmp.a
lib/dos/libmxml.a
lib/dos/libpc.a
lib/dos/libpcre.a
lib/dos/libpcre16.a
lib/dos/libpcre32.a
lib/dos/libpcreposix.a
lib/dos/libpdcurses.a
lib/dos/libpng.a
lib/dos/libpspell.a
lib/dos/libquicklz.a
lib/dos/libstdcx.a
lib/dos/libsupcx.a
lib/dos/libtiff.a
lib/dos/libtiffxx.a
lib/dos/libtinyptc.a
lib/dos/libtre.a
lib/dos/libtz.a
lib/dos/libxml2.a
lib/dos/libxslt.a
lib/dos/liby.a
lib/dos/libz.a
lib/dos/libzip.a
