docs/fbc.1
docs/gpl.txt
docs/lgpl.txt
src/compiler/AUTHORS
src/compiler/COPYING
src/compiler/ChangeLog
src/compiler/INSTALL
src/compiler/Makefile.in
src/compiler/NEWS
src/compiler/README
src/compiler/TODO.txt
src/compiler/ast-gosub.bas
src/compiler/ast-helper.bas
src/compiler/ast-misc.bas
src/compiler/ast-node-addr.bas
src/compiler/ast-node-arg.bas
src/compiler/ast-node-assign.bas
src/compiler/ast-node-bop.bas
src/compiler/ast-node-branch.bas
src/compiler/ast-node-call.bas
src/compiler/ast-node-check.bas
src/compiler/ast-node-const.bas
src/compiler/ast-node-conv.bas
src/compiler/ast-node-data.bas
src/compiler/ast-node-decl.bas
src/compiler/ast-node-enum.bas
src/compiler/ast-node-field.bas
src/compiler/ast-node-idx.bas
src/compiler/ast-node-iif.bas
src/compiler/ast-node-link.bas
src/compiler/ast-node-load.bas
src/compiler/ast-node-mem.bas
src/compiler/ast-node-misc.bas
src/compiler/ast-node-namespace.bas
src/compiler/ast-node-proc.bas
src/compiler/ast-node-ptr.bas
src/compiler/ast-node-scope.bas
src/compiler/ast-node-stack.bas
src/compiler/ast-node-typeini.bas
src/compiler/ast-node-uop.bas
src/compiler/ast-node-var.bas
src/compiler/ast-optimize.bas
src/compiler/ast.bas
src/compiler/c-objinfo.c
src/compiler/clist.bas
src/compiler/configure
src/compiler/configure.ac
src/compiler/dstr.bas
src/compiler/edbg_stab.bas
src/compiler/emit.bas
src/compiler/emit_x86.bas
src/compiler/error.bas
src/compiler/fb-main.bas
src/compiler/fb-objinfo.bas
src/compiler/fb.bas
src/compiler/fbc.bas
src/compiler/fbc_cyg.bas
src/compiler/fbc_darwin.bas
src/compiler/fbc_dos.bas
src/compiler/fbc_freebsd.bas
src/compiler/fbc_linux.bas
src/compiler/fbc_netbsd.bas
src/compiler/fbc_openbsd.bas
src/compiler/fbc_win32.bas
src/compiler/fbc_xbox.bas
src/compiler/flist.bas
src/compiler/hash.bas
src/compiler/hlp-str.bas
src/compiler/hlp.bas
src/compiler/inc/ast-op.bi
src/compiler/inc/ast.bi
src/compiler/inc/clist.bi
src/compiler/inc/dag.bi
src/compiler/inc/dstr.bi
src/compiler/inc/emit.bi
src/compiler/inc/emitdbg.bi
src/compiler/inc/error.bi
src/compiler/inc/fb-bfd-bridge.bi
src/compiler/inc/fb-obj.bi
src/compiler/inc/fb.bi
src/compiler/inc/fbc.bi
src/compiler/inc/fbint.bi
src/compiler/inc/flist.bi
src/compiler/inc/hash.bi
src/compiler/inc/hlp-str.bi
src/compiler/inc/hlp.bi
src/compiler/inc/ir.bi
src/compiler/inc/lex.bi
src/compiler/inc/list.bi
src/compiler/inc/parser.bi
src/compiler/inc/pool.bi
src/compiler/inc/pp.bi
src/compiler/inc/reg.bi
src/compiler/inc/rtl.bi
src/compiler/inc/stabs.bi
src/compiler/inc/stack.bi
src/compiler/inc/symb.bi
src/compiler/ir-hlc.bas
src/compiler/ir-tac.bas
src/compiler/ir.bas
src/compiler/lex-utf.bas
src/compiler/lex.bas
src/compiler/list.bas
src/compiler/obj/cygwin/deleteme.txt
src/compiler/obj/dos/Makefile
src/compiler/obj/dos/config.status
src/compiler/obj/dos/deleteme.txt
src/compiler/obj/freebsd/deleteme.txt
src/compiler/obj/linux/deleteme.txt
src/compiler/obj/netbsd/deleteme.txt
src/compiler/obj/openbsd/deleteme.txt
src/compiler/obj/win32/Makefile
src/compiler/obj/win32/config.status
src/compiler/obj/win32/deleteme.txt
src/compiler/parser-assignment.bas
src/compiler/parser-comment.bas
src/compiler/parser-compound-do.bas
src/compiler/parser-compound-extern.bas
src/compiler/parser-compound-for.bas
src/compiler/parser-compound-if.bas
src/compiler/parser-compound-namespace.bas
src/compiler/parser-compound-scope.bas
src/compiler/parser-compound-select-const.bas
src/compiler/parser-compound-select.bas
src/compiler/parser-compound-while.bas
src/compiler/parser-compound-with.bas
src/compiler/parser-compound.bas
src/compiler/parser-decl-const.bas
src/compiler/parser-decl-def.bas
src/compiler/parser-decl-enum.bas
src/compiler/parser-decl-option.bas
src/compiler/parser-decl-proc-params.bas
src/compiler/parser-decl-proc.bas
src/compiler/parser-decl-struct.bas
src/compiler/parser-decl-symb-init.bas
src/compiler/parser-decl-symbtype.bas
src/compiler/parser-decl-typedef.bas
src/compiler/parser-decl-var.bas
src/compiler/parser-decl.bas
src/compiler/parser-expr-atom.bas
src/compiler/parser-expr-binary.bas
src/compiler/parser-expr-constant.bas
src/compiler/parser-expr-function.bas
src/compiler/parser-expr-unary.bas
src/compiler/parser-expr-variable.bas
src/compiler/parser-identifier.bas
src/compiler/parser-inlineasm.bas
src/compiler/parser-label.bas
src/compiler/parser-proc.bas
src/compiler/parser-proccall-args.bas
src/compiler/parser-proccall.bas
src/compiler/parser-quirk-array.bas
src/compiler/parser-quirk-casting.bas
src/compiler/parser-quirk-console.bas
src/compiler/parser-quirk-data.bas
src/compiler/parser-quirk-error.bas
src/compiler/parser-quirk-file.bas
src/compiler/parser-quirk-gfx.bas
src/compiler/parser-quirk-goto-return.bas
src/compiler/parser-quirk-iif.bas
src/compiler/parser-quirk-math.bas
src/compiler/parser-quirk-mem.bas
src/compiler/parser-quirk-on.bas
src/compiler/parser-quirk-peekpoke.bas
src/compiler/parser-quirk-string.bas
src/compiler/parser-quirk-vafirst.bas
src/compiler/parser-quirk.bas
src/compiler/parser-statement.bas
src/compiler/parser-toplevel.bas
src/compiler/pool.bas
src/compiler/pp-cond.bas
src/compiler/pp-define.bas
src/compiler/pp-pragma.bas
src/compiler/pp.bas
src/compiler/reg.bas
src/compiler/rtl-array.bas
src/compiler/rtl-console.bas
src/compiler/rtl-data.bas
src/compiler/rtl-error.bas
src/compiler/rtl-file.bas
src/compiler/rtl-gfx.bas
src/compiler/rtl-gosub.bas
src/compiler/rtl-macro.bas
src/compiler/rtl-math.bas
src/compiler/rtl-mem.bas
src/compiler/rtl-print.bas
src/compiler/rtl-profile.bas
src/compiler/rtl-string.bas
src/compiler/rtl-system.bas
src/compiler/rtl.bas
src/compiler/stack.bas
src/compiler/symb-bitfield.bas
src/compiler/symb-comp.bas
src/compiler/symb-const.bas
src/compiler/symb-data.bas
src/compiler/symb-define.bas
src/compiler/symb-enum.bas
src/compiler/symb-keyword.bas
src/compiler/symb-label.bas
src/compiler/symb-lib.bas
src/compiler/symb-mangling.bas
src/compiler/symb-namespace.bas
src/compiler/symb-proc.bas
src/compiler/symb-scope.bas
src/compiler/symb-struct.bas
src/compiler/symb-typedef.bas
src/compiler/symb-var.bas
src/compiler/symb.bas
src/config/config.guess
src/config/config.sub
src/config/depcomp
src/config/install-sh
src/config/missing
