changelog.txt
fbc.exe
migrating.txt
readme.txt
bin/dos/ar.exe
bin/dos/as.exe
bin/dos/gdb.exe
bin/dos/gprof.exe
bin/dos/i386go32.x
bin/dos/ld.exe
docs/fbc.1
docs/gpl.txt
docs/lgpl.txt
examples/Allegro/dialog.bas
examples/Allegro/hello.bas
examples/Allegro/mouse.bas
examples/Allegro/stars.bas
examples/Allegro/timer.bas
examples/CGUI/hello.bas
examples/Curl/CHttp/CHttp.bas
examples/Curl/CHttp/CHttp.bi
examples/Curl/CHttp/CHttpForm.bas
examples/Curl/CHttp/CHttpForm.bi
examples/Curl/CHttp/CHttpStream.bas
examples/Curl/CHttp/CHttpStream.bi
examples/Curl/CHttp/test.bas
examples/Curl/http_get.bas
examples/DB/mysql_test.bas
examples/DB/postgresql_test.bas
examples/DB/sqlite2_test.bas
examples/DB/sqlite2_test.db
examples/DB/sqlite3_test.bas
examples/DB/sqlite3_test.db
examples/DOS/isr_timer.bas
examples/DOS/modex.bas
examples/DOS/mouse.bas
examples/DOS/textbuff.bas
examples/DOS/vga13h.bas
examples/GMP/power.bas
examples/GSL/matrix_test.bas
examples/IUP/buttons.bas
examples/IUP/color.bas
examples/IUP/frame.bas
examples/IUP/message.bas
examples/Lua/minmax.bas
examples/Lua/minmax.lua
examples/SDL/cdrom.bas
examples/SDL/data/Vera.ttf
examples/SDL/data/basic.gif
examples/SDL/data/free.jpg
examples/SDL/data/horse.tga
examples/SDL/data/music.ogg
examples/SDL/data/phaser.wav
examples/SDL/events.bas
examples/SDL/gfx_line.bas
examples/SDL/image_test1.bas
examples/SDL/image_test2.bas
examples/SDL/keymouse.bas
examples/SDL/mouse.bas
examples/SDL/music_test1.bas
examples/SDL/music_test2.bas
examples/SDL/net_httpget.bas
examples/SDL/opengl.bas
examples/SDL/pixel.bas
examples/SDL/timer.bas
examples/SDL/ttf.bas
examples/SDL/video_info.bas
examples/allocate.bas
examples/arrayfield.bas
examples/asc_chr.bas
examples/big_int/perftest.bas
examples/big_int/power.bas
examples/bitfields.bas
examples/bytestring.bas
examples/byvaludt.bas
examples/caca/cacaball.bas
examples/caca/cacaplas.bas
examples/cairo/clock.bas
examples/chain1.bas
examples/chain2.bas
examples/classes/iterator.bas
examples/classes/iterator2.bas
examples/classes/property-indexed.bas
examples/classes/property.bas
examples/command.bas
examples/compress/zlib_test.bas
examples/conmouse.bas
examples/constructor.bas
examples/cryptlib/hash.bas
examples/curses/colors.bas
examples/deprecated/onerror.bas
examples/escapechars.bas
examples/events/timer/test.bas
examples/events/timer/timer.bas
examples/events/timer/timer.bi
examples/export/export.bas
examples/export/import.bas
examples/file/filearray.bas
examples/file/filebin.bas
examples/file/fileinput.bas
examples/file/filepipe.bas
examples/file/filerand.bas
examples/file/filerec.bas
examples/file/filetext.bas
examples/freetype/ft2_print.bas
examples/freetype/ft2_test.bas
examples/func_deref.bas
examples/funcptr.bas
examples/gfx/fbgfx_depth.bas
examples/gfx/fbgfx_events.bas
examples/gfx/fbgfx_flame.bas
examples/gfx/fbgfx_getput.bas
examples/gfx/fbgfx_input.bas
examples/gfx/fbgfx_test.bas
examples/gfx/fblogo.bmp
examples/gfx/freeimage.bas
examples/gfx/gd_test.bas
examples/gfx/gif_read.bas
examples/gfx/grx_test.bas
examples/gfx/jpeg_read.bas
examples/gfx/mandbrot.bas
examples/gfx/png_read.bas
examples/gfx/ptc_test.bas
examples/gfx/rel-blob.bas
examples/gfx/rel-flower.bas
examples/gfx/rel-juliarings.bas
examples/gfx/rel-lens.bas
examples/gfx/rel-torus.bas
examples/hello.bas
examples/iif.bas
examples/imp_conv.bas
examples/inkey.bas
examples/inlineasm.bas
examples/lib/mylib.bas
examples/lib/mylib.bi
examples/lib/test.bas
examples/libxml/read1.bas
examples/libxml/test.xml
examples/macro.bas
examples/makefile
examples/mini/example.bas
examples/missing/Newton_test.bas
examples/missing/cgi_test.bas
examples/missing/gdsl_test.bas
examples/missing/il_test.bas
examples/missing/libxslt_test.bas
examples/missing/mxml_test.bas
examples/missing/ode_test.bas
examples/missing/zlib_test.bas
examples/mutex.bas
examples/namespace/console.bas
examples/namespace/cpp/alias/cpplib.cpp
examples/namespace/cpp/alias/test.bas
examples/namespace/cpp/complexlib.cpp
examples/namespace/cpp/complextest.bas
examples/namespace/cpp/cpplib.cpp
examples/namespace/cpp/test.bas
examples/namespace/scoped.bas
examples/networking/http-get.bas
examples/optargs.bas
examples/overload.bas
examples/pdflib/logo.gif
examples/pdflib/pdflib_test.bas
examples/peek.bas
examples/pre-include/preinc.bi
examples/pre-include/test.bas
examples/preprocessor.bas
examples/ptr_index.bas
examples/ptr_test.bas
examples/regex/CRegex/CRegex.bas
examples/regex/CRegex/CRegex.bi
examples/regex/CRegex/test.bas
examples/regex/CRegex/test.txt
examples/regex/pcre_demo.bas
examples/regex/printmatches.bas
examples/regex/regex_replace.bas
examples/regex/regex_replace2.bas
examples/regex/subexpr.bas
examples/scope.bas
examples/select.bas
examples/sieve.bas
examples/sound/bass_test.bas
examples/sound/bassmod_test.bas
examples/sound/data/dne_trtn.mod
examples/sound/data/prodigy.wav
examples/sound/fmodtest.bas
examples/sound/openaltest.bas
examples/sound/playmp3.bas
examples/spidermonkey/callback.bas
examples/spidermonkey/common.bas
examples/spidermonkey/common.bi
examples/spidermonkey/eval.bas
examples/spidermonkey/factorial.js
examples/spidermonkey/function_cb.bas
examples/str_index.bas
examples/threads.bas
examples/typedef.bas
examples/var-args.bas
examples/var_initializers.bas
examples/with.bas
inc/FreeImage.bi
inc/IL/il.bi
inc/IL/ilu.bi
inc/IUP/iup.bi
inc/IUP/iupcb.bi
inc/IUP/iupcbs.bi
inc/IUP/iupcontrols.bi
inc/IUP/iupcpi.bi
inc/IUP/iupdef.bi
inc/IUP/iupdial.bi
inc/IUP/iupgauge.bi
inc/IUP/iupgc.bi
inc/IUP/iupgetparam.bi
inc/IUP/iupkey.bi
inc/IUP/iupmask.bi
inc/IUP/iupmatrix.bi
inc/IUP/iupsbox.bi
inc/IUP/iuptabs.bi
inc/IUP/iuptree.bi
inc/IUP/iupval.bi
inc/Lua/lauxlib.bi
inc/Lua/lua.bi
inc/Lua/lualib.bi
inc/allegro.bi
inc/allegro/3d.bi
inc/allegro/3dmaths.bi
inc/allegro/alcompat.bi
inc/allegro/base.bi
inc/allegro/color.bi
inc/allegro/compiled.bi
inc/allegro/config.bi
inc/allegro/datafile.bi
inc/allegro/debug.bi
inc/allegro/digi.bi
inc/allegro/draw.bi
inc/allegro/file.bi
inc/allegro/fixed.bi
inc/allegro/fli.bi
inc/allegro/fmaths.bi
inc/allegro/gfx.bi
inc/allegro/gui.bi
inc/allegro/inline/3dmaths.bi
inc/allegro/inline/asm.bi
inc/allegro/inline/color.bi
inc/allegro/inline/draw.bi
inc/allegro/inline/file.bi
inc/allegro/inline/fmaths.bi
inc/allegro/inline/gfx.bi
inc/allegro/inline/gui.bi
inc/allegro/inline/matrix.bi
inc/allegro/inline/rle.bi
inc/allegro/inline/system.bi
inc/allegro/internal/alconfig.bi
inc/allegro/joystick.bi
inc/allegro/keyboard.bi
inc/allegro/matrix.bi
inc/allegro/midi.bi
inc/allegro/mouse.bi
inc/allegro/palette.bi
inc/allegro/platform/al386gcc.bi
inc/allegro/platform/aldjgpp.bi
inc/allegro/platform/aldos.bi
inc/allegro/platform/almngw32.bi
inc/allegro/platform/alplatf.bi
inc/allegro/platform/alucfg.bi
inc/allegro/platform/alunix.bi
inc/allegro/platform/alwin.bi
inc/allegro/quat.bi
inc/allegro/rle.bi
inc/allegro/sound.bi
inc/allegro/stream.bi
inc/allegro/system.bi
inc/allegro/text.bi
inc/allegro/timer.bi
inc/allegro/unicode.bi
inc/bass.bi
inc/bassmod.bi
inc/bfd.bi
inc/big_int/basic_funcs.bi
inc/big_int/big_int.bi
inc/big_int/big_int_full.bi
inc/big_int/bitset_funcs.bi
inc/big_int/get_bit_length.bi
inc/big_int/low_level_funcs.bi
inc/big_int/memory_manager.bi
inc/big_int/modular_arithmetic.bi
inc/big_int/number_theory.bi
inc/big_int/service_funcs.bi
inc/big_int/str_funcs.bi
inc/big_int/str_types.bi
inc/caca.bi
inc/cgi-util.bi
inc/cgui.bi
inc/crt.bi
inc/crt/arpa/inet.bi
inc/crt/ctype.bi
inc/crt/dir.bi
inc/crt/dos/dir.bi
inc/crt/dos/fcntl.bi
inc/crt/dos/stdio.bi
inc/crt/dos/time.bi
inc/crt/dos/wchar.bi
inc/crt/errno.bi
inc/crt/fcntl.bi
inc/crt/io.bi
inc/crt/limits.bi
inc/crt/malloc.bi
inc/crt/math.bi
inc/crt/netdb.bi
inc/crt/netinet/in.bi
inc/crt/setjmp.bi
inc/crt/stdarg.bi
inc/crt/stddef.bi
inc/crt/stdint.bi
inc/crt/stdio.bi
inc/crt/stdlib.bi
inc/crt/string.bi
inc/crt/sys/dos/types.bi
inc/crt/sys/select.bi
inc/crt/sys/socket.bi
inc/crt/sys/stat.bi
inc/crt/sys/time.bi
inc/crt/sys/types.bi
inc/crt/sys/uio.bi
inc/crt/time.bi
inc/crt/unistd.bi
inc/crt/wchar.bi
inc/cryptlib.bi
inc/curl.bi
inc/curses.bi
inc/curses/ncurses.bi
inc/curses/pdcurses.bi
inc/datetime.bi
inc/dir.bi
inc/dislin.bi
inc/dos/ar.bi
inc/dos/bios.bi
inc/dos/conio.bi
inc/dos/dir.bi
inc/dos/dos.bi
inc/dos/dpmi.bi
inc/dos/go32.bi
inc/dos/inlines/pc.bi
inc/dos/pc.bi
inc/dos/sys/djtypes.bi
inc/dos/sys/farptr.bi
inc/dos/sys/movedata.bi
inc/dos/sys/segments.bi
inc/dos/sys/version.bi
inc/expat.bi
inc/fastcgi/fastcgi.bi
inc/fastcgi/fcgi_stdio.bi
inc/fastcgi/fcgiapp.bi
inc/fbgfx.bi
inc/file.bi
inc/fmod.bi
inc/freetype2/config/ftconfig.bi
inc/freetype2/config/ftoption.bi
inc/freetype2/config/ftstdlib.bi
inc/freetype2/freetype.bi
inc/freetype2/fterrors.bi
inc/freetype2/ftimage.bi
inc/freetype2/ftmoderr.bi
inc/freetype2/ftsystem.bi
inc/freetype2/fttypes.bi
inc/gd/gd.bi
inc/gd/gd_io.bi
inc/gd/gdfx.bi
inc/gdsl/_gdsl_bintree.bi
inc/gdsl/_gdsl_bstree.bi
inc/gdsl/_gdsl_list.bi
inc/gdsl/_gdsl_node.bi
inc/gdsl/gdsl.bi
inc/gdsl/gdsl_2darray.bi
inc/gdsl/gdsl_bstree.bi
inc/gdsl/gdsl_hash.bi
inc/gdsl/gdsl_list.bi
inc/gdsl/gdsl_macros.bi
inc/gdsl/gdsl_perm.bi
inc/gdsl/gdsl_queue.bi
inc/gdsl/gdsl_rbtree.bi
inc/gdsl/gdsl_sort.bi
inc/gdsl/gdsl_stack.bi
inc/gdsl/gdsl_types.bi
inc/gif_lib.bi
inc/gmp.bi
inc/grx/grx20.bi
inc/grx/grxkeys.bi
inc/gsl/gsl_blas.bi
inc/gsl/gsl_blas_types.bi
inc/gsl/gsl_block.bi
inc/gsl/gsl_block_char.bi
inc/gsl/gsl_block_complex.bi
inc/gsl/gsl_block_complex_double.bi
inc/gsl/gsl_block_complex_float.bi
inc/gsl/gsl_block_complex_long_double.bi
inc/gsl/gsl_block_double.bi
inc/gsl/gsl_block_float.bi
inc/gsl/gsl_block_int.bi
inc/gsl/gsl_block_long.bi
inc/gsl/gsl_block_long_double.bi
inc/gsl/gsl_block_short.bi
inc/gsl/gsl_block_uchar.bi
inc/gsl/gsl_block_uint.bi
inc/gsl/gsl_block_ulong.bi
inc/gsl/gsl_block_ushort.bi
inc/gsl/gsl_cblas.bi
inc/gsl/gsl_cdf.bi
inc/gsl/gsl_chebyshev.bi
inc/gsl/gsl_check_range.bi
inc/gsl/gsl_combination.bi
inc/gsl/gsl_complex.bi
inc/gsl/gsl_complex_math.bi
inc/gsl/gsl_const.bi
inc/gsl/gsl_const_cgs.bi
inc/gsl/gsl_const_cgsm.bi
inc/gsl/gsl_const_mks.bi
inc/gsl/gsl_const_mksa.bi
inc/gsl/gsl_const_num.bi
inc/gsl/gsl_deriv.bi
inc/gsl/gsl_dft_complex.bi
inc/gsl/gsl_dft_complex_float.bi
inc/gsl/gsl_dht.bi
inc/gsl/gsl_diff.bi
inc/gsl/gsl_eigen.bi
inc/gsl/gsl_errno.bi
inc/gsl/gsl_fft.bi
inc/gsl/gsl_fft_complex.bi
inc/gsl/gsl_fft_complex_float.bi
inc/gsl/gsl_fft_halfcomplex.bi
inc/gsl/gsl_fft_halfcomplex_float.bi
inc/gsl/gsl_fft_real.bi
inc/gsl/gsl_fft_real_float.bi
inc/gsl/gsl_fit.bi
inc/gsl/gsl_heapsort.bi
inc/gsl/gsl_histogram.bi
inc/gsl/gsl_histogram2d.bi
inc/gsl/gsl_ieee_utils.bi
inc/gsl/gsl_integration.bi
inc/gsl/gsl_interp.bi
inc/gsl/gsl_linalg.bi
inc/gsl/gsl_machine.bi
inc/gsl/gsl_math.bi
inc/gsl/gsl_matrix.bi
inc/gsl/gsl_matrix_char.bi
inc/gsl/gsl_matrix_complex_double.bi
inc/gsl/gsl_matrix_complex_float.bi
inc/gsl/gsl_matrix_complex_long_double.bi
inc/gsl/gsl_matrix_double.bi
inc/gsl/gsl_matrix_float.bi
inc/gsl/gsl_matrix_int.bi
inc/gsl/gsl_matrix_long.bi
inc/gsl/gsl_matrix_long_double.bi
inc/gsl/gsl_matrix_short.bi
inc/gsl/gsl_matrix_uchar.bi
inc/gsl/gsl_matrix_uint.bi
inc/gsl/gsl_matrix_ulong.bi
inc/gsl/gsl_matrix_ushort.bi
inc/gsl/gsl_message.bi
inc/gsl/gsl_min.bi
inc/gsl/gsl_mode.bi
inc/gsl/gsl_monte.bi
inc/gsl/gsl_monte_miser.bi
inc/gsl/gsl_monte_plain.bi
inc/gsl/gsl_monte_vegas.bi
inc/gsl/gsl_multifit.bi
inc/gsl/gsl_multifit_nlin.bi
inc/gsl/gsl_multimin.bi
inc/gsl/gsl_multiroots.bi
inc/gsl/gsl_nan.bi
inc/gsl/gsl_ntuple.bi
inc/gsl/gsl_odeiv.bi
inc/gsl/gsl_permutation.bi
inc/gsl/gsl_permute.bi
inc/gsl/gsl_permute_char.bi
inc/gsl/gsl_permute_complex_double.bi
inc/gsl/gsl_permute_complex_float.bi
inc/gsl/gsl_permute_complex_long_double.bi
inc/gsl/gsl_permute_double.bi
inc/gsl/gsl_permute_float.bi
inc/gsl/gsl_permute_int.bi
inc/gsl/gsl_permute_long.bi
inc/gsl/gsl_permute_long_double.bi
inc/gsl/gsl_permute_short.bi
inc/gsl/gsl_permute_uchar.bi
inc/gsl/gsl_permute_uint.bi
inc/gsl/gsl_permute_ulong.bi
inc/gsl/gsl_permute_ushort.bi
inc/gsl/gsl_permute_vector.bi
inc/gsl/gsl_permute_vector_char.bi
inc/gsl/gsl_permute_vector_complex_double.bi
inc/gsl/gsl_permute_vector_complex_float.bi
inc/gsl/gsl_permute_vector_complex_long_double.bi
inc/gsl/gsl_permute_vector_double.bi
inc/gsl/gsl_permute_vector_float.bi
inc/gsl/gsl_permute_vector_int.bi
inc/gsl/gsl_permute_vector_long.bi
inc/gsl/gsl_permute_vector_long_double.bi
inc/gsl/gsl_permute_vector_short.bi
inc/gsl/gsl_permute_vector_uchar.bi
inc/gsl/gsl_permute_vector_uint.bi
inc/gsl/gsl_permute_vector_ulong.bi
inc/gsl/gsl_permute_vector_ushort.bi
inc/gsl/gsl_poly.bi
inc/gsl/gsl_pow_int.bi
inc/gsl/gsl_precision.bi
inc/gsl/gsl_qrng.bi
inc/gsl/gsl_randist.bi
inc/gsl/gsl_rng.bi
inc/gsl/gsl_roots.bi
inc/gsl/gsl_sf.bi
inc/gsl/gsl_sf_airy.bi
inc/gsl/gsl_sf_bessel.bi
inc/gsl/gsl_sf_clausen.bi
inc/gsl/gsl_sf_coulomb.bi
inc/gsl/gsl_sf_coupling.bi
inc/gsl/gsl_sf_dawson.bi
inc/gsl/gsl_sf_debye.bi
inc/gsl/gsl_sf_dilog.bi
inc/gsl/gsl_sf_elementary.bi
inc/gsl/gsl_sf_ellint.bi
inc/gsl/gsl_sf_elljac.bi
inc/gsl/gsl_sf_erf.bi
inc/gsl/gsl_sf_exp.bi
inc/gsl/gsl_sf_expint.bi
inc/gsl/gsl_sf_fermi_dirac.bi
inc/gsl/gsl_sf_gamma.bi
inc/gsl/gsl_sf_gegenbauer.bi
inc/gsl/gsl_sf_hyperg.bi
inc/gsl/gsl_sf_laguerre.bi
inc/gsl/gsl_sf_lambert.bi
inc/gsl/gsl_sf_legendre.bi
inc/gsl/gsl_sf_log.bi
inc/gsl/gsl_sf_pow_int.bi
inc/gsl/gsl_sf_psi.bi
inc/gsl/gsl_sf_result.bi
inc/gsl/gsl_sf_synchrotron.bi
inc/gsl/gsl_sf_transport.bi
inc/gsl/gsl_sf_trig.bi
inc/gsl/gsl_sf_zeta.bi
inc/gsl/gsl_siman.bi
inc/gsl/gsl_sort.bi
inc/gsl/gsl_sort_char.bi
inc/gsl/gsl_sort_double.bi
inc/gsl/gsl_sort_float.bi
inc/gsl/gsl_sort_int.bi
inc/gsl/gsl_sort_long.bi
inc/gsl/gsl_sort_long_double.bi
inc/gsl/gsl_sort_short.bi
inc/gsl/gsl_sort_uchar.bi
inc/gsl/gsl_sort_uint.bi
inc/gsl/gsl_sort_ulong.bi
inc/gsl/gsl_sort_ushort.bi
inc/gsl/gsl_sort_vector.bi
inc/gsl/gsl_sort_vector_char.bi
inc/gsl/gsl_sort_vector_double.bi
inc/gsl/gsl_sort_vector_float.bi
inc/gsl/gsl_sort_vector_int.bi
inc/gsl/gsl_sort_vector_long.bi
inc/gsl/gsl_sort_vector_long_double.bi
inc/gsl/gsl_sort_vector_short.bi
inc/gsl/gsl_sort_vector_uchar.bi
inc/gsl/gsl_sort_vector_uint.bi
inc/gsl/gsl_sort_vector_ulong.bi
inc/gsl/gsl_sort_vector_ushort.bi
inc/gsl/gsl_specfunc.bi
inc/gsl/gsl_spline.bi
inc/gsl/gsl_statistics.bi
inc/gsl/gsl_statistics_char.bi
inc/gsl/gsl_statistics_double.bi
inc/gsl/gsl_statistics_float.bi
inc/gsl/gsl_statistics_int.bi
inc/gsl/gsl_statistics_long.bi
inc/gsl/gsl_statistics_long_double.bi
inc/gsl/gsl_statistics_short.bi
inc/gsl/gsl_statistics_uchar.bi
inc/gsl/gsl_statistics_uint.bi
inc/gsl/gsl_statistics_ulong.bi
inc/gsl/gsl_statistics_ushort.bi
inc/gsl/gsl_sum.bi
inc/gsl/gsl_sys.bi
inc/gsl/gsl_test.bi
inc/gsl/gsl_types.bi
inc/gsl/gsl_vector.bi
inc/gsl/gsl_vector_char.bi
inc/gsl/gsl_vector_complex.bi
inc/gsl/gsl_vector_complex_double.bi
inc/gsl/gsl_vector_complex_float.bi
inc/gsl/gsl_vector_complex_long_double.bi
inc/gsl/gsl_vector_double.bi
inc/gsl/gsl_vector_float.bi
inc/gsl/gsl_vector_int.bi
inc/gsl/gsl_vector_long.bi
inc/gsl/gsl_vector_long_double.bi
inc/gsl/gsl_vector_short.bi
inc/gsl/gsl_vector_uchar.bi
inc/gsl/gsl_vector_uint.bi
inc/gsl/gsl_vector_ulong.bi
inc/gsl/gsl_vector_ushort.bi
inc/gsl/gsl_version.bi
inc/gsl/gsl_wavelet.bi
inc/gsl/gsl_wavelet2d.bi
inc/japi.bi
inc/jni.bi
inc/jpeglib.bi
inc/jpgalleg.bi
inc/libxml/HTMLparser.bi
inc/libxml/HTMLtree.bi
inc/libxml/SAX.bi
inc/libxml/SAX2.bi
inc/libxml/c14n.bi
inc/libxml/catalog.bi
inc/libxml/debugXML.bi
inc/libxml/dict.bi
inc/libxml/encoding.bi
inc/libxml/entities.bi
inc/libxml/globals.bi
inc/libxml/hash.bi
inc/libxml/list.bi
inc/libxml/nanoftp.bi
inc/libxml/nanohttp.bi
inc/libxml/parser.bi
inc/libxml/pattern.bi
inc/libxml/relaxng.bi
inc/libxml/threads.bi
inc/libxml/tree.bi
inc/libxml/uri.bi
inc/libxml/valid.bi
inc/libxml/xinclude.bi
inc/libxml/xlink.bi
inc/libxml/xmlIO.bi
inc/libxml/xmlautomata.bi
inc/libxml/xmlerror.bi
inc/libxml/xmlexports.bi
inc/libxml/xmlmemory.bi
inc/libxml/xmlmodule.bi
inc/libxml/xmlreader.bi
inc/libxml/xmlregexp.bi
inc/libxml/xmlsave.bi
inc/libxml/xmlschemas.bi
inc/libxml/xmlstring.bi
inc/libxml/xmlunicode.bi
inc/libxml/xmlversion.bi
inc/libxml/xmlwriter.bi
inc/libxml/xpath.bi
inc/libxml/xpathInternals.bi
inc/libxml/xpointer.bi
inc/libxslt/attributes.bi
inc/libxslt/documents.bi
inc/libxslt/extensions.bi
inc/libxslt/extra.bi
inc/libxslt/functions.bi
inc/libxslt/imports.bi
inc/libxslt/keys.bi
inc/libxslt/libxslt.bi
inc/libxslt/namespaces.bi
inc/libxslt/numbersInternals.bi
inc/libxslt/pattern.bi
inc/libxslt/preproc.bi
inc/libxslt/security.bi
inc/libxslt/templates.bi
inc/libxslt/transform.bi
inc/libxslt/trio.bi
inc/libxslt/triodef.bi
inc/libxslt/variables.bi
inc/libxslt/xslt.bi
inc/libxslt/xsltInternals.bi
inc/libxslt/xsltconfig.bi
inc/libxslt/xsltexports.bi
inc/libxslt/xsltutils.bi
inc/mini.bi
inc/mxml.bi
inc/mysql/my_alloc.bi
inc/mysql/mysql.bi
inc/mysql/mysql_com.bi
inc/mysql/mysql_version.bi
inc/ode/collision.bi
inc/ode/collision_space.bi
inc/ode/collision_trimesh.bi
inc/ode/common.bi
inc/ode/compatibility.bi
inc/ode/config.bi
inc/ode/contact.bi
inc/ode/error.bi
inc/ode/export-dif.bi
inc/ode/mass.bi
inc/ode/matrix.bi
inc/ode/memory.bi
inc/ode/misc.bi
inc/ode/objects.bi
inc/ode/ode.bi
inc/ode/odemath.bi
inc/ode/rotation.bi
inc/ode/timer.bi
inc/pcre/pcre.bi
inc/pcre/pcreposix.bi
inc/pdflib.bi
inc/png.bi
inc/postgresql/libpq-fe.bi
inc/postgresql/postgres_ext.bi
inc/regex.bi
inc/spidermonkey/jsapi.bi
inc/spidermonkey/jscompat.bi
inc/spidermonkey/jscpucfg.bi
inc/spidermonkey/jslong.bi
inc/spidermonkey/jsosdep.bi
inc/spidermonkey/jsotypes.bi
inc/spidermonkey/jspubtd.bi
inc/spidermonkey/jstypes.bi
inc/sqlite2.bi
inc/sqlite3.bi
inc/string.bi
inc/tinyptc.bi
inc/utf_conv.bi
inc/vbcompat.bi
inc/zlib.bi
lib/dos/crt0.o
lib/dos/fbrt0.o
lib/dos/gcrt0.o
lib/dos/libaldat.a
lib/dos/liballeg.a
lib/dos/libbig_int.a
lib/dos/libbfd.a
lib/dos/libc.a
lib/dos/libemu.a
lib/dos/libfb.a
lib/dos/libfbgfx.a
lib/dos/libgcc.a
lib/dos/libgrx20.a
lib/dos/libiberty.a
lib/dos/libintl.a
lib/dos/liblua.a
lib/dos/liblualib.a
lib/dos/libm.a
lib/dos/libsupcxx.a
lib/dos/libtinyptc.a
lib/dos/libz.a
