docs/gpl.txt
docs/lgpl.txt
src/config/config.guess
src/config/config.sub
src/config/depcomp
src/config/install-sh
src/config/missing
src/gfxlib2/AUTHORS
src/gfxlib2/COPYING
src/gfxlib2/ChangeLog
src/gfxlib2/INSTALL
src/gfxlib2/Makefile.in
src/gfxlib2/NEWS
src/gfxlib2/README
src/gfxlib2/config.in
src/gfxlib2/configure
src/gfxlib2/configure.ac
src/gfxlib2/data/data.lst
src/gfxlib2/data/fnt08x08.fnt
src/gfxlib2/data/fnt08x14.fnt
src/gfxlib2/data/fnt08x16.fnt
src/gfxlib2/data/pal002.pal
src/gfxlib2/data/pal016.pal
src/gfxlib2/data/pal064.pal
src/gfxlib2/data/pal256.pal
src/gfxlib2/dos/fb_gfx_dos.h
src/gfxlib2/dos/libfb_gfx_dos.c
src/gfxlib2/dos/libfb_gfx_driver_bios.c
src/gfxlib2/dos/libfb_gfx_driver_modex.c
src/gfxlib2/dos/libfb_gfx_driver_vesa_bnk.c
src/gfxlib2/dos/libfb_gfx_driver_vesa_lin.c
src/gfxlib2/dos/libfb_gfx_driver_vga.c
src/gfxlib2/dos/libfb_gfx_joystick.c
src/gfxlib2/dos/libfb_gfx_mouse.s
src/gfxlib2/dos/libfb_gfx_vesa.s
src/gfxlib2/dos/libfb_gfx_vesa_core.c
src/gfxlib2/dos/vesa.h
src/gfxlib2/dos/vga.h
src/gfxlib2/fb_gfx.h
src/gfxlib2/fb_gfx_data.h
src/gfxlib2/fb_gfx_gl.h
src/gfxlib2/fb_gfx_lzw.h
src/gfxlib2/freebsd/libfb_gfx_freebsd.c
src/gfxlib2/freebsd/libfb_gfx_joystick.c
src/gfxlib2/libfb_gfx_access.c
src/gfxlib2/libfb_gfx_blitter.c
src/gfxlib2/libfb_gfx_bload.c
src/gfxlib2/libfb_gfx_box.c
src/gfxlib2/libfb_gfx_bsave.c
src/gfxlib2/libfb_gfx_circle.c
src/gfxlib2/libfb_gfx_cls.c
src/gfxlib2/libfb_gfx_color.c
src/gfxlib2/libfb_gfx_control.c
src/gfxlib2/libfb_gfx_core.c
src/gfxlib2/libfb_gfx_data.c
src/gfxlib2/libfb_gfx_draw.c
src/gfxlib2/libfb_gfx_drawstring.c
src/gfxlib2/libfb_gfx_driver_null.c
src/gfxlib2/libfb_gfx_event.c
src/gfxlib2/libfb_gfx_get.c
src/gfxlib2/libfb_gfx_getmouse.c
src/gfxlib2/libfb_gfx_image.c
src/gfxlib2/libfb_gfx_image_convert.c
src/gfxlib2/libfb_gfx_image_info.c
src/gfxlib2/libfb_gfx_inkey.c
src/gfxlib2/libfb_gfx_line.c
src/gfxlib2/libfb_gfx_lineinp.c
src/gfxlib2/libfb_gfx_lineinp_wstr.c
src/gfxlib2/libfb_gfx_lzw.c
src/gfxlib2/libfb_gfx_lzw_enc.c
src/gfxlib2/libfb_gfx_multikey.c
src/gfxlib2/libfb_gfx_page.c
src/gfxlib2/libfb_gfx_paint.c
src/gfxlib2/libfb_gfx_palette.c
src/gfxlib2/libfb_gfx_paletteget.c
src/gfxlib2/libfb_gfx_pmap.c
src/gfxlib2/libfb_gfx_point.c
src/gfxlib2/libfb_gfx_print.c
src/gfxlib2/libfb_gfx_print_wstr.c
src/gfxlib2/libfb_gfx_pset.c
src/gfxlib2/libfb_gfx_put.c
src/gfxlib2/libfb_gfx_put_add.c
src/gfxlib2/libfb_gfx_put_alpha.c
src/gfxlib2/libfb_gfx_put_and.c
src/gfxlib2/libfb_gfx_put_blend.c
src/gfxlib2/libfb_gfx_put_custom.c
src/gfxlib2/libfb_gfx_put_or.c
src/gfxlib2/libfb_gfx_put_preset.c
src/gfxlib2/libfb_gfx_put_pset.c
src/gfxlib2/libfb_gfx_put_trans.c
src/gfxlib2/libfb_gfx_put_xor.c
src/gfxlib2/libfb_gfx_readstr.c
src/gfxlib2/libfb_gfx_readxy.c
src/gfxlib2/libfb_gfx_screen.c
src/gfxlib2/libfb_gfx_screeninfo.c
src/gfxlib2/libfb_gfx_screenlist.c
src/gfxlib2/libfb_gfx_setmouse.c
src/gfxlib2/libfb_gfx_sleep.c
src/gfxlib2/libfb_gfx_softcursor.c
src/gfxlib2/libfb_gfx_stick.c
src/gfxlib2/libfb_gfx_vars.c
src/gfxlib2/libfb_gfx_vgaemu.c
src/gfxlib2/libfb_gfx_view.c
src/gfxlib2/libfb_gfx_vsync.c
src/gfxlib2/libfb_gfx_width.c
src/gfxlib2/libfb_gfx_window.c
src/gfxlib2/linux/fb_gfx_linux.h
src/gfxlib2/linux/libfb_gfx_driver_fbdev.c
src/gfxlib2/linux/libfb_gfx_joystick.c
src/gfxlib2/linux/libfb_gfx_linux.c
src/gfxlib2/obj/cygwin/deleteme.txt
src/gfxlib2/obj/dos/Makefile
src/gfxlib2/obj/dos/config.h
src/gfxlib2/obj/dos/config.status
src/gfxlib2/obj/dos/deleteme.txt
src/gfxlib2/obj/dos/stamp-h1
src/gfxlib2/obj/freebsd/deleteme.txt
src/gfxlib2/obj/linux/deleteme.txt
src/gfxlib2/obj/win32/Makefile
src/gfxlib2/obj/win32/config.h
src/gfxlib2/obj/win32/config.status
src/gfxlib2/obj/win32/deleteme.txt
src/gfxlib2/obj/win32/stamp-h1
src/gfxlib2/opengl/libfb_gfx_opengl.c
src/gfxlib2/opengl/win32/libfb_gfx_driver_opengl.c
src/gfxlib2/opengl/x11/libfb_gfx_driver_opengl.c
src/gfxlib2/tools/mk_dat.c
src/gfxlib2/win32/fb_gfx_win32.h
src/gfxlib2/win32/libfb_gfx_driver_ddraw.c
src/gfxlib2/win32/libfb_gfx_driver_gdi.c
src/gfxlib2/win32/libfb_gfx_joystick.c
src/gfxlib2/win32/libfb_gfx_win32.c
src/gfxlib2/x11/fb_gfx_x11.h
src/gfxlib2/x11/libfb_gfx_driver_x11.c
src/gfxlib2/x11/libfb_gfx_x11.c
src/gfxlib2/x86/fb_gfx_mmx.h
src/gfxlib2/x86/libfb_gfx_blitter_mmx.s
src/gfxlib2/x86/libfb_gfx_mmx.s
src/gfxlib2/x86/libfb_gfx_put_add_mmx.s
src/gfxlib2/x86/libfb_gfx_put_alpha_mmx.s
src/gfxlib2/x86/libfb_gfx_put_and_mmx.s
src/gfxlib2/x86/libfb_gfx_put_blend_mmx.s
src/gfxlib2/x86/libfb_gfx_put_or_mmx.s
src/gfxlib2/x86/libfb_gfx_put_preset_mmx.s
src/gfxlib2/x86/libfb_gfx_put_pset_mmx.s
src/gfxlib2/x86/libfb_gfx_put_trans_mmx.s
src/gfxlib2/x86/libfb_gfx_put_xor_mmx.s
src/gfxlib2/xbox/libfb_gfx_driver_xbox.c
