tests/Makefile
tests/bmk-make.mk
tests/comments/multiline.bas
tests/common.mk
tests/compound/continue_mult.bas
tests/compound/exit_mult.bas
tests/compound/for_UDT_counter.bas
tests/compound/for_UDT_counter2.bas
tests/compound/for_UDT_counter3.bas
tests/compound/for_pointer_counter.bas
tests/compound/scope.bas
tests/compound/scope_array.bas
tests/compound/scope_imp_str.bas
tests/compound/scope_temp.bas
tests/compound/select.bas
tests/compound/select_const.bas
tests/compound/while.bas
tests/console/ascii.bas
tests/console/common.bas
tests/console/common.bi
tests/const/any_const.bas
tests/const/byval_ok.bas
tests/const/const_to_const.bas
tests/const/const_to_nonconst.bas
tests/const/constptr_to_ptr.bas
tests/const/diffptrtype.bas
tests/const/extern.bas
tests/const/fromconst.bas
tests/const/funcres.bas
tests/const/member.bas
tests/const/nonconst_to_const.bas
tests/const/offsetof.bas
tests/const/op_concat.bas
tests/const/ovl.bas
tests/const/ovl_ambiguous.bas
tests/const/ptrassign.bas
tests/const/rtl-get.bas
tests/const/rtl-getf.bas
tests/const/rtl-getjoystick.bas
tests/const/rtl-getmouse.bas
tests/const/rtl-line.bas
tests/const/rtl-mid.bas
tests/const/rtl-swap.bas
tests/const/type_alias.bas
tests/const/typedef.bas
tests/const/typedef2.bas
tests/const/var_const.bas
tests/crt/stdout.bas
tests/cunit-tests.mk
tests/data/empty.txt
tests/data/fourbin.txt
tests/data/three.txt
tests/data/threebin.txt
tests/data/two.txt
tests/datetime/calc.bas
tests/datetime/testdate.bas
tests/datetime/testtime.bas
tests/deprecated/implicit_explicit.bas
tests/deprecated/innerdup.bas
tests/deprecated/shadow_inherit.bas
tests/deprecated/string_suffix.bas
tests/dim/anon_no_access.bas
tests/dim/array_init.bas
tests/dim/array_static_init.bas
tests/dim/auto_var.bas
tests/dim/auto_var2.bas
tests/dim/auto_var3.bas
tests/dim/decl_var_cast.bas
tests/dim/mod_common/submod.bi
tests/dim/mod_common/submod.bmk
tests/dim/mod_common/submod_a.bas
tests/dim/mod_common/submod_b.bas
tests/dim/mod_extern/common.bi
tests/dim/mod_extern/submod.bmk
tests/dim/mod_extern/submod_a.bas
tests/dim/mod_extern/submod_b.bas
tests/dim/redim.bas
tests/dim/redim_param.bas
tests/dim/static.bas
tests/dim/submod/submod.bmk
tests/dim/submod/submod_a.bas
tests/dim/submod/submod_b.bas
tests/dim/submod/submod_c.bi
tests/dim/typeof.bas
tests/dim/udt_init.bas
tests/dim/udt_init_pad.bas
tests/dim/udt_initialization.bas
tests/dim/udt_initialization2.bas
tests/dim/udt_initialization3.bas
tests/dirlist.mk
tests/expressions/double-to-unsigned.bas
tests/expressions/iif.bas
tests/expressions/iif2.bas
tests/expressions/mult-assign.bas
tests/expressions/op-self-func.bas
tests/expressions/shortcutops.bas
tests/fbcu/Makefile
tests/fbcu/fake/fbcu.bi
tests/fbcu/include/fbcu-common.bi
tests/fbcu/include/fbcu-config.bi
tests/fbcu/include/fbcu-error.bi
tests/fbcu/include/fbcu-impl.bi
tests/fbcu/include/fbcu.bi
tests/fbcu/make-options.txt
tests/fbcu/src/fbcu-error.bas
tests/fbcu/src/fbcu-impl.bas
tests/fbcu/src/fbcu.bas
tests/fbcu/tests/fb-cunit-test.bas
tests/file/encod.bas
tests/file/input.bas
tests/file/input.csv
tests/file/large_dbl.bas
tests/file/large_dbl.csv
tests/file/large_int.bas
tests/file/large_int.csv
tests/file/lof.bas
tests/file/pipe.bas
tests/file/text_in.bas
tests/file/text_in2.bas
tests/file/text_in2.txt
tests/functions/array_param.bas
tests/functions/array_recursion.bas
tests/functions/array_recursion_str.bas
tests/functions/bydesc_array.bas
tests/functions/bydesc_array2.bas
tests/functions/bydesc_array_str.bas
tests/functions/bydesc_arrayfield.bas
tests/functions/bydesc_arrayfield_str.bas
tests/functions/callconv_default.bas
tests/functions/callconv_mode.bas
tests/functions/fixstr_arg.bas
tests/functions/mangle.bas
tests/functions/return_notreg.bas
tests/functions/return_notreg2.bas
tests/functions/rtl_cb.bas
tests/functions/str_paramcopy.bas
tests/functions/str_paramrecursion.bas
tests/functions/str_recursion.bas
tests/functions/str_z_and_dyn.bas
tests/functions/udt_result.bas
tests/functions/udt_result2.bas
tests/functions/udt_result_access.bas
tests/functions/udt_result_access2.bas
tests/functions/udt_result_access3.bas
tests/functions/udt_result_access4.bas
tests/functions/udt_result_access5.bas
tests/functions/udt_result_call.bas
tests/functions/udt_result_call2.bas
tests/functions/va_int_and_ptrs.bas
tests/functions/va_strings.bas
tests/functions/va_tmpstring.bas
tests/functions/var_args.bas
tests/functions/void_param.bas
tests/interactive/input.bas
tests/log-tests.mk
tests/macros/bit___.bas
tests/macros/conditional.bas
tests/macros/conditional2.bas
tests/macros/hello.bas
tests/macros/intrinsic.bas
tests/macros/macro_empty.bas
tests/macros/macro_nested1.bas
tests/macros/macro_nested2.bas
tests/macros/macro_trim.bas
tests/macros/min.bas
tests/macros/recursive.bas
tests/macros/seq_size.bas
tests/namespace/cpp.mk
tests/namespace/cpp/cppmod.cpp
tests/namespace/cpp/fbmod.bas
tests/namespace/dim_array.bas
tests/namespace/dups.bas
tests/namespace/dups2.bas
tests/namespace/dups_fail.bas
tests/namespace/dups_fail2.bas
tests/namespace/dups_qkwd.bas
tests/namespace/enum.bas
tests/namespace/extimp.bas
tests/namespace/global.bas
tests/namespace/global2.bas
tests/namespace/import_method.bas
tests/namespace/interf_imp.bas
tests/namespace/multi_nested.bas
tests/namespace/redim.bas
tests/namespace/redim2.bas
tests/namespace/reimp1.bas
tests/namespace/reimp2.bas
tests/namespace/reimp3.bas
tests/namespace/submod/common.bi
tests/namespace/submod/submod.bmk
tests/namespace/submod/submod_a.bas
tests/namespace/submod/submod_b.bas
tests/namespace/sum.bas
tests/namespace/using.bas
tests/namespace/using2.bas
tests/namespace/using_nested.bas
tests/namespace/using_nested2.bas
tests/namespace/using_rec.bas
tests/namespace/using_reimp.bas
tests/namespace/using_reimp2.bas
tests/numbers/cast_signed.bas
tests/numbers/cast_unsigned.bas
tests/numbers/casting.bas
tests/numbers/coercion.bas
tests/numbers/hexliteral.bas
tests/numbers/literals.bas
tests/numbers/longints.bas
tests/numbers/numbers.bas
tests/numbers/tostring.bas
tests/optimizations/casting.bas
tests/optimizations/const_idx.bas
tests/optimizations/inline_fixfrac.bas
tests/optimizations/inline_logexpsqr.bas
tests/optimizations/inline_sgn.bas
tests/optimizations/inline_trans.bas
tests/optimizations/literaldup.bas
tests/optimizations/logic1.bas
tests/optimizations/logic2.bas
tests/optimizations/mul_assoc.bas
tests/optimizations/toshift.bas
tests/overload/access_mode.bas
tests/overload/addressof.bas
tests/overload/allow_byval_ptr.bas
tests/overload/anontype.bas
tests/overload/arg_cast.bas
tests/overload/arg_cast2.bas
tests/overload/bop_coercion.bas
tests/overload/bop_coercion2.bas
tests/overload/bydesc.bas
tests/overload/const_enum.bas
tests/overload/defaults.bas
tests/overload/funptr.bas
tests/overload/hex_oct_bin.bas
tests/overload/implicit_ctor.bas
tests/overload/implicit_ctor2.bas
tests/overload/integer_width.bas
tests/overload/op_addrof.bas
tests/overload/op_cast_coercion.bas
tests/overload/op_concat.bas
tests/overload/op_ctor_coercion.bas
tests/overload/op_ctor_coercion_ref.bas
tests/overload/op_ctor_coercion_udt.bas
tests/overload/op_deref.bas
tests/overload/op_deref2.bas
tests/overload/op_global.bas
tests/overload/op_missing_parent.bas
tests/overload/op_new_delete.bas
tests/overload/op_to_ptr.bas
tests/overload/op_to_self.bas
tests/overload/overruled_ctor.bas
tests/overload/simple.bas
tests/overload/strings.bas
tests/overload/strings_ptr.bas
tests/overload/sub_call.bas
tests/overload/sub_call2.bas
tests/overload/tostring.bas
tests/overload/type_vararg.bas
tests/overload/uop_coersion.bas
tests/pointers/addr_deref.bas
tests/pointers/addrofnull.bas
tests/pointers/arith.bas
tests/pointers/array_ptr_fn.bas
tests/pointers/casting1.bas
tests/pointers/casting2.bas
tests/pointers/casting3.bas
tests/pointers/field_array_desc.bas
tests/pointers/field_deref.bas
tests/pointers/field_deref_func.bas
tests/pointers/funptr-funcderef.bas
tests/pointers/funptr_array1.bas
tests/pointers/funptr_fwdbyref.bas
tests/pointers/funptr_mangling.bas
tests/pointers/indexing1.bas
tests/pointers/indexing2.bas
tests/pointers/multi_deref.bas
tests/pointers/prop_new_del.bas
tests/pointers/typedef_fwd.bas
tests/pp/inc1.bi
tests/pp/inc2.bi
tests/pp/inc2self.bi
tests/pp/inc3.bi
tests/pp/inc4.bi
tests/pp/inc5.bi
tests/pp/inc_once1.bas
tests/pp/inc_once2.bas
tests/pp/inc_once2_self.bas
tests/pp/inc_once3.bas
tests/pp/inc_once4.bas
tests/pp/inc_once5.bas
tests/pp/numeric_ops.bas
tests/pp/typeof.bas
tests/pretest/compile_and_run_fail.bas
tests/pretest/compile_and_run_ok.bas
tests/pretest/compile_only_fail.bas
tests/pretest/compile_only_ok.bas
tests/pretest/compile_with_cunit.bas
tests/pretest/multi_module_fail.bas
tests/pretest/multi_module_fail.bmk
tests/pretest/multi_module_ok.bas
tests/pretest/multi_module_ok.bmk
tests/pretest/multi_module_subs.bas
tests/pretest/multi_module_subs.bi
tests/qb/align_qb.bas
tests/qb/call.bas
tests/qb/data.bas
tests/qb/file_open.bas
tests/qb/file_open_com.bas
tests/qb/file_open_com_fail.bas
tests/qb/file_open_cons.bas
tests/qb/file_open_cons_fail.bas
tests/qb/file_open_lpt.bas
tests/qb/file_open_lpt_fail.bas
tests/qb/file_open_scrn.bas
tests/qb/file_open_scrn_fail.bas
tests/qb/literal_sizes.bas
tests/qb/mkcv.bas
tests/qb/qbtypes.bas
tests/qb/scope_block.bas
tests/qb/str.bas
tests/qb/suffixes.bas
tests/qb/suffixes2.bas
tests/quirk/casting.bas
tests/quirk/casting_typo.bas
tests/quirk/data.bas
tests/quirk/data_fwd.bas
tests/quirk/data_fwd2.bas
tests/quirk/function_array.bas
tests/quirk/gfx_methAsMod.bas
tests/quirk/gfx_propertiesasbuffers.bas
tests/quirk/open_methods.bas
tests/quirk/quirk_arraystatement.bas
tests/quirk/typeof.bas
tests/readme.txt
tests/scopes/branch_cross.bas
tests/scopes/consts.bas
tests/scopes/delaydtor.bas
tests/scopes/enums.bas
tests/scopes/fornext.bas
tests/scopes/macros.bas
tests/scopes/shadow_inherit.bas
tests/scopes/types.bas
tests/string/array_len.bas
tests/string/chr_0.bas
tests/string/comp_null.bas
tests/string/compare.bas
tests/string/cvi_mki.bas
tests/string/escape.bas
tests/string/format.bas
tests/string/initialization.bas
tests/string/initialization2.bas
tests/string/inline_zstring_cast.bas
tests/string/instr_0.bas
tests/string/instr_x.bas
tests/string/instrrev_0.bas
tests/string/instrrev_x.bas
tests/string/len.bas
tests/string/ltrim.bas
tests/string/mid_set.bas
tests/string/mid_stmt_dref_dest.bas
tests/string/mkcv.bas
tests/string/oct.bas
tests/string/redim.bas
tests/string/rtrim.bas
tests/string/str_idx.bas
tests/string/str_pad.bas
tests/string/strptr.bas
tests/string/trim.bas
tests/string/val.bas
tests/structs/anon_align.bas
tests/structs/anon_nested.bas
tests/structs/assign_anon.bas
tests/structs/assignment.bas
tests/structs/bitfield-misc.bas
tests/structs/bitfield-opovlcast.bas
tests/structs/bitfield_access.bas
tests/structs/bitfield_conv.bas
tests/structs/bitfield_init.bas
tests/structs/bitfield_logic.bas
tests/structs/bitfield_select.bas
tests/structs/bitfield_union.bas
tests/structs/bool_expr_cast.bas
tests/structs/clear.bas
tests/structs/const_access.bas
tests/structs/const_member.bas
tests/structs/const_member2.bas
tests/structs/const_method.bas
tests/structs/const_method2.bas
tests/structs/const_method3.bas
tests/structs/const_method4.bas
tests/structs/const_method5.bas
tests/structs/ctor_assign_parenths.bas
tests/structs/ctor_bitfield.bas
tests/structs/ctor_bydesc.bas
tests/structs/ctor_byref.bas
tests/structs/ctor_byval.bas
tests/structs/ctor_coercion.bas
tests/structs/ctor_default.bas
tests/structs/ctor_union.bas
tests/structs/ctor_union_copy.bas
tests/structs/enum_decl.bas
tests/structs/func_backpatching.bas
tests/structs/imp_var_dup.bas
tests/structs/implicit_dtor.bas
tests/structs/init_union.bas
tests/structs/intrinsic_anon.bas
tests/structs/new_in_type_body.bas
tests/structs/obj_access_const.bas
tests/structs/obj_access_const2.bas
tests/structs/obj_access_const3.bas
tests/structs/obj_access_const4.bas
tests/structs/obj_byval_return.bas
tests/structs/obj_cast_ovl.bas
tests/structs/obj_cast_ovl2.bas
tests/structs/obj_default_param.bas
tests/structs/obj_field_ini.bas
tests/structs/obj_field_ini_array.bas
tests/structs/obj_field_ini_array_nested.bas
tests/structs/obj_field_ini_str.bas
tests/structs/obj_global.bas
tests/structs/obj_global_dyn.bas
tests/structs/obj_global_with_temp.bas
tests/structs/obj_global_with_temp2.bas
tests/structs/obj_global_with_temp3.bas
tests/structs/obj_init_toself.bas
tests/structs/obj_inner_enum.bas
tests/structs/obj_meth_ovld.bas
tests/structs/obj_meth_ovld_sub.bas
tests/structs/obj_meth_static.bas
tests/structs/obj_meth_static2.bas
tests/structs/obj_property.bas
tests/structs/obj_property2.bas
tests/structs/obj_property_dup.bas
tests/structs/obj_property_idx.bas
tests/structs/obj_property_idx2.bas
tests/structs/obj_property_stmt.bas
tests/structs/obj_ptr.bas
tests/structs/obj_ptr2.bas
tests/structs/obj_ptr3.bas
tests/structs/obj_ptr_ini.bas
tests/structs/obj_ptr_vec.bas
tests/structs/obj_ptrto_static.bas
tests/structs/obj_redim.bas
tests/structs/obj_redim_presv.bas
tests/structs/obj_shared_array_ini.bas
tests/structs/obj_static.bas
tests/structs/obj_static_array.bas
tests/structs/obj_static_array_ini.bas
tests/structs/obj_static_dyn.bas
tests/structs/obj_temp.bas
tests/structs/obj_temp2.bas
tests/structs/obj_vis_static.bas
tests/structs/op_access_mode.bas
tests/structs/op_assign_explicit_fwd.bas
tests/structs/padding.bas
tests/structs/str_redim.bas
tests/structs/with_and_len.bas
tests/structs/with_prop.bas
tests/swap/udt.bas
tests/threads/bad_call.bas
tests/threads/racecondition.bas
tests/wstring/asc.bas
tests/wstring/ascii.bi
tests/wstring/concat_conv.bas
tests/wstring/data.bas
tests/wstring/inctest.bas
tests/wstring/instr_0.bas
tests/wstring/instr_x.bas
tests/wstring/instrrev_0.bas
tests/wstring/instrrev_x.bas
tests/wstring/len.bas
tests/wstring/lineinput.bas
tests/wstring/lineinput.txt
tests/wstring/ltrim.bas
tests/wstring/rtrim.bas
tests/wstring/select.bas
tests/wstring/trim.bas
tests/wstring/unc.bas
tests/wstring/uniseq.bas
tests/wstring/utf16be.bas
tests/wstring/utf16le.bas
tests/wstring/utf32be.bas
tests/wstring/utf32le.bas
tests/wstring/utf8.bas
tests/wstring/utf_conv.bas
tests/wstring/wchr.bas
tests/wstring/woct.bas
