#assert
#define
#else
#elseif
#endif
#endmacro
#error
#if
#ifdef
#ifndef
#inclib
#include
#lang
#libpath
#line
#macro
#pragma
#print
#undef
$Dynamic
$Include
$Lang
$Static
Abstract
Assert
AssertWarn
Abs
Access
Acos
Add
Alias
Allocate
Alpha
And
AndAlso
Any
Append
As
Asc
Asin
Asm
Atan2
Atn
Base
Bit
BitReset
BitSet
Beep
Bin
Binary
BLoad
Boolean
BSave
ByRef
Byte
ByVal
Call
CAllocate
CallS
Case
Case Else
Cast
CBool
CByte
CDbl
cdecl
Chain
ChDir
Chr
CInt
Circle
Class
Clear
CLng
CLngInt
Close
Cls
Color
Com
Command
Common
CondBroadcast
CondCreate
CondDestroy
CondSignal
CondWait
Cons
Const
Constructor
Continue
Cos
CPtr
CShort
CSign
CSng
CsrLin
CUByte
CUInt
CULng
CULngInt
CUnsg
CurDir
CUShort
Custom
Cva_Arg
Cva_Copy
Cva_End
Cva_List
Cva_Start
CVD
CVI
CVL
CVLongInt
CVS
CVShort
Data
Date
DateAdd
DateDiff
DatePart
DateSerial
DateValue
Day
Deallocate
Declare
DefByte
DefDbl
defined
DefInt
DefLng
DefShort
DefSng
DefStr
DefUByte
DefUInt
DefLongInt
DefUShort
Delete
Destructor
Dim
Dir
Do
Double
Draw
Draw String
DyLibFree
DyLibLoad
DyLibSymbol
Dynamic
Else
ElseIf
Encoding
End
End Constructor
End Destructor
End Enum
End Function
End If
End Namespace
End Operator
End Scope
End Sub
End With
Enum
Environ
Event
EOF
Eqv
Erase
Erfn
Erl
Ermn
Err
Error
Escape
Exec
ExePath
Exit
Exit Constructor
Exit Destructor
Exit Do
Exit For
Exit Function
Exit Operator
Exit Select
Exit Sub
Exit While
Exp
Explicit
Export
Extends
Extern
False
Field
FileAttr
FileCopy
FileDateTime
FileExists
FileFlush
FileLen
FileSetEof
Fix
Flip
For
Format
Frac
fb_MemCopyClear
fb_MeMove
Fre
FreeFile
Function
Get
GetJoystick
GetKey
GetMouse
GoSub
Goto
HiByte
HiWord
Hex
Hour
If
IIf
ImageCreate
ImageConvertRow
ImageDestroy
ImageInfo
Imp
Implements
Import
Inkey
Inp
Input
Input #
Input()
InStr
InStrRev
Int
Integer
Is
IsRedirected
IsDate
Kill
LBound
LCase
Left
Len
Let
Lib
Line
Line Input
Line Input #
LOC
LoByte
Local
Locate
Lock
LOF
Log
Long
LongInt
Loop
LoWord
LPos
LPrint
Lpt
LSet
LTrim
Mid
Minute
MKD
MkDir
MKI
MKL
MKLongInt
MKS
MKShort
Mod
Month
MonthName
MultiKey
MutexCreate
MutexDestroy
MutexLock
MutexUnlock
Name
Namespace
Next
New
Naked
NoKeyword
Not
Now
Object
Oct
OffsetOf
On
On Error
Once
Open
Open Com
Open Cons
Open Err
Open Lpt
Open Pipe
Open Scrn
Operator
Option
Option Base
Option ByVal
Option Dynamic
Option Escape
Option Explicit
Option NoKeyword
Option Private
Option Static
Or
OrElse
Out
Output
Overload
Override
Paint
PaintCoord
Palette
pascal
PCopy
Peek
Pipe
PMap
Point
PointCoord
Pointer
Poke
Pos
Preserve
PReset
Property
Print
Print #
Print Using
Private
Private:
ProcPtr
Protected
Protected:
PSet
Ptr
Public
Public:
Put
RGB
RGBA
Random
Randomize
Read
Reallocate
ReDim
Rem
Reset
Restore
Resume
Resume Next
Return
Right
RmDir
Rnd
RSet
RTrim
Run
SAdd
Scope
Screen
ScreenControl
ScreenCopy
ScreenEvent
ScreenGLProc
ScreenInfo
ScreenList
ScreenLock
ScreenPtr
ScreenRes
ScreenSet
ScreenSync
ScreenUnlock
Scrn
Second
Seek
Select
Select Case
SetDate
SetEnviron
SetMouse
SetTime
Sgn
Shared
Shell
Shl
Short
Shr
Sin
Single
SizeOf
Sleep
Space
Spc
Sqr
Static
stdcall
Step
Stick
Stop
Str
Strig
String
StrPtr
Sub
Swap
System
Tab
Tan
Then
This
__Thiscall
ThreadCall
ThreadCreate
ThreadDetach
ThreadSelf
ThreadWait
Time
Timer
TimeSerial
TimeValue
To
Trans
Trim
True
Type
TypeOf
UBound
UByte
UCase
UInteger
ULong
ULongInt
Union
Unlock
Unsigned
Until
UShort
Using
va_arg
va_first
va_next
Val
Var
ValInt
ValLng
ValUInt
ValULng
VarPtr
View
View Print
Virtual
Wait
WBin
WChr
Weekday
WeekdayName
Wend
WHex
While
Width
Window
WindowTitle
WInput
With
WOct
Write
WSpace
WStr
WString
Xor
Year
ZString
__DATE__
__DATE_ISO__
__FB_64BIT__
__FB_ARG_COUNT__
__FB_ARG_EXTRACT__
__FB_ARG_LEFTOF__
__FB_ARG_RIGHTOF__
__FB_ARGC__
__FB_ARGV__
__FB_ARM__
__FB_ASM__
__FB_BACKEND__
__FB_BIGENDIAN__
__FB_BUILD_DATE__
__FB_BUILD_DATE_ISO__
__FB_BUILD_SHA1__
__FB_CYGWIN__
__FB_DARWIN__
__FB_DEBUG__
__FB_DOS__
__FB_ERR__
__FB_EVAL__
__FB_FPMODE__
__FB_FPU__
__FB_FREEBSD__
__FB_GCC__
__FB_GUI__
__FB_IIF__
__FB_JOIN__
__FB_LANG__
__FB_LINUX__
__FB_MAIN__
__FB_MIN_VERSION__
__FB_MT__
__FB_NETBSD__
__FB_OPENBSD__
__FB_OPTIMIZE__
__FB_OPTION_BYVAL__
__FB_OPTION_DYNAMIC__
__FB_OPTION_ESCAPE__
__FB_OPTION_EXPLICIT__
__FB_OPTION_GOSUB__
__FB_OPTION_PRIVATE__
__FB_OUT_DLL__
__FB_OUT_EXE__
__FB_OUT_LIB__
__FB_OUT_OBJ__
__FB_PCOS__
__FB_PPC__
__FB_QUOTE__
__FB_SIGNATURE__
__FB_SSE__
__FB_UNIX__
__FB_UNIQUEID__
__FB_UNIQUEID_POP__
__FB_UNIQUEID_PUSH__
__FB_UNQUOTE__
__FB_VECTORIZE__
__FB_VERSION__
__FB_VER_MAJOR__
__FB_VER_MINOR__
__FB_VER_PATCH__
__FB_WIN32__
__FB_X86__
__FB_XBOX__
__FILE__
__FILE_NQ__
__FUNCTION__
__FUNCTION_NQ__
__LINE__
__TIME__
__PATH__
