__ABSTRACT
__ACOS
__ALLOCATE
__ASIN
__ASM
__ASSERT
__ASSERTWARN
__ATAN2
__BASE
__BIN
__BIT
__BITRESET
__BITSET
__BOOLEAN
__BYTE
__CALLOCATE
__CAST
__CBOOL
__CBYTE
__CLASS
__CLNGINT
__CONSTRUCTOR
__CONTINUE
__CPTR
__CSHORT
__CSIGN
__CUBYTE
__CUINT
__CULNG
__CULNGINT
__CUNSG
__CURDIR
__CUSHORT
__CVA_ARG
__CVA_COPY
__CVA_END
__CVA_START
__CVLONGINT
__CVSHORT
__DEALLOCATE
__DEFBYTE
__DEFLONGINT
__DEFSHORT
__DEFUBYTE
__DEFUINT
__DEFULNG
__DEFULONGINT
__DEFUSHORT
__DELETE
__DESTRUCTOR
__DIR
__DYLIBFREE
__DYLIBLOAD
__DYLIBSYMBOL
__ENCODING
__ERFN
__ERMN
__EXEC
__EXEPATH
__EXPLICIT
__EXPORT
__EXTENDS
__EXTERN
__FALSE
__FLIP
__FRAC
__GETJOYSTICK
__GETKEY
__GETMOUSE
__HIBYTE
__HIWORD
__IIF
__IMAGECONVERTROW
__IMAGECREATE
__IMAGEDESTROY
__IMAGEINFO
__IMPLEMENTS
__IMPORT
__INKEY
__INSTRREV
__LEFT
__LOBYTE
__LONGINT
__LOWORD
__MKLONGINT
__MKSHORT
__MULTIKEY
__NAMESPACE
__NEW
__OBJECT
__OFFSETOF
__OPERATOR
__OVERLOAD
__POINTCOORD
__POINTER
__PRIVATE
__PROCPTR
__PROPERTY
__PROTECTED
__PTR
__PUBLIC
__REALLOCATE
__RGB
__RGBA
__RIGHT
__SCOPE
__SCREEN
__SCREENCONTROL
__SCREENCOPY
__SCREENEVENT
__SCREENGLPROC
__SCREENINFO
__SCREENLIST
__SCREENLOCK
__SCREENPTR
__SCREENRES
__SCREENSET
__SCREENSYNC
__SCREENUNLOCK
__SETMOUSE
__SHL
__SHORT
__SHR
__SIZEOF
__SLEEP
__THREADCALL
__TRIM
__TRUE
__TYPEOF
__UBYTE
__UINTEGER
__ULONG
__ULONGINT
__UNION
__UNSIGNED
__USHORT
__VAL
__VALINT
__VALLNG
__VALUINT
__VALULNG
__VAR
__VA_ARG
__VA_FIRST
__VA_NEXT
__VIRTUAL
__WBIN
__WCHR
__WHEX
__WINDOWTITLE
__WINPUT
__WITH
__WOCT
__WSPACE
__WSTR
__WSTRING
__ZSTRING
